[rospy.client][INFO] 2026-08-29 23:54:50,373: init_node, name[/health_checker], pid[117]
[xmlrpc][INFO] 2026-08-29 23:54:50,378: XML-RPC server binding to 127.0.0.1:0
[xmlrpc][INFO] 2026-08-29 23:54:50,381: Started XML-RPC server [http://localhost:33847/]
[rospy.impl.masterslave][INFO] 2026-08-29 23:54:50,382: _ready: http://localhost:33847/
[rospy.registration][INFO] 2026-08-29 23:54:50,386: Registering with master node http://localhost:11311
[xmlrpc][INFO] 2026-08-29 23:54:50,386: xml rpc node: starting XML-RPC server
[rospy.init][INFO] 2026-08-29 23:54:50,386: ROS Slave URI: [http://localhost:33847/]
[rospy.init][INFO] 2026-08-29 23:54:50,387: registered with master
[rospy.rosout][INFO] 2026-08-29 23:54:50,388: initializing /rosout core topic
[rospy.rosout][INFO] 2026-08-29 23:54:50,410: connected to core topic /rosout
[rospy.simtime][INFO] 2026-08-29 23:54:50,412: /use_sim_time is not set, will not subscribe to simulated time [/clock] topic
[rospy.internal][INFO] 2026-08-29 23:54:50,482: topic[/command_interpreter/node_health] adding connection to [http://localhost:36485/], count 0
[rospy.internal][INFO] 2026-08-29 23:54:50,485: topic[/vehicle_state_monitor/node_health] adding connection to [http://localhost:44093/], count 0
[rosout][INFO] 2026-08-29 23:54:50,478: Health Checker initialized
[rospy.internal][INFO] 2026-08-29 23:54:50,607: topic[/mission_manager/node_health] adding connection to [http://localhost:33863/], count 0
[rospy.internal][INFO] 2026-08-29 23:54:50,685: topic[/rosout] adding connection to [/rosout], count 0
[rospy.internal][INFO] 2026-08-29 23:54:50,715: topic[/safety_monitor/node_health] adding connection to [http://localhost:37805/], count 0
[rospy.internal][INFO] 2026-08-29 23:54:51,889: topic[/target_tracking_controller/node_health] adding connection to [http://localhost:46577/], count 0
[rospy.internal][INFO] 2026-08-29 23:54:54,264: topic[/yolo_detector/node_health] adding connection to [http://localhost:42415/], count 0
[rosout][WARNING] 2026-08-29 23:54:55,485: Unhealthy nodes: 1
[rosout][WARNING] 2026-08-29 23:54:55,490:   target_tracking_controller: No health report
[rospy.core][INFO] 2026-08-29 23:59:31,099: signal_shutdown [signal-2]
[rospy.internal][INFO] 2026-08-29 23:59:31,119: topic[/rosout] removing connection to /rosout
[rospy.internal][INFO] 2026-08-29 23:59:31,120: topic[/yolo_detector/node_health] removing connection to http://localhost:42415/
[rospy.internal][INFO] 2026-08-29 23:59:31,121: topic[/target_tracking_controller/node_health] removing connection to http://localhost:46577/
[rospy.internal][INFO] 2026-08-29 23:59:31,121: topic[/vehicle_state_monitor/node_health] removing connection to http://localhost:44093/
[rospy.internal][INFO] 2026-08-29 23:59:31,121: topic[/mission_manager/node_health] removing connection to http://localhost:33863/
[rospy.internal][INFO] 2026-08-29 23:59:31,121: topic[/safety_monitor/node_health] removing connection to http://localhost:37805/
[rospy.internal][INFO] 2026-08-29 23:59:31,121: topic[/command_interpreter/node_health] removing connection to http://localhost:36485/
[rospy.impl.masterslave][INFO] 2026-08-29 23:59:31,121: signal-2
[rospy.core][INFO] 2026-08-29 23:59:31,763: signal_shutdown [atexit]
