[rosmaster.main][INFO] 2026-08-29 23:54:45,997: initialization complete, waiting for shutdown
[rosmaster.main][INFO] 2026-08-29 23:54:45,999: Starting ROS Master Node
[xmlrpc][INFO] 2026-08-29 23:54:46,008: XML-RPC server binding to 127.0.0.1:11311
[xmlrpc][INFO] 2026-08-29 23:54:46,010: Started XML-RPC server [http://localhost:11311/]
[xmlrpc][INFO] 2026-08-29 23:54:46,010: xml rpc node: starting XML-RPC server
[rosmaster.master][INFO] 2026-08-29 23:54:46,011: Master initialized: port[11311], uri[http://localhost:11311/]
[rosmaster.master][INFO] 2026-08-29 23:54:46,123: +PARAM [/run_id] by /roslaunch
[rosmaster.master][INFO] 2026-08-29 23:54:46,124: +PARAM [/roslaunch/uris/host_localhost__33067] by /roslaunch
[rosmaster.master][INFO] 2026-08-29 23:54:46,177: +PARAM [/rosversion] by /roslaunch
[rosmaster.master][INFO] 2026-08-29 23:54:46,178: +PARAM [/rosdistro] by /roslaunch
[rosmaster.master][INFO] 2026-08-29 23:54:46,178: +PARAM [/target_params/detection/model/path] by /roslaunch
[rosmaster.master][INFO] 2026-08-29 23:54:46,178: +PARAM [/target_params/detection/model/device] by /roslaunch
[rosmaster.master][INFO] 2026-08-29 23:54:46,178: +PARAM [/target_params/detection/model/input_size] by /roslaunch
[rosmaster.master][INFO] 2026-08-29 23:54:46,178: +PARAM [/target_params/detection/model/batch_size] by /roslaunch
[rosmaster.master][INFO] 2026-08-29 23:54:46,178: +PARAM [/target_params/detection/confidence_threshold] by /roslaunch
[rosmaster.master][INFO] 2026-08-29 23:54:46,178: +PARAM [/target_params/detection/nms_threshold] by /roslaunch
[rosmaster.master][INFO] 2026-08-29 23:54:46,179: +PARAM [/target_params/detection/max_detections] by /roslaunch
[rosmaster.master][INFO] 2026-08-29 23:54:46,179: +PARAM [/target_params/detection/vehicle_classes] by /roslaunch
[rosmaster.master][INFO] 2026-08-29 23:54:46,179: +PARAM [/target_params/detection/class_thresholds/class_1] by /roslaunch
[rosmaster.master][INFO] 2026-08-29 23:54:46,179: +PARAM [/target_params/detection/class_thresholds/class_2] by /roslaunch
[rosmaster.master][INFO] 2026-08-29 23:54:46,179: +PARAM [/target_params/detection/class_thresholds/class_3] by /roslaunch
[rosmaster.master][INFO] 2026-08-29 23:54:46,179: +PARAM [/target_params/detection/class_thresholds/class_5] by /roslaunch
[rosmaster.master][INFO] 2026-08-29 23:54:46,179: +PARAM [/target_params/detection/class_thresholds/class_6] by /roslaunch
[rosmaster.master][INFO] 2026-08-29 23:54:46,179: +PARAM [/target_params/detection/class_thresholds/class_7] by /roslaunch
[rosmaster.master][INFO] 2026-08-29 23:54:46,179: +PARAM [/target_params/detection/class_thresholds/class_8] by /roslaunch
[rosmaster.master][INFO] 2026-08-29 23:54:46,179: +PARAM [/target_params/detection/performance/max_fps] by /roslaunch
[rosmaster.master][INFO] 2026-08-29 23:54:46,180: +PARAM [/target_params/detection/performance/frame_skip] by /roslaunch
[rosmaster.master][INFO] 2026-08-29 23:54:46,180: +PARAM [/target_params/detection/performance/parallel_inference] by /roslaunch
[rosmaster.master][INFO] 2026-08-29 23:54:46,180: +PARAM [/target_params/detection/performance/gpu_memory_limit] by /roslaunch
[rosmaster.master][INFO] 2026-08-29 23:54:46,180: +PARAM [/target_params/tracking/engagement_distance] by /roslaunch
[rosmaster.master][INFO] 2026-08-29 23:54:46,180: +PARAM [/target_params/tracking/attack_distance] by /roslaunch
[rosmaster.master][INFO] 2026-08-29 23:54:46,180: +PARAM [/target_params/tracking/disengagement_distance] by /roslaunch
[rosmaster.master][INFO] 2026-08-29 23:54:46,180: +PARAM [/target_params/tracking/max_tracks] by /roslaunch
[rosmaster.master][INFO] 2026-08-29 23:54:46,180: +PARAM [/target_params/tracking/max_lost_frames] by /roslaunch
[rosmaster.master][INFO] 2026-08-29 23:54:46,180: +PARAM [/target_params/tracking/min_track_length] by /roslaunch
[rosmaster.master][INFO] 2026-08-29 23:54:46,181: +PARAM [/target_params/tracking/track_confidence_threshold] by /roslaunch
[rosmaster.master][INFO] 2026-08-29 23:54:46,181: +PARAM [/target_params/tracking/association/iou_threshold] by /roslaunch
[rosmaster.master][INFO] 2026-08-29 23:54:46,181: +PARAM [/target_params/tracking/association/distance_threshold] by /roslaunch
[rosmaster.master][INFO] 2026-08-29 23:54:46,181: +PARAM [/target_params/tracking/association/appearance_weight] by /roslaunch
[rosmaster.master][INFO] 2026-08-29 23:54:46,181: +PARAM [/target_params/tracking/association/motion_weight] by /roslaunch
[rosmaster.master][INFO] 2026-08-29 23:54:46,181: +PARAM [/target_params/tracking/kalman/dt] by /roslaunch
[rosmaster.master][INFO] 2026-08-29 23:54:46,181: +PARAM [/target_params/tracking/kalman/process_noise] by /roslaunch
[rosmaster.master][INFO] 2026-08-29 23:54:46,181: +PARAM [/target_params/tracking/kalman/measurement_noise] by /roslaunch
[rosmaster.master][INFO] 2026-08-29 23:54:46,181: +PARAM [/target_params/tracking/kalman/initial_velocity] by /roslaunch
[rosmaster.master][INFO] 2026-08-29 23:54:46,181: +PARAM [/target_params/tracking/kalman/state_dim] by /roslaunch
[rosmaster.master][INFO] 2026-08-29 23:54:46,182: +PARAM [/target_params/tracking/kalman/measurement_dim] by /roslaunch
[rosmaster.master][INFO] 2026-08-29 23:54:46,182: +PARAM [/target_params/behavior/speed_classes/stationary] by /roslaunch
[rosmaster.master][INFO] 2026-08-29 23:54:46,182: +PARAM [/target_params/behavior/speed_classes/slow] by /roslaunch
[rosmaster.master][INFO] 2026-08-29 23:54:46,182: +PARAM [/target_params/behavior/speed_classes/medium] by /roslaunch
[rosmaster.master][INFO] 2026-08-29 23:54:46,182: +PARAM [/target_params/behavior/speed_classes/fast] by /roslaunch
[rosmaster.master][INFO] 2026-08-29 23:54:46,182: +PARAM [/target_params/behavior/speed_classes/extreme] by /roslaunch
[rosmaster.master][INFO] 2026-08-29 23:54:46,182: +PARAM [/target_params/behavior/models/random_walk/noise_scale] by /roslaunch
[rosmaster.master][INFO] 2026-08-29 23:54:46,182: +PARAM [/target_params/behavior/models/random_walk/persistence] by /roslaunch
[rosmaster.master][INFO] 2026-08-29 23:54:46,182: +PARAM [/target_params/behavior/models/pursuit/max_acceleration] by /roslaunch
[rosmaster.master][INFO] 2026-08-29 23:54:46,182: +PARAM [/target_params/behavior/models/pursuit/max_turn_rate] by /roslaunch
[rosmaster.master][INFO] 2026-08-29 23:54:46,182: +PARAM [/target_params/behavior/models/evasion/max_acceleration] by /roslaunch
[rosmaster.master][INFO] 2026-08-29 23:54:46,183: +PARAM [/target_params/behavior/models/evasion/max_turn_rate] by /roslaunch
[rosmaster.master][INFO] 2026-08-29 23:54:46,183: +PARAM [/target_params/behavior/threat/distance_weights] by /roslaunch
[rosmaster.master][INFO] 2026-08-29 23:54:46,183: +PARAM [/target_params/behavior/threat/speed_thresholds/low] by /roslaunch
[rosmaster.master][INFO] 2026-08-29 23:54:46,183: +PARAM [/target_params/behavior/threat/speed_thresholds/medium] by /roslaunch
[rosmaster.master][INFO] 2026-08-29 23:54:46,183: +PARAM [/target_params/behavior/threat/speed_thresholds/high] by /roslaunch
[rosmaster.master][INFO] 2026-08-29 23:54:46,183: +PARAM [/target_params/behavior/threat/priority_boost] by /roslaunch
[rosmaster.master][INFO] 2026-08-29 23:54:46,183: +PARAM [/target_params/performance/update_rates/detection] by /roslaunch
[rosmaster.master][INFO] 2026-08-29 23:54:46,183: +PARAM [/target_params/performance/update_rates/tracking] by /roslaunch
[rosmaster.master][INFO] 2026-08-29 23:54:46,183: +PARAM [/target_params/performance/update_rates/control] by /roslaunch
[rosmaster.master][INFO] 2026-08-29 23:54:46,183: +PARAM [/target_params/performance/update_rates/state] by /roslaunch
[rosmaster.master][INFO] 2026-08-29 23:54:46,184: +PARAM [/target_params/performance/latency/max_detection] by /roslaunch
[rosmaster.master][INFO] 2026-08-29 23:54:46,184: +PARAM [/target_params/performance/latency/max_tracking] by /roslaunch
[rosmaster.master][INFO] 2026-08-29 23:54:46,184: +PARAM [/target_params/performance/latency/max_control] by /roslaunch
[rosmaster.master][INFO] 2026-08-29 23:54:46,184: +PARAM [/target_params/performance/resources/max_memory_mb] by /roslaunch
[rosmaster.master][INFO] 2026-08-29 23:54:46,184: +PARAM [/target_params/performance/resources/max_cpu_percent] by /roslaunch
[rosmaster.master][INFO] 2026-08-29 23:54:46,184: +PARAM [/target_params/performance/resources/max_gpu_memory_mb] by /roslaunch
[rosmaster.master][INFO] 2026-08-29 23:54:46,184: +PARAM [/target_params/camera/fx] by /roslaunch
[rosmaster.master][INFO] 2026-08-29 23:54:46,184: +PARAM [/target_params/camera/fy] by /roslaunch
[rosmaster.master][INFO] 2026-08-29 23:54:46,184: +PARAM [/target_params/camera/cx] by /roslaunch
[rosmaster.master][INFO] 2026-08-29 23:54:46,184: +PARAM [/target_params/camera/cy] by /roslaunch
[rosmaster.master][INFO] 2026-08-29 23:54:46,185: +PARAM [/target_params/camera/width] by /roslaunch
[rosmaster.master][INFO] 2026-08-29 23:54:46,185: +PARAM [/target_params/camera/height] by /roslaunch
[rosmaster.master][INFO] 2026-08-29 23:54:46,185: +PARAM [/target_params/camera/fov] by /roslaunch
[rosmaster.master][INFO] 2026-08-29 23:54:46,185: +PARAM [/camera_calib/camera/id] by /roslaunch
[rosmaster.master][INFO] 2026-08-29 23:54:46,185: +PARAM [/camera_calib/camera/model] by /roslaunch
[rosmaster.master][INFO] 2026-08-29 23:54:46,185: +PARAM [/camera_calib/camera/width] by /roslaunch
[rosmaster.master][INFO] 2026-08-29 23:54:46,185: +PARAM [/camera_calib/camera/height] by /roslaunch
[rosmaster.master][INFO] 2026-08-29 23:54:46,185: +PARAM [/camera_calib/camera/intrinsic/fx] by /roslaunch
[rosmaster.master][INFO] 2026-08-29 23:54:46,185: +PARAM [/camera_calib/camera/intrinsic/fy] by /roslaunch
[rosmaster.master][INFO] 2026-08-29 23:54:46,185: +PARAM [/camera_calib/camera/intrinsic/cx] by /roslaunch
[rosmaster.master][INFO] 2026-08-29 23:54:46,186: +PARAM [/camera_calib/camera/intrinsic/cy] by /roslaunch
[rosmaster.master][INFO] 2026-08-29 23:54:46,186: +PARAM [/camera_calib/camera/intrinsic/fov] by /roslaunch
[rosmaster.master][INFO] 2026-08-29 23:54:46,186: +PARAM [/camera_calib/camera/distortion/model] by /roslaunch
[rosmaster.master][INFO] 2026-08-29 23:54:46,186: +PARAM [/camera_calib/camera/distortion/coefficients/k1] by /roslaunch
[rosmaster.master][INFO] 2026-08-29 23:54:46,186: +PARAM [/camera_calib/camera/distortion/coefficients/k2] by /roslaunch
[rosmaster.master][INFO] 2026-08-29 23:54:46,186: +PARAM [/camera_calib/camera/distortion/coefficients/p1] by /roslaunch
[rosmaster.master][INFO] 2026-08-29 23:54:46,186: +PARAM [/camera_calib/camera/distortion/coefficients/p2] by /roslaunch
[rosmaster.master][INFO] 2026-08-29 23:54:46,186: +PARAM [/camera_calib/camera/distortion/coefficients/k3] by /roslaunch
[rosmaster.master][INFO] 2026-08-29 23:54:46,187: +PARAM [/camera_calib/camera/projection/P] by /roslaunch
[rosmaster.master][INFO] 2026-08-29 23:54:46,187: +PARAM [/camera_calib/camera/rectification/R] by /roslaunch
[rosmaster.master][INFO] 2026-08-29 23:54:46,187: +PARAM [/camera_calib/camera/extrinsic/translation] by /roslaunch
[rosmaster.master][INFO] 2026-08-29 23:54:46,187: +PARAM [/camera_calib/camera/extrinsic/rotation] by /roslaunch
[rosmaster.master][INFO] 2026-08-29 23:54:46,187: +PARAM [/camera_calib/camera/extrinsic/rotation_matrix] by /roslaunch
[rosmaster.master][INFO] 2026-08-29 23:54:46,187: +PARAM [/camera_calib/camera/calibration/date] by /roslaunch
[rosmaster.master][INFO] 2026-08-29 23:54:46,187: +PARAM [/camera_calib/camera/calibration/method] by /roslaunch
[rosmaster.master][INFO] 2026-08-29 23:54:46,188: +PARAM [/camera_calib/camera/calibration/reprojection_error] by /roslaunch
[rosmaster.master][INFO] 2026-08-29 23:54:46,188: +PARAM [/camera_calib/camera/calibration/status] by /roslaunch
[rosmaster.master][INFO] 2026-08-29 23:54:46,188: +PARAM [/camera_calib/image_processing/preprocessing/resize] by /roslaunch
[rosmaster.master][INFO] 2026-08-29 23:54:46,189: +PARAM [/camera_calib/image_processing/preprocessing/normalize] by /roslaunch
[rosmaster.master][INFO] 2026-08-29 23:54:46,191: +PARAM [/camera_calib/image_processing/preprocessing/mean] by /roslaunch
[rosmaster.master][INFO] 2026-08-29 23:54:46,191: +PARAM [/camera_calib/image_processing/preprocessing/std] by /roslaunch
[rosmaster.master][INFO] 2026-08-29 23:54:46,192: +PARAM [/camera_calib/image_processing/color_space] by /roslaunch
[rosmaster.master][INFO] 2026-08-29 23:54:46,192: +PARAM [/camera_calib/image_processing/roi/enabled] by /roslaunch
[rosmaster.master][INFO] 2026-08-29 23:54:46,192: +PARAM [/camera_calib/image_processing/roi/x] by /roslaunch
[rosmaster.master][INFO] 2026-08-29 23:54:46,192: +PARAM [/camera_calib/image_processing/roi/y] by /roslaunch
[rosmaster.master][INFO] 2026-08-29 23:54:46,193: +PARAM [/camera_calib/image_processing/roi/width] by /roslaunch
[rosmaster.master][INFO] 2026-08-29 23:54:46,193: +PARAM [/camera_calib/image_processing/roi/height] by /roslaunch
[rosmaster.master][INFO] 2026-08-29 23:54:46,193: +PARAM [/camera_calib/image_processing/augmentation/horizontal_flip] by /roslaunch
[rosmaster.master][INFO] 2026-08-29 23:54:46,193: +PARAM [/camera_calib/image_processing/augmentation/rotation] by /roslaunch
[rosmaster.master][INFO] 2026-08-29 23:54:46,194: +PARAM [/camera_calib/image_processing/augmentation/scale] by /roslaunch
[rosmaster.master][INFO] 2026-08-29 23:54:46,194: +PARAM [/camera_calib/image_processing/augmentation/brightness] by /roslaunch
[rosmaster.master][INFO] 2026-08-29 23:54:46,223: +PARAM [/camera_calib/stereo/enabled] by /roslaunch
[rosmaster.master][INFO] 2026-08-29 23:54:46,224: +PARAM [/camera_calib/stereo/baseline] by /roslaunch
[rosmaster.master][INFO] 2026-08-29 23:54:46,228: +PARAM [/camera_calib/stereo/depth/min_distance] by /roslaunch
[rosmaster.master][INFO] 2026-08-29 23:54:46,228: +PARAM [/camera_calib/stereo/depth/max_distance] by /roslaunch
[rosmaster.master][INFO] 2026-08-29 23:54:46,228: +PARAM [/camera_calib/stereo/depth/disparity_range] by /roslaunch
[rosmaster.master][INFO] 2026-08-29 23:54:46,228: +PARAM [/camera_calib/stereo/matching/algorithm] by /roslaunch
[rosmaster.master][INFO] 2026-08-29 23:54:46,228: +PARAM [/camera_calib/stereo/matching/num_disparities] by /roslaunch
[rosmaster.master][INFO] 2026-08-29 23:54:46,229: +PARAM [/camera_calib/stereo/matching/block_size] by /roslaunch
[rosmaster.master][INFO] 2026-08-29 23:54:46,229: +PARAM [/camera_calib/stereo/matching/p1] by /roslaunch
[rosmaster.master][INFO] 2026-08-29 23:54:46,230: +PARAM [/camera_calib/stereo/matching/p2] by /roslaunch
[rosmaster.master][INFO] 2026-08-29 23:54:46,231: +PARAM [/flight_control/pid/position/x/p] by /roslaunch
[rosmaster.master][INFO] 2026-08-29 23:54:46,231: +PARAM [/flight_control/pid/position/x/i] by /roslaunch
[rosmaster.master][INFO] 2026-08-29 23:54:46,231: +PARAM [/flight_control/pid/position/x/d] by /roslaunch
[rosmaster.master][INFO] 2026-08-29 23:54:46,231: +PARAM [/flight_control/pid/position/x/integral_clamp] by /roslaunch
[rosmaster.master][INFO] 2026-08-29 23:54:46,231: +PARAM [/flight_control/pid/position/y/p] by /roslaunch
[rosmaster.master][INFO] 2026-08-29 23:54:46,231: +PARAM [/flight_control/pid/position/y/i] by /roslaunch
[rosmaster.master][INFO] 2026-08-29 23:54:46,232: +PARAM [/flight_control/pid/position/y/d] by /roslaunch
[rosmaster.master][INFO] 2026-08-29 23:54:46,232: +PARAM [/flight_control/pid/position/y/integral_clamp] by /roslaunch
[rosmaster.master][INFO] 2026-08-29 23:54:46,232: +PARAM [/flight_control/pid/position/z/p] by /roslaunch
[rosmaster.master][INFO] 2026-08-29 23:54:46,232: +PARAM [/flight_control/pid/position/z/i] by /roslaunch
[rosmaster.master][INFO] 2026-08-29 23:54:46,232: +PARAM [/flight_control/pid/position/z/d] by /roslaunch
[rosmaster.master][INFO] 2026-08-29 23:54:46,232: +PARAM [/flight_control/pid/position/z/integral_clamp] by /roslaunch
[rosmaster.master][INFO] 2026-08-29 23:54:46,232: +PARAM [/flight_control/pid/velocity/x/p] by /roslaunch
[rosmaster.master][INFO] 2026-08-29 23:54:46,233: +PARAM [/flight_control/pid/velocity/x/i] by /roslaunch
[rosmaster.master][INFO] 2026-08-29 23:54:46,233: +PARAM [/flight_control/pid/velocity/x/d] by /roslaunch
[rosmaster.master][INFO] 2026-08-29 23:54:46,233: +PARAM [/flight_control/pid/velocity/y/p] by /roslaunch
[rosmaster.master][INFO] 2026-08-29 23:54:46,233: +PARAM [/flight_control/pid/velocity/y/i] by /roslaunch
[rosmaster.master][INFO] 2026-08-29 23:54:46,233: +PARAM [/flight_control/pid/velocity/y/d] by /roslaunch
[rosmaster.master][INFO] 2026-08-29 23:54:46,233: +PARAM [/flight_control/pid/velocity/z/p] by /roslaunch
[rosmaster.master][INFO] 2026-08-29 23:54:46,233: +PARAM [/flight_control/pid/velocity/z/i] by /roslaunch
[rosmaster.master][INFO] 2026-08-29 23:54:46,233: +PARAM [/flight_control/pid/velocity/z/d] by /roslaunch
[rosmaster.master][INFO] 2026-08-29 23:54:46,233: +PARAM [/flight_control/pid/attitude/roll/p] by /roslaunch
[rosmaster.master][INFO] 2026-08-29 23:54:46,234: +PARAM [/flight_control/pid/attitude/roll/i] by /roslaunch
[rosmaster.master][INFO] 2026-08-29 23:54:46,234: +PARAM [/flight_control/pid/attitude/roll/d] by /roslaunch
[rosmaster.master][INFO] 2026-08-29 23:54:46,234: +PARAM [/flight_control/pid/attitude/pitch/p] by /roslaunch
[rosmaster.master][INFO] 2026-08-29 23:54:46,234: +PARAM [/flight_control/pid/attitude/pitch/i] by /roslaunch
[rosmaster.master][INFO] 2026-08-29 23:54:46,234: +PARAM [/flight_control/pid/attitude/pitch/d] by /roslaunch
[rosmaster.master][INFO] 2026-08-29 23:54:46,234: +PARAM [/flight_control/pid/attitude/yaw/p] by /roslaunch
[rosmaster.master][INFO] 2026-08-29 23:54:46,234: +PARAM [/flight_control/pid/attitude/yaw/i] by /roslaunch
[rosmaster.master][INFO] 2026-08-29 23:54:46,234: +PARAM [/flight_control/pid/attitude/yaw/d] by /roslaunch
[rosmaster.master][INFO] 2026-08-29 23:54:46,235: +PARAM [/flight_control/pid/rate/roll/p] by /roslaunch
[rosmaster.master][INFO] 2026-08-29 23:54:46,235: +PARAM [/flight_control/pid/rate/roll/i] by /roslaunch
[rosmaster.master][INFO] 2026-08-29 23:54:46,235: +PARAM [/flight_control/pid/rate/roll/d] by /roslaunch
[rosmaster.master][INFO] 2026-08-29 23:54:46,235: +PARAM [/flight_control/pid/rate/pitch/p] by /roslaunch
[rosmaster.master][INFO] 2026-08-29 23:54:46,235: +PARAM [/flight_control/pid/rate/pitch/i] by /roslaunch
[rosmaster.master][INFO] 2026-08-29 23:54:46,235: +PARAM [/flight_control/pid/rate/pitch/d] by /roslaunch
[rosmaster.master][INFO] 2026-08-29 23:54:46,235: +PARAM [/flight_control/pid/rate/yaw/p] by /roslaunch
[rosmaster.master][INFO] 2026-08-29 23:54:46,235: +PARAM [/flight_control/pid/rate/yaw/i] by /roslaunch
[rosmaster.master][INFO] 2026-08-29 23:54:46,236: +PARAM [/flight_control/pid/rate/yaw/d] by /roslaunch
[rosmaster.master][INFO] 2026-08-29 23:54:46,236: +PARAM [/flight_control/dynamics/constraints/max_velocity] by /roslaunch
[rosmaster.master][INFO] 2026-08-29 23:54:46,236: +PARAM [/flight_control/dynamics/constraints/max_acceleration] by /roslaunch
[rosmaster.master][INFO] 2026-08-29 23:54:46,236: +PARAM [/flight_control/dynamics/constraints/max_yaw_rate] by /roslaunch
[rosmaster.master][INFO] 2026-08-29 23:54:46,241: +PARAM [/flight_control/dynamics/safety_margins/min_altitude] by /roslaunch
[rosmaster.master][INFO] 2026-08-29 23:54:46,242: +PARAM [/flight_control/dynamics/safety_margins/max_altitude] by /roslaunch
[rosmaster.master][INFO] 2026-08-29 23:54:46,242: +PARAM [/flight_control/dynamics/safety_margins/max_tilt] by /roslaunch
[rosmaster.master][INFO] 2026-08-29 23:54:46,242: +PARAM [/flight_control/dynamics/safety_margins/max_rotation_rate] by /roslaunch
[rosmaster.master][INFO] 2026-08-29 23:54:46,242: +PARAM [/flight_control/dynamics/vehicle/mass] by /roslaunch
[rosmaster.master][INFO] 2026-08-29 23:54:46,242: +PARAM [/flight_control/dynamics/vehicle/moment_of_inertia] by /roslaunch
[rosmaster.master][INFO] 2026-08-29 23:54:46,242: +PARAM [/flight_control/dynamics/vehicle/thrust_to_weight] by /roslaunch
[rosmaster.master][INFO] 2026-08-29 23:54:46,243: +PARAM [/flight_control/dynamics/vehicle/max_thrust] by /roslaunch
[rosmaster.master][INFO] 2026-08-29 23:54:46,243: +PARAM [/flight_control/mission/search_patterns/type] by /roslaunch
[rosmaster.master][INFO] 2026-08-29 23:54:46,244: +PARAM [/flight_control/mission/search_patterns/params/radius] by /roslaunch
[rosmaster.master][INFO] 2026-08-29 23:54:46,244: +PARAM [/flight_control/mission/search_patterns/params/spacing] by /roslaunch
[rosmaster.master][INFO] 2026-08-29 23:54:46,245: +PARAM [/flight_control/mission/search_patterns/params/altitude] by /roslaunch
[rosmaster.master][INFO] 2026-08-29 23:54:46,245: +PARAM [/flight_control/mission/engagement/mode] by /roslaunch
[rosmaster.master][INFO] 2026-08-29 23:54:46,245: +PARAM [/flight_control/mission/engagement/priority_high] by /roslaunch
[rosmaster.master][INFO] 2026-08-29 23:54:46,246: +PARAM [/flight_control/mission/engagement/priority_low] by /roslaunch
[rosmaster.master][INFO] 2026-08-29 23:54:46,246: +PARAM [/flight_control/mission/collision_avoidance/enable] by /roslaunch
[rosmaster.master][INFO] 2026-08-29 23:54:46,247: +PARAM [/flight_control/mission/collision_avoidance/min_distance] by /roslaunch
[rosmaster.master][INFO] 2026-08-29 23:54:46,248: +PARAM [/flight_control/mission/collision_avoidance/safety_margin] by /roslaunch
[rosmaster.master][INFO] 2026-08-29 23:54:46,249: +PARAM [/flight_control/mission/collision_avoidance/avoidance_method] by /roslaunch
[rosmaster.master][INFO] 2026-08-29 23:54:46,249: +PARAM [/flight_control/mission/waypoints/tolerance] by /roslaunch
[rosmaster.master][INFO] 2026-08-29 23:54:46,249: +PARAM [/flight_control/mission/waypoints/loiter_time] by /roslaunch
[rosmaster.master][INFO] 2026-08-29 23:54:46,249: +PARAM [/flight_control/mission/waypoints/approach_speed] by /roslaunch
[rosmaster.master][INFO] 2026-08-29 23:54:46,249: +PARAM [/flight_control/simulation/physics/enable_gravity] by /roslaunch
[rosmaster.master][INFO] 2026-08-29 23:54:46,250: +PARAM [/flight_control/simulation/physics/enable_wind] by /roslaunch
[rosmaster.master][INFO] 2026-08-29 23:54:46,250: +PARAM [/flight_control/simulation/physics/enable_turbulence] by /roslaunch
[rosmaster.master][INFO] 2026-08-29 23:54:46,250: +PARAM [/flight_control/simulation/environment/wind_speed] by /roslaunch
[rosmaster.master][INFO] 2026-08-29 23:54:46,250: +PARAM [/flight_control/simulation/environment/wind_direction] by /roslaunch
[rosmaster.master][INFO] 2026-08-29 23:54:46,250: +PARAM [/flight_control/simulation/environment/turbulence_intensity] by /roslaunch
[rosmaster.master][INFO] 2026-08-29 23:54:46,250: +PARAM [/flight_control/simulation/noise/sensor_noise] by /roslaunch
[rosmaster.master][INFO] 2026-08-29 23:54:46,250: +PARAM [/flight_control/simulation/noise/actuator_noise] by /roslaunch
[rosmaster.master][INFO] 2026-08-29 23:54:46,250: +PARAM [/flight_control/simulation/noise/time_delay] by /roslaunch
[rosmaster.master][INFO] 2026-08-29 23:54:46,251: +PARAM [/flight_control/simulation/speed/simulation_speed] by /roslaunch
[rosmaster.master][INFO] 2026-08-29 23:54:46,251: +PARAM [/flight_control/simulation/speed/real_time_factor] by /roslaunch
[rosmaster.master][INFO] 2026-08-29 23:54:46,251: +PARAM [/kalman_filter/kalman_filter/type] by /roslaunch
[rosmaster.master][INFO] 2026-08-29 23:54:46,251: +PARAM [/kalman_filter/kalman_filter/state_dim] by /roslaunch
[rosmaster.master][INFO] 2026-08-29 23:54:46,251: +PARAM [/kalman_filter/kalman_filter/measurement_dim] by /roslaunch
[rosmaster.master][INFO] 2026-08-29 23:54:46,251: +PARAM [/kalman_filter/kalman_filter/noise/process/position] by /roslaunch
[rosmaster.master][INFO] 2026-08-29 23:54:46,251: +PARAM [/kalman_filter/kalman_filter/noise/process/velocity] by /roslaunch
[rosmaster.master][INFO] 2026-08-29 23:54:46,251: +PARAM [/kalman_filter/kalman_filter/noise/process/acceleration] by /roslaunch
[rosmaster.master][INFO] 2026-08-29 23:54:46,252: +PARAM [/kalman_filter/kalman_filter/noise/measurement/position] by /roslaunch
[rosmaster.master][INFO] 2026-08-29 23:54:46,252: +PARAM [/kalman_filter/kalman_filter/parameters/dt] by /roslaunch
[rosmaster.master][INFO] 2026-08-29 23:54:46,252: +PARAM [/kalman_filter/kalman_filter/parameters/adaptive/enabled] by /roslaunch
[rosmaster.master][INFO] 2026-08-29 23:54:46,252: +PARAM [/kalman_filter/kalman_filter/parameters/adaptive/update_rate] by /roslaunch
[rosmaster.master][INFO] 2026-08-29 23:54:46,252: +PARAM [/kalman_filter/kalman_filter/parameters/adaptive/innovation_threshold] by /roslaunch
[rosmaster.master][INFO] 2026-08-29 23:54:46,252: +PARAM [/kalman_filter/kalman_filter/parameters/outlier_rejection/enabled] by /roslaunch
[rosmaster.master][INFO] 2026-08-29 23:54:46,252: +PARAM [/kalman_filter/kalman_filter/parameters/outlier_rejection/mahalanobis_threshold] by /roslaunch
[rosmaster.master][INFO] 2026-08-29 23:54:46,252: +PARAM [/kalman_filter/kalman_filter/parameters/outlier_rejection/gating] by /roslaunch
[rosmaster.master][INFO] 2026-08-29 23:54:46,252: +PARAM [/kalman_filter/kalman_filter/parameters/initialization/max_measurements] by /roslaunch
[rosmaster.master][INFO] 2026-08-29 23:54:46,253: +PARAM [/kalman_filter/kalman_filter/parameters/initialization/min_velocity_samples] by /roslaunch
[rosmaster.master][INFO] 2026-08-29 23:54:46,253: +PARAM [/kalman_filter/kalman_filter/parameters/convergence/max_iterations] by /roslaunch
[rosmaster.master][INFO] 2026-08-29 23:54:46,253: +PARAM [/kalman_filter/kalman_filter/parameters/convergence/epsilon] by /roslaunch
[rosmaster.master][INFO] 2026-08-29 23:54:46,253: +PARAM [/kalman_filter/kalman_filter/multi_target/enabled] by /roslaunch
[rosmaster.master][INFO] 2026-08-29 23:54:46,254: +PARAM [/kalman_filter/kalman_filter/multi_target/max_targets] by /roslaunch
[rosmaster.master][INFO] 2026-08-29 23:54:46,254: +PARAM [/kalman_filter/kalman_filter/multi_target/association/method] by /roslaunch
[rosmaster.master][INFO] 2026-08-29 23:54:46,254: +PARAM [/kalman_filter/kalman_filter/multi_target/association/gating/enabled] by /roslaunch
[rosmaster.master][INFO] 2026-08-29 23:54:46,254: +PARAM [/kalman_filter/kalman_filter/multi_target/association/gating/gate_size] by /roslaunch
[rosmaster.master][INFO] 2026-08-29 23:54:46,255: +PARAM [/kalman_filter/kalman_filter/multi_target/association/gating/dynamic_gating] by /roslaunch
[rosmaster.master][INFO] 2026-08-29 23:54:46,255: +PARAM [/kalman_filter/kalman_filter/multi_target/association/track_management/birth_probability] by /roslaunch
[rosmaster.master][INFO] 2026-08-29 23:54:46,255: +PARAM [/kalman_filter/kalman_filter/multi_target/association/track_management/death_threshold] by /roslaunch
[rosmaster.master][INFO] 2026-08-29 23:54:46,255: +PARAM [/kalman_filter/kalman_filter/multi_target/association/track_management/merge_threshold] by /roslaunch
[rosmaster.master][INFO] 2026-08-29 23:54:46,255: +PARAM [/kalman_filter/kalman_filter/multi_target/scoring/position_weight] by /roslaunch
[rosmaster.master][INFO] 2026-08-29 23:54:46,255: +PARAM [/kalman_filter/kalman_filter/multi_target/scoring/velocity_weight] by /roslaunch
[rosmaster.master][INFO] 2026-08-29 23:54:46,255: +PARAM [/kalman_filter/kalman_filter/multi_target/scoring/appearance_weight] by /roslaunch
[rosmaster.master][INFO] 2026-08-29 23:54:46,255: +PARAM [/kalman_filter/kalman_filter/multi_target/scoring/history_length] by /roslaunch
[rosmaster.master][INFO] 2026-08-29 23:54:46,256: +PARAM [/kalman_filter/sensor_fusion/sensors] by /roslaunch
[rosmaster.master][INFO] 2026-08-29 23:54:46,256: +PARAM [/kalman_filter/sensor_fusion/algorithms/type] by /roslaunch
[rosmaster.master][INFO] 2026-08-29 23:54:46,256: +PARAM [/kalman_filter/sensor_fusion/algorithms/centralized/measurement_dim] by /roslaunch
[rosmaster.master][INFO] 2026-08-29 23:54:46,256: +PARAM [/kalman_filter/sensor_fusion/algorithms/track_to_track/covariance_intersection] by /roslaunch
[rosmaster.master][INFO] 2026-08-29 23:54:46,256: +PARAM [/kalman_filter/sensor_fusion/algorithms/track_to_track/gamma] by /roslaunch
[rosmaster.master][INFO] 2026-08-29 23:54:46,256: +PARAM [/system_params/ros/master/uri] by /roslaunch
[rosmaster.master][INFO] 2026-08-29 23:54:46,256: +PARAM [/system_params/ros/master/timeout] by /roslaunch
[rosmaster.master][INFO] 2026-08-29 23:54:46,256: +PARAM [/system_params/ros/node/name] by /roslaunch
[rosmaster.master][INFO] 2026-08-29 23:54:46,256: +PARAM [/system_params/ros/node/namespace] by /roslaunch
[rosmaster.master][INFO] 2026-08-29 23:54:46,257: +PARAM [/system_params/ros/topics/camera_image] by /roslaunch
[rosmaster.master][INFO] 2026-08-29 23:54:46,257: +PARAM [/system_params/ros/topics/camera_info] by /roslaunch
[rosmaster.master][INFO] 2026-08-29 23:54:46,257: +PARAM [/system_params/ros/topics/vehicle_state] by /roslaunch
[rosmaster.master][INFO] 2026-08-29 23:54:46,257: +PARAM [/system_params/ros/topics/vehicle_position] by /roslaunch
[rosmaster.master][INFO] 2026-08-29 23:54:46,257: +PARAM [/system_params/ros/topics/vehicle_velocity] by /roslaunch
[rosmaster.master][INFO] 2026-08-29 23:54:46,257: +PARAM [/system_params/ros/topics/vehicle_attitude] by /roslaunch
[rosmaster.master][INFO] 2026-08-29 23:54:46,257: +PARAM [/system_params/ros/topics/battery_status] by /roslaunch
[rosmaster.master][INFO] 2026-08-29 23:54:46,258: +PARAM [/system_params/ros/topics/detection_output] by /roslaunch
[rosmaster.master][INFO] 2026-08-29 23:54:46,258: +PARAM [/system_params/ros/topics/tracked_targets] by /roslaunch
[rosmaster.master][INFO] 2026-08-29 23:54:46,258: +PARAM [/system_params/ros/topics/control_command] by /roslaunch
[rosmaster.master][INFO] 2026-08-29 23:54:46,258: +PARAM [/system_params/ros/topics/safety_status] by /roslaunch
[rosmaster.master][INFO] 2026-08-29 23:54:46,258: +PARAM [/system_params/ros/topics/diagnostic_status] by /roslaunch
[rosmaster.master][INFO] 2026-08-29 23:54:46,258: +PARAM [/system_params/ros/topics/debug_info] by /roslaunch
[rosmaster.master][INFO] 2026-08-29 23:54:46,259: +PARAM [/system_params/ros/topics/performance_metrics] by /roslaunch
[rosmaster.master][INFO] 2026-08-29 23:54:46,259: +PARAM [/system_params/ros/topics/test_results] by /roslaunch
[rosmaster.master][INFO] 2026-08-29 23:54:46,259: +PARAM [/system_params/ros/topics/test_status] by /roslaunch
[rosmaster.master][INFO] 2026-08-29 23:54:46,259: +PARAM [/system_params/logging/level] by /roslaunch
[rosmaster.master][INFO] 2026-08-29 23:54:46,259: +PARAM [/system_params/logging/outputs/console] by /roslaunch
[rosmaster.master][INFO] 2026-08-29 23:54:46,259: +PARAM [/system_params/logging/outputs/file] by /roslaunch
[rosmaster.master][INFO] 2026-08-29 23:54:46,260: +PARAM [/system_params/logging/outputs/rosout] by /roslaunch
[rosmaster.master][INFO] 2026-08-29 23:54:46,260: +PARAM [/system_params/logging/file/directory] by /roslaunch
[rosmaster.master][INFO] 2026-08-29 23:54:46,260: +PARAM [/system_params/logging/file/max_size] by /roslaunch
[rosmaster.master][INFO] 2026-08-29 23:54:46,260: +PARAM [/system_params/logging/file/max_files] by /roslaunch
[rosmaster.master][INFO] 2026-08-29 23:54:46,260: +PARAM [/system_params/logging/file/format] by /roslaunch
[rosmaster.master][INFO] 2026-08-29 23:54:46,260: +PARAM [/system_params/logging/performance/enabled] by /roslaunch
[rosmaster.master][INFO] 2026-08-29 23:54:46,260: +PARAM [/system_params/logging/performance/interval] by /roslaunch
[rosmaster.master][INFO] 2026-08-29 23:54:46,261: +PARAM [/system_params/logging/performance/metrics] by /roslaunch
[rosmaster.master][INFO] 2026-08-29 23:54:46,261: +PARAM [/system_params/logging/performance/output_file] by /roslaunch
[rosmaster.master][INFO] 2026-08-29 23:54:46,261: +PARAM [/system_params/safety/geofence/enabled] by /roslaunch
[rosmaster.master][INFO] 2026-08-29 23:54:46,261: +PARAM [/system_params/safety/geofence/shape] by /roslaunch
[rosmaster.master][INFO] 2026-08-29 23:54:46,261: +PARAM [/system_params/safety/geofence/radius] by /roslaunch
[rosmaster.master][INFO] 2026-08-29 23:54:46,261: +PARAM [/system_params/safety/geofence/height] by /roslaunch
[rosmaster.master][INFO] 2026-08-29 23:54:46,261: +PARAM [/system_params/safety/emergency/action] by /roslaunch
[rosmaster.master][INFO] 2026-08-29 23:54:46,262: +PARAM [/system_params/safety/emergency/altitude_min] by /roslaunch
[rosmaster.master][INFO] 2026-08-29 23:54:46,262: +PARAM [/system_params/safety/emergency/altitude_max] by /roslaunch
[rosmaster.master][INFO] 2026-08-29 23:54:46,262: +PARAM [/system_params/safety/failsafe/battery_critical] by /roslaunch
[rosmaster.master][INFO] 2026-08-29 23:54:46,262: +PARAM [/system_params/safety/failsafe/lost_connection] by /roslaunch
[rosmaster.master][INFO] 2026-08-29 23:54:46,262: +PARAM [/system_params/safety/failsafe/gps_failure] by /roslaunch
[rosmaster.master][INFO] 2026-08-29 23:54:46,262: +PARAM [/system_params/safety/failsafe/sensor_failure] by /roslaunch
[rosmaster.master][INFO] 2026-08-29 23:54:46,262: +PARAM [/system_params/safety/failsafe/exceeded_geofence] by /roslaunch
[rosmaster.master][INFO] 2026-08-29 23:54:46,262: +PARAM [/system_params/safety/health/check_interval] by /roslaunch
[rosmaster.master][INFO] 2026-08-29 23:54:46,263: +PARAM [/system_params/safety/health/restart_on_failure] by /roslaunch
[rosmaster.master][INFO] 2026-08-29 23:54:46,263: +PARAM [/system_params/safety/health/max_restarts] by /roslaunch
[rosmaster.master][INFO] 2026-08-29 23:54:46,263: +PARAM [/system_params/safety/health/restart_delay] by /roslaunch
[rosmaster.master][INFO] 2026-08-29 23:54:46,263: +PARAM [/system_params/performance/threads/detection_pool] by /roslaunch
[rosmaster.master][INFO] 2026-08-29 23:54:46,263: +PARAM [/system_params/performance/threads/control_pool] by /roslaunch
[rosmaster.master][INFO] 2026-08-29 23:54:46,263: +PARAM [/system_params/performance/queues/input_queue_size] by /roslaunch
[rosmaster.master][INFO] 2026-08-29 23:54:46,263: +PARAM [/system_params/performance/queues/output_queue_size] by /roslaunch
[rosmaster.master][INFO] 2026-08-29 23:54:46,263: +PARAM [/system_params/performance/memory/cache_images] by /roslaunch
[rosmaster.master][INFO] 2026-08-29 23:54:46,264: +PARAM [/system_params/performance/memory/max_cache_size] by /roslaunch
[rosmaster.master][INFO] 2026-08-29 23:54:46,264: +PARAM [/system_params/performance/memory/max_cached_messages] by /roslaunch
[rosmaster.master][INFO] 2026-08-29 23:54:46,264: +PARAM [/system_params/performance/timing/use_sim_time] by /roslaunch
[rosmaster.master][INFO] 2026-08-29 23:54:46,264: +PARAM [/system_params/performance/timing/publish_rate] by /roslaunch
[rosmaster.master][INFO] 2026-08-29 23:54:46,264: +PARAM [/system_params/performance/timing/control_rate] by /roslaunch
[rosmaster.master][INFO] 2026-08-29 23:54:46,264: +PARAM [/system_params/network/px4/udp_port] by /roslaunch
[rosmaster.master][INFO] 2026-08-29 23:54:46,264: +PARAM [/system_params/network/px4/tcp_port] by /roslaunch
[rosmaster.master][INFO] 2026-08-29 23:54:46,265: +PARAM [/system_params/network/px4/heartbeat_rate] by /roslaunch
[rosmaster.master][INFO] 2026-08-29 23:54:46,265: +PARAM [/system_params/network/mavros/fcu_url] by /roslaunch
[rosmaster.master][INFO] 2026-08-29 23:54:46,265: +PARAM [/system_params/network/mavros/gcs_url] by /roslaunch
[rosmaster.master][INFO] 2026-08-29 23:54:46,265: +PARAM [/system_params/network/timeout] by /roslaunch
[rosmaster.master][INFO] 2026-08-29 23:54:46,265: +PARAM [/system_params/network/reconnect_attempts] by /roslaunch
[rosmaster.master][INFO] 2026-08-29 23:54:46,265: +PARAM [/system_params/network/reconnect_delay] by /roslaunch
[rosmaster.master][INFO] 2026-08-29 23:54:46,265: +PARAM [/system_params/performance/publish_rate] by /roslaunch
[rosmaster.master][INFO] 2026-08-29 23:54:46,265: +PARAM [/use_simulation] by /roslaunch
[rosmaster.master][INFO] 2026-08-29 23:54:46,266: +PARAM [/parameter_validator/config_dir] by /roslaunch
[rosmaster.master][INFO] 2026-08-29 23:54:46,266: +PARAM [/parameter_validator/validate_on_startup] by /roslaunch
[rosmaster.master][INFO] 2026-08-29 23:54:46,266: +PARAM [/mission_manager/mission_config] by /roslaunch
[rosmaster.master][INFO] 2026-08-29 23:54:46,266: +PARAM [/camera_calibration/simulation_mode] by /roslaunch
[rosmaster.master][INFO] 2026-08-29 23:54:46,266: +PARAM [/yolo_detector/model_path] by /roslaunch
[rosmaster.master][INFO] 2026-08-29 23:54:46,266: +PARAM [/yolo_detector/device] by /roslaunch
[rosmaster.master][INFO] 2026-08-29 23:54:46,266: +PARAM [/sensor_fusion/publish_rate] by /roslaunch
[rosmaster.master][INFO] 2026-08-29 23:54:46,266: +PARAM [/sensor_fusion/simulation_mode] by /roslaunch
[rosmaster.master][INFO] 2026-08-29 23:54:46,267: +PARAM [/target_tracking_controller/simulation_mode] by /roslaunch
[rosmaster.master][INFO] 2026-08-29 23:54:46,267: +PARAM [/vehicle_state_monitor/simulation_mode] by /roslaunch
[rosmaster.master][INFO] 2026-08-29 23:54:46,267: +PARAM [/safety_monitor/enable_geofence] by /roslaunch
[rosmaster.master][INFO] 2026-08-29 23:54:46,267: +PARAM [/safety_monitor/simulation_mode] by /roslaunch
[rosmaster.master][INFO] 2026-08-29 23:54:46,267: +PARAM [/system_health_monitor/monitoring_interval] by /roslaunch
[rosmaster.master][INFO] 2026-08-29 23:54:46,267: +PARAM [/system_health_monitor/critical_threshold_cpu] by /roslaunch
[rosmaster.master][INFO] 2026-08-29 23:54:46,267: +PARAM [/system_health_monitor/critical_threshold_memory] by /roslaunch
[rosmaster.master][INFO] 2026-08-29 23:54:46,267: +PARAM [/system_health_monitor/warning_threshold_cpu] by /roslaunch
[rosmaster.master][INFO] 2026-08-29 23:54:46,267: +PARAM [/system_health_monitor/warning_threshold_memory] by /roslaunch
[rosmaster.master][INFO] 2026-08-29 23:54:46,268: +PARAM [/system_health_monitor/enable_network_monitoring] by /roslaunch
[rosmaster.master][INFO] 2026-08-29 23:54:46,268: +PARAM [/system_health_monitor/enable_disk_monitoring] by /roslaunch
[rosmaster.master][INFO] 2026-08-29 23:54:46,268: +PARAM [/system_health_monitor/enable_process_monitoring] by /roslaunch
[rosmaster.master][INFO] 2026-08-29 23:54:46,268: +PARAM [/health_checker/monitored_nodes] by /roslaunch
[rosmaster.master][INFO] 2026-08-29 23:54:46,268: +PARAM [/health_checker/check_interval] by /roslaunch
[rosmaster.master][INFO] 2026-08-29 23:54:46,268: +PARAM [/health_checker/timeout_threshold] by /roslaunch
[rosmaster.master][INFO] 2026-08-29 23:54:46,268: +PARAM [/health_checker/restart_on_failure] by /roslaunch
[rosmaster.master][INFO] 2026-08-29 23:54:46,269: +PARAM [/health_checker/max_restarts] by /roslaunch
[rosmaster.master][INFO] 2026-08-29 23:54:46,338: +SERVICE [/rosout/get_loggers] /rosout http://localhost:39661/
[rosmaster.master][INFO] 2026-08-29 23:54:46,340: +SERVICE [/rosout/set_logger_level] /rosout http://localhost:39661/
[rosmaster.master][INFO] 2026-08-29 23:54:46,349: +PUB [/rosout_agg] /rosout http://localhost:39661/
[rosmaster.master][INFO] 2026-08-29 23:54:46,356: +SUB [/rosout] /rosout http://localhost:39661/
[rosmaster.master][INFO] 2026-08-29 23:54:49,362: +PUB [/rosout] /parameter_validator http://localhost:41037/
[rosmaster.master][INFO] 2026-08-29 23:54:49,366: publisherUpdate[/rosout] -> http://localhost:39661/ ['http://localhost:41037/']
[rosmaster.master][INFO] 2026-08-29 23:54:49,476: +SERVICE [/parameter_validator/get_loggers] /parameter_validator http://localhost:41037/
[rosmaster.master][INFO] 2026-08-29 23:54:49,488: +SERVICE [/parameter_validator/set_logger_level] /parameter_validator http://localhost:41037/
[rosmaster.master][INFO] 2026-08-29 23:54:49,504: publisherUpdate[/rosout] -> http://localhost:39661/ ['http://localhost:41037/']: sec=0.12, result=[1, '', 0]
[rosmaster.master][INFO] 2026-08-29 23:54:49,580: +CACHEDPARAM [/rosout_disable_topics_generation] by /parameter_validator
[rosmaster.master][INFO] 2026-08-29 23:54:49,585: +CACHEDPARAM [/rosout_disable_topics_generation] by /parameter_validator
[rosmaster.master][INFO] 2026-08-29 23:54:49,895: +CACHEDPARAM [/rosout/omit_topics] by /rosout
[rosmaster.master][INFO] 2026-08-29 23:54:49,976: +PUB [/rosout] /command_interpreter http://localhost:36485/
[rosmaster.master][INFO] 2026-08-29 23:54:49,980: publisherUpdate[/rosout] -> http://localhost:39661/ ['http://localhost:41037/', 'http://localhost:36485/']
[rosmaster.master][INFO] 2026-08-29 23:54:49,983: publisherUpdate[/rosout] -> http://localhost:39661/ ['http://localhost:41037/', 'http://localhost:36485/']: sec=0.00, result=[1, '', 0]
[rosmaster.master][INFO] 2026-08-29 23:54:50,060: +SERVICE [/command_interpreter/get_loggers] /command_interpreter http://localhost:36485/
[rosmaster.master][INFO] 2026-08-29 23:54:50,063: +SERVICE [/command_interpreter/set_logger_level] /command_interpreter http://localhost:36485/
[rosmaster.master][INFO] 2026-08-29 23:54:50,069: +SUB [/drone_control/command] /command_interpreter http://localhost:36485/
[rosmaster.master][INFO] 2026-08-29 23:54:50,072: +PUB [/drone_control/command_response] /command_interpreter http://localhost:36485/
[rosmaster.master][INFO] 2026-08-29 23:54:50,078: +PUB [/command_interpreter/node_health] /command_interpreter http://localhost:36485/
[rosmaster.master][INFO] 2026-08-29 23:54:50,088: +CACHEDPARAM [/rosout_disable_topics_generation] by /command_interpreter
[rosmaster.master][INFO] 2026-08-29 23:54:50,190: +PUB [/rosout] /vehicle_state_monitor http://localhost:44093/
[rosmaster.master][INFO] 2026-08-29 23:54:50,196: publisherUpdate[/rosout] -> http://localhost:39661/ ['http://localhost:41037/', 'http://localhost:36485/', 'http://localhost:44093/']
[rosmaster.master][INFO] 2026-08-29 23:54:50,198: publisherUpdate[/rosout] -> http://localhost:39661/ ['http://localhost:41037/', 'http://localhost:36485/', 'http://localhost:44093/']: sec=0.00, result=[1, '', 0]
[rosmaster.master][INFO] 2026-08-29 23:54:50,270: +SERVICE [/vehicle_state_monitor/get_loggers] /vehicle_state_monitor http://localhost:44093/
[rosmaster.master][INFO] 2026-08-29 23:54:50,276: +SERVICE [/vehicle_state_monitor/set_logger_level] /vehicle_state_monitor http://localhost:44093/
[rosmaster.master][INFO] 2026-08-29 23:54:50,285: +SUB [/mavros/state] /vehicle_state_monitor http://localhost:44093/
[rosmaster.master][INFO] 2026-08-29 23:54:50,288: +SUB [/mavros/battery] /vehicle_state_monitor http://localhost:44093/
[rosmaster.master][INFO] 2026-08-29 23:54:50,293: +SUB [/mavros/local_position/velocity] /vehicle_state_monitor http://localhost:44093/
[rosmaster.master][INFO] 2026-08-29 23:54:50,299: +PUB [/drone_status] /vehicle_state_monitor http://localhost:44093/
[rosmaster.master][INFO] 2026-08-29 23:54:50,302: +PUB [/diagnostic_status] /vehicle_state_monitor http://localhost:44093/
[rosmaster.master][INFO] 2026-08-29 23:54:50,303: +PUB [/vehicle_state_monitor/node_health] /vehicle_state_monitor http://localhost:44093/
[rosmaster.master][INFO] 2026-08-29 23:54:50,305: +PUB [/battery_percentage] /vehicle_state_monitor http://localhost:44093/
[rosmaster.master][INFO] 2026-08-29 23:54:50,307: +SERVICE [/drone_emergency_stop] /vehicle_state_monitor http://localhost:44093/
[rosmaster.master][INFO] 2026-08-29 23:54:50,361: +SERVICE [/drone_arm] /vehicle_state_monitor http://localhost:44093/
[rosmaster.master][INFO] 2026-08-29 23:54:50,363: +SERVICE [/drone_disarm] /vehicle_state_monitor http://localhost:44093/
[rosmaster.master][INFO] 2026-08-29 23:54:50,365: +PUB [/rosout] /camera_calibration http://localhost:43257/
[rosmaster.master][INFO] 2026-08-29 23:54:50,367: +SERVICE [/drone_get_status] /vehicle_state_monitor http://localhost:44093/
[rosmaster.master][INFO] 2026-08-29 23:54:50,378: +SERVICE [/camera_calibration/get_loggers] /camera_calibration http://localhost:43257/
[rosmaster.master][INFO] 2026-08-29 23:54:50,379: +CACHEDPARAM [/rosout_disable_topics_generation] by /vehicle_state_monitor
[rosmaster.master][INFO] 2026-08-29 23:54:50,380: +SERVICE [/camera_calibration/set_logger_level] /camera_calibration http://localhost:43257/
[rosmaster.master][INFO] 2026-08-29 23:54:50,383: +PUB [/camera/camera_info] /camera_calibration http://localhost:43257/
[rosmaster.master][INFO] 2026-08-29 23:54:50,387: +PUB [/tf] /camera_calibration http://localhost:43257/
[rosmaster.master][INFO] 2026-08-29 23:54:50,389: +CACHEDPARAM [/rosout_disable_topics_generation] by /camera_calibration
[rosmaster.master][INFO] 2026-08-29 23:54:50,399: publisherUpdate[/rosout] -> http://localhost:39661/ ['http://localhost:41037/', 'http://localhost:36485/', 'http://localhost:44093/', 'http://localhost:43257/']
[rosmaster.master][INFO] 2026-08-29 23:54:50,402: publisherUpdate[/rosout] -> http://localhost:39661/ ['http://localhost:41037/', 'http://localhost:36485/', 'http://localhost:44093/', 'http://localhost:43257/']: sec=0.00, result=[1, '', 0]
[rosmaster.master][INFO] 2026-08-29 23:54:50,405: +PUB [/rosout] /health_checker http://localhost:33847/
[rosmaster.master][INFO] 2026-08-29 23:54:50,415: +SERVICE [/health_checker/get_loggers] /health_checker http://localhost:33847/
[rosmaster.master][INFO] 2026-08-29 23:54:50,417: +SERVICE [/health_checker/set_logger_level] /health_checker http://localhost:33847/
[rosmaster.master][INFO] 2026-08-29 23:54:50,460: +SUB [/yolo_detector/node_health] /health_checker http://localhost:33847/
[rosmaster.master][INFO] 2026-08-29 23:54:50,461: +SUB [/target_tracking_controller/node_health] /health_checker http://localhost:33847/
[rosmaster.master][INFO] 2026-08-29 23:54:50,462: +SUB [/vehicle_state_monitor/node_health] /health_checker http://localhost:33847/
[rosmaster.master][INFO] 2026-08-29 23:54:50,464: +SUB [/mission_manager/node_health] /health_checker http://localhost:33847/
[rosmaster.master][INFO] 2026-08-29 23:54:50,465: +SUB [/safety_monitor/node_health] /health_checker http://localhost:33847/
[rosmaster.master][INFO] 2026-08-29 23:54:50,467: +SUB [/command_interpreter/node_health] /health_checker http://localhost:33847/
[rosmaster.master][INFO] 2026-08-29 23:54:50,467: publisherUpdate[/rosout] -> http://localhost:39661/ ['http://localhost:41037/', 'http://localhost:36485/', 'http://localhost:44093/', 'http://localhost:43257/', 'http://localhost:33847/']
[rosmaster.master][INFO] 2026-08-29 23:54:50,468: +PUB [/system_health] /health_checker http://localhost:33847/
[rosmaster.master][INFO] 2026-08-29 23:54:50,469: publisherUpdate[/rosout] -> http://localhost:39661/ ['http://localhost:41037/', 'http://localhost:36485/', 'http://localhost:44093/', 'http://localhost:43257/', 'http://localhost:33847/']: sec=0.00, result=[1, '', 0]
[rosmaster.master][INFO] 2026-08-29 23:54:50,470: +SERVICE [/health/check_all] /health_checker http://localhost:33847/
[rosmaster.master][INFO] 2026-08-29 23:54:50,473: +SERVICE [/health/restart_node] /health_checker http://localhost:33847/
[rosmaster.master][INFO] 2026-08-29 23:54:50,479: +CACHEDPARAM [/rosout_disable_topics_generation] by /health_checker
[rosmaster.master][INFO] 2026-08-29 23:54:50,486: +PUB [/rosout] /mission_manager http://localhost:33863/
[rosmaster.master][INFO] 2026-08-29 23:54:50,494: +SERVICE [/mission_manager/get_loggers] /mission_manager http://localhost:33863/
[rosmaster.master][INFO] 2026-08-29 23:54:50,495: +SERVICE [/mission_manager/set_logger_level] /mission_manager http://localhost:33863/
[rosmaster.master][INFO] 2026-08-29 23:54:50,501: +PUB [/rosout] /sensor_fusion http://localhost:44143/
[rosmaster.master][INFO] 2026-08-29 23:54:50,504: publisherUpdate[/rosout] -> http://localhost:39661/ ['http://localhost:41037/', 'http://localhost:36485/', 'http://localhost:44093/', 'http://localhost:43257/', 'http://localhost:33847/', 'http://localhost:33863/']
[rosmaster.master][INFO] 2026-08-29 23:54:50,505: publisherUpdate[/rosout] -> http://localhost:39661/ ['http://localhost:41037/', 'http://localhost:36485/', 'http://localhost:44093/', 'http://localhost:43257/', 'http://localhost:33847/', 'http://localhost:33863/']: sec=0.00, result=[1, '', 0]
[rosmaster.master][INFO] 2026-08-29 23:54:50,505: publisherUpdate[/rosout] -> http://localhost:39661/ ['http://localhost:41037/', 'http://localhost:36485/', 'http://localhost:44093/', 'http://localhost:43257/', 'http://localhost:33847/', 'http://localhost:33863/', 'http://localhost:44143/']
[rosmaster.master][INFO] 2026-08-29 23:54:50,508: +PUB [/mission_status] /mission_manager http://localhost:33863/
[rosmaster.master][INFO] 2026-08-29 23:54:50,558: publisherUpdate[/rosout] -> http://localhost:39661/ ['http://localhost:41037/', 'http://localhost:36485/', 'http://localhost:44093/', 'http://localhost:43257/', 'http://localhost:33847/', 'http://localhost:33863/', 'http://localhost:44143/']: sec=0.05, result=[1, '', 0]
[rosmaster.master][INFO] 2026-08-29 23:54:50,566: +PUB [/rosout] /safety_monitor http://localhost:37805/
[rosmaster.master][INFO] 2026-08-29 23:54:50,572: publisherUpdate[/rosout] -> http://localhost:39661/ ['http://localhost:41037/', 'http://localhost:36485/', 'http://localhost:44093/', 'http://localhost:43257/', 'http://localhost:33847/', 'http://localhost:33863/', 'http://localhost:44143/', 'http://localhost:37805/']
[rosmaster.master][INFO] 2026-08-29 23:54:50,573: +PUB [/rosout] /system_health_monitor http://localhost:43665/
[rosmaster.master][INFO] 2026-08-29 23:54:50,576: +SERVICE [/sensor_fusion/get_loggers] /sensor_fusion http://localhost:44143/
[rosmaster.master][INFO] 2026-08-29 23:54:50,576: +PUB [/mission_manager/node_health] /mission_manager http://localhost:33863/
[rosmaster.master][INFO] 2026-08-29 23:54:50,580: publisherUpdate[/rosout] -> http://localhost:39661/ ['http://localhost:41037/', 'http://localhost:36485/', 'http://localhost:44093/', 'http://localhost:43257/', 'http://localhost:33847/', 'http://localhost:33863/', 'http://localhost:44143/', 'http://localhost:37805/']: sec=0.01, result=[1, '', 0]
[rosmaster.master][INFO] 2026-08-29 23:54:50,580: publisherUpdate[/rosout] -> http://localhost:39661/ ['http://localhost:41037/', 'http://localhost:36485/', 'http://localhost:44093/', 'http://localhost:43257/', 'http://localhost:33847/', 'http://localhost:33863/', 'http://localhost:44143/', 'http://localhost:37805/', 'http://localhost:43665/']
[rosmaster.master][INFO] 2026-08-29 23:54:50,581: publisherUpdate[/rosout] -> http://localhost:39661/ ['http://localhost:41037/', 'http://localhost:36485/', 'http://localhost:44093/', 'http://localhost:43257/', 'http://localhost:33847/', 'http://localhost:33863/', 'http://localhost:44143/', 'http://localhost:37805/', 'http://localhost:43665/']: sec=0.00, result=[1, '', 0]
[rosmaster.master][INFO] 2026-08-29 23:54:50,581: publisherUpdate[/mission_manager/node_health] -> http://localhost:33847/ ['http://localhost:33863/']
[rosmaster.master][INFO] 2026-08-29 23:54:50,583: +SERVICE [/sensor_fusion/set_logger_level] /sensor_fusion http://localhost:44143/
[rosmaster.master][INFO] 2026-08-29 23:54:50,584: +SUB [/drone_control/command] /mission_manager http://localhost:33863/
[rosmaster.master][INFO] 2026-08-29 23:54:50,586: +SUB [/safety_status] /mission_manager http://localhost:33863/
[rosmaster.master][INFO] 2026-08-29 23:54:50,591: +SUB [/mavros/imu/data] /sensor_fusion http://localhost:44143/
[rosmaster.master][INFO] 2026-08-29 23:54:50,591: +SERVICE [/safety_monitor/get_loggers] /safety_monitor http://localhost:37805/
[rosmaster.master][INFO] 2026-08-29 23:54:50,593: +SUB [/tracked_targets] /mission_manager http://localhost:33863/
[rosmaster.master][INFO] 2026-08-29 23:54:50,595: +SERVICE [/safety_monitor/set_logger_level] /safety_monitor http://localhost:37805/
[rosmaster.master][INFO] 2026-08-29 23:54:50,597: +SUB [/mavros/global_position/global] /sensor_fusion http://localhost:44143/
[rosmaster.master][INFO] 2026-08-29 23:54:50,600: +SERVICE [/system_health_monitor/get_loggers] /system_health_monitor http://localhost:43665/
[rosmaster.master][INFO] 2026-08-29 23:54:50,599: publisherUpdate[/mission_manager/node_health] -> http://localhost:33847/ ['http://localhost:33863/']: sec=0.02, result=[1, '', 0]
[rosmaster.master][INFO] 2026-08-29 23:54:50,602: +CACHEDPARAM [/rosout_disable_topics_generation] by /mission_manager
[rosmaster.master][INFO] 2026-08-29 23:54:50,603: +SERVICE [/system_health_monitor/set_logger_level] /system_health_monitor http://localhost:43665/
[rosmaster.master][INFO] 2026-08-29 23:54:50,605: +SUB [/mavros/local_position/pose] /sensor_fusion http://localhost:44143/
[rosmaster.master][INFO] 2026-08-29 23:54:50,661: +PUB [/sensor_fusion/node_health] /sensor_fusion http://localhost:44143/
[rosmaster.master][INFO] 2026-08-29 23:54:50,668: +CACHEDPARAM [/rosout_disable_topics_generation] by /sensor_fusion
[rosmaster.master][INFO] 2026-08-29 23:54:50,675: +SUB [/mavros/local_position/pose] /safety_monitor http://localhost:37805/
[rosmaster.master][INFO] 2026-08-29 23:54:50,679: +SUB [/health/check_all] /system_health_monitor http://localhost:43665/
[rosmaster.master][INFO] 2026-08-29 23:54:50,681: +PUB [/system_health] /system_health_monitor http://localhost:43665/
[rosmaster.master][INFO] 2026-08-29 23:54:50,681: +SUB [/mavros/local_position/velocity] /safety_monitor http://localhost:37805/
[rosmaster.master][INFO] 2026-08-29 23:54:50,684: +PUB [/diagnostic_status] /system_health_monitor http://localhost:43665/
[rosmaster.master][INFO] 2026-08-29 23:54:50,689: +SUB [/mavros/state] /safety_monitor http://localhost:37805/
[rosmaster.master][INFO] 2026-08-29 23:54:50,691: +PUB [/safety_status] /safety_monitor http://localhost:37805/
[rosmaster.master][INFO] 2026-08-29 23:54:50,692: +PUB [/performance_metrics] /system_health_monitor http://localhost:43665/
[rosmaster.master][INFO] 2026-08-29 23:54:50,694: +PUB [/system_alert] /system_health_monitor http://localhost:43665/
[rosmaster.master][INFO] 2026-08-29 23:54:50,695: +PUB [/safety_monitor/node_health] /safety_monitor http://localhost:37805/
[rosmaster.master][INFO] 2026-08-29 23:54:50,696: +PUB [/emergency_triggered] /safety_monitor http://localhost:37805/
[rosmaster.master][INFO] 2026-08-29 23:54:50,697: +CACHEDPARAM [/rosout_disable_topics_generation] by /system_health_monitor
[rosmaster.master][INFO] 2026-08-29 23:54:50,698: +SERVICE [/safety/geofence_enable] /safety_monitor http://localhost:37805/
[rosmaster.master][INFO] 2026-08-29 23:54:50,700: +SERVICE [/safety/geofence_disable] /safety_monitor http://localhost:37805/
[rosmaster.master][INFO] 2026-08-29 23:54:50,701: +SERVICE [/safety/check] /safety_monitor http://localhost:37805/
[rosmaster.master][INFO] 2026-08-29 23:54:50,702: +SERVICE [/safety/status] /safety_monitor http://localhost:37805/
[rosmaster.master][INFO] 2026-08-29 23:54:50,703: publisherUpdate[/safety_status] -> http://localhost:33863/ ['http://localhost:37805/']
[rosmaster.master][INFO] 2026-08-29 23:54:50,707: +CACHEDPARAM [/rosout_disable_topics_generation] by /safety_monitor
[rosmaster.master][INFO] 2026-08-29 23:54:50,708: publisherUpdate[/safety_status] -> http://localhost:33863/ ['http://localhost:37805/']: sec=0.00, result=[1, '', 0]
[rosmaster.master][INFO] 2026-08-29 23:54:50,708: publisherUpdate[/safety_monitor/node_health] -> http://localhost:33847/ ['http://localhost:37805/']
[rosmaster.master][INFO] 2026-08-29 23:54:50,710: publisherUpdate[/safety_monitor/node_health] -> http://localhost:33847/ ['http://localhost:37805/']: sec=0.00, result=[1, '', 0]
[rosmaster.master][INFO] 2026-08-29 23:54:50,711: +CACHEDPARAM [/rosout_disable_topics_generation] by /safety_monitor
[rosmaster.master][INFO] 2026-08-29 23:54:51,807: +PUB [/rosout] /target_tracking_controller http://localhost:46577/
[rosmaster.master][INFO] 2026-08-29 23:54:51,817: +SERVICE [/target_tracking_controller/get_loggers] /target_tracking_controller http://localhost:46577/
[rosmaster.master][INFO] 2026-08-29 23:54:51,820: +SERVICE [/target_tracking_controller/set_logger_level] /target_tracking_controller http://localhost:46577/
[rosmaster.master][INFO] 2026-08-29 23:54:51,823: publisherUpdate[/rosout] -> http://localhost:39661/ ['http://localhost:41037/', 'http://localhost:36485/', 'http://localhost:44093/', 'http://localhost:43257/', 'http://localhost:33847/', 'http://localhost:33863/', 'http://localhost:44143/', 'http://localhost:37805/', 'http://localhost:43665/', 'http://localhost:46577/']
[rosmaster.master][INFO] 2026-08-29 23:54:51,826: publisherUpdate[/rosout] -> http://localhost:39661/ ['http://localhost:41037/', 'http://localhost:36485/', 'http://localhost:44093/', 'http://localhost:43257/', 'http://localhost:33847/', 'http://localhost:33863/', 'http://localhost:44143/', 'http://localhost:37805/', 'http://localhost:43665/', 'http://localhost:46577/']: sec=0.00, result=[1, '', 0]
[rosmaster.master][INFO] 2026-08-29 23:54:51,834: +SUB [/mavros/local_position/odom] /target_tracking_controller http://localhost:46577/
[rosmaster.master][INFO] 2026-08-29 23:54:51,837: +SUB [/detected_objects] /target_tracking_controller http://localhost:46577/
[rosmaster.master][INFO] 2026-08-29 23:54:51,839: +SUB [/mavros/state] /target_tracking_controller http://localhost:46577/
[rosmaster.master][INFO] 2026-08-29 23:54:51,843: +SUB [/mission_status] /target_tracking_controller http://localhost:46577/
[rosmaster.master][INFO] 2026-08-29 23:54:51,845: +PUB [/tracked_targets] /target_tracking_controller http://localhost:46577/
[rosmaster.master][INFO] 2026-08-29 23:54:51,848: +PUB [/mavros/setpoint_velocity/cmd_vel_unstamped] /target_tracking_controller http://localhost:46577/
[rosmaster.master][INFO] 2026-08-29 23:54:51,850: +PUB [/mavros/setpoint_raw/local] /target_tracking_controller http://localhost:46577/
[rosmaster.master][INFO] 2026-08-29 23:54:51,852: +PUB [/target_tracking_controller/node_health] /target_tracking_controller http://localhost:46577/
[rosmaster.master][INFO] 2026-08-29 23:54:51,879: publisherUpdate[/tracked_targets] -> http://localhost:33863/ ['http://localhost:46577/']
[rosmaster.master][INFO] 2026-08-29 23:54:51,882: publisherUpdate[/tracked_targets] -> http://localhost:33863/ ['http://localhost:46577/']: sec=0.00, result=[1, '', 0]
[rosmaster.master][INFO] 2026-08-29 23:54:51,883: publisherUpdate[/target_tracking_controller/node_health] -> http://localhost:33847/ ['http://localhost:46577/']
[rosmaster.master][INFO] 2026-08-29 23:54:51,885: publisherUpdate[/target_tracking_controller/node_health] -> http://localhost:33847/ ['http://localhost:46577/']: sec=0.00, result=[1, '', 0]
[rosmaster.master][INFO] 2026-08-29 23:54:54,011: +CACHEDPARAM [/rosout_disable_topics_generation] by /target_tracking_controller
[rosmaster.master][INFO] 2026-08-29 23:54:54,218: +PUB [/rosout] /yolo_detector http://localhost:42415/
[rosmaster.master][INFO] 2026-08-29 23:54:54,222: +SERVICE [/yolo_detector/get_loggers] /yolo_detector http://localhost:42415/
[rosmaster.master][INFO] 2026-08-29 23:54:54,223: +SERVICE [/yolo_detector/set_logger_level] /yolo_detector http://localhost:42415/
[rosmaster.master][INFO] 2026-08-29 23:54:54,228: +PUB [/yolo_detector/node_health] /yolo_detector http://localhost:42415/
[rosmaster.master][INFO] 2026-08-29 23:54:54,231: +SUB [/drone_control/command] /yolo_detector http://localhost:42415/
[rosmaster.master][INFO] 2026-08-29 23:54:54,231: +PUB [/command_response] /yolo_detector http://localhost:42415/
[rosmaster.master][INFO] 2026-08-29 23:54:54,233: +SUB [/mission_status] /yolo_detector http://localhost:42415/
[rosmaster.master][INFO] 2026-08-29 23:54:54,234: +CACHEDPARAM [/rosout_disable_topics_generation] by /yolo_detector
[rosmaster.master][INFO] 2026-08-29 23:54:54,242: publisherUpdate[/rosout] -> http://localhost:39661/ ['http://localhost:41037/', 'http://localhost:36485/', 'http://localhost:44093/', 'http://localhost:43257/', 'http://localhost:33847/', 'http://localhost:33863/', 'http://localhost:44143/', 'http://localhost:37805/', 'http://localhost:43665/', 'http://localhost:46577/', 'http://localhost:42415/']
[rosmaster.master][INFO] 2026-08-29 23:54:54,243: publisherUpdate[/yolo_detector/node_health] -> http://localhost:33847/ ['http://localhost:42415/']
[rosmaster.master][INFO] 2026-08-29 23:54:54,244: publisherUpdate[/rosout] -> http://localhost:39661/ ['http://localhost:41037/', 'http://localhost:36485/', 'http://localhost:44093/', 'http://localhost:43257/', 'http://localhost:33847/', 'http://localhost:33863/', 'http://localhost:44143/', 'http://localhost:37805/', 'http://localhost:43665/', 'http://localhost:46577/', 'http://localhost:42415/']: sec=0.00, result=[1, '', 0]
[rosmaster.master][INFO] 2026-08-29 23:54:54,246: publisherUpdate[/yolo_detector/node_health] -> http://localhost:33847/ ['http://localhost:42415/']: sec=0.00, result=[1, '', 0]
[rosmaster.master][INFO] 2026-08-29 23:54:54,407: +CACHEDPARAM [/rosout_disable_topics_generation] by /yolo_detector
[rosmaster.master][INFO] 2026-08-29 23:54:54,410: +SUB [/camera/color/image_raw] /yolo_detector http://localhost:42415/
[rosmaster.master][INFO] 2026-08-29 23:54:54,410: +PUB [/detected_objects] /yolo_detector http://localhost:42415/
[rosmaster.master][INFO] 2026-08-29 23:54:54,412: +CACHEDPARAM [/rosout_disable_topics_generation] by /yolo_detector
[rosmaster.master][INFO] 2026-08-29 23:54:54,413: +CACHEDPARAM [/rosout_disable_topics_generation] by /yolo_detector
[rosmaster.master][INFO] 2026-08-29 23:54:54,451: publisherUpdate[/detected_objects] -> http://localhost:46577/ ['http://localhost:42415/']
[rosmaster.master][INFO] 2026-08-29 23:54:54,453: publisherUpdate[/detected_objects] -> http://localhost:46577/ ['http://localhost:42415/']: sec=0.00, result=[1, '', 0]
[rosmaster.master][INFO] 2026-08-29 23:54:55,488: +CACHEDPARAM [/rosout_disable_topics_generation] by /health_checker
[rosmaster.master][INFO] 2026-08-29 23:54:55,491: +CACHEDPARAM [/rosout_disable_topics_generation] by /health_checker
[rosmaster.master][INFO] 2026-08-29 23:54:56,148: +CACHEDPARAM [/rosout_disable_topics_generation] by /target_tracking_controller
[rosmaster.master][INFO] 2026-08-29 23:54:56,155: +CACHEDPARAM [/rosout_disable_topics_generation] by /target_tracking_controller
[rosmaster.master][INFO] 2026-08-29 23:59:31,102: -SUB [/yolo_detector/node_health] /health_checker http://localhost:33847/
[rosmaster.master][INFO] 2026-08-29 23:59:31,104: -SUB [/target_tracking_controller/node_health] /health_checker http://localhost:33847/
[rosmaster.master][INFO] 2026-08-29 23:59:31,104: -SUB [/vehicle_state_monitor/node_health] /health_checker http://localhost:33847/
[rosmaster.master][INFO] 2026-08-29 23:59:31,104: -SUB [/mission_manager/node_health] /health_checker http://localhost:33847/
[rosmaster.master][INFO] 2026-08-29 23:59:31,104: -SUB [/safety_monitor/node_health] /health_checker http://localhost:33847/
[rosmaster.master][INFO] 2026-08-29 23:59:31,105: -SUB [/command_interpreter/node_health] /health_checker http://localhost:33847/
[rosmaster.master][INFO] 2026-08-29 23:59:31,105: -PUB [/rosout] /health_checker http://localhost:33847/
[rosmaster.master][INFO] 2026-08-29 23:59:31,105: -PUB [/system_health] /health_checker http://localhost:33847/
[rosmaster.master][INFO] 2026-08-29 23:59:31,105: -SERVICE [/health_checker/get_loggers] /health_checker rosrpc://localhost:45989
[rosmaster.master][INFO] 2026-08-29 23:59:31,105: -SERVICE [/health_checker/set_logger_level] /health_checker rosrpc://localhost:45989
[rosmaster.master][INFO] 2026-08-29 23:59:31,105: -SERVICE [/health/check_all] /health_checker rosrpc://localhost:45989
[rosmaster.master][INFO] 2026-08-29 23:59:31,106: -SERVICE [/health/restart_node] /health_checker rosrpc://localhost:45989
[rosmaster.master][INFO] 2026-08-29 23:59:31,115: publisherUpdate[/rosout] -> http://localhost:39661/ ['http://localhost:41037/', 'http://localhost:36485/', 'http://localhost:44093/', 'http://localhost:43257/', 'http://localhost:33863/', 'http://localhost:44143/', 'http://localhost:37805/', 'http://localhost:43665/', 'http://localhost:46577/', 'http://localhost:42415/']
[rosmaster.master][INFO] 2026-08-29 23:59:31,117: -SUB [/mavros/local_position/pose] /safety_monitor http://localhost:37805/
[rosmaster.master][INFO] 2026-08-29 23:59:31,117: -SUB [/mavros/local_position/velocity] /safety_monitor http://localhost:37805/
[rosmaster.master][INFO] 2026-08-29 23:59:31,118: -SUB [/mavros/state] /safety_monitor http://localhost:37805/
[rosmaster.master][INFO] 2026-08-29 23:59:31,118: -PUB [/rosout] /safety_monitor http://localhost:37805/
[rosmaster.master][INFO] 2026-08-29 23:59:31,118: -PUB [/safety_status] /safety_monitor http://localhost:37805/
[rosmaster.master][INFO] 2026-08-29 23:59:31,118: -SUB [/health/check_all] /system_health_monitor http://localhost:43665/
[rosmaster.master][INFO] 2026-08-29 23:59:31,118: -PUB [/rosout] /system_health_monitor http://localhost:43665/
[rosmaster.master][INFO] 2026-08-29 23:59:31,118: -PUB [/system_health] /system_health_monitor http://localhost:43665/
[rosmaster.master][INFO] 2026-08-29 23:59:31,118: -PUB [/diagnostic_status] /system_health_monitor http://localhost:43665/
[rosmaster.master][INFO] 2026-08-29 23:59:31,118: -PUB [/performance_metrics] /system_health_monitor http://localhost:43665/
[rosmaster.master][INFO] 2026-08-29 23:59:31,119: -PUB [/system_alert] /system_health_monitor http://localhost:43665/
[rosmaster.master][INFO] 2026-08-29 23:59:31,119: -SERVICE [/system_health_monitor/get_loggers] /system_health_monitor rosrpc://localhost:41067
[rosmaster.master][INFO] 2026-08-29 23:59:31,120: -PUB [/safety_monitor/node_health] /safety_monitor http://localhost:37805/
[rosmaster.master][INFO] 2026-08-29 23:59:31,121: -SUB [/drone_control/command] /command_interpreter http://localhost:36485/
[rosmaster.master][INFO] 2026-08-29 23:59:31,121: -PUB [/rosout] /command_interpreter http://localhost:36485/
[rosmaster.master][INFO] 2026-08-29 23:59:31,121: -PUB [/drone_control/command_response] /command_interpreter http://localhost:36485/
[rosmaster.master][INFO] 2026-08-29 23:59:31,121: -SUB [/mavros/state] /vehicle_state_monitor http://localhost:44093/
[rosmaster.master][INFO] 2026-08-29 23:59:31,121: -PUB [/rosout] /camera_calibration http://localhost:43257/
[rosmaster.master][INFO] 2026-08-29 23:59:31,122: -PUB [/camera/camera_info] /camera_calibration http://localhost:43257/
[rosmaster.master][INFO] 2026-08-29 23:59:31,122: -SUB [/drone_control/command] /mission_manager http://localhost:33863/
[rosmaster.master][INFO] 2026-08-29 23:59:31,122: -SUB [/safety_status] /mission_manager http://localhost:33863/
[rosmaster.master][INFO] 2026-08-29 23:59:31,122: -SUB [/tracked_targets] /mission_manager http://localhost:33863/
[rosmaster.master][INFO] 2026-08-29 23:59:31,123: -PUB [/rosout] /mission_manager http://localhost:33863/
[rosmaster.master][INFO] 2026-08-29 23:59:31,123: -PUB [/mission_status] /mission_manager http://localhost:33863/
[rosmaster.master][INFO] 2026-08-29 23:59:31,123: -PUB [/mission_manager/node_health] /mission_manager http://localhost:33863/
[rosmaster.master][INFO] 2026-08-29 23:59:31,123: -SUB [/drone_control/command] /yolo_detector http://localhost:42415/
[rosmaster.master][INFO] 2026-08-29 23:59:31,124: -SUB [/mavros/imu/data] /sensor_fusion http://localhost:44143/
[rosmaster.master][INFO] 2026-08-29 23:59:31,124: -SUB [/mavros/global_position/global] /sensor_fusion http://localhost:44143/
[rosmaster.master][INFO] 2026-08-29 23:59:31,124: -SUB [/mavros/local_position/pose] /sensor_fusion http://localhost:44143/
[rosmaster.master][INFO] 2026-08-29 23:59:31,124: -PUB [/rosout] /sensor_fusion http://localhost:44143/
[rosmaster.master][INFO] 2026-08-29 23:59:31,124: -PUB [/sensor_fusion/node_health] /sensor_fusion http://localhost:44143/
[rosmaster.master][INFO] 2026-08-29 23:59:31,124: -SERVICE [/sensor_fusion/get_loggers] /sensor_fusion rosrpc://localhost:38731
[rosmaster.master][INFO] 2026-08-29 23:59:31,124: -SERVICE [/system_health_monitor/set_logger_level] /system_health_monitor rosrpc://localhost:41067
[rosmaster.master][INFO] 2026-08-29 23:59:31,125: -SUB [/mavros/local_position/odom] /target_tracking_controller http://localhost:46577/
[rosmaster.master][INFO] 2026-08-29 23:59:31,125: -SUB [/detected_objects] /target_tracking_controller http://localhost:46577/
[rosmaster.master][INFO] 2026-08-29 23:59:31,125: -SUB [/mavros/battery] /vehicle_state_monitor http://localhost:44093/
[rosmaster.master][INFO] 2026-08-29 23:59:31,125: publisherUpdate[/rosout] -> http://localhost:39661/ ['http://localhost:41037/', 'http://localhost:36485/', 'http://localhost:44093/', 'http://localhost:43257/', 'http://localhost:33863/', 'http://localhost:44143/', 'http://localhost:37805/', 'http://localhost:43665/', 'http://localhost:46577/', 'http://localhost:42415/']: sec=0.01, result=[1, '', 0]
[rosmaster.master][INFO] 2026-08-29 23:59:31,126: -PUB [/command_interpreter/node_health] /command_interpreter http://localhost:36485/
[rosmaster.master][INFO] 2026-08-29 23:59:31,126: publisherUpdate[/rosout] -> http://localhost:39661/ ['http://localhost:41037/', 'http://localhost:36485/', 'http://localhost:44093/', 'http://localhost:43257/', 'http://localhost:33863/', 'http://localhost:44143/', 'http://localhost:43665/', 'http://localhost:46577/', 'http://localhost:42415/']
[rosmaster.master][INFO] 2026-08-29 23:59:31,126: -SUB [/mission_status] /yolo_detector http://localhost:42415/
[rosmaster.master][INFO] 2026-08-29 23:59:31,127: -PUB [/tf] /camera_calibration http://localhost:43257/
[rosmaster.master][INFO] 2026-08-29 23:59:31,127: -SERVICE [/camera_calibration/get_loggers] /camera_calibration rosrpc://localhost:34005
[rosmaster.master][INFO] 2026-08-29 23:59:31,127: -SERVICE [/camera_calibration/set_logger_level] /camera_calibration rosrpc://localhost:34005
[rosmaster.master][INFO] 2026-08-29 23:59:31,127: -PUB [/emergency_triggered] /safety_monitor http://localhost:37805/
[rosmaster.master][INFO] 2026-08-29 23:59:31,127: -SERVICE [/safety_monitor/get_loggers] /safety_monitor rosrpc://localhost:35529
[rosmaster.master][INFO] 2026-08-29 23:59:31,128: -SERVICE [/safety_monitor/set_logger_level] /safety_monitor rosrpc://localhost:35529
[rosmaster.master][INFO] 2026-08-29 23:59:31,128: -SERVICE [/safety/geofence_enable] /safety_monitor rosrpc://localhost:35529
[rosmaster.master][INFO] 2026-08-29 23:59:31,128: -SERVICE [/safety/geofence_disable] /safety_monitor rosrpc://localhost:35529
[rosmaster.master][INFO] 2026-08-29 23:59:31,128: -SERVICE [/safety/check] /safety_monitor rosrpc://localhost:35529
[rosmaster.master][INFO] 2026-08-29 23:59:31,128: -SERVICE [/safety/status] /safety_monitor rosrpc://localhost:35529
[rosmaster.master][INFO] 2026-08-29 23:59:31,129: -SUB [/mavros/state] /target_tracking_controller http://localhost:46577/
[rosmaster.master][INFO] 2026-08-29 23:59:31,129: -SUB [/mission_status] /target_tracking_controller http://localhost:46577/
[rosmaster.master][INFO] 2026-08-29 23:59:31,130: -PUB [/rosout] /target_tracking_controller http://localhost:46577/
[rosmaster.master][INFO] 2026-08-29 23:59:31,131: -PUB [/tracked_targets] /target_tracking_controller http://localhost:46577/
[rosmaster.master][INFO] 2026-08-29 23:59:31,129: publisherUpdate[/rosout] -> http://localhost:39661/ ['http://localhost:41037/', 'http://localhost:36485/', 'http://localhost:44093/', 'http://localhost:43257/', 'http://localhost:33863/', 'http://localhost:44143/', 'http://localhost:43665/', 'http://localhost:46577/', 'http://localhost:42415/']: sec=0.00, result=[1, '', 0]
[rosmaster.master][INFO] 2026-08-29 23:59:31,131: publisherUpdate[/rosout] -> http://localhost:39661/ ['http://localhost:41037/', 'http://localhost:36485/', 'http://localhost:44093/', 'http://localhost:43257/', 'http://localhost:33863/', 'http://localhost:44143/', 'http://localhost:46577/', 'http://localhost:42415/']
[rosmaster.master][INFO] 2026-08-29 23:59:31,131: publisherUpdate[/safety_status] -> http://localhost:33863/ []
[rosmaster.master][INFO] 2026-08-29 23:59:31,131: -SUB [/camera/color/image_raw] /yolo_detector http://localhost:42415/
[rosmaster.master][INFO] 2026-08-29 23:59:31,132: -PUB [/rosout] /yolo_detector http://localhost:42415/
[rosmaster.master][INFO] 2026-08-29 23:59:31,133: -SERVICE [/sensor_fusion/set_logger_level] /sensor_fusion rosrpc://localhost:38731
[rosmaster.master][INFO] 2026-08-29 23:59:31,133: -SERVICE [/command_interpreter/get_loggers] /command_interpreter rosrpc://localhost:38263
[rosmaster.master][INFO] 2026-08-29 23:59:31,134: -SERVICE [/command_interpreter/set_logger_level] /command_interpreter rosrpc://localhost:38263
[rosmaster.master][INFO] 2026-08-29 23:59:31,134: publisherUpdate[/rosout] -> http://localhost:39661/ ['http://localhost:41037/', 'http://localhost:36485/', 'http://localhost:44093/', 'http://localhost:43257/', 'http://localhost:33863/', 'http://localhost:44143/', 'http://localhost:46577/', 'http://localhost:42415/']: sec=0.00, result=[1, '', 0]
[rosmaster.master][INFO] 2026-08-29 23:59:31,135: publisherUpdate[/rosout] -> http://localhost:39661/ ['http://localhost:41037/', 'http://localhost:44093/', 'http://localhost:43257/', 'http://localhost:33863/', 'http://localhost:44143/', 'http://localhost:46577/', 'http://localhost:42415/']
[rosmaster.master][INFO] 2026-08-29 23:59:31,136: -PUB [/mavros/setpoint_velocity/cmd_vel_unstamped] /target_tracking_controller http://localhost:46577/
[rosmaster.master][INFO] 2026-08-29 23:59:31,136: publisherUpdate[/rosout] -> http://localhost:39661/ ['http://localhost:41037/', 'http://localhost:44093/', 'http://localhost:43257/', 'http://localhost:33863/', 'http://localhost:44143/', 'http://localhost:46577/', 'http://localhost:42415/']: sec=0.00, result=[1, '', 0]
[rosmaster.master][INFO] 2026-08-29 23:59:31,137: publisherUpdate[/rosout] -> http://localhost:39661/ ['http://localhost:41037/', 'http://localhost:44093/', 'http://localhost:33863/', 'http://localhost:44143/', 'http://localhost:46577/', 'http://localhost:42415/']
[rosmaster.master][INFO] 2026-08-29 23:59:31,137: publisherUpdate[/safety_status] -> http://localhost:33863/ []: sec=0.01, result=[1, '', 0]
[rosmaster.master][INFO] 2026-08-29 23:59:31,137: publisherUpdate[/mission_status] -> http://localhost:46577/ []
[rosmaster.master][INFO] 2026-08-29 23:59:31,136: -SERVICE [/mission_manager/get_loggers] /mission_manager rosrpc://localhost:37927
[rosmaster.master][INFO] 2026-08-29 23:59:31,139: -SERVICE [/mission_manager/set_logger_level] /mission_manager rosrpc://localhost:37927
[rosmaster.master][INFO] 2026-08-29 23:59:31,138: publisherUpdate[/rosout] -> http://localhost:39661/ ['http://localhost:41037/', 'http://localhost:44093/', 'http://localhost:33863/', 'http://localhost:44143/', 'http://localhost:46577/', 'http://localhost:42415/']: sec=0.00, result=[1, '', 0]
[rosmaster.master][INFO] 2026-08-29 23:59:31,143: -SUB [/mavros/local_position/velocity] /vehicle_state_monitor http://localhost:44093/
[rosmaster.master][INFO] 2026-08-29 23:59:31,144: -PUB [/rosout] /vehicle_state_monitor http://localhost:44093/
[rosmaster.master][INFO] 2026-08-29 23:59:31,145: -PUB [/drone_status] /vehicle_state_monitor http://localhost:44093/
[rosmaster.master][INFO] 2026-08-29 23:59:31,145: -PUB [/diagnostic_status] /vehicle_state_monitor http://localhost:44093/
[rosmaster.master][INFO] 2026-08-29 23:59:31,145: -PUB [/vehicle_state_monitor/node_health] /vehicle_state_monitor http://localhost:44093/
[rosmaster.master][INFO] 2026-08-29 23:59:31,145: -PUB [/battery_percentage] /vehicle_state_monitor http://localhost:44093/
[rosmaster.master][INFO] 2026-08-29 23:59:31,145: -SERVICE [/vehicle_state_monitor/get_loggers] /vehicle_state_monitor rosrpc://localhost:32979
[rosmaster.master][INFO] 2026-08-29 23:59:31,146: -SERVICE [/vehicle_state_monitor/set_logger_level] /vehicle_state_monitor rosrpc://localhost:32979
[rosmaster.master][INFO] 2026-08-29 23:59:31,146: -SERVICE [/drone_emergency_stop] /vehicle_state_monitor rosrpc://localhost:32979
[rosmaster.master][INFO] 2026-08-29 23:59:31,146: -SERVICE [/drone_arm] /vehicle_state_monitor rosrpc://localhost:32979
[rosmaster.master][INFO] 2026-08-29 23:59:31,146: -SERVICE [/drone_disarm] /vehicle_state_monitor rosrpc://localhost:32979
[rosmaster.master][INFO] 2026-08-29 23:59:31,144: publisherUpdate[/rosout] -> http://localhost:39661/ ['http://localhost:41037/', 'http://localhost:44093/', 'http://localhost:44143/', 'http://localhost:46577/', 'http://localhost:42415/']
[rosmaster.master][INFO] 2026-08-29 23:59:31,144: publisherUpdate[/mission_status] -> http://localhost:46577/ []: sec=0.01, result=[1, '', 0]
[rosmaster.master][INFO] 2026-08-29 23:59:31,148: publisherUpdate[/mission_status] -> http://localhost:42415/ []
[rosmaster.master][INFO] 2026-08-29 23:59:31,146: -SERVICE [/drone_get_status] /vehicle_state_monitor rosrpc://localhost:32979
[rosmaster.master][INFO] 2026-08-29 23:59:31,149: -PUB [/yolo_detector/node_health] /yolo_detector http://localhost:42415/
[rosmaster.master][INFO] 2026-08-29 23:59:31,149: -PUB [/command_response] /yolo_detector http://localhost:42415/
[rosmaster.master][INFO] 2026-08-29 23:59:31,149: -PUB [/detected_objects] /yolo_detector http://localhost:42415/
[rosmaster.master][INFO] 2026-08-29 23:59:31,149: -SERVICE [/yolo_detector/get_loggers] /yolo_detector rosrpc://localhost:33401
[rosmaster.master][INFO] 2026-08-29 23:59:31,150: -SERVICE [/yolo_detector/set_logger_level] /yolo_detector rosrpc://localhost:33401
[rosmaster.master][INFO] 2026-08-29 23:59:31,150: -PUB [/mavros/setpoint_raw/local] /target_tracking_controller http://localhost:46577/
[rosmaster.master][INFO] 2026-08-29 23:59:31,151: -PUB [/target_tracking_controller/node_health] /target_tracking_controller http://localhost:46577/
[rosmaster.master][INFO] 2026-08-29 23:59:31,151: -SERVICE [/target_tracking_controller/get_loggers] /target_tracking_controller rosrpc://localhost:46449
[rosmaster.master][INFO] 2026-08-29 23:59:31,151: -SERVICE [/target_tracking_controller/set_logger_level] /target_tracking_controller rosrpc://localhost:46449
[rosmaster.master][INFO] 2026-08-29 23:59:31,153: publisherUpdate[/rosout] -> http://localhost:39661/ ['http://localhost:41037/', 'http://localhost:44093/', 'http://localhost:44143/', 'http://localhost:46577/', 'http://localhost:42415/']: sec=0.01, result=[1, '', 0]
[rosmaster.master][INFO] 2026-08-29 23:59:31,153: publisherUpdate[/rosout] -> http://localhost:39661/ ['http://localhost:41037/', 'http://localhost:44093/', 'http://localhost:46577/', 'http://localhost:42415/']
[rosmaster.master][INFO] 2026-08-29 23:59:31,156: publisherUpdate[/mission_status] -> http://localhost:42415/ []: sec=0.01, result=[1, '', 0]
[rosmaster.master][INFO] 2026-08-29 23:59:31,158: publisherUpdate[/rosout] -> http://localhost:39661/ ['http://localhost:41037/', 'http://localhost:44093/', 'http://localhost:46577/', 'http://localhost:42415/']: sec=0.00, result=[1, '', 0]
[rosmaster.master][INFO] 2026-08-29 23:59:31,158: publisherUpdate[/rosout] -> http://localhost:39661/ ['http://localhost:41037/', 'http://localhost:44093/', 'http://localhost:42415/']
[rosmaster.master][INFO] 2026-08-29 23:59:31,161: publisherUpdate[/rosout] -> http://localhost:39661/ ['http://localhost:41037/', 'http://localhost:44093/', 'http://localhost:42415/']: sec=0.00, result=[1, '', 0]
[rosmaster.master][INFO] 2026-08-29 23:59:31,161: publisherUpdate[/rosout] -> http://localhost:39661/ ['http://localhost:41037/', 'http://localhost:44093/']
[rosmaster.master][INFO] 2026-08-29 23:59:31,162: publisherUpdate[/rosout] -> http://localhost:39661/ ['http://localhost:41037/', 'http://localhost:44093/']: sec=0.00, result=[1, '', 0]
[rosmaster.master][INFO] 2026-08-29 23:59:31,162: publisherUpdate[/rosout] -> http://localhost:39661/ ['http://localhost:41037/']
[rosmaster.master][INFO] 2026-08-29 23:59:31,163: publisherUpdate[/rosout] -> http://localhost:39661/ ['http://localhost:41037/']: sec=0.00, result=[1, '', 0]
[rosmaster.master][INFO] 2026-08-29 23:59:32,064: -PUB [/rosout] /parameter_validator http://localhost:41037/
[rosmaster.master][INFO] 2026-08-29 23:59:32,064: -SERVICE [/parameter_validator/get_loggers] /parameter_validator rosrpc://localhost:42085
[rosmaster.master][INFO] 2026-08-29 23:59:32,064: -SERVICE [/parameter_validator/set_logger_level] /parameter_validator rosrpc://localhost:42085
[rosmaster.master][INFO] 2026-08-29 23:59:32,068: publisherUpdate[/rosout] -> http://localhost:39661/ []
[rosmaster.master][INFO] 2026-08-29 23:59:32,069: publisherUpdate[/rosout] -> http://localhost:39661/ []: sec=0.00, result=[1, '', 0]
[rosmaster.master][INFO] 2026-08-29 23:59:33,020: -PUB [/rosout_agg] /rosout http://localhost:39661/
[rosmaster.master][INFO] 2026-08-29 23:59:33,021: -SUB [/rosout] /rosout http://localhost:39661/
[rosmaster.master][INFO] 2026-08-29 23:59:33,022: -SERVICE [/rosout/get_loggers] /rosout rosrpc://localhost:44945
[rosmaster.master][INFO] 2026-08-29 23:59:33,023: -SERVICE [/rosout/set_logger_level] /rosout rosrpc://localhost:44945
[rosmaster.master][INFO] 2026-08-29 23:59:33,024: -CACHEDPARAM [/rosout/omit_topics] by /rosout
[rosmaster.main][INFO] 2026-08-29 23:59:33,112: keyboard interrupt, will exit
[rosmaster.main][INFO] 2026-08-29 23:59:33,113: stopping master...
[rospy.core][INFO] 2026-08-29 23:59:33,113: signal_shutdown [atexit]
