[rospy.client][INFO] 2026-08-29 23:54:50,300: init_node, name[/mission_manager], pid[109]
[xmlrpc][INFO] 2026-08-29 23:54:50,357: XML-RPC server binding to 127.0.0.1:0
[xmlrpc][INFO] 2026-08-29 23:54:50,360: Started XML-RPC server [http://localhost:33863/]
[rospy.init][INFO] 2026-08-29 23:54:50,360: ROS Slave URI: [http://localhost:33863/]
[rospy.impl.masterslave][INFO] 2026-08-29 23:54:50,362: _ready: http://localhost:33863/
[rospy.registration][INFO] 2026-08-29 23:54:50,368: Registering with master node http://localhost:11311
[xmlrpc][INFO] 2026-08-29 23:54:50,369: xml rpc node: starting XML-RPC server
[rospy.init][INFO] 2026-08-29 23:54:50,468: registered with master
[rospy.rosout][INFO] 2026-08-29 23:54:50,468: initializing /rosout core topic
[rospy.rosout][INFO] 2026-08-29 23:54:50,492: connected to core topic /rosout
[rospy.simtime][INFO] 2026-08-29 23:54:50,493: /use_sim_time is not set, will not subscribe to simulated time [/clock] topic
[rosout][INFO] 2026-08-29 23:54:50,597: Mission Manager initialized
[rospy.internal][INFO] 2026-08-29 23:54:50,659: topic[/mission_manager/node_health] adding connection to [/health_checker], count 0
[rospy.internal][INFO] 2026-08-29 23:54:50,683: topic[/rosout] adding connection to [/rosout], count 0
[rospy.internal][INFO] 2026-08-29 23:54:50,712: topic[/safety_status] adding connection to [http://localhost:37805/], count 0
[rospy.internal][INFO] 2026-08-29 23:54:51,870: topic[/mission_status] adding connection to [/target_tracking_controller], count 0
[rospy.internal][INFO] 2026-08-29 23:54:51,886: topic[/tracked_targets] adding connection to [http://localhost:46577/], count 0
[rospy.internal][INFO] 2026-08-29 23:54:54,270: topic[/mission_status] adding connection to [/yolo_detector], count 1
[rospy.core][INFO] 2026-08-29 23:59:31,111: signal_shutdown [signal-2]
[rospy.internal][INFO] 2026-08-29 23:59:31,135: topic[/safety_status] removing connection to http://localhost:37805/
[rospy.internal][INFO] 2026-08-29 23:59:31,156: topic[/rosout] removing connection to /rosout
[rospy.internal][INFO] 2026-08-29 23:59:31,156: topic[/mission_status] removing connection to /target_tracking_controller
[rospy.internal][INFO] 2026-08-29 23:59:31,157: topic[/mission_status] removing connection to /yolo_detector
[rospy.internal][INFO] 2026-08-29 23:59:31,158: topic[/mission_manager/node_health] removing connection to /health_checker
[rospy.internal][INFO] 2026-08-29 23:59:31,159: topic[/tracked_targets] removing connection to http://localhost:46577/
[rospy.internal][INFO] 2026-08-29 23:59:31,159: topic[/tracked_targets] removing connection to http://localhost:46577/
[rospy.impl.masterslave][INFO] 2026-08-29 23:59:31,162: signal-2
[rospy.core][INFO] 2026-08-29 23:59:31,767: signal_shutdown [atexit]
