[roslaunch][INFO] 2026-08-29 23:54:44,415: Checking log directory for disk usage. This may take a while.
Press Ctrl-C to interrupt
[roslaunch][INFO] 2026-08-29 23:54:44,450: Done checking log file disk usage. Usage is <1GB.
[roslaunch][INFO] 2026-08-29 23:54:44,451: roslaunch starting with args ['/opt/ros/noetic/bin/roslaunch', 'drone_control', 'kamikaze.launch', 'mode:=production']
[roslaunch][INFO] 2026-08-29 23:54:44,451: roslaunch env is environ({'ROS_VERSION': '1', 'PYTHONUNBUFFERED': '1', 'PKG_CONFIG_PATH': '/root/catkin_ws/devel/lib/pkgconfig:/opt/ros/noetic/lib/pkgconfig', 'ROS_PYTHON_VERSION': '3', 'HOSTNAME': 'kamikaze', 'ROS_PACKAGE_PATH': '/root/catkin_ws/src:/opt/ros/noetic/share', 'ROSLISP_PACKAGE_DIRECTORIES': '/root/catkin_ws/devel/share/common-lisp', 'PWD': '/root/catkin_ws', 'ENABLE_SIMULATION': 'false', 'ROS_IP': '127.0.0.1', 'HOME': '/root', 'LANG': 'C.UTF-8', 'ROS_ETC_DIR': '/opt/ros/noetic/etc/ros', 'CMAKE_PREFIX_PATH': '/root/catkin_ws/devel:/opt/ros/noetic', 'PYTHONPATH': '/root/catkin_ws/devel/lib/python3/dist-packages:/root/catkin_ws/devel/lib/python3/dist-packages:/opt/ros/noetic/lib/python3/dist-packages', 'DISPLAY': ':0', 'SHLVL': '0', 'ROS_MASTER_URI': 'http://localhost:11311', 'ROS_HOSTNAME': 'localhost', 'LD_LIBRARY_PATH': '/root/catkin_ws/devel/lib:/opt/ros/noetic/lib', 'ENABLE_PERFORMANCE_MONITORING': 'true', 'LC_ALL': 'C.UTF-8', 'PATH': '/opt/ros/noetic/bin:/usr/local/sbin:/usr/local/bin:/usr/sbin:/usr/bin:/sbin:/bin', 'DEBIAN_FRONTEND': 'noninteractive', 'ROS_ROOT': '/opt/ros/noetic/share/ros', 'ROS_DISTRO': 'noetic', 'QT_X11_NO_MITSHM': '1', 'ENABLE_GUI': 'false', 'ROS_LOG_FILENAME': '/root/.ros/log/02320d9a-a405-11f1-a013-1a78306416a9/roslaunch-kamikaze-1.log'})
[roslaunch][INFO] 2026-08-29 23:54:44,451: starting in server mode
[roslaunch.parent][INFO] 2026-08-29 23:54:44,451: starting roslaunch parent run
[roslaunch][INFO] 2026-08-29 23:54:44,452: loading roscore config file /opt/ros/noetic/etc/ros/roscore.xml
[roslaunch][INFO] 2026-08-29 23:54:44,938: Added core node of type [rosout/rosout] in namespace [/]
[roslaunch.config][INFO] 2026-08-29 23:54:44,938: loading config file /root/catkin_ws/src/drone_control/launch/kamikaze.launch
[roslaunch][INFO] 2026-08-29 23:54:45,020: Added node of type [drone_control/parameter_validator.py] in namespace [/]
[roslaunch][INFO] 2026-08-29 23:54:45,020: Added node of type [drone_control/command_interpreter.py] in namespace [/]
[roslaunch][INFO] 2026-08-29 23:54:45,021: Added node of type [drone_control/mission_manager.py] in namespace [/]
[roslaunch][INFO] 2026-08-29 23:54:45,022: Added node of type [drone_control/camera_calibration.py] in namespace [/]
[roslaunch][INFO] 2026-08-29 23:54:45,022: Added node of type [drone_control/yolo_detector.py] in namespace [/]
[roslaunch][INFO] 2026-08-29 23:54:45,023: Added node of type [drone_control/sensor_fusion.py] in namespace [/]
[roslaunch][INFO] 2026-08-29 23:54:45,023: Added node of type [drone_control/target_tracking_controller.py] in namespace [/]
[roslaunch][INFO] 2026-08-29 23:54:45,023: Added node of type [drone_control/vehicle_state_monitor.py] in namespace [/]
[roslaunch][INFO] 2026-08-29 23:54:45,024: Added node of type [drone_control/safety_monitor.py] in namespace [/]
[roslaunch][INFO] 2026-08-29 23:54:45,025: Added node of type [drone_control/system_health_monitor.py] in namespace [/]
[roslaunch][INFO] 2026-08-29 23:54:45,026: Added node of type [drone_control/health_checker.py] in namespace [/]
[roslaunch][INFO] 2026-08-29 23:54:45,026: ... selected machine [] for node of type [drone_control/parameter_validator.py]
[roslaunch][INFO] 2026-08-29 23:54:45,026: ... selected machine [] for node of type [drone_control/command_interpreter.py]
[roslaunch][INFO] 2026-08-29 23:54:45,026: ... selected machine [] for node of type [drone_control/mission_manager.py]
[roslaunch][INFO] 2026-08-29 23:54:45,026: ... selected machine [] for node of type [drone_control/camera_calibration.py]
[roslaunch][INFO] 2026-08-29 23:54:45,026: ... selected machine [] for node of type [drone_control/yolo_detector.py]
[roslaunch][INFO] 2026-08-29 23:54:45,026: ... selected machine [] for node of type [drone_control/sensor_fusion.py]
[roslaunch][INFO] 2026-08-29 23:54:45,027: ... selected machine [] for node of type [drone_control/target_tracking_controller.py]
[roslaunch][INFO] 2026-08-29 23:54:45,027: ... selected machine [] for node of type [drone_control/vehicle_state_monitor.py]
[roslaunch][INFO] 2026-08-29 23:54:45,027: ... selected machine [] for node of type [drone_control/safety_monitor.py]
[roslaunch][INFO] 2026-08-29 23:54:45,027: ... selected machine [] for node of type [drone_control/system_health_monitor.py]
[roslaunch][INFO] 2026-08-29 23:54:45,027: ... selected machine [] for node of type [drone_control/health_checker.py]
[roslaunch.pmon][INFO] 2026-08-29 23:54:45,031: start_process_monitor: creating ProcessMonitor
[roslaunch.pmon][INFO] 2026-08-29 23:54:45,031: created process monitor <ProcessMonitor(ProcessMonitor-1, initial daemon)>
[roslaunch.pmon][INFO] 2026-08-29 23:54:45,033: start_process_monitor: ProcessMonitor started
[roslaunch.parent][INFO] 2026-08-29 23:54:45,033: starting parent XML-RPC server
[roslaunch.server][INFO] 2026-08-29 23:54:45,034: starting roslaunch XML-RPC server
[roslaunch.server][INFO] 2026-08-29 23:54:45,034: waiting for roslaunch XML-RPC server to initialize
[xmlrpc][INFO] 2026-08-29 23:54:45,034: XML-RPC server binding to 127.0.0.1:0
[xmlrpc][INFO] 2026-08-29 23:54:45,035: Started XML-RPC server [http://localhost:33067/]
[xmlrpc][INFO] 2026-08-29 23:54:45,035: xml rpc node: starting XML-RPC server
[roslaunch][INFO] 2026-08-29 23:54:45,053: started roslaunch server http://localhost:33067/
[roslaunch.parent][INFO] 2026-08-29 23:54:45,054: ... parent XML-RPC server started
[roslaunch][INFO] 2026-08-29 23:54:45,056: master.is_running[http://localhost:11311]
[roslaunch][INFO] 2026-08-29 23:54:45,059: auto-starting new master
[roslaunch][INFO] 2026-08-29 23:54:45,060: create_master_process: rosmaster, /opt/ros/noetic/share/ros, 11311, 3, None, False
[roslaunch][INFO] 2026-08-29 23:54:45,060: process[master]: launching with args [['rosmaster', '--core', '-p', '11311', '-w', '3']]
[roslaunch.pmon][INFO] 2026-08-29 23:54:45,060: ProcessMonitor.register[master]
[roslaunch.pmon][INFO] 2026-08-29 23:54:45,060: ProcessMonitor.register[master] complete
[roslaunch][INFO] 2026-08-29 23:54:45,060: process[master]: starting os process
[roslaunch][INFO] 2026-08-29 23:54:45,060: process[master]: start w/ args [['rosmaster', '--core', '-p', '11311', '-w', '3', '__log:=/root/.ros/log/02320d9a-a405-11f1-a013-1a78306416a9/master.log']]
[roslaunch][INFO] 2026-08-29 23:54:45,061: process[master]: cwd will be [/root/.ros]
[roslaunch][INFO] 2026-08-29 23:54:45,066: process[master]: started with pid [83]
[roslaunch][INFO] 2026-08-29 23:54:45,067: master.is_running[http://localhost:11311]
[roslaunch][INFO] 2026-08-29 23:54:45,169: master.is_running[http://localhost:11311]
[roslaunch][INFO] 2026-08-29 23:54:45,275: master.is_running[http://localhost:11311]
[roslaunch][INFO] 2026-08-29 23:54:45,377: master.is_running[http://localhost:11311]
[roslaunch][INFO] 2026-08-29 23:54:45,479: master.is_running[http://localhost:11311]
[roslaunch][INFO] 2026-08-29 23:54:45,657: master.is_running[http://localhost:11311]
[roslaunch][INFO] 2026-08-29 23:54:45,794: master.is_running[http://localhost:11311]
[roslaunch][INFO] 2026-08-29 23:54:45,898: master.is_running[http://localhost:11311]
[roslaunch][INFO] 2026-08-29 23:54:46,001: master.is_running[http://localhost:11311]
[roslaunch][INFO] 2026-08-29 23:54:46,109: master.is_running[http://localhost:11311]
[roslaunch][INFO] 2026-08-29 23:54:46,118: master.is_running[http://localhost:11311]
[roslaunch][INFO] 2026-08-29 23:54:46,120: ROS_MASTER_URI=http://localhost:11311
[roslaunch][INFO] 2026-08-29 23:54:46,122: setting /run_id to 02320d9a-a405-11f1-a013-1a78306416a9
[roslaunch][INFO] 2026-08-29 23:54:46,124: setting /roslaunch/uris/host_localhost__33067' to http://localhost:33067/
[roslaunch][INFO] 2026-08-29 23:54:46,127: ... preparing to launch node of type [rosout/rosout]
[roslaunch][INFO] 2026-08-29 23:54:46,127: create_node_process: package[rosout] type[rosout] machine[Machine(name[] env_loader[None] address[localhost] ssh_port[22] user[None] assignable[True] timeout[10.0])] master_uri[http://localhost:11311]
[roslaunch][INFO] 2026-08-29 23:54:46,127: process[rosout-1]: env[{'ROS_VERSION': '1', 'PYTHONUNBUFFERED': '1', 'PKG_CONFIG_PATH': '/root/catkin_ws/devel/lib/pkgconfig:/opt/ros/noetic/lib/pkgconfig', 'ROS_PYTHON_VERSION': '3', 'HOSTNAME': 'kamikaze', 'ROS_PACKAGE_PATH': '/root/catkin_ws/src:/opt/ros/noetic/share', 'ROSLISP_PACKAGE_DIRECTORIES': '/root/catkin_ws/devel/share/common-lisp', 'PWD': '/root/catkin_ws', 'ENABLE_SIMULATION': 'false', 'ROS_IP': '127.0.0.1', 'HOME': '/root', 'LANG': 'C.UTF-8', 'ROS_ETC_DIR': '/opt/ros/noetic/etc/ros', 'CMAKE_PREFIX_PATH': '/root/catkin_ws/devel:/opt/ros/noetic', 'PYTHONPATH': '/root/catkin_ws/devel/lib/python3/dist-packages:/root/catkin_ws/devel/lib/python3/dist-packages:/opt/ros/noetic/lib/python3/dist-packages', 'DISPLAY': ':0', 'SHLVL': '0', 'ROS_MASTER_URI': 'http://localhost:11311', 'ROS_HOSTNAME': 'localhost', 'LD_LIBRARY_PATH': '/root/catkin_ws/devel/lib:/opt/ros/noetic/lib', 'ENABLE_PERFORMANCE_MONITORING': 'true', 'LC_ALL': 'C.UTF-8', 'PATH': '/opt/ros/noetic/bin:/usr/local/sbin:/usr/local/bin:/usr/sbin:/usr/bin:/sbin:/bin', 'DEBIAN_FRONTEND': 'noninteractive', 'ROS_ROOT': '/opt/ros/noetic/share/ros', 'ROS_DISTRO': 'noetic', 'QT_X11_NO_MITSHM': '1', 'ENABLE_GUI': 'false', 'ROS_LOG_FILENAME': '/root/.ros/log/02320d9a-a405-11f1-a013-1a78306416a9/roslaunch-kamikaze-1.log'}]
[roslaunch][INFO] 2026-08-29 23:54:46,144: process[rosout-1]: args[['/opt/ros/noetic/lib/rosout/rosout', '__name:=rosout']]
[roslaunch][INFO] 2026-08-29 23:54:46,145: ... created process [rosout-1]
[roslaunch.pmon][INFO] 2026-08-29 23:54:46,145: ProcessMonitor.register[rosout-1]
[roslaunch.pmon][INFO] 2026-08-29 23:54:46,145: ProcessMonitor.register[rosout-1] complete
[roslaunch][INFO] 2026-08-29 23:54:46,145: ... registered process [rosout-1]
[roslaunch][INFO] 2026-08-29 23:54:46,145: process[rosout-1]: starting os process
[roslaunch][INFO] 2026-08-29 23:54:46,146: process[rosout-1]: start w/ args [['/opt/ros/noetic/lib/rosout/rosout', '__name:=rosout', '__log:=/root/.ros/log/02320d9a-a405-11f1-a013-1a78306416a9/rosout-1.log']]
[roslaunch][INFO] 2026-08-29 23:54:46,146: process[rosout-1]: cwd will be [/root/.ros]
[roslaunch][INFO] 2026-08-29 23:54:46,151: process[rosout-1]: started with pid [100]
[roslaunch][INFO] 2026-08-29 23:54:46,152: ... successfully launched [rosout-1]
[roslaunch][INFO] 2026-08-29 23:54:46,152: load_parameters starting ...
[roslaunch][INFO] 2026-08-29 23:54:46,320: ... load_parameters complete
[roslaunch][INFO] 2026-08-29 23:54:46,320: launch_nodes: launching local nodes ...
[roslaunch][INFO] 2026-08-29 23:54:46,322: ... preparing to launch node of type [drone_control/parameter_validator.py]
[roslaunch][INFO] 2026-08-29 23:54:46,322: create_node_process: package[drone_control] type[parameter_validator.py] machine[Machine(name[] env_loader[None] address[localhost] ssh_port[22] user[None] assignable[True] timeout[10.0])] master_uri[http://localhost:11311]
[roslaunch][INFO] 2026-08-29 23:54:46,322: process[parameter_validator-2]: env[{'ROS_VERSION': '1', 'PYTHONUNBUFFERED': '1', 'PKG_CONFIG_PATH': '/root/catkin_ws/devel/lib/pkgconfig:/opt/ros/noetic/lib/pkgconfig', 'ROS_PYTHON_VERSION': '3', 'HOSTNAME': 'kamikaze', 'ROS_PACKAGE_PATH': '/root/catkin_ws/src:/opt/ros/noetic/share', 'ROSLISP_PACKAGE_DIRECTORIES': '/root/catkin_ws/devel/share/common-lisp', 'PWD': '/root/catkin_ws', 'ENABLE_SIMULATION': 'false', 'ROS_IP': '127.0.0.1', 'HOME': '/root', 'LANG': 'C.UTF-8', 'ROS_ETC_DIR': '/opt/ros/noetic/etc/ros', 'CMAKE_PREFIX_PATH': '/root/catkin_ws/devel:/opt/ros/noetic', 'PYTHONPATH': '/root/catkin_ws/devel/lib/python3/dist-packages:/root/catkin_ws/devel/lib/python3/dist-packages:/opt/ros/noetic/lib/python3/dist-packages', 'DISPLAY': ':0', 'SHLVL': '0', 'ROS_MASTER_URI': 'http://localhost:11311', 'ROS_HOSTNAME': 'localhost', 'LD_LIBRARY_PATH': '/root/catkin_ws/devel/lib:/opt/ros/noetic/lib', 'ENABLE_PERFORMANCE_MONITORING': 'true', 'LC_ALL': 'C.UTF-8', 'PATH': '/opt/ros/noetic/bin:/usr/local/sbin:/usr/local/bin:/usr/sbin:/usr/bin:/sbin:/bin', 'DEBIAN_FRONTEND': 'noninteractive', 'ROS_ROOT': '/opt/ros/noetic/share/ros', 'ROS_DISTRO': 'noetic', 'QT_X11_NO_MITSHM': '1', 'ENABLE_GUI': 'false', 'ROS_LOG_FILENAME': '/root/.ros/log/02320d9a-a405-11f1-a013-1a78306416a9/roslaunch-kamikaze-1.log'}]
[roslaunch][INFO] 2026-08-29 23:54:46,326: process[parameter_validator-2]: args[['/root/catkin_ws/devel/lib/drone_control/parameter_validator.py', '__name:=parameter_validator']]
[roslaunch][INFO] 2026-08-29 23:54:46,326: ... created process [parameter_validator-2]
[roslaunch.pmon][INFO] 2026-08-29 23:54:46,326: ProcessMonitor.register[parameter_validator-2]
[roslaunch.pmon][INFO] 2026-08-29 23:54:46,327: ProcessMonitor.register[parameter_validator-2] complete
[roslaunch][INFO] 2026-08-29 23:54:46,327: ... registered process [parameter_validator-2]
[roslaunch][INFO] 2026-08-29 23:54:46,327: process[parameter_validator-2]: starting os process
[roslaunch][INFO] 2026-08-29 23:54:46,327: process[parameter_validator-2]: start w/ args [['/root/catkin_ws/devel/lib/drone_control/parameter_validator.py', '__name:=parameter_validator', '__log:=/root/.ros/log/02320d9a-a405-11f1-a013-1a78306416a9/parameter_validator-2.log']]
[roslaunch][INFO] 2026-08-29 23:54:46,328: process[parameter_validator-2]: cwd will be [/root/.ros]
[roslaunch][INFO] 2026-08-29 23:54:46,334: process[parameter_validator-2]: started with pid [105]
[roslaunch][INFO] 2026-08-29 23:54:46,335: ... successfully launched [parameter_validator-2]
[roslaunch][INFO] 2026-08-29 23:54:46,335: ... preparing to launch node of type [drone_control/command_interpreter.py]
[roslaunch][INFO] 2026-08-29 23:54:46,335: create_node_process: package[drone_control] type[command_interpreter.py] machine[Machine(name[] env_loader[None] address[localhost] ssh_port[22] user[None] assignable[True] timeout[10.0])] master_uri[http://localhost:11311]
[roslaunch][INFO] 2026-08-29 23:54:46,336: process[command_interpreter-3]: env[{'ROS_VERSION': '1', 'PYTHONUNBUFFERED': '1', 'PKG_CONFIG_PATH': '/root/catkin_ws/devel/lib/pkgconfig:/opt/ros/noetic/lib/pkgconfig', 'ROS_PYTHON_VERSION': '3', 'HOSTNAME': 'kamikaze', 'ROS_PACKAGE_PATH': '/root/catkin_ws/src:/opt/ros/noetic/share', 'ROSLISP_PACKAGE_DIRECTORIES': '/root/catkin_ws/devel/share/common-lisp', 'PWD': '/root/catkin_ws', 'ENABLE_SIMULATION': 'false', 'ROS_IP': '127.0.0.1', 'HOME': '/root', 'LANG': 'C.UTF-8', 'ROS_ETC_DIR': '/opt/ros/noetic/etc/ros', 'CMAKE_PREFIX_PATH': '/root/catkin_ws/devel:/opt/ros/noetic', 'PYTHONPATH': '/root/catkin_ws/devel/lib/python3/dist-packages:/root/catkin_ws/devel/lib/python3/dist-packages:/opt/ros/noetic/lib/python3/dist-packages', 'DISPLAY': ':0', 'SHLVL': '0', 'ROS_MASTER_URI': 'http://localhost:11311', 'ROS_HOSTNAME': 'localhost', 'LD_LIBRARY_PATH': '/root/catkin_ws/devel/lib:/opt/ros/noetic/lib', 'ENABLE_PERFORMANCE_MONITORING': 'true', 'LC_ALL': 'C.UTF-8', 'PATH': '/opt/ros/noetic/bin:/usr/local/sbin:/usr/local/bin:/usr/sbin:/usr/bin:/sbin:/bin', 'DEBIAN_FRONTEND': 'noninteractive', 'ROS_ROOT': '/opt/ros/noetic/share/ros', 'ROS_DISTRO': 'noetic', 'QT_X11_NO_MITSHM': '1', 'ENABLE_GUI': 'false', 'ROS_LOG_FILENAME': '/root/.ros/log/02320d9a-a405-11f1-a013-1a78306416a9/roslaunch-kamikaze-1.log'}]
[roslaunch][INFO] 2026-08-29 23:54:46,338: process[command_interpreter-3]: args[['/root/catkin_ws/devel/lib/drone_control/command_interpreter.py', '__name:=command_interpreter']]
[roslaunch][INFO] 2026-08-29 23:54:46,338: ... created process [command_interpreter-3]
[roslaunch.pmon][INFO] 2026-08-29 23:54:46,339: ProcessMonitor.register[command_interpreter-3]
[roslaunch.pmon][INFO] 2026-08-29 23:54:46,339: ProcessMonitor.register[command_interpreter-3] complete
[roslaunch][INFO] 2026-08-29 23:54:46,339: ... registered process [command_interpreter-3]
[roslaunch][INFO] 2026-08-29 23:54:46,339: process[command_interpreter-3]: starting os process
[roslaunch][INFO] 2026-08-29 23:54:46,339: process[command_interpreter-3]: start w/ args [['/root/catkin_ws/devel/lib/drone_control/command_interpreter.py', '__name:=command_interpreter', '__log:=/root/.ros/log/02320d9a-a405-11f1-a013-1a78306416a9/command_interpreter-3.log']]
[roslaunch][INFO] 2026-08-29 23:54:46,339: process[command_interpreter-3]: cwd will be [/root/.ros]
[roslaunch][INFO] 2026-08-29 23:54:46,346: process[command_interpreter-3]: started with pid [107]
[roslaunch][INFO] 2026-08-29 23:54:46,347: ... successfully launched [command_interpreter-3]
[roslaunch][INFO] 2026-08-29 23:54:46,347: ... preparing to launch node of type [drone_control/mission_manager.py]
[roslaunch][INFO] 2026-08-29 23:54:46,347: create_node_process: package[drone_control] type[mission_manager.py] machine[Machine(name[] env_loader[None] address[localhost] ssh_port[22] user[None] assignable[True] timeout[10.0])] master_uri[http://localhost:11311]
[roslaunch][INFO] 2026-08-29 23:54:46,348: process[mission_manager-4]: env[{'ROS_VERSION': '1', 'PYTHONUNBUFFERED': '1', 'PKG_CONFIG_PATH': '/root/catkin_ws/devel/lib/pkgconfig:/opt/ros/noetic/lib/pkgconfig', 'ROS_PYTHON_VERSION': '3', 'HOSTNAME': 'kamikaze', 'ROS_PACKAGE_PATH': '/root/catkin_ws/src:/opt/ros/noetic/share', 'ROSLISP_PACKAGE_DIRECTORIES': '/root/catkin_ws/devel/share/common-lisp', 'PWD': '/root/catkin_ws', 'ENABLE_SIMULATION': 'false', 'ROS_IP': '127.0.0.1', 'HOME': '/root', 'LANG': 'C.UTF-8', 'ROS_ETC_DIR': '/opt/ros/noetic/etc/ros', 'CMAKE_PREFIX_PATH': '/root/catkin_ws/devel:/opt/ros/noetic', 'PYTHONPATH': '/root/catkin_ws/devel/lib/python3/dist-packages:/root/catkin_ws/devel/lib/python3/dist-packages:/opt/ros/noetic/lib/python3/dist-packages', 'DISPLAY': ':0', 'SHLVL': '0', 'ROS_MASTER_URI': 'http://localhost:11311', 'ROS_HOSTNAME': 'localhost', 'LD_LIBRARY_PATH': '/root/catkin_ws/devel/lib:/opt/ros/noetic/lib', 'ENABLE_PERFORMANCE_MONITORING': 'true', 'LC_ALL': 'C.UTF-8', 'PATH': '/opt/ros/noetic/bin:/usr/local/sbin:/usr/local/bin:/usr/sbin:/usr/bin:/sbin:/bin', 'DEBIAN_FRONTEND': 'noninteractive', 'ROS_ROOT': '/opt/ros/noetic/share/ros', 'ROS_DISTRO': 'noetic', 'QT_X11_NO_MITSHM': '1', 'ENABLE_GUI': 'false', 'ROS_LOG_FILENAME': '/root/.ros/log/02320d9a-a405-11f1-a013-1a78306416a9/roslaunch-kamikaze-1.log'}]
[roslaunch][INFO] 2026-08-29 23:54:46,350: process[mission_manager-4]: args[['/root/catkin_ws/devel/lib/drone_control/mission_manager.py', '__name:=mission_manager']]
[roslaunch][INFO] 2026-08-29 23:54:46,350: ... created process [mission_manager-4]
[roslaunch.pmon][INFO] 2026-08-29 23:54:46,351: ProcessMonitor.register[mission_manager-4]
[roslaunch.pmon][INFO] 2026-08-29 23:54:46,351: ProcessMonitor.register[mission_manager-4] complete
[roslaunch][INFO] 2026-08-29 23:54:46,351: ... registered process [mission_manager-4]
[roslaunch][INFO] 2026-08-29 23:54:46,351: process[mission_manager-4]: starting os process
[roslaunch][INFO] 2026-08-29 23:54:46,351: process[mission_manager-4]: start w/ args [['/root/catkin_ws/devel/lib/drone_control/mission_manager.py', '__name:=mission_manager', '__log:=/root/.ros/log/02320d9a-a405-11f1-a013-1a78306416a9/mission_manager-4.log']]
[roslaunch][INFO] 2026-08-29 23:54:46,351: process[mission_manager-4]: cwd will be [/root/.ros]
[roslaunch][INFO] 2026-08-29 23:54:46,358: process[mission_manager-4]: started with pid [109]
[roslaunch][INFO] 2026-08-29 23:54:46,359: ... successfully launched [mission_manager-4]
[roslaunch][INFO] 2026-08-29 23:54:46,359: ... preparing to launch node of type [drone_control/camera_calibration.py]
[roslaunch][INFO] 2026-08-29 23:54:46,360: create_node_process: package[drone_control] type[camera_calibration.py] machine[Machine(name[] env_loader[None] address[localhost] ssh_port[22] user[None] assignable[True] timeout[10.0])] master_uri[http://localhost:11311]
[roslaunch][INFO] 2026-08-29 23:54:46,360: process[camera_calibration-5]: env[{'ROS_VERSION': '1', 'PYTHONUNBUFFERED': '1', 'PKG_CONFIG_PATH': '/root/catkin_ws/devel/lib/pkgconfig:/opt/ros/noetic/lib/pkgconfig', 'ROS_PYTHON_VERSION': '3', 'HOSTNAME': 'kamikaze', 'ROS_PACKAGE_PATH': '/root/catkin_ws/src:/opt/ros/noetic/share', 'ROSLISP_PACKAGE_DIRECTORIES': '/root/catkin_ws/devel/share/common-lisp', 'PWD': '/root/catkin_ws', 'ENABLE_SIMULATION': 'false', 'ROS_IP': '127.0.0.1', 'HOME': '/root', 'LANG': 'C.UTF-8', 'ROS_ETC_DIR': '/opt/ros/noetic/etc/ros', 'CMAKE_PREFIX_PATH': '/root/catkin_ws/devel:/opt/ros/noetic', 'PYTHONPATH': '/root/catkin_ws/devel/lib/python3/dist-packages:/root/catkin_ws/devel/lib/python3/dist-packages:/opt/ros/noetic/lib/python3/dist-packages', 'DISPLAY': ':0', 'SHLVL': '0', 'ROS_MASTER_URI': 'http://localhost:11311', 'ROS_HOSTNAME': 'localhost', 'LD_LIBRARY_PATH': '/root/catkin_ws/devel/lib:/opt/ros/noetic/lib', 'ENABLE_PERFORMANCE_MONITORING': 'true', 'LC_ALL': 'C.UTF-8', 'PATH': '/opt/ros/noetic/bin:/usr/local/sbin:/usr/local/bin:/usr/sbin:/usr/bin:/sbin:/bin', 'DEBIAN_FRONTEND': 'noninteractive', 'ROS_ROOT': '/opt/ros/noetic/share/ros', 'ROS_DISTRO': 'noetic', 'QT_X11_NO_MITSHM': '1', 'ENABLE_GUI': 'false', 'ROS_LOG_FILENAME': '/root/.ros/log/02320d9a-a405-11f1-a013-1a78306416a9/roslaunch-kamikaze-1.log'}]
[roslaunch][INFO] 2026-08-29 23:54:46,363: process[camera_calibration-5]: args[['/root/catkin_ws/devel/lib/drone_control/camera_calibration.py', '__name:=camera_calibration']]
[roslaunch][INFO] 2026-08-29 23:54:46,363: ... created process [camera_calibration-5]
[roslaunch.pmon][INFO] 2026-08-29 23:54:46,363: ProcessMonitor.register[camera_calibration-5]
[roslaunch.pmon][INFO] 2026-08-29 23:54:46,363: ProcessMonitor.register[camera_calibration-5] complete
[roslaunch][INFO] 2026-08-29 23:54:46,364: ... registered process [camera_calibration-5]
[roslaunch][INFO] 2026-08-29 23:54:46,364: process[camera_calibration-5]: starting os process
[roslaunch][INFO] 2026-08-29 23:54:46,364: process[camera_calibration-5]: start w/ args [['/root/catkin_ws/devel/lib/drone_control/camera_calibration.py', '__name:=camera_calibration', '__log:=/root/.ros/log/02320d9a-a405-11f1-a013-1a78306416a9/camera_calibration-5.log']]
[roslaunch][INFO] 2026-08-29 23:54:46,364: process[camera_calibration-5]: cwd will be [/root/.ros]
[roslaunch][INFO] 2026-08-29 23:54:46,371: process[camera_calibration-5]: started with pid [110]
[roslaunch][INFO] 2026-08-29 23:54:46,372: ... successfully launched [camera_calibration-5]
[roslaunch][INFO] 2026-08-29 23:54:46,372: ... preparing to launch node of type [drone_control/yolo_detector.py]
[roslaunch][INFO] 2026-08-29 23:54:46,373: create_node_process: package[drone_control] type[yolo_detector.py] machine[Machine(name[] env_loader[None] address[localhost] ssh_port[22] user[None] assignable[True] timeout[10.0])] master_uri[http://localhost:11311]
[roslaunch][INFO] 2026-08-29 23:54:46,373: process[yolo_detector-6]: env[{'ROS_VERSION': '1', 'PYTHONUNBUFFERED': '1', 'PKG_CONFIG_PATH': '/root/catkin_ws/devel/lib/pkgconfig:/opt/ros/noetic/lib/pkgconfig', 'ROS_PYTHON_VERSION': '3', 'HOSTNAME': 'kamikaze', 'ROS_PACKAGE_PATH': '/root/catkin_ws/src:/opt/ros/noetic/share', 'ROSLISP_PACKAGE_DIRECTORIES': '/root/catkin_ws/devel/share/common-lisp', 'PWD': '/root/catkin_ws', 'ENABLE_SIMULATION': 'false', 'ROS_IP': '127.0.0.1', 'HOME': '/root', 'LANG': 'C.UTF-8', 'ROS_ETC_DIR': '/opt/ros/noetic/etc/ros', 'CMAKE_PREFIX_PATH': '/root/catkin_ws/devel:/opt/ros/noetic', 'PYTHONPATH': '/root/catkin_ws/devel/lib/python3/dist-packages:/root/catkin_ws/devel/lib/python3/dist-packages:/opt/ros/noetic/lib/python3/dist-packages', 'DISPLAY': ':0', 'SHLVL': '0', 'ROS_MASTER_URI': 'http://localhost:11311', 'ROS_HOSTNAME': 'localhost', 'LD_LIBRARY_PATH': '/root/catkin_ws/devel/lib:/opt/ros/noetic/lib', 'ENABLE_PERFORMANCE_MONITORING': 'true', 'LC_ALL': 'C.UTF-8', 'PATH': '/opt/ros/noetic/bin:/usr/local/sbin:/usr/local/bin:/usr/sbin:/usr/bin:/sbin:/bin', 'DEBIAN_FRONTEND': 'noninteractive', 'ROS_ROOT': '/opt/ros/noetic/share/ros', 'ROS_DISTRO': 'noetic', 'QT_X11_NO_MITSHM': '1', 'ENABLE_GUI': 'false', 'ROS_LOG_FILENAME': '/root/.ros/log/02320d9a-a405-11f1-a013-1a78306416a9/roslaunch-kamikaze-1.log'}]
[roslaunch][INFO] 2026-08-29 23:54:46,376: process[yolo_detector-6]: args[['/root/catkin_ws/devel/lib/drone_control/yolo_detector.py', '__name:=yolo_detector']]
[roslaunch][INFO] 2026-08-29 23:54:46,376: ... created process [yolo_detector-6]
[roslaunch.pmon][INFO] 2026-08-29 23:54:46,376: ProcessMonitor.register[yolo_detector-6]
[roslaunch.pmon][INFO] 2026-08-29 23:54:46,376: ProcessMonitor.register[yolo_detector-6] complete
[roslaunch][INFO] 2026-08-29 23:54:46,376: ... registered process [yolo_detector-6]
[roslaunch][INFO] 2026-08-29 23:54:46,376: process[yolo_detector-6]: starting os process
[roslaunch][INFO] 2026-08-29 23:54:46,377: process[yolo_detector-6]: start w/ args [['/root/catkin_ws/devel/lib/drone_control/yolo_detector.py', '__name:=yolo_detector', '__log:=/root/.ros/log/02320d9a-a405-11f1-a013-1a78306416a9/yolo_detector-6.log']]
[roslaunch][INFO] 2026-08-29 23:54:46,377: process[yolo_detector-6]: cwd will be [/root/.ros]
[roslaunch][INFO] 2026-08-29 23:54:46,384: process[yolo_detector-6]: started with pid [111]
[roslaunch][INFO] 2026-08-29 23:54:46,385: ... successfully launched [yolo_detector-6]
[roslaunch][INFO] 2026-08-29 23:54:46,385: ... preparing to launch node of type [drone_control/sensor_fusion.py]
[roslaunch][INFO] 2026-08-29 23:54:46,385: create_node_process: package[drone_control] type[sensor_fusion.py] machine[Machine(name[] env_loader[None] address[localhost] ssh_port[22] user[None] assignable[True] timeout[10.0])] master_uri[http://localhost:11311]
[roslaunch][INFO] 2026-08-29 23:54:46,386: process[sensor_fusion-7]: env[{'ROS_VERSION': '1', 'PYTHONUNBUFFERED': '1', 'PKG_CONFIG_PATH': '/root/catkin_ws/devel/lib/pkgconfig:/opt/ros/noetic/lib/pkgconfig', 'ROS_PYTHON_VERSION': '3', 'HOSTNAME': 'kamikaze', 'ROS_PACKAGE_PATH': '/root/catkin_ws/src:/opt/ros/noetic/share', 'ROSLISP_PACKAGE_DIRECTORIES': '/root/catkin_ws/devel/share/common-lisp', 'PWD': '/root/catkin_ws', 'ENABLE_SIMULATION': 'false', 'ROS_IP': '127.0.0.1', 'HOME': '/root', 'LANG': 'C.UTF-8', 'ROS_ETC_DIR': '/opt/ros/noetic/etc/ros', 'CMAKE_PREFIX_PATH': '/root/catkin_ws/devel:/opt/ros/noetic', 'PYTHONPATH': '/root/catkin_ws/devel/lib/python3/dist-packages:/root/catkin_ws/devel/lib/python3/dist-packages:/opt/ros/noetic/lib/python3/dist-packages', 'DISPLAY': ':0', 'SHLVL': '0', 'ROS_MASTER_URI': 'http://localhost:11311', 'ROS_HOSTNAME': 'localhost', 'LD_LIBRARY_PATH': '/root/catkin_ws/devel/lib:/opt/ros/noetic/lib', 'ENABLE_PERFORMANCE_MONITORING': 'true', 'LC_ALL': 'C.UTF-8', 'PATH': '/opt/ros/noetic/bin:/usr/local/sbin:/usr/local/bin:/usr/sbin:/usr/bin:/sbin:/bin', 'DEBIAN_FRONTEND': 'noninteractive', 'ROS_ROOT': '/opt/ros/noetic/share/ros', 'ROS_DISTRO': 'noetic', 'QT_X11_NO_MITSHM': '1', 'ENABLE_GUI': 'false', 'ROS_LOG_FILENAME': '/root/.ros/log/02320d9a-a405-11f1-a013-1a78306416a9/roslaunch-kamikaze-1.log'}]
[roslaunch][INFO] 2026-08-29 23:54:46,389: process[sensor_fusion-7]: args[['/root/catkin_ws/devel/lib/drone_control/sensor_fusion.py', '__name:=sensor_fusion']]
[roslaunch][INFO] 2026-08-29 23:54:46,389: ... created process [sensor_fusion-7]
[roslaunch.pmon][INFO] 2026-08-29 23:54:46,389: ProcessMonitor.register[sensor_fusion-7]
[roslaunch.pmon][INFO] 2026-08-29 23:54:46,389: ProcessMonitor.register[sensor_fusion-7] complete
[roslaunch][INFO] 2026-08-29 23:54:46,389: ... registered process [sensor_fusion-7]
[roslaunch][INFO] 2026-08-29 23:54:46,389: process[sensor_fusion-7]: starting os process
[roslaunch][INFO] 2026-08-29 23:54:46,390: process[sensor_fusion-7]: start w/ args [['/root/catkin_ws/devel/lib/drone_control/sensor_fusion.py', '__name:=sensor_fusion', '__log:=/root/.ros/log/02320d9a-a405-11f1-a013-1a78306416a9/sensor_fusion-7.log']]
[roslaunch][INFO] 2026-08-29 23:54:46,390: process[sensor_fusion-7]: cwd will be [/root/.ros]
[roslaunch][INFO] 2026-08-29 23:54:46,396: process[sensor_fusion-7]: started with pid [112]
[roslaunch][INFO] 2026-08-29 23:54:46,397: ... successfully launched [sensor_fusion-7]
[roslaunch][INFO] 2026-08-29 23:54:46,397: ... preparing to launch node of type [drone_control/target_tracking_controller.py]
[roslaunch][INFO] 2026-08-29 23:54:46,398: create_node_process: package[drone_control] type[target_tracking_controller.py] machine[Machine(name[] env_loader[None] address[localhost] ssh_port[22] user[None] assignable[True] timeout[10.0])] master_uri[http://localhost:11311]
[roslaunch][INFO] 2026-08-29 23:54:46,398: process[target_tracking_controller-8]: env[{'ROS_VERSION': '1', 'PYTHONUNBUFFERED': '1', 'PKG_CONFIG_PATH': '/root/catkin_ws/devel/lib/pkgconfig:/opt/ros/noetic/lib/pkgconfig', 'ROS_PYTHON_VERSION': '3', 'HOSTNAME': 'kamikaze', 'ROS_PACKAGE_PATH': '/root/catkin_ws/src:/opt/ros/noetic/share', 'ROSLISP_PACKAGE_DIRECTORIES': '/root/catkin_ws/devel/share/common-lisp', 'PWD': '/root/catkin_ws', 'ENABLE_SIMULATION': 'false', 'ROS_IP': '127.0.0.1', 'HOME': '/root', 'LANG': 'C.UTF-8', 'ROS_ETC_DIR': '/opt/ros/noetic/etc/ros', 'CMAKE_PREFIX_PATH': '/root/catkin_ws/devel:/opt/ros/noetic', 'PYTHONPATH': '/root/catkin_ws/devel/lib/python3/dist-packages:/root/catkin_ws/devel/lib/python3/dist-packages:/opt/ros/noetic/lib/python3/dist-packages', 'DISPLAY': ':0', 'SHLVL': '0', 'ROS_MASTER_URI': 'http://localhost:11311', 'ROS_HOSTNAME': 'localhost', 'LD_LIBRARY_PATH': '/root/catkin_ws/devel/lib:/opt/ros/noetic/lib', 'ENABLE_PERFORMANCE_MONITORING': 'true', 'LC_ALL': 'C.UTF-8', 'PATH': '/opt/ros/noetic/bin:/usr/local/sbin:/usr/local/bin:/usr/sbin:/usr/bin:/sbin:/bin', 'DEBIAN_FRONTEND': 'noninteractive', 'ROS_ROOT': '/opt/ros/noetic/share/ros', 'ROS_DISTRO': 'noetic', 'QT_X11_NO_MITSHM': '1', 'ENABLE_GUI': 'false', 'ROS_LOG_FILENAME': '/root/.ros/log/02320d9a-a405-11f1-a013-1a78306416a9/roslaunch-kamikaze-1.log'}]
[roslaunch][INFO] 2026-08-29 23:54:46,401: process[target_tracking_controller-8]: args[['/root/catkin_ws/devel/lib/drone_control/target_tracking_controller.py', '__name:=target_tracking_controller']]
[roslaunch][INFO] 2026-08-29 23:54:46,402: ... created process [target_tracking_controller-8]
[roslaunch.pmon][INFO] 2026-08-29 23:54:46,402: ProcessMonitor.register[target_tracking_controller-8]
[roslaunch.pmon][INFO] 2026-08-29 23:54:46,402: ProcessMonitor.register[target_tracking_controller-8] complete
[roslaunch][INFO] 2026-08-29 23:54:46,402: ... registered process [target_tracking_controller-8]
[roslaunch][INFO] 2026-08-29 23:54:46,402: process[target_tracking_controller-8]: starting os process
[roslaunch][INFO] 2026-08-29 23:54:46,402: process[target_tracking_controller-8]: start w/ args [['/root/catkin_ws/devel/lib/drone_control/target_tracking_controller.py', '__name:=target_tracking_controller', '__log:=/root/.ros/log/02320d9a-a405-11f1-a013-1a78306416a9/target_tracking_controller-8.log']]
[roslaunch][INFO] 2026-08-29 23:54:46,403: process[target_tracking_controller-8]: cwd will be [/root/.ros]
[roslaunch][INFO] 2026-08-29 23:54:46,413: process[target_tracking_controller-8]: started with pid [113]
[roslaunch][INFO] 2026-08-29 23:54:46,413: ... successfully launched [target_tracking_controller-8]
[roslaunch][INFO] 2026-08-29 23:54:46,413: ... preparing to launch node of type [drone_control/vehicle_state_monitor.py]
[roslaunch][INFO] 2026-08-29 23:54:46,414: create_node_process: package[drone_control] type[vehicle_state_monitor.py] machine[Machine(name[] env_loader[None] address[localhost] ssh_port[22] user[None] assignable[True] timeout[10.0])] master_uri[http://localhost:11311]
[roslaunch][INFO] 2026-08-29 23:54:46,414: process[vehicle_state_monitor-9]: env[{'ROS_VERSION': '1', 'PYTHONUNBUFFERED': '1', 'PKG_CONFIG_PATH': '/root/catkin_ws/devel/lib/pkgconfig:/opt/ros/noetic/lib/pkgconfig', 'ROS_PYTHON_VERSION': '3', 'HOSTNAME': 'kamikaze', 'ROS_PACKAGE_PATH': '/root/catkin_ws/src:/opt/ros/noetic/share', 'ROSLISP_PACKAGE_DIRECTORIES': '/root/catkin_ws/devel/share/common-lisp', 'PWD': '/root/catkin_ws', 'ENABLE_SIMULATION': 'false', 'ROS_IP': '127.0.0.1', 'HOME': '/root', 'LANG': 'C.UTF-8', 'ROS_ETC_DIR': '/opt/ros/noetic/etc/ros', 'CMAKE_PREFIX_PATH': '/root/catkin_ws/devel:/opt/ros/noetic', 'PYTHONPATH': '/root/catkin_ws/devel/lib/python3/dist-packages:/root/catkin_ws/devel/lib/python3/dist-packages:/opt/ros/noetic/lib/python3/dist-packages', 'DISPLAY': ':0', 'SHLVL': '0', 'ROS_MASTER_URI': 'http://localhost:11311', 'ROS_HOSTNAME': 'localhost', 'LD_LIBRARY_PATH': '/root/catkin_ws/devel/lib:/opt/ros/noetic/lib', 'ENABLE_PERFORMANCE_MONITORING': 'true', 'LC_ALL': 'C.UTF-8', 'PATH': '/opt/ros/noetic/bin:/usr/local/sbin:/usr/local/bin:/usr/sbin:/usr/bin:/sbin:/bin', 'DEBIAN_FRONTEND': 'noninteractive', 'ROS_ROOT': '/opt/ros/noetic/share/ros', 'ROS_DISTRO': 'noetic', 'QT_X11_NO_MITSHM': '1', 'ENABLE_GUI': 'false', 'ROS_LOG_FILENAME': '/root/.ros/log/02320d9a-a405-11f1-a013-1a78306416a9/roslaunch-kamikaze-1.log'}]
[roslaunch][INFO] 2026-08-29 23:54:46,418: process[vehicle_state_monitor-9]: args[['/root/catkin_ws/devel/lib/drone_control/vehicle_state_monitor.py', '__name:=vehicle_state_monitor']]
[roslaunch][INFO] 2026-08-29 23:54:46,418: ... created process [vehicle_state_monitor-9]
[roslaunch.pmon][INFO] 2026-08-29 23:54:46,418: ProcessMonitor.register[vehicle_state_monitor-9]
[roslaunch.pmon][INFO] 2026-08-29 23:54:46,418: ProcessMonitor.register[vehicle_state_monitor-9] complete
[roslaunch][INFO] 2026-08-29 23:54:46,419: ... registered process [vehicle_state_monitor-9]
[roslaunch][INFO] 2026-08-29 23:54:46,419: process[vehicle_state_monitor-9]: starting os process
[roslaunch][INFO] 2026-08-29 23:54:46,419: process[vehicle_state_monitor-9]: start w/ args [['/root/catkin_ws/devel/lib/drone_control/vehicle_state_monitor.py', '__name:=vehicle_state_monitor', '__log:=/root/.ros/log/02320d9a-a405-11f1-a013-1a78306416a9/vehicle_state_monitor-9.log']]
[roslaunch][INFO] 2026-08-29 23:54:46,419: process[vehicle_state_monitor-9]: cwd will be [/root/.ros]
[roslaunch][INFO] 2026-08-29 23:54:46,468: process[vehicle_state_monitor-9]: started with pid [114]
[roslaunch][INFO] 2026-08-29 23:54:46,469: ... successfully launched [vehicle_state_monitor-9]
[roslaunch][INFO] 2026-08-29 23:54:46,469: ... preparing to launch node of type [drone_control/safety_monitor.py]
[roslaunch][INFO] 2026-08-29 23:54:46,470: create_node_process: package[drone_control] type[safety_monitor.py] machine[Machine(name[] env_loader[None] address[localhost] ssh_port[22] user[None] assignable[True] timeout[10.0])] master_uri[http://localhost:11311]
[roslaunch][INFO] 2026-08-29 23:54:46,470: process[safety_monitor-10]: env[{'ROS_VERSION': '1', 'PYTHONUNBUFFERED': '1', 'PKG_CONFIG_PATH': '/root/catkin_ws/devel/lib/pkgconfig:/opt/ros/noetic/lib/pkgconfig', 'ROS_PYTHON_VERSION': '3', 'HOSTNAME': 'kamikaze', 'ROS_PACKAGE_PATH': '/root/catkin_ws/src:/opt/ros/noetic/share', 'ROSLISP_PACKAGE_DIRECTORIES': '/root/catkin_ws/devel/share/common-lisp', 'PWD': '/root/catkin_ws', 'ENABLE_SIMULATION': 'false', 'ROS_IP': '127.0.0.1', 'HOME': '/root', 'LANG': 'C.UTF-8', 'ROS_ETC_DIR': '/opt/ros/noetic/etc/ros', 'CMAKE_PREFIX_PATH': '/root/catkin_ws/devel:/opt/ros/noetic', 'PYTHONPATH': '/root/catkin_ws/devel/lib/python3/dist-packages:/root/catkin_ws/devel/lib/python3/dist-packages:/opt/ros/noetic/lib/python3/dist-packages', 'DISPLAY': ':0', 'SHLVL': '0', 'ROS_MASTER_URI': 'http://localhost:11311', 'ROS_HOSTNAME': 'localhost', 'LD_LIBRARY_PATH': '/root/catkin_ws/devel/lib:/opt/ros/noetic/lib', 'ENABLE_PERFORMANCE_MONITORING': 'true', 'LC_ALL': 'C.UTF-8', 'PATH': '/opt/ros/noetic/bin:/usr/local/sbin:/usr/local/bin:/usr/sbin:/usr/bin:/sbin:/bin', 'DEBIAN_FRONTEND': 'noninteractive', 'ROS_ROOT': '/opt/ros/noetic/share/ros', 'ROS_DISTRO': 'noetic', 'QT_X11_NO_MITSHM': '1', 'ENABLE_GUI': 'false', 'ROS_LOG_FILENAME': '/root/.ros/log/02320d9a-a405-11f1-a013-1a78306416a9/roslaunch-kamikaze-1.log'}]
[roslaunch][INFO] 2026-08-29 23:54:46,477: process[safety_monitor-10]: args[['/root/catkin_ws/devel/lib/drone_control/safety_monitor.py', '__name:=safety_monitor']]
[roslaunch][INFO] 2026-08-29 23:54:46,485: ... created process [safety_monitor-10]
[roslaunch.pmon][INFO] 2026-08-29 23:54:46,485: ProcessMonitor.register[safety_monitor-10]
[roslaunch.pmon][INFO] 2026-08-29 23:54:46,485: ProcessMonitor.register[safety_monitor-10] complete
[roslaunch][INFO] 2026-08-29 23:54:46,485: ... registered process [safety_monitor-10]
[roslaunch][INFO] 2026-08-29 23:54:46,486: process[safety_monitor-10]: starting os process
[roslaunch][INFO] 2026-08-29 23:54:46,486: process[safety_monitor-10]: start w/ args [['/root/catkin_ws/devel/lib/drone_control/safety_monitor.py', '__name:=safety_monitor', '__log:=/root/.ros/log/02320d9a-a405-11f1-a013-1a78306416a9/safety_monitor-10.log']]
[roslaunch][INFO] 2026-08-29 23:54:46,486: process[safety_monitor-10]: cwd will be [/root/.ros]
[roslaunch][INFO] 2026-08-29 23:54:46,566: process[safety_monitor-10]: started with pid [115]
[roslaunch][INFO] 2026-08-29 23:54:46,567: ... successfully launched [safety_monitor-10]
[roslaunch][INFO] 2026-08-29 23:54:46,568: ... preparing to launch node of type [drone_control/system_health_monitor.py]
[roslaunch][INFO] 2026-08-29 23:54:46,568: create_node_process: package[drone_control] type[system_health_monitor.py] machine[Machine(name[] env_loader[None] address[localhost] ssh_port[22] user[None] assignable[True] timeout[10.0])] master_uri[http://localhost:11311]
[roslaunch][INFO] 2026-08-29 23:54:46,568: process[system_health_monitor-11]: env[{'ROS_VERSION': '1', 'PYTHONUNBUFFERED': '1', 'PKG_CONFIG_PATH': '/root/catkin_ws/devel/lib/pkgconfig:/opt/ros/noetic/lib/pkgconfig', 'ROS_PYTHON_VERSION': '3', 'HOSTNAME': 'kamikaze', 'ROS_PACKAGE_PATH': '/root/catkin_ws/src:/opt/ros/noetic/share', 'ROSLISP_PACKAGE_DIRECTORIES': '/root/catkin_ws/devel/share/common-lisp', 'PWD': '/root/catkin_ws', 'ENABLE_SIMULATION': 'false', 'ROS_IP': '127.0.0.1', 'HOME': '/root', 'LANG': 'C.UTF-8', 'ROS_ETC_DIR': '/opt/ros/noetic/etc/ros', 'CMAKE_PREFIX_PATH': '/root/catkin_ws/devel:/opt/ros/noetic', 'PYTHONPATH': '/root/catkin_ws/devel/lib/python3/dist-packages:/root/catkin_ws/devel/lib/python3/dist-packages:/opt/ros/noetic/lib/python3/dist-packages', 'DISPLAY': ':0', 'SHLVL': '0', 'ROS_MASTER_URI': 'http://localhost:11311', 'ROS_HOSTNAME': 'localhost', 'LD_LIBRARY_PATH': '/root/catkin_ws/devel/lib:/opt/ros/noetic/lib', 'ENABLE_PERFORMANCE_MONITORING': 'true', 'LC_ALL': 'C.UTF-8', 'PATH': '/opt/ros/noetic/bin:/usr/local/sbin:/usr/local/bin:/usr/sbin:/usr/bin:/sbin:/bin', 'DEBIAN_FRONTEND': 'noninteractive', 'ROS_ROOT': '/opt/ros/noetic/share/ros', 'ROS_DISTRO': 'noetic', 'QT_X11_NO_MITSHM': '1', 'ENABLE_GUI': 'false', 'ROS_LOG_FILENAME': '/root/.ros/log/02320d9a-a405-11f1-a013-1a78306416a9/roslaunch-kamikaze-1.log'}]
[roslaunch][INFO] 2026-08-29 23:54:46,578: process[system_health_monitor-11]: args[['/root/catkin_ws/devel/lib/drone_control/system_health_monitor.py', '__name:=system_health_monitor']]
[roslaunch][INFO] 2026-08-29 23:54:46,579: ... created process [system_health_monitor-11]
[roslaunch.pmon][INFO] 2026-08-29 23:54:46,579: ProcessMonitor.register[system_health_monitor-11]
[roslaunch.pmon][INFO] 2026-08-29 23:54:46,579: ProcessMonitor.register[system_health_monitor-11] complete
[roslaunch][INFO] 2026-08-29 23:54:46,579: ... registered process [system_health_monitor-11]
[roslaunch][INFO] 2026-08-29 23:54:46,585: process[system_health_monitor-11]: starting os process
[roslaunch][INFO] 2026-08-29 23:54:46,585: process[system_health_monitor-11]: start w/ args [['/root/catkin_ws/devel/lib/drone_control/system_health_monitor.py', '__name:=system_health_monitor', '__log:=/root/.ros/log/02320d9a-a405-11f1-a013-1a78306416a9/system_health_monitor-11.log']]
[roslaunch][INFO] 2026-08-29 23:54:46,586: process[system_health_monitor-11]: cwd will be [/root/.ros]
[roslaunch][INFO] 2026-08-29 23:54:46,600: process[system_health_monitor-11]: started with pid [116]
[roslaunch][INFO] 2026-08-29 23:54:46,600: ... successfully launched [system_health_monitor-11]
[roslaunch][INFO] 2026-08-29 23:54:46,601: ... preparing to launch node of type [drone_control/health_checker.py]
[roslaunch][INFO] 2026-08-29 23:54:46,658: create_node_process: package[drone_control] type[health_checker.py] machine[Machine(name[] env_loader[None] address[localhost] ssh_port[22] user[None] assignable[True] timeout[10.0])] master_uri[http://localhost:11311]
[roslaunch][INFO] 2026-08-29 23:54:46,658: process[health_checker-12]: env[{'ROS_VERSION': '1', 'PYTHONUNBUFFERED': '1', 'PKG_CONFIG_PATH': '/root/catkin_ws/devel/lib/pkgconfig:/opt/ros/noetic/lib/pkgconfig', 'ROS_PYTHON_VERSION': '3', 'HOSTNAME': 'kamikaze', 'ROS_PACKAGE_PATH': '/root/catkin_ws/src:/opt/ros/noetic/share', 'ROSLISP_PACKAGE_DIRECTORIES': '/root/catkin_ws/devel/share/common-lisp', 'PWD': '/root/catkin_ws', 'ENABLE_SIMULATION': 'false', 'ROS_IP': '127.0.0.1', 'HOME': '/root', 'LANG': 'C.UTF-8', 'ROS_ETC_DIR': '/opt/ros/noetic/etc/ros', 'CMAKE_PREFIX_PATH': '/root/catkin_ws/devel:/opt/ros/noetic', 'PYTHONPATH': '/root/catkin_ws/devel/lib/python3/dist-packages:/root/catkin_ws/devel/lib/python3/dist-packages:/opt/ros/noetic/lib/python3/dist-packages', 'DISPLAY': ':0', 'SHLVL': '0', 'ROS_MASTER_URI': 'http://localhost:11311', 'ROS_HOSTNAME': 'localhost', 'LD_LIBRARY_PATH': '/root/catkin_ws/devel/lib:/opt/ros/noetic/lib', 'ENABLE_PERFORMANCE_MONITORING': 'true', 'LC_ALL': 'C.UTF-8', 'PATH': '/opt/ros/noetic/bin:/usr/local/sbin:/usr/local/bin:/usr/sbin:/usr/bin:/sbin:/bin', 'DEBIAN_FRONTEND': 'noninteractive', 'ROS_ROOT': '/opt/ros/noetic/share/ros', 'ROS_DISTRO': 'noetic', 'QT_X11_NO_MITSHM': '1', 'ENABLE_GUI': 'false', 'ROS_LOG_FILENAME': '/root/.ros/log/02320d9a-a405-11f1-a013-1a78306416a9/roslaunch-kamikaze-1.log'}]
[roslaunch][INFO] 2026-08-29 23:54:46,660: process[health_checker-12]: args[['/root/catkin_ws/devel/lib/drone_control/health_checker.py', '__name:=health_checker']]
[roslaunch][INFO] 2026-08-29 23:54:46,664: ... created process [health_checker-12]
[roslaunch.pmon][INFO] 2026-08-29 23:54:46,664: ProcessMonitor.register[health_checker-12]
[roslaunch.pmon][INFO] 2026-08-29 23:54:46,664: ProcessMonitor.register[health_checker-12] complete
[roslaunch][INFO] 2026-08-29 23:54:46,665: ... registered process [health_checker-12]
[roslaunch][INFO] 2026-08-29 23:54:46,665: process[health_checker-12]: starting os process
[roslaunch][INFO] 2026-08-29 23:54:46,665: process[health_checker-12]: start w/ args [['/root/catkin_ws/devel/lib/drone_control/health_checker.py', '__name:=health_checker', '__log:=/root/.ros/log/02320d9a-a405-11f1-a013-1a78306416a9/health_checker-12.log']]
[roslaunch][INFO] 2026-08-29 23:54:46,665: process[health_checker-12]: cwd will be [/root/.ros]
[roslaunch][INFO] 2026-08-29 23:54:46,686: process[health_checker-12]: started with pid [117]
[roslaunch][INFO] 2026-08-29 23:54:46,689: ... successfully launched [health_checker-12]
[roslaunch][INFO] 2026-08-29 23:54:46,689: ... launch_nodes complete
[roslaunch.pmon][INFO] 2026-08-29 23:54:46,689: registrations completed <ProcessMonitor(ProcessMonitor-1, started daemon 140737361721088)>
[roslaunch.parent][INFO] 2026-08-29 23:54:46,689: ... roslaunch parent running, waiting for process exit
[roslaunch][INFO] 2026-08-29 23:54:46,689: spin
[roslaunch.pmon][INFO] 2026-08-29 23:59:31,059: ProcessMonitor.shutdown <ProcessMonitor(ProcessMonitor-1, started daemon 140737361721088)>
[roslaunch.pmon][INFO] 2026-08-29 23:59:31,094: ProcessMonitor._post_run <ProcessMonitor(ProcessMonitor-1, started daemon 140737361721088)>
[roslaunch.pmon][INFO] 2026-08-29 23:59:31,094: ProcessMonitor._post_run <ProcessMonitor(ProcessMonitor-1, started daemon 140737361721088)>: remaining procs are [<roslaunch.nodeprocess.LocalProcess object at 0x7ffffb734f70>, <roslaunch.nodeprocess.LocalProcess object at 0x7ffffb734af0>, <roslaunch.nodeprocess.LocalProcess object at 0x7fffe95bb9d0>, <roslaunch.nodeprocess.LocalProcess object at 0x7ffffb7342e0>, <roslaunch.nodeprocess.LocalProcess object at 0x7ffffb734e50>, <roslaunch.nodeprocess.LocalProcess object at 0x7ffffb734d90>, <roslaunch.nodeprocess.LocalProcess object at 0x7ffffb6cd880>, <roslaunch.nodeprocess.LocalProcess object at 0x7ffffb6cd910>, <roslaunch.nodeprocess.LocalProcess object at 0x7ffffb6cdd60>, <roslaunch.nodeprocess.LocalProcess object at 0x7ffffb6cdfd0>, <roslaunch.nodeprocess.LocalProcess object at 0x7ffffb6cdbb0>, <roslaunch.nodeprocess.LocalProcess object at 0x7ffffb6cdf10>, <roslaunch.nodeprocess.LocalProcess object at 0x7ffffb6cdca0>]
[roslaunch.pmon][INFO] 2026-08-29 23:59:31,095: ProcessMonitor exit: killing health_checker-12
[roslaunch][INFO] 2026-08-29 23:59:31,095: [health_checker-12] killing on exit
[roslaunch][INFO] 2026-08-29 23:59:31,097: process[health_checker-12]: killing os process with pid[117] pgid[117]
[roslaunch.pmon][INFO] 2026-08-29 23:59:31,097: ProcessMonitor exit: killing system_health_monitor-11
[roslaunch][INFO] 2026-08-29 23:59:31,097: [health_checker-12] sending SIGINT to pgid [117]
[roslaunch.pmon][INFO] 2026-08-29 23:59:31,097: ProcessMonitor exit: killing safety_monitor-10
[roslaunch][INFO] 2026-08-29 23:59:31,099: [safety_monitor-10] killing on exit
[roslaunch][INFO] 2026-08-29 23:59:31,099: process[safety_monitor-10]: killing os process with pid[115] pgid[115]
[roslaunch][INFO] 2026-08-29 23:59:31,098: [health_checker-12] sent SIGINT to pgid [117]
[roslaunch][INFO] 2026-08-29 23:59:31,097: [system_health_monitor-11] killing on exit
[roslaunch][INFO] 2026-08-29 23:59:31,100: process[system_health_monitor-11]: killing os process with pid[116] pgid[116]
[roslaunch.pmon][INFO] 2026-08-29 23:59:31,099: ProcessMonitor exit: killing sensor_fusion-7
[roslaunch][INFO] 2026-08-29 23:59:31,099: [safety_monitor-10] sending SIGINT to pgid [115]
[roslaunch.pmon][INFO] 2026-08-29 23:59:31,098: ProcessMonitor exit: killing vehicle_state_monitor-9
[roslaunch][INFO] 2026-08-29 23:59:31,102: [vehicle_state_monitor-9] killing on exit
[roslaunch][INFO] 2026-08-29 23:59:31,103: process[vehicle_state_monitor-9]: killing os process with pid[114] pgid[114]
[roslaunch][INFO] 2026-08-29 23:59:31,103: [vehicle_state_monitor-9] sending SIGINT to pgid [114]
[roslaunch][INFO] 2026-08-29 23:59:31,103: [vehicle_state_monitor-9] sent SIGINT to pgid [114]
[roslaunch.pmon][INFO] 2026-08-29 23:59:31,099: ProcessMonitor exit: killing target_tracking_controller-8
[roslaunch][INFO] 2026-08-29 23:59:31,104: [target_tracking_controller-8] killing on exit
[roslaunch][INFO] 2026-08-29 23:59:31,104: process[target_tracking_controller-8]: killing os process with pid[113] pgid[113]
[roslaunch][INFO] 2026-08-29 23:59:31,101: [safety_monitor-10] sent SIGINT to pgid [115]
[roslaunch.pmon][INFO] 2026-08-29 23:59:31,101: ProcessMonitor exit: killing mission_manager-4
[roslaunch][INFO] 2026-08-29 23:59:31,104: [target_tracking_controller-8] sending SIGINT to pgid [113]
[roslaunch][INFO] 2026-08-29 23:59:31,100: [system_health_monitor-11] sending SIGINT to pgid [116]
[roslaunch][INFO] 2026-08-29 23:59:31,105: [system_health_monitor-11] sent SIGINT to pgid [116]
[roslaunch][INFO] 2026-08-29 23:59:31,100: [sensor_fusion-7] killing on exit
[roslaunch][INFO] 2026-08-29 23:59:31,105: process[sensor_fusion-7]: killing os process with pid[112] pgid[112]
[roslaunch][INFO] 2026-08-29 23:59:31,105: [sensor_fusion-7] sending SIGINT to pgid [112]
[roslaunch.pmon][INFO] 2026-08-29 23:59:31,101: ProcessMonitor exit: killing command_interpreter-3
[roslaunch.pmon][INFO] 2026-08-29 23:59:31,100: ProcessMonitor exit: killing yolo_detector-6
[roslaunch][INFO] 2026-08-29 23:59:31,105: [sensor_fusion-7] sent SIGINT to pgid [112]
[roslaunch][INFO] 2026-08-29 23:59:31,105: [command_interpreter-3] killing on exit
[roslaunch][INFO] 2026-08-29 23:59:31,105: [target_tracking_controller-8] sent SIGINT to pgid [113]
[roslaunch][INFO] 2026-08-29 23:59:31,106: process[command_interpreter-3]: killing os process with pid[107] pgid[107]
[roslaunch][INFO] 2026-08-29 23:59:31,106: [yolo_detector-6] killing on exit
[roslaunch][INFO] 2026-08-29 23:59:31,105: [mission_manager-4] killing on exit
[roslaunch.pmon][INFO] 2026-08-29 23:59:31,100: ProcessMonitor exit: killing camera_calibration-5
[roslaunch][INFO] 2026-08-29 23:59:31,107: [camera_calibration-5] killing on exit
[roslaunch][INFO] 2026-08-29 23:59:31,107: process[camera_calibration-5]: killing os process with pid[110] pgid[110]
[roslaunch][INFO] 2026-08-29 23:59:31,108: [camera_calibration-5] sending SIGINT to pgid [110]
[roslaunch][INFO] 2026-08-29 23:59:31,107: [command_interpreter-3] sending SIGINT to pgid [107]
[roslaunch][INFO] 2026-08-29 23:59:31,108: [command_interpreter-3] sent SIGINT to pgid [107]
[roslaunch][INFO] 2026-08-29 23:59:31,107: process[mission_manager-4]: killing os process with pid[109] pgid[109]
[roslaunch][INFO] 2026-08-29 23:59:31,107: process[yolo_detector-6]: killing os process with pid[111] pgid[111]
[roslaunch][INFO] 2026-08-29 23:59:31,108: [camera_calibration-5] sent SIGINT to pgid [110]
[roslaunch][INFO] 2026-08-29 23:59:31,109: [mission_manager-4] sending SIGINT to pgid [109]
[roslaunch][INFO] 2026-08-29 23:59:31,110: [mission_manager-4] sent SIGINT to pgid [109]
[roslaunch][INFO] 2026-08-29 23:59:31,110: [yolo_detector-6] sending SIGINT to pgid [111]
[roslaunch][INFO] 2026-08-29 23:59:31,110: [yolo_detector-6] sent SIGINT to pgid [111]
[roslaunch][INFO] 2026-08-29 23:59:32,058: process[camera_calibration-5]: SIGINT killed with return value 0
[roslaunch.pmon][INFO] 2026-08-29 23:59:32,059: ProcessMonitor exit: killing parameter_validator-2
[roslaunch][INFO] 2026-08-29 23:59:32,059: [parameter_validator-2] killing on exit
[roslaunch][INFO] 2026-08-29 23:59:32,060: process[parameter_validator-2]: killing os process with pid[105] pgid[105]
[roslaunch][INFO] 2026-08-29 23:59:32,060: [parameter_validator-2] sending SIGINT to pgid [105]
[roslaunch][INFO] 2026-08-29 23:59:32,059: process[health_checker-12]: SIGINT killed with return value 0
[roslaunch][INFO] 2026-08-29 23:59:32,060: [parameter_validator-2] sent SIGINT to pgid [105]
[roslaunch][INFO] 2026-08-29 23:59:32,063: process[mission_manager-4]: SIGINT killed with return value 0
[roslaunch][INFO] 2026-08-29 23:59:32,067: process[safety_monitor-10]: SIGINT killed with return value 0
[roslaunch][INFO] 2026-08-29 23:59:32,067: process[system_health_monitor-11]: SIGINT killed with return value 0
[roslaunch][INFO] 2026-08-29 23:59:32,068: process[sensor_fusion-7]: SIGINT killed with return value 0
[roslaunch][INFO] 2026-08-29 23:59:32,190: process[vehicle_state_monitor-9]: SIGINT killed with return value 0
[roslaunch][INFO] 2026-08-29 23:59:32,190: process[command_interpreter-3]: SIGINT killed with return value 0
[roslaunch][INFO] 2026-08-29 23:59:32,190: process[target_tracking_controller-8]: SIGINT killed with return value 0
[roslaunch][INFO] 2026-08-29 23:59:32,596: process[yolo_detector-6]: SIGINT killed with return value 0
[roslaunch][INFO] 2026-08-29 23:59:32,800: process[parameter_validator-2]: SIGINT killed with return value 0
[roslaunch.pmon][INFO] 2026-08-29 23:59:32,801: ProcessMonitor exit: killing rosout-1
[roslaunch][INFO] 2026-08-29 23:59:32,801: [rosout-1] killing on exit
[roslaunch][INFO] 2026-08-29 23:59:32,801: process[rosout-1]: killing os process with pid[100] pgid[100]
[roslaunch][INFO] 2026-08-29 23:59:32,801: [rosout-1] sending SIGINT to pgid [100]
[roslaunch][INFO] 2026-08-29 23:59:32,801: [rosout-1] sent SIGINT to pgid [100]
[roslaunch][INFO] 2026-08-29 23:59:33,111: process[rosout-1]: SIGINT killed with return value 0
[roslaunch.pmon][INFO] 2026-08-29 23:59:33,111: ProcessMonitor exit: killing master
[roslaunch][INFO] 2026-08-29 23:59:33,111: [master] killing on exit
[roslaunch][INFO] 2026-08-29 23:59:33,112: process[master]: killing os process with pid[83] pgid[83]
[roslaunch][INFO] 2026-08-29 23:59:33,112: [master] sending SIGINT to pgid [83]
[roslaunch][INFO] 2026-08-29 23:59:33,112: [master] sent SIGINT to pgid [83]
[roslaunch][INFO] 2026-08-29 23:59:33,319: process[master]: SIGINT killed with return value 0
[roslaunch.pmon][INFO] 2026-08-29 23:59:33,319: ProcessMonitor exit: cleaning up data structures and signals
[roslaunch.pmon][INFO] 2026-08-29 23:59:33,319: ProcessMonitor exit: pmon has shutdown
[roslaunch][INFO] 2026-08-29 23:59:33,320: process monitor is done spinning, initiating full shutdown
[roslaunch][INFO] 2026-08-29 23:59:33,320: runner.stop()
[roslaunch][INFO] 2026-08-29 23:59:33,320: shutting down processing monitor...
[roslaunch][INFO] 2026-08-29 23:59:33,320: shutting down processing monitor <ProcessMonitor(ProcessMonitor-1, stopped daemon 140737361721088)>
[roslaunch.pmon][INFO] 2026-08-29 23:59:33,320: ProcessMonitor.shutdown <ProcessMonitor(ProcessMonitor-1, stopped daemon 140737361721088)>
[roslaunch][INFO] 2026-08-29 23:59:33,320: ... shutting down processing monitor complete
[roslaunch][INFO] 2026-08-29 23:59:33,320: done
[roslaunch.pmon][INFO] 2026-08-29 23:59:33,321: ProcessMonitor.shutdown <ProcessMonitor(ProcessMonitor-1, stopped daemon 140737361721088)>
[rospy.core][INFO] 2026-08-29 23:59:33,321: signal_shutdown [atexit]
