[rospy.client][INFO] 2026-08-29 23:54:50,364: init_node, name[/safety_monitor], pid[115]
[xmlrpc][INFO] 2026-08-29 23:54:50,369: XML-RPC server binding to 127.0.0.1:0
[xmlrpc][INFO] 2026-08-29 23:54:50,372: Started XML-RPC server [http://localhost:37805/]
[rospy.init][INFO] 2026-08-29 23:54:50,373: ROS Slave URI: [http://localhost:37805/]
[rospy.impl.masterslave][INFO] 2026-08-29 23:54:50,373: _ready: http://localhost:37805/
[rospy.registration][INFO] 2026-08-29 23:54:50,375: Registering with master node http://localhost:11311
[xmlrpc][INFO] 2026-08-29 23:54:50,377: xml rpc node: starting XML-RPC server
[rospy.init][INFO] 2026-08-29 23:54:50,475: registered with master
[rospy.rosout][INFO] 2026-08-29 23:54:50,475: initializing /rosout core topic
[rospy.rosout][INFO] 2026-08-29 23:54:50,573: connected to core topic /rosout
[rospy.simtime][INFO] 2026-08-29 23:54:50,585: /use_sim_time is not set, will not subscribe to simulated time [/clock] topic
[rosout][INFO] 2026-08-29 23:54:50,705: Safety Monitor initialized
[rosout][INFO] 2026-08-29 23:54:50,709: Health publisher: /safety_monitor/node_health
[rospy.internal][INFO] 2026-08-29 23:54:50,721: topic[/safety_monitor/node_health] adding connection to [/health_checker], count 0
[rospy.internal][INFO] 2026-08-29 23:54:50,725: topic[/safety_status] adding connection to [/mission_manager], count 0
[rospy.internal][INFO] 2026-08-29 23:54:50,798: topic[/rosout] adding connection to [/rosout], count 0
[rospy.core][INFO] 2026-08-29 23:59:31,101: signal_shutdown [signal-2]
[rospy.internal][INFO] 2026-08-29 23:59:31,134: topic[/rosout] removing connection to /rosout
[rospy.internal][INFO] 2026-08-29 23:59:31,134: topic[/safety_status] removing connection to /mission_manager
[rospy.internal][INFO] 2026-08-29 23:59:31,135: topic[/safety_monitor/node_health] removing connection to /health_checker
[rospy.impl.masterslave][INFO] 2026-08-29 23:59:31,135: signal-2
[rospy.core][INFO] 2026-08-29 23:59:31,771: signal_shutdown [atexit]
