[rospy.client][INFO] 2026-08-29 23:54:51,664: init_node, name[/target_tracking_controller], pid[113]
[xmlrpc][INFO] 2026-08-29 23:54:51,673: XML-RPC server binding to 127.0.0.1:0
[xmlrpc][INFO] 2026-08-29 23:54:51,676: Started XML-RPC server [http://localhost:46577/]
[rospy.init][INFO] 2026-08-29 23:54:51,677: ROS Slave URI: [http://localhost:46577/]
[rospy.impl.masterslave][INFO] 2026-08-29 23:54:51,677: _ready: http://localhost:46577/
[rospy.registration][INFO] 2026-08-29 23:54:51,679: Registering with master node http://localhost:11311
[xmlrpc][INFO] 2026-08-29 23:54:51,680: xml rpc node: starting XML-RPC server
[rospy.init][INFO] 2026-08-29 23:54:51,783: registered with master
[rospy.rosout][INFO] 2026-08-29 23:54:51,783: initializing /rosout core topic
[rospy.rosout][INFO] 2026-08-29 23:54:51,812: connected to core topic /rosout
[rospy.simtime][INFO] 2026-08-29 23:54:51,814: /use_sim_time is not set, will not subscribe to simulated time [/clock] topic
[rospy.internal][INFO] 2026-08-29 23:54:51,855: topic[/mission_status] adding connection to [http://localhost:33863/], count 0
[rospy.internal][INFO] 2026-08-29 23:54:51,889: topic[/tracked_targets] adding connection to [/mission_manager], count 0
[rospy.internal][INFO] 2026-08-29 23:54:51,891: topic[/target_tracking_controller/node_health] adding connection to [/health_checker], count 0
[rospy.internal][INFO] 2026-08-29 23:54:52,031: topic[/rosout] adding connection to [/rosout], count 0
[rosout][WARNING] 2026-08-29 23:54:54,009: MAVROS set_mode service not available: timeout exceeded while waiting for service /mavros/set_mode
[rospy.internal][INFO] 2026-08-29 23:54:54,456: topic[/detected_objects] adding connection to [http://localhost:42415/], count 0
[rosout][WARNING] 2026-08-29 23:54:56,145: MAVROS arming service not available: timeout exceeded while waiting for service /mavros/cmd/arming
[rosout][INFO] 2026-08-29 23:54:56,153: Target Tracking Controller started in SEARCHING mode
[rospy.core][INFO] 2026-08-29 23:59:31,106: signal_shutdown [signal-2]
[rospy.internal][INFO] 2026-08-29 23:59:31,160: topic[/rosout] removing connection to /rosout
[rospy.internal][INFO] 2026-08-29 23:59:31,161: topic[/tracked_targets] removing connection to /mission_manager
[rospy.internal][INFO] 2026-08-29 23:59:31,161: topic[/target_tracking_controller/node_health] removing connection to /health_checker
[rospy.internal][INFO] 2026-08-29 23:59:31,161: topic[/detected_objects] removing connection to http://localhost:42415/
[rospy.internal][INFO] 2026-08-29 23:59:31,161: topic[/mission_status] removing connection to http://localhost:33863/
[rospy.impl.masterslave][INFO] 2026-08-29 23:59:31,161: signal-2
[rospy.core][INFO] 2026-08-29 23:59:31,770: signal_shutdown [atexit]
