[rospy.client][INFO] 2026-08-29 23:54:54,209: init_node, name[/yolo_detector], pid[111]
[xmlrpc][INFO] 2026-08-29 23:54:54,212: XML-RPC server binding to 127.0.0.1:0
[xmlrpc][INFO] 2026-08-29 23:54:54,213: Started XML-RPC server [http://localhost:42415/]
[rospy.impl.masterslave][INFO] 2026-08-29 23:54:54,213: _ready: http://localhost:42415/
[rospy.registration][INFO] 2026-08-29 23:54:54,214: Registering with master node http://localhost:11311
[xmlrpc][INFO] 2026-08-29 23:54:54,214: xml rpc node: starting XML-RPC server
[rospy.init][INFO] 2026-08-29 23:54:54,214: ROS Slave URI: [http://localhost:42415/]
[rospy.init][INFO] 2026-08-29 23:54:54,215: registered with master
[rospy.rosout][INFO] 2026-08-29 23:54:54,215: initializing /rosout core topic
[rospy.rosout][INFO] 2026-08-29 23:54:54,220: connected to core topic /rosout
[rospy.simtime][INFO] 2026-08-29 23:54:54,221: /use_sim_time is not set, will not subscribe to simulated time [/clock] topic
[rosout][INFO] 2026-08-29 23:54:54,234: Loading YOLO model from: /PX4-Autopilot/yolov8s.pt
[rospy.internal][INFO] 2026-08-29 23:54:54,239: topic[/mission_status] adding connection to [http://localhost:33863/], count 0
[rospy.internal][INFO] 2026-08-29 23:54:54,270: topic[/yolo_detector/node_health] adding connection to [/health_checker], count 0
[rosout][INFO] 2026-08-29 23:54:54,406: YOLO model loaded successfully!
[rosout][INFO] 2026-08-29 23:54:54,411: YOLO Detector initialized in production mode
[rosout][INFO] 2026-08-29 23:54:54,412: Vehicle classes: [2, 3, 5, 6, 7]
[rospy.internal][INFO] 2026-08-29 23:54:54,452: topic[/rosout] adding connection to [/rosout], count 0
[rospy.internal][INFO] 2026-08-29 23:54:54,458: topic[/detected_objects] adding connection to [/target_tracking_controller], count 0
[rospy.core][INFO] 2026-08-29 23:59:31,111: signal_shutdown [signal-2]
[rospy.internal][INFO] 2026-08-29 23:59:31,157: topic[/mission_status] removing connection to http://localhost:33863/
[rospy.internal][INFO] 2026-08-29 23:59:31,159: topic[/rosout] removing connection to /rosout
[rospy.internal][INFO] 2026-08-29 23:59:31,159: topic[/yolo_detector/node_health] removing connection to /health_checker
[rospy.internal][INFO] 2026-08-29 23:59:31,159: topic[/detected_objects] removing connection to /target_tracking_controller
[rospy.impl.masterslave][INFO] 2026-08-29 23:59:31,160: signal-2
[rospy.core][INFO] 2026-08-29 23:59:31,862: signal_shutdown [atexit]
