[rospy.client][INFO] 2026-08-30 07:39:40,325: init_node, name[/health_checker], pid[99]
[xmlrpc][INFO] 2026-08-30 07:39:40,370: XML-RPC server binding to 127.0.0.1:0
[xmlrpc][INFO] 2026-08-30 07:39:40,376: Started XML-RPC server [http://localhost:32825/]
[rospy.impl.masterslave][INFO] 2026-08-30 07:39:40,377: _ready: http://localhost:32825/
[rospy.init][INFO] 2026-08-30 07:39:40,390: ROS Slave URI: [http://localhost:32825/]
[rospy.registration][INFO] 2026-08-30 07:39:40,425: Registering with master node http://localhost:11311
[xmlrpc][INFO] 2026-08-30 07:39:40,429: xml rpc node: starting XML-RPC server
[rospy.init][INFO] 2026-08-30 07:39:40,492: registered with master
[rospy.rosout][INFO] 2026-08-30 07:39:40,492: initializing /rosout core topic
[rospy.rosout][INFO] 2026-08-30 07:39:40,531: connected to core topic /rosout
[rospy.simtime][INFO] 2026-08-30 07:39:40,534: /use_sim_time is not set, will not subscribe to simulated time [/clock] topic
[rospy.internal][INFO] 2026-08-30 07:39:40,573: topic[/vehicle_state_monitor/node_health] adding connection to [http://localhost:33783/], count 0
[rospy.internal][INFO] 2026-08-30 07:39:40,582: topic[/mission_manager/node_health] adding connection to [http://localhost:46107/], count 0
[rosout][INFO] 2026-08-30 07:39:40,600: Health Checker initialized
[rospy.internal][INFO] 2026-08-30 07:39:40,607: topic[/safety_monitor/node_health] adding connection to [http://localhost:46417/], count 0
[rospy.internal][INFO] 2026-08-30 07:39:40,607: topic[/command_interpreter/node_health] adding connection to [http://localhost:40859/], count 0
[rospy.internal][INFO] 2026-08-30 07:39:40,914: topic[/rosout] adding connection to [/rosout], count 0
[rospy.internal][INFO] 2026-08-30 07:39:42,502: topic[/target_tracking_controller/node_health] adding connection to [http://localhost:34673/], count 0
[rosout][WARNING] 2026-08-30 07:39:45,610: Unhealthy nodes: 2
[rosout][WARNING] 2026-08-30 07:39:45,612:   yolo_detector: No health report
[rosout][WARNING] 2026-08-30 07:39:45,614:   target_tracking_controller: No health report
[rospy.internal][INFO] 2026-08-30 07:39:46,691: topic[/yolo_detector/node_health] adding connection to [http://localhost:41719/], count 0
[rospy.core][INFO] 2026-08-30 07:46:12,575: signal_shutdown [signal-2]
[rospy.internal][INFO] 2026-08-30 07:46:12,593: topic[/rosout] removing connection to /rosout
[rospy.internal][INFO] 2026-08-30 07:46:12,594: topic[/yolo_detector/node_health] removing connection to http://localhost:41719/
[rospy.internal][INFO] 2026-08-30 07:46:12,594: topic[/target_tracking_controller/node_health] removing connection to http://localhost:34673/
[rospy.internal][INFO] 2026-08-30 07:46:12,594: topic[/vehicle_state_monitor/node_health] removing connection to http://localhost:33783/
[rospy.internal][INFO] 2026-08-30 07:46:12,594: topic[/mission_manager/node_health] removing connection to http://localhost:46107/
[rospy.internal][INFO] 2026-08-30 07:46:12,594: topic[/safety_monitor/node_health] removing connection to http://localhost:46417/
[rospy.internal][INFO] 2026-08-30 07:46:12,594: topic[/command_interpreter/node_health] removing connection to http://localhost:40859/
[rospy.impl.masterslave][INFO] 2026-08-30 07:46:12,594: signal-2
[rospy.core][INFO] 2026-08-30 07:46:13,182: signal_shutdown [atexit]
