[rospy.client][INFO] 2026-08-30 07:39:39,923: init_node, name[/mission_manager], pid[91]
[xmlrpc][INFO] 2026-08-30 07:39:39,978: XML-RPC server binding to 127.0.0.1:0
[xmlrpc][INFO] 2026-08-30 07:39:39,981: Started XML-RPC server [http://localhost:46107/]
[rospy.init][INFO] 2026-08-30 07:39:39,981: ROS Slave URI: [http://localhost:46107/]
[rospy.impl.masterslave][INFO] 2026-08-30 07:39:39,981: _ready: http://localhost:46107/
[rospy.registration][INFO] 2026-08-30 07:39:39,985: Registering with master node http://localhost:11311
[xmlrpc][INFO] 2026-08-30 07:39:39,985: xml rpc node: starting XML-RPC server
[rospy.init][INFO] 2026-08-30 07:39:40,082: registered with master
[rospy.rosout][INFO] 2026-08-30 07:39:40,083: initializing /rosout core topic
[rospy.rosout][INFO] 2026-08-30 07:39:40,182: connected to core topic /rosout
[rospy.simtime][INFO] 2026-08-30 07:39:40,191: /use_sim_time is not set, will not subscribe to simulated time [/clock] topic
[rospy.internal][INFO] 2026-08-30 07:39:40,314: topic[/safety_status] adding connection to [http://localhost:46417/], count 0
[rosout][INFO] 2026-08-30 07:39:40,329: Mission Manager initialized
[rospy.internal][INFO] 2026-08-30 07:39:40,424: topic[/rosout] adding connection to [/rosout], count 0
[rospy.internal][INFO] 2026-08-30 07:39:40,599: topic[/mission_manager/node_health] adding connection to [/health_checker], count 0
[rospy.internal][INFO] 2026-08-30 07:39:42,494: topic[/mission_status] adding connection to [/target_tracking_controller], count 0
[rospy.internal][INFO] 2026-08-30 07:39:42,499: topic[/tracked_targets] adding connection to [http://localhost:34673/], count 0
[rospy.internal][INFO] 2026-08-30 07:39:46,683: topic[/mission_status] adding connection to [/yolo_detector], count 1
[rospy.core][INFO] 2026-08-30 07:46:12,587: signal_shutdown [signal-2]
[rospy.internal][INFO] 2026-08-30 07:46:12,597: topic[/mission_manager/node_health] removing connection to /health_checker
[rospy.internal][INFO] 2026-08-30 07:46:12,663: topic[/tracked_targets] removing connection to http://localhost:34673/
[rospy.internal][INFO] 2026-08-30 07:46:12,667: topic[/safety_status] removing connection to http://localhost:46417/
[rospy.internal][INFO] 2026-08-30 07:46:12,670: topic[/rosout] removing connection to /rosout
[rospy.internal][INFO] 2026-08-30 07:46:12,672: topic[/mission_status] removing connection to /target_tracking_controller
[rospy.internal][INFO] 2026-08-30 07:46:12,673: topic[/mission_status] removing connection to /yolo_detector
[rospy.impl.masterslave][INFO] 2026-08-30 07:46:12,673: signal-2
[rospy.core][INFO] 2026-08-30 07:46:13,207: signal_shutdown [atexit]
