

1788075575.944012622  Node Startup
1788075579.670932531 INFO /parameter_validator [parameter_validator.py:65(ParameterValidator.__init__)] [topics: /rosout] Parameter validator initialized successfully
1788075580.070132493 INFO /sensor_fusion [sensor_fusion.py:40(SensorFusion.__init__)] [topics: /mavros/global_position/global, /mavros/imu/data, /sensor_fusion/node_health, /mavros/local_position/pose, /rosout] Sensor Fusion initialized
1788075580.327951431 INFO /safety_monitor [safety_monitor.py:78(SafetyMonitor.__init__)] [topics: /mavros/state, /safety_status, /mavros/local_position/velocity, /emergency_triggered, /safety_monitor/node_health, /rosout, /mavros/local_position/pose] Health publisher: /safety_monitor/node_health
1788075580.225386142 INFO /command_interpreter [command_interpreter.py:65(CommandInterpreter.__init__)] [topics: /drone_control/command_response, /drone_control/command, /command_interpreter/node_health, /rosout] Command Interpreter initialized
1788075580.335263252 INFO /mission_manager [mission_manager.py:115(MissionManager.__init__)] [topics: /mission_status, /safety_status, /mission_manager/node_health, /drone_control/command, /tracked_targets, /rosout] Mission Manager initialized
1788075580.269569396 INFO /camera_calibration [camera_calibration.py:29(CameraCalibration.__init__)] [topics: /rosout, /tf, /camera/camera_info] Camera calibration node started
1788075580.514266014 INFO /vehicle_state_monitor [vehicle_state_monitor.py:83(VehicleStateMonitor.__init__)] [topics: /battery_percentage, /rosout, /mavros/battery, /mavros/state, /diagnostic_status, /vehicle_state_monitor/node_health, /mavros/local_position/velocity, /drone_status] Vehicle State Monitor started
1788075580.605722427 INFO /health_checker [health_checker.py:58(HealthChecker.__init__)] [topics: /target_tracking_controller/node_health, /safety_monitor/node_health, /mission_manager/node_health, /yolo_detector/node_health, /rosout, /command_interpreter/node_health, /system_health, /vehicle_state_monitor/node_health] Health Checker initialized
1788075580.649277687 INFO /system_health_monitor [system_health_monitor.py:77(SystemHealthMonitor.__init__)] [topics: /performance_metrics, /health/check_all, /system_alert, /rosout, /system_health, /diagnostic_status] System Health Monitor initialized
1788075584.617942094 WARN /target_tracking_controller [target_tracking_controller.py:103(TargetTrackingController.__init__)] [topics: /mission_status, /mavros/setpoint_velocity/cmd_vel_unstamped, /mavros/local_position/odom, /target_tracking_controller/node_health, /mavros/state, /mavros/setpoint_raw/local, /detected_objects, /rosout, /tracked_targets] MAVROS set_mode service not available: timeout exceeded while waiting for service /mavros/set_mode
1788075585.612148284 WARN /health_checker [health_checker.py:90(HealthChecker._check_health)] [topics: /target_tracking_controller/node_health, /safety_monitor/node_health, /mission_manager/node_health, /yolo_detector/node_health, /rosout, /command_interpreter/node_health, /system_health, /vehicle_state_monitor/node_health] Unhealthy nodes: 2
1788075585.613769531 WARN /health_checker [health_checker.py:92(HealthChecker._check_health)] [topics: /target_tracking_controller/node_health, /safety_monitor/node_health, /mission_manager/node_health, /yolo_detector/node_health, /rosout, /command_interpreter/node_health, /system_health, /vehicle_state_monitor/node_health]   yolo_detector: No health report
1788075585.615411281 WARN /health_checker [health_checker.py:92(HealthChecker._check_health)] [topics: /target_tracking_controller/node_health, /safety_monitor/node_health, /mission_manager/node_health, /yolo_detector/node_health, /rosout, /command_interpreter/node_health, /system_health, /vehicle_state_monitor/node_health]   target_tracking_controller: No health report
1788075586.758041381 WARN /target_tracking_controller [target_tracking_controller.py:110(TargetTrackingController.__init__)] [topics: /mission_status, /mavros/setpoint_velocity/cmd_vel_unstamped, /mavros/local_position/odom, /target_tracking_controller/node_health, /mavros/state, /mavros/setpoint_raw/local, /detected_objects, /rosout, /tracked_targets] MAVROS arming service not available: timeout exceeded while waiting for service /mavros/cmd/arming
1788075586.763121604 INFO /target_tracking_controller [target_tracking_controller.py:126(TargetTrackingController.__init__)] [topics: /mission_status, /mavros/setpoint_velocity/cmd_vel_unstamped, /mavros/local_position/odom, /target_tracking_controller/node_health, /mavros/state, /mavros/setpoint_raw/local, /detected_objects, /rosout, /tracked_targets] Target Tracking Controller started in SEARCHING mode
1788075586.665327310 INFO /yolo_detector [yolo_detector.py:102(YOLODetector._load_model)] [topics: /mission_status, /command_response, /drone_control/command, /rosout, /yolo_detector/node_health] Loading YOLO model from: /PX4-Autopilot/yolov8s.pt
1788075587.083347082 INFO /yolo_detector [yolo_detector.py:121(YOLODetector._load_model)] [topics: /mission_status, /command_response, /drone_control/command, /rosout, /yolo_detector/node_health] YOLO model loaded successfully!
1788075587.087969303 INFO /yolo_detector [yolo_detector.py:96(YOLODetector.__init__)] [topics: /mission_status, /command_response, /yolo_detector/node_health, /camera/color/image_raw, /drone_control/command, /rosout, /detected_objects] YOLO Detector initialized in production mode
1788075587.089794397 INFO /yolo_detector [yolo_detector.py:97(YOLODetector.__init__)] [topics: /mission_status, /command_response, /yolo_detector/node_health, /camera/color/image_raw, /drone_control/command, /rosout, /detected_objects] Vehicle classes: [2, 3, 5, 6, 7]
