[rospy.client][INFO] 2026-08-30 07:39:39,976: init_node, name[/safety_monitor], pid[97]
[xmlrpc][INFO] 2026-08-30 07:39:39,981: XML-RPC server binding to 127.0.0.1:0
[xmlrpc][INFO] 2026-08-30 07:39:39,984: Started XML-RPC server [http://localhost:46417/]
[rospy.init][INFO] 2026-08-30 07:39:39,984: ROS Slave URI: [http://localhost:46417/]
[rospy.impl.masterslave][INFO] 2026-08-30 07:39:39,984: _ready: http://localhost:46417/
[rospy.registration][INFO] 2026-08-30 07:39:39,988: Registering with master node http://localhost:11311
[xmlrpc][INFO] 2026-08-30 07:39:39,993: xml rpc node: starting XML-RPC server
[rospy.init][INFO] 2026-08-30 07:39:40,085: registered with master
[rospy.rosout][INFO] 2026-08-30 07:39:40,086: initializing /rosout core topic
[rospy.rosout][INFO] 2026-08-30 07:39:40,132: connected to core topic /rosout
[rospy.simtime][INFO] 2026-08-30 07:39:40,177: /use_sim_time is not set, will not subscribe to simulated time [/clock] topic
[rosout][INFO] 2026-08-30 07:39:40,319: Safety Monitor initialized
[rosout][INFO] 2026-08-30 07:39:40,323: Health publisher: /safety_monitor/node_health
[rospy.internal][INFO] 2026-08-30 07:39:40,373: topic[/safety_status] adding connection to [/mission_manager], count 0
[rospy.internal][INFO] 2026-08-30 07:39:40,423: topic[/rosout] adding connection to [/rosout], count 0
[rospy.internal][INFO] 2026-08-30 07:39:40,612: topic[/safety_monitor/node_health] adding connection to [/health_checker], count 0
[rospy.core][INFO] 2026-08-30 07:46:12,590: signal_shutdown [signal-2]
[rospy.internal][INFO] 2026-08-30 07:46:12,652: topic[/rosout] removing connection to /rosout
[rospy.internal][INFO] 2026-08-30 07:46:12,664: topic[/safety_status] removing connection to /mission_manager
[rospy.internal][INFO] 2026-08-30 07:46:12,666: topic[/safety_monitor/node_health] removing connection to /health_checker
[rospy.impl.masterslave][INFO] 2026-08-30 07:46:12,666: signal-2
[rospy.core][INFO] 2026-08-30 07:46:13,215: signal_shutdown [atexit]
