[rospy.client][INFO] 2026-08-30 07:39:42,308: init_node, name[/target_tracking_controller], pid[95]
[xmlrpc][INFO] 2026-08-30 07:39:42,314: XML-RPC server binding to 127.0.0.1:0
[xmlrpc][INFO] 2026-08-30 07:39:42,317: Started XML-RPC server [http://localhost:34673/]
[rospy.impl.masterslave][INFO] 2026-08-30 07:39:42,318: _ready: http://localhost:34673/
[rospy.init][INFO] 2026-08-30 07:39:42,317: ROS Slave URI: [http://localhost:34673/]
[rospy.registration][INFO] 2026-08-30 07:39:42,320: Registering with master node http://localhost:11311
[xmlrpc][INFO] 2026-08-30 07:39:42,320: xml rpc node: starting XML-RPC server
[rospy.init][INFO] 2026-08-30 07:39:42,420: registered with master
[rospy.rosout][INFO] 2026-08-30 07:39:42,421: initializing /rosout core topic
[rospy.rosout][INFO] 2026-08-30 07:39:42,445: connected to core topic /rosout
[rospy.simtime][INFO] 2026-08-30 07:39:42,447: /use_sim_time is not set, will not subscribe to simulated time [/clock] topic
[rospy.internal][INFO] 2026-08-30 07:39:42,480: topic[/mission_status] adding connection to [http://localhost:46107/], count 0
[rospy.internal][INFO] 2026-08-30 07:39:42,502: topic[/tracked_targets] adding connection to [/mission_manager], count 0
[rospy.internal][INFO] 2026-08-30 07:39:42,504: topic[/target_tracking_controller/node_health] adding connection to [/health_checker], count 0
[rospy.internal][INFO] 2026-08-30 07:39:42,702: topic[/rosout] adding connection to [/rosout], count 0
[rosout][WARNING] 2026-08-30 07:39:44,615: MAVROS set_mode service not available: timeout exceeded while waiting for service /mavros/set_mode
[rosout][WARNING] 2026-08-30 07:39:46,754: MAVROS arming service not available: timeout exceeded while waiting for service /mavros/cmd/arming
[rosout][INFO] 2026-08-30 07:39:46,760: Target Tracking Controller started in SEARCHING mode
[rospy.internal][INFO] 2026-08-30 07:39:47,105: topic[/detected_objects] adding connection to [http://localhost:41719/], count 0
[rospy.core][INFO] 2026-08-30 07:46:12,580: signal_shutdown [signal-2]
[rospy.internal][INFO] 2026-08-30 07:46:12,636: topic[/rosout] removing connection to /rosout
[rospy.internal][INFO] 2026-08-30 07:46:12,637: topic[/tracked_targets] removing connection to /mission_manager
[rospy.internal][INFO] 2026-08-30 07:46:12,638: topic[/target_tracking_controller/node_health] removing connection to /health_checker
[rospy.internal][INFO] 2026-08-30 07:46:12,639: topic[/detected_objects] removing connection to http://localhost:41719/
[rospy.internal][INFO] 2026-08-30 07:46:12,640: topic[/mission_status] removing connection to http://localhost:46107/
[rospy.impl.masterslave][INFO] 2026-08-30 07:46:12,641: signal-2
[rospy.core][INFO] 2026-08-30 07:46:13,193: signal_shutdown [atexit]
