[rospy.client][INFO] 2026-08-30 07:39:46,635: init_node, name[/yolo_detector], pid[93]
[xmlrpc][INFO] 2026-08-30 07:39:46,638: XML-RPC server binding to 127.0.0.1:0
[xmlrpc][INFO] 2026-08-30 07:39:46,639: Started XML-RPC server [http://localhost:41719/]
[rospy.impl.masterslave][INFO] 2026-08-30 07:39:46,639: _ready: http://localhost:41719/
[rospy.registration][INFO] 2026-08-30 07:39:46,640: Registering with master node http://localhost:11311
[xmlrpc][INFO] 2026-08-30 07:39:46,641: xml rpc node: starting XML-RPC server
[rospy.init][INFO] 2026-08-30 07:39:46,641: ROS Slave URI: [http://localhost:41719/]
[rospy.init][INFO] 2026-08-30 07:39:46,641: registered with master
[rospy.rosout][INFO] 2026-08-30 07:39:46,642: initializing /rosout core topic
[rospy.rosout][INFO] 2026-08-30 07:39:46,645: connected to core topic /rosout
[rospy.simtime][INFO] 2026-08-30 07:39:46,646: /use_sim_time is not set, will not subscribe to simulated time [/clock] topic
[rosout][INFO] 2026-08-30 07:39:46,663: Loading YOLO model from: /PX4-Autopilot/yolov8s.pt
[rospy.internal][INFO] 2026-08-30 07:39:46,670: topic[/mission_status] adding connection to [http://localhost:46107/], count 0
[rospy.internal][INFO] 2026-08-30 07:39:46,696: topic[/yolo_detector/node_health] adding connection to [/health_checker], count 0
[rospy.internal][INFO] 2026-08-30 07:39:46,860: topic[/rosout] adding connection to [/rosout], count 0
[rosout][INFO] 2026-08-30 07:39:47,081: YOLO model loaded successfully!
[rosout][INFO] 2026-08-30 07:39:47,086: YOLO Detector initialized in production mode
[rosout][INFO] 2026-08-30 07:39:47,088: Vehicle classes: [2, 3, 5, 6, 7]
[rospy.internal][INFO] 2026-08-30 07:39:47,106: topic[/detected_objects] adding connection to [/target_tracking_controller], count 0
[rospy.core][INFO] 2026-08-30 07:46:12,585: signal_shutdown [signal-2]
[rospy.internal][INFO] 2026-08-30 07:46:12,643: topic[/rosout] removing connection to /rosout
[rospy.internal][INFO] 2026-08-30 07:46:12,643: topic[/yolo_detector/node_health] removing connection to /health_checker
[rospy.internal][INFO] 2026-08-30 07:46:12,643: topic[/detected_objects] removing connection to /target_tracking_controller
[rospy.internal][INFO] 2026-08-30 07:46:12,660: topic[/mission_status] removing connection to http://localhost:46107/
[rospy.impl.masterslave][INFO] 2026-08-30 07:46:12,663: signal-2
[rospy.core][INFO] 2026-08-30 07:46:13,225: signal_shutdown [atexit]
