[roslaunch][INFO] 2026-08-30 00:03:36,605: Checking log directory for disk usage. This may take a while.
Press Ctrl-C to interrupt
[roslaunch][INFO] 2026-08-30 00:03:36,679: Done checking log file disk usage. Usage is <1GB.
[roslaunch][INFO] 2026-08-30 00:03:36,681: roslaunch starting with args ['/opt/ros/noetic/bin/roslaunch', 'drone_control', 'kamikaze.launch', 'mode:=production']
[roslaunch][INFO] 2026-08-30 00:03:36,682: roslaunch env is environ({'ROS_VERSION': '1', 'PYTHONUNBUFFERED': '1', 'PKG_CONFIG_PATH': '/root/catkin_ws/devel/lib/pkgconfig:/opt/ros/noetic/lib/pkgconfig', 'ROS_PYTHON_VERSION': '3', 'HOSTNAME': 'kamikaze', 'ROS_PACKAGE_PATH': '/root/catkin_ws/src:/opt/ros/noetic/share', 'ROSLISP_PACKAGE_DIRECTORIES': '/root/catkin_ws/devel/share/common-lisp', 'PWD': '/root/catkin_ws', 'ENABLE_SIMULATION': 'false', 'ROS_IP': '127.0.0.1', 'HOME': '/root', 'LANG': 'C.UTF-8', 'ROS_ETC_DIR': '/opt/ros/noetic/etc/ros', 'CMAKE_PREFIX_PATH': '/root/catkin_ws/devel:/opt/ros/noetic', 'PYTHONPATH': '/root/catkin_ws/devel/lib/python3/dist-packages:/root/catkin_ws/devel/lib/python3/dist-packages:/opt/ros/noetic/lib/python3/dist-packages', 'DISPLAY': ':0', 'SHLVL': '0', 'ROS_MASTER_URI': 'http://localhost:11311', 'ROS_HOSTNAME': 'localhost', 'LD_LIBRARY_PATH': '/root/catkin_ws/devel/lib:/opt/ros/noetic/lib', 'ENABLE_PERFORMANCE_MONITORING': 'true', 'LC_ALL': 'C.UTF-8', 'PATH': '/opt/ros/noetic/bin:/usr/local/sbin:/usr/local/bin:/usr/sbin:/usr/bin:/sbin:/bin', 'DEBIAN_FRONTEND': 'noninteractive', 'ROS_ROOT': '/opt/ros/noetic/share/ros', 'ROS_DISTRO': 'noetic', 'QT_X11_NO_MITSHM': '1', 'ENABLE_GUI': 'false', 'ROS_LOG_FILENAME': '/root/.ros/log/3f61736c-a406-11f1-8759-1a78306416a9/roslaunch-kamikaze-1.log'})
[roslaunch][INFO] 2026-08-30 00:03:36,682: starting in server mode
[roslaunch.parent][INFO] 2026-08-30 00:03:36,683: starting roslaunch parent run
[roslaunch][INFO] 2026-08-30 00:03:36,684: loading roscore config file /opt/ros/noetic/etc/ros/roscore.xml
[roslaunch][INFO] 2026-08-30 00:03:37,700: Added core node of type [rosout/rosout] in namespace [/]
[roslaunch.config][INFO] 2026-08-30 00:03:37,701: loading config file /root/catkin_ws/src/drone_control/launch/kamikaze.launch
[roslaunch][INFO] 2026-08-30 00:03:37,892: Added node of type [drone_control/parameter_validator.py] in namespace [/]
[roslaunch][INFO] 2026-08-30 00:03:37,893: Added node of type [drone_control/command_interpreter.py] in namespace [/]
[roslaunch][INFO] 2026-08-30 00:03:37,895: Added node of type [drone_control/mission_manager.py] in namespace [/]
[roslaunch][INFO] 2026-08-30 00:03:37,896: Added node of type [drone_control/camera_calibration.py] in namespace [/]
[roslaunch][INFO] 2026-08-30 00:03:37,898: Added node of type [drone_control/yolo_detector.py] in namespace [/]
[roslaunch][INFO] 2026-08-30 00:03:37,899: Added node of type [drone_control/sensor_fusion.py] in namespace [/]
[roslaunch][INFO] 2026-08-30 00:03:37,900: Added node of type [drone_control/target_tracking_controller.py] in namespace [/]
[roslaunch][INFO] 2026-08-30 00:03:37,903: Added node of type [drone_control/vehicle_state_monitor.py] in namespace [/]
[roslaunch][INFO] 2026-08-30 00:03:37,905: Added node of type [drone_control/safety_monitor.py] in namespace [/]
[roslaunch][INFO] 2026-08-30 00:03:37,908: Added node of type [drone_control/system_health_monitor.py] in namespace [/]
[roslaunch][INFO] 2026-08-30 00:03:37,911: Added node of type [drone_control/health_checker.py] in namespace [/]
[roslaunch][INFO] 2026-08-30 00:03:37,911: ... selected machine [] for node of type [drone_control/parameter_validator.py]
[roslaunch][INFO] 2026-08-30 00:03:37,911: ... selected machine [] for node of type [drone_control/command_interpreter.py]
[roslaunch][INFO] 2026-08-30 00:03:37,912: ... selected machine [] for node of type [drone_control/mission_manager.py]
[roslaunch][INFO] 2026-08-30 00:03:37,912: ... selected machine [] for node of type [drone_control/camera_calibration.py]
[roslaunch][INFO] 2026-08-30 00:03:37,912: ... selected machine [] for node of type [drone_control/yolo_detector.py]
[roslaunch][INFO] 2026-08-30 00:03:37,912: ... selected machine [] for node of type [drone_control/sensor_fusion.py]
[roslaunch][INFO] 2026-08-30 00:03:37,912: ... selected machine [] for node of type [drone_control/target_tracking_controller.py]
[roslaunch][INFO] 2026-08-30 00:03:37,912: ... selected machine [] for node of type [drone_control/vehicle_state_monitor.py]
[roslaunch][INFO] 2026-08-30 00:03:37,912: ... selected machine [] for node of type [drone_control/safety_monitor.py]
[roslaunch][INFO] 2026-08-30 00:03:37,913: ... selected machine [] for node of type [drone_control/system_health_monitor.py]
[roslaunch][INFO] 2026-08-30 00:03:37,913: ... selected machine [] for node of type [drone_control/health_checker.py]
[roslaunch.pmon][INFO] 2026-08-30 00:03:37,922: start_process_monitor: creating ProcessMonitor
[roslaunch.pmon][INFO] 2026-08-30 00:03:37,923: created process monitor <ProcessMonitor(ProcessMonitor-1, initial daemon)>
[roslaunch.pmon][INFO] 2026-08-30 00:03:37,930: start_process_monitor: ProcessMonitor started
[roslaunch.parent][INFO] 2026-08-30 00:03:37,931: starting parent XML-RPC server
[roslaunch.server][INFO] 2026-08-30 00:03:37,932: starting roslaunch XML-RPC server
[roslaunch.server][INFO] 2026-08-30 00:03:37,932: waiting for roslaunch XML-RPC server to initialize
[xmlrpc][INFO] 2026-08-30 00:03:37,933: XML-RPC server binding to 127.0.0.1:0
[xmlrpc][INFO] 2026-08-30 00:03:37,935: Started XML-RPC server [http://localhost:33293/]
[xmlrpc][INFO] 2026-08-30 00:03:37,937: xml rpc node: starting XML-RPC server
[roslaunch][INFO] 2026-08-30 00:03:37,960: started roslaunch server http://localhost:33293/
[roslaunch.parent][INFO] 2026-08-30 00:03:37,962: ... parent XML-RPC server started
[roslaunch][INFO] 2026-08-30 00:03:37,970: master.is_running[http://localhost:11311]
[roslaunch][INFO] 2026-08-30 00:03:37,981: auto-starting new master
[roslaunch][INFO] 2026-08-30 00:03:37,982: create_master_process: rosmaster, /opt/ros/noetic/share/ros, 11311, 3, None, False
[roslaunch][INFO] 2026-08-30 00:03:37,982: process[master]: launching with args [['rosmaster', '--core', '-p', '11311', '-w', '3']]
[roslaunch.pmon][INFO] 2026-08-30 00:03:37,983: ProcessMonitor.register[master]
[roslaunch.pmon][INFO] 2026-08-30 00:03:37,983: ProcessMonitor.register[master] complete
[roslaunch][INFO] 2026-08-30 00:03:37,983: process[master]: starting os process
[roslaunch][INFO] 2026-08-30 00:03:37,984: process[master]: start w/ args [['rosmaster', '--core', '-p', '11311', '-w', '3', '__log:=/root/.ros/log/3f61736c-a406-11f1-8759-1a78306416a9/master.log']]
[roslaunch][INFO] 2026-08-30 00:03:37,985: process[master]: cwd will be [/root/.ros]
[roslaunch][INFO] 2026-08-30 00:03:38,009: process[master]: started with pid [83]
[roslaunch][INFO] 2026-08-30 00:03:38,011: master.is_running[http://localhost:11311]
[roslaunch][INFO] 2026-08-30 00:03:38,117: master.is_running[http://localhost:11311]
[roslaunch][INFO] 2026-08-30 00:03:38,226: master.is_running[http://localhost:11311]
[roslaunch][INFO] 2026-08-30 00:03:38,339: master.is_running[http://localhost:11311]
[roslaunch][INFO] 2026-08-30 00:03:38,450: master.is_running[http://localhost:11311]
[roslaunch][INFO] 2026-08-30 00:03:38,563: master.is_running[http://localhost:11311]
[roslaunch][INFO] 2026-08-30 00:03:38,689: master.is_running[http://localhost:11311]
[roslaunch][INFO] 2026-08-30 00:03:38,796: master.is_running[http://localhost:11311]
[roslaunch][INFO] 2026-08-30 00:03:38,899: master.is_running[http://localhost:11311]
[roslaunch][INFO] 2026-08-30 00:03:39,018: master.is_running[http://localhost:11311]
[roslaunch][INFO] 2026-08-30 00:03:39,142: master.is_running[http://localhost:11311]
[roslaunch][INFO] 2026-08-30 00:03:39,254: master.is_running[http://localhost:11311]
[roslaunch][INFO] 2026-08-30 00:03:39,359: master.is_running[http://localhost:11311]
[roslaunch][INFO] 2026-08-30 00:03:39,463: master.is_running[http://localhost:11311]
[roslaunch][INFO] 2026-08-30 00:03:39,477: master.is_running[http://localhost:11311]
[roslaunch][INFO] 2026-08-30 00:03:39,481: ROS_MASTER_URI=http://localhost:11311
[roslaunch][INFO] 2026-08-30 00:03:39,486: setting /run_id to 3f61736c-a406-11f1-8759-1a78306416a9
[roslaunch][INFO] 2026-08-30 00:03:39,491: setting /roslaunch/uris/host_localhost__33293' to http://localhost:33293/
[roslaunch][INFO] 2026-08-30 00:03:39,497: ... preparing to launch node of type [rosout/rosout]
[roslaunch][INFO] 2026-08-30 00:03:39,498: create_node_process: package[rosout] type[rosout] machine[Machine(name[] env_loader[None] address[localhost] ssh_port[22] user[None] assignable[True] timeout[10.0])] master_uri[http://localhost:11311]
[roslaunch][INFO] 2026-08-30 00:03:39,499: process[rosout-1]: env[{'ROS_VERSION': '1', 'PYTHONUNBUFFERED': '1', 'PKG_CONFIG_PATH': '/root/catkin_ws/devel/lib/pkgconfig:/opt/ros/noetic/lib/pkgconfig', 'ROS_PYTHON_VERSION': '3', 'HOSTNAME': 'kamikaze', 'ROS_PACKAGE_PATH': '/root/catkin_ws/src:/opt/ros/noetic/share', 'ROSLISP_PACKAGE_DIRECTORIES': '/root/catkin_ws/devel/share/common-lisp', 'PWD': '/root/catkin_ws', 'ENABLE_SIMULATION': 'false', 'ROS_IP': '127.0.0.1', 'HOME': '/root', 'LANG': 'C.UTF-8', 'ROS_ETC_DIR': '/opt/ros/noetic/etc/ros', 'CMAKE_PREFIX_PATH': '/root/catkin_ws/devel:/opt/ros/noetic', 'PYTHONPATH': '/root/catkin_ws/devel/lib/python3/dist-packages:/root/catkin_ws/devel/lib/python3/dist-packages:/opt/ros/noetic/lib/python3/dist-packages', 'DISPLAY': ':0', 'SHLVL': '0', 'ROS_MASTER_URI': 'http://localhost:11311', 'ROS_HOSTNAME': 'localhost', 'LD_LIBRARY_PATH': '/root/catkin_ws/devel/lib:/opt/ros/noetic/lib', 'ENABLE_PERFORMANCE_MONITORING': 'true', 'LC_ALL': 'C.UTF-8', 'PATH': '/opt/ros/noetic/bin:/usr/local/sbin:/usr/local/bin:/usr/sbin:/usr/bin:/sbin:/bin', 'DEBIAN_FRONTEND': 'noninteractive', 'ROS_ROOT': '/opt/ros/noetic/share/ros', 'ROS_DISTRO': 'noetic', 'QT_X11_NO_MITSHM': '1', 'ENABLE_GUI': 'false', 'ROS_LOG_FILENAME': '/root/.ros/log/3f61736c-a406-11f1-8759-1a78306416a9/roslaunch-kamikaze-1.log'}]
[roslaunch][INFO] 2026-08-30 00:03:39,540: process[rosout-1]: args[['/opt/ros/noetic/lib/rosout/rosout', '__name:=rosout']]
[roslaunch][INFO] 2026-08-30 00:03:39,540: ... created process [rosout-1]
[roslaunch.pmon][INFO] 2026-08-30 00:03:39,540: ProcessMonitor.register[rosout-1]
[roslaunch.pmon][INFO] 2026-08-30 00:03:39,540: ProcessMonitor.register[rosout-1] complete
[roslaunch][INFO] 2026-08-30 00:03:39,541: ... registered process [rosout-1]
[roslaunch][INFO] 2026-08-30 00:03:39,541: process[rosout-1]: starting os process
[roslaunch][INFO] 2026-08-30 00:03:39,542: process[rosout-1]: start w/ args [['/opt/ros/noetic/lib/rosout/rosout', '__name:=rosout', '__log:=/root/.ros/log/3f61736c-a406-11f1-8759-1a78306416a9/rosout-1.log']]
[roslaunch][INFO] 2026-08-30 00:03:39,542: process[rosout-1]: cwd will be [/root/.ros]
[roslaunch][INFO] 2026-08-30 00:03:39,552: process[rosout-1]: started with pid [100]
[roslaunch][INFO] 2026-08-30 00:03:39,554: ... successfully launched [rosout-1]
[roslaunch][INFO] 2026-08-30 00:03:39,555: load_parameters starting ...
[roslaunch][INFO] 2026-08-30 00:03:39,722: ... load_parameters complete
[roslaunch][INFO] 2026-08-30 00:03:39,724: launch_nodes: launching local nodes ...
[roslaunch][INFO] 2026-08-30 00:03:39,726: ... preparing to launch node of type [drone_control/parameter_validator.py]
[roslaunch][INFO] 2026-08-30 00:03:39,727: create_node_process: package[drone_control] type[parameter_validator.py] machine[Machine(name[] env_loader[None] address[localhost] ssh_port[22] user[None] assignable[True] timeout[10.0])] master_uri[http://localhost:11311]
[roslaunch][INFO] 2026-08-30 00:03:39,727: process[parameter_validator-2]: env[{'ROS_VERSION': '1', 'PYTHONUNBUFFERED': '1', 'PKG_CONFIG_PATH': '/root/catkin_ws/devel/lib/pkgconfig:/opt/ros/noetic/lib/pkgconfig', 'ROS_PYTHON_VERSION': '3', 'HOSTNAME': 'kamikaze', 'ROS_PACKAGE_PATH': '/root/catkin_ws/src:/opt/ros/noetic/share', 'ROSLISP_PACKAGE_DIRECTORIES': '/root/catkin_ws/devel/share/common-lisp', 'PWD': '/root/catkin_ws', 'ENABLE_SIMULATION': 'false', 'ROS_IP': '127.0.0.1', 'HOME': '/root', 'LANG': 'C.UTF-8', 'ROS_ETC_DIR': '/opt/ros/noetic/etc/ros', 'CMAKE_PREFIX_PATH': '/root/catkin_ws/devel:/opt/ros/noetic', 'PYTHONPATH': '/root/catkin_ws/devel/lib/python3/dist-packages:/root/catkin_ws/devel/lib/python3/dist-packages:/opt/ros/noetic/lib/python3/dist-packages', 'DISPLAY': ':0', 'SHLVL': '0', 'ROS_MASTER_URI': 'http://localhost:11311', 'ROS_HOSTNAME': 'localhost', 'LD_LIBRARY_PATH': '/root/catkin_ws/devel/lib:/opt/ros/noetic/lib', 'ENABLE_PERFORMANCE_MONITORING': 'true', 'LC_ALL': 'C.UTF-8', 'PATH': '/opt/ros/noetic/bin:/usr/local/sbin:/usr/local/bin:/usr/sbin:/usr/bin:/sbin:/bin', 'DEBIAN_FRONTEND': 'noninteractive', 'ROS_ROOT': '/opt/ros/noetic/share/ros', 'ROS_DISTRO': 'noetic', 'QT_X11_NO_MITSHM': '1', 'ENABLE_GUI': 'false', 'ROS_LOG_FILENAME': '/root/.ros/log/3f61736c-a406-11f1-8759-1a78306416a9/roslaunch-kamikaze-1.log'}]
[roslaunch][INFO] 2026-08-30 00:03:39,731: process[parameter_validator-2]: args[['/root/catkin_ws/devel/lib/drone_control/parameter_validator.py', '__name:=parameter_validator']]
[roslaunch][INFO] 2026-08-30 00:03:39,732: ... created process [parameter_validator-2]
[roslaunch.pmon][INFO] 2026-08-30 00:03:39,732: ProcessMonitor.register[parameter_validator-2]
[roslaunch.pmon][INFO] 2026-08-30 00:03:39,732: ProcessMonitor.register[parameter_validator-2] complete
[roslaunch][INFO] 2026-08-30 00:03:39,732: ... registered process [parameter_validator-2]
[roslaunch][INFO] 2026-08-30 00:03:39,732: process[parameter_validator-2]: starting os process
[roslaunch][INFO] 2026-08-30 00:03:39,733: process[parameter_validator-2]: start w/ args [['/root/catkin_ws/devel/lib/drone_control/parameter_validator.py', '__name:=parameter_validator', '__log:=/root/.ros/log/3f61736c-a406-11f1-8759-1a78306416a9/parameter_validator-2.log']]
[roslaunch][INFO] 2026-08-30 00:03:39,733: process[parameter_validator-2]: cwd will be [/root/.ros]
[roslaunch][INFO] 2026-08-30 00:03:39,743: process[parameter_validator-2]: started with pid [104]
[roslaunch][INFO] 2026-08-30 00:03:39,744: ... successfully launched [parameter_validator-2]
[roslaunch][INFO] 2026-08-30 00:03:39,744: ... preparing to launch node of type [drone_control/command_interpreter.py]
[roslaunch][INFO] 2026-08-30 00:03:39,744: create_node_process: package[drone_control] type[command_interpreter.py] machine[Machine(name[] env_loader[None] address[localhost] ssh_port[22] user[None] assignable[True] timeout[10.0])] master_uri[http://localhost:11311]
[roslaunch][INFO] 2026-08-30 00:03:39,745: process[command_interpreter-3]: env[{'ROS_VERSION': '1', 'PYTHONUNBUFFERED': '1', 'PKG_CONFIG_PATH': '/root/catkin_ws/devel/lib/pkgconfig:/opt/ros/noetic/lib/pkgconfig', 'ROS_PYTHON_VERSION': '3', 'HOSTNAME': 'kamikaze', 'ROS_PACKAGE_PATH': '/root/catkin_ws/src:/opt/ros/noetic/share', 'ROSLISP_PACKAGE_DIRECTORIES': '/root/catkin_ws/devel/share/common-lisp', 'PWD': '/root/catkin_ws', 'ENABLE_SIMULATION': 'false', 'ROS_IP': '127.0.0.1', 'HOME': '/root', 'LANG': 'C.UTF-8', 'ROS_ETC_DIR': '/opt/ros/noetic/etc/ros', 'CMAKE_PREFIX_PATH': '/root/catkin_ws/devel:/opt/ros/noetic', 'PYTHONPATH': '/root/catkin_ws/devel/lib/python3/dist-packages:/root/catkin_ws/devel/lib/python3/dist-packages:/opt/ros/noetic/lib/python3/dist-packages', 'DISPLAY': ':0', 'SHLVL': '0', 'ROS_MASTER_URI': 'http://localhost:11311', 'ROS_HOSTNAME': 'localhost', 'LD_LIBRARY_PATH': '/root/catkin_ws/devel/lib:/opt/ros/noetic/lib', 'ENABLE_PERFORMANCE_MONITORING': 'true', 'LC_ALL': 'C.UTF-8', 'PATH': '/opt/ros/noetic/bin:/usr/local/sbin:/usr/local/bin:/usr/sbin:/usr/bin:/sbin:/bin', 'DEBIAN_FRONTEND': 'noninteractive', 'ROS_ROOT': '/opt/ros/noetic/share/ros', 'ROS_DISTRO': 'noetic', 'QT_X11_NO_MITSHM': '1', 'ENABLE_GUI': 'false', 'ROS_LOG_FILENAME': '/root/.ros/log/3f61736c-a406-11f1-8759-1a78306416a9/roslaunch-kamikaze-1.log'}]
[roslaunch][INFO] 2026-08-30 00:03:39,749: process[command_interpreter-3]: args[['/root/catkin_ws/devel/lib/drone_control/command_interpreter.py', '__name:=command_interpreter']]
[roslaunch][INFO] 2026-08-30 00:03:39,750: ... created process [command_interpreter-3]
[roslaunch.pmon][INFO] 2026-08-30 00:03:39,750: ProcessMonitor.register[command_interpreter-3]
[roslaunch.pmon][INFO] 2026-08-30 00:03:39,750: ProcessMonitor.register[command_interpreter-3] complete
[roslaunch][INFO] 2026-08-30 00:03:39,751: ... registered process [command_interpreter-3]
[roslaunch][INFO] 2026-08-30 00:03:39,751: process[command_interpreter-3]: starting os process
[roslaunch][INFO] 2026-08-30 00:03:39,751: process[command_interpreter-3]: start w/ args [['/root/catkin_ws/devel/lib/drone_control/command_interpreter.py', '__name:=command_interpreter', '__log:=/root/.ros/log/3f61736c-a406-11f1-8759-1a78306416a9/command_interpreter-3.log']]
[roslaunch][INFO] 2026-08-30 00:03:39,751: process[command_interpreter-3]: cwd will be [/root/.ros]
[roslaunch][INFO] 2026-08-30 00:03:39,761: process[command_interpreter-3]: started with pid [107]
[roslaunch][INFO] 2026-08-30 00:03:39,762: ... successfully launched [command_interpreter-3]
[roslaunch][INFO] 2026-08-30 00:03:39,762: ... preparing to launch node of type [drone_control/mission_manager.py]
[roslaunch][INFO] 2026-08-30 00:03:39,762: create_node_process: package[drone_control] type[mission_manager.py] machine[Machine(name[] env_loader[None] address[localhost] ssh_port[22] user[None] assignable[True] timeout[10.0])] master_uri[http://localhost:11311]
[roslaunch][INFO] 2026-08-30 00:03:39,763: process[mission_manager-4]: env[{'ROS_VERSION': '1', 'PYTHONUNBUFFERED': '1', 'PKG_CONFIG_PATH': '/root/catkin_ws/devel/lib/pkgconfig:/opt/ros/noetic/lib/pkgconfig', 'ROS_PYTHON_VERSION': '3', 'HOSTNAME': 'kamikaze', 'ROS_PACKAGE_PATH': '/root/catkin_ws/src:/opt/ros/noetic/share', 'ROSLISP_PACKAGE_DIRECTORIES': '/root/catkin_ws/devel/share/common-lisp', 'PWD': '/root/catkin_ws', 'ENABLE_SIMULATION': 'false', 'ROS_IP': '127.0.0.1', 'HOME': '/root', 'LANG': 'C.UTF-8', 'ROS_ETC_DIR': '/opt/ros/noetic/etc/ros', 'CMAKE_PREFIX_PATH': '/root/catkin_ws/devel:/opt/ros/noetic', 'PYTHONPATH': '/root/catkin_ws/devel/lib/python3/dist-packages:/root/catkin_ws/devel/lib/python3/dist-packages:/opt/ros/noetic/lib/python3/dist-packages', 'DISPLAY': ':0', 'SHLVL': '0', 'ROS_MASTER_URI': 'http://localhost:11311', 'ROS_HOSTNAME': 'localhost', 'LD_LIBRARY_PATH': '/root/catkin_ws/devel/lib:/opt/ros/noetic/lib', 'ENABLE_PERFORMANCE_MONITORING': 'true', 'LC_ALL': 'C.UTF-8', 'PATH': '/opt/ros/noetic/bin:/usr/local/sbin:/usr/local/bin:/usr/sbin:/usr/bin:/sbin:/bin', 'DEBIAN_FRONTEND': 'noninteractive', 'ROS_ROOT': '/opt/ros/noetic/share/ros', 'ROS_DISTRO': 'noetic', 'QT_X11_NO_MITSHM': '1', 'ENABLE_GUI': 'false', 'ROS_LOG_FILENAME': '/root/.ros/log/3f61736c-a406-11f1-8759-1a78306416a9/roslaunch-kamikaze-1.log'}]
[roslaunch][INFO] 2026-08-30 00:03:39,768: process[mission_manager-4]: args[['/root/catkin_ws/devel/lib/drone_control/mission_manager.py', '__name:=mission_manager']]
[roslaunch][INFO] 2026-08-30 00:03:39,768: ... created process [mission_manager-4]
[roslaunch.pmon][INFO] 2026-08-30 00:03:39,769: ProcessMonitor.register[mission_manager-4]
[roslaunch.pmon][INFO] 2026-08-30 00:03:39,769: ProcessMonitor.register[mission_manager-4] complete
[roslaunch][INFO] 2026-08-30 00:03:39,769: ... registered process [mission_manager-4]
[roslaunch][INFO] 2026-08-30 00:03:39,769: process[mission_manager-4]: starting os process
[roslaunch][INFO] 2026-08-30 00:03:39,770: process[mission_manager-4]: start w/ args [['/root/catkin_ws/devel/lib/drone_control/mission_manager.py', '__name:=mission_manager', '__log:=/root/.ros/log/3f61736c-a406-11f1-8759-1a78306416a9/mission_manager-4.log']]
[roslaunch][INFO] 2026-08-30 00:03:39,770: process[mission_manager-4]: cwd will be [/root/.ros]
[roslaunch][INFO] 2026-08-30 00:03:39,781: process[mission_manager-4]: started with pid [109]
[roslaunch][INFO] 2026-08-30 00:03:39,782: ... successfully launched [mission_manager-4]
[roslaunch][INFO] 2026-08-30 00:03:39,783: ... preparing to launch node of type [drone_control/camera_calibration.py]
[roslaunch][INFO] 2026-08-30 00:03:39,783: create_node_process: package[drone_control] type[camera_calibration.py] machine[Machine(name[] env_loader[None] address[localhost] ssh_port[22] user[None] assignable[True] timeout[10.0])] master_uri[http://localhost:11311]
[roslaunch][INFO] 2026-08-30 00:03:39,785: process[camera_calibration-5]: env[{'ROS_VERSION': '1', 'PYTHONUNBUFFERED': '1', 'PKG_CONFIG_PATH': '/root/catkin_ws/devel/lib/pkgconfig:/opt/ros/noetic/lib/pkgconfig', 'ROS_PYTHON_VERSION': '3', 'HOSTNAME': 'kamikaze', 'ROS_PACKAGE_PATH': '/root/catkin_ws/src:/opt/ros/noetic/share', 'ROSLISP_PACKAGE_DIRECTORIES': '/root/catkin_ws/devel/share/common-lisp', 'PWD': '/root/catkin_ws', 'ENABLE_SIMULATION': 'false', 'ROS_IP': '127.0.0.1', 'HOME': '/root', 'LANG': 'C.UTF-8', 'ROS_ETC_DIR': '/opt/ros/noetic/etc/ros', 'CMAKE_PREFIX_PATH': '/root/catkin_ws/devel:/opt/ros/noetic', 'PYTHONPATH': '/root/catkin_ws/devel/lib/python3/dist-packages:/root/catkin_ws/devel/lib/python3/dist-packages:/opt/ros/noetic/lib/python3/dist-packages', 'DISPLAY': ':0', 'SHLVL': '0', 'ROS_MASTER_URI': 'http://localhost:11311', 'ROS_HOSTNAME': 'localhost', 'LD_LIBRARY_PATH': '/root/catkin_ws/devel/lib:/opt/ros/noetic/lib', 'ENABLE_PERFORMANCE_MONITORING': 'true', 'LC_ALL': 'C.UTF-8', 'PATH': '/opt/ros/noetic/bin:/usr/local/sbin:/usr/local/bin:/usr/sbin:/usr/bin:/sbin:/bin', 'DEBIAN_FRONTEND': 'noninteractive', 'ROS_ROOT': '/opt/ros/noetic/share/ros', 'ROS_DISTRO': 'noetic', 'QT_X11_NO_MITSHM': '1', 'ENABLE_GUI': 'false', 'ROS_LOG_FILENAME': '/root/.ros/log/3f61736c-a406-11f1-8759-1a78306416a9/roslaunch-kamikaze-1.log'}]
[roslaunch][INFO] 2026-08-30 00:03:39,788: process[camera_calibration-5]: args[['/root/catkin_ws/devel/lib/drone_control/camera_calibration.py', '__name:=camera_calibration']]
[roslaunch][INFO] 2026-08-30 00:03:39,789: ... created process [camera_calibration-5]
[roslaunch.pmon][INFO] 2026-08-30 00:03:39,789: ProcessMonitor.register[camera_calibration-5]
[roslaunch.pmon][INFO] 2026-08-30 00:03:39,789: ProcessMonitor.register[camera_calibration-5] complete
[roslaunch][INFO] 2026-08-30 00:03:39,789: ... registered process [camera_calibration-5]
[roslaunch][INFO] 2026-08-30 00:03:39,789: process[camera_calibration-5]: starting os process
[roslaunch][INFO] 2026-08-30 00:03:39,790: process[camera_calibration-5]: start w/ args [['/root/catkin_ws/devel/lib/drone_control/camera_calibration.py', '__name:=camera_calibration', '__log:=/root/.ros/log/3f61736c-a406-11f1-8759-1a78306416a9/camera_calibration-5.log']]
[roslaunch][INFO] 2026-08-30 00:03:39,790: process[camera_calibration-5]: cwd will be [/root/.ros]
[roslaunch][INFO] 2026-08-30 00:03:39,800: process[camera_calibration-5]: started with pid [110]
[roslaunch][INFO] 2026-08-30 00:03:39,801: ... successfully launched [camera_calibration-5]
[roslaunch][INFO] 2026-08-30 00:03:39,801: ... preparing to launch node of type [drone_control/yolo_detector.py]
[roslaunch][INFO] 2026-08-30 00:03:39,801: create_node_process: package[drone_control] type[yolo_detector.py] machine[Machine(name[] env_loader[None] address[localhost] ssh_port[22] user[None] assignable[True] timeout[10.0])] master_uri[http://localhost:11311]
[roslaunch][INFO] 2026-08-30 00:03:39,802: process[yolo_detector-6]: env[{'ROS_VERSION': '1', 'PYTHONUNBUFFERED': '1', 'PKG_CONFIG_PATH': '/root/catkin_ws/devel/lib/pkgconfig:/opt/ros/noetic/lib/pkgconfig', 'ROS_PYTHON_VERSION': '3', 'HOSTNAME': 'kamikaze', 'ROS_PACKAGE_PATH': '/root/catkin_ws/src:/opt/ros/noetic/share', 'ROSLISP_PACKAGE_DIRECTORIES': '/root/catkin_ws/devel/share/common-lisp', 'PWD': '/root/catkin_ws', 'ENABLE_SIMULATION': 'false', 'ROS_IP': '127.0.0.1', 'HOME': '/root', 'LANG': 'C.UTF-8', 'ROS_ETC_DIR': '/opt/ros/noetic/etc/ros', 'CMAKE_PREFIX_PATH': '/root/catkin_ws/devel:/opt/ros/noetic', 'PYTHONPATH': '/root/catkin_ws/devel/lib/python3/dist-packages:/root/catkin_ws/devel/lib/python3/dist-packages:/opt/ros/noetic/lib/python3/dist-packages', 'DISPLAY': ':0', 'SHLVL': '0', 'ROS_MASTER_URI': 'http://localhost:11311', 'ROS_HOSTNAME': 'localhost', 'LD_LIBRARY_PATH': '/root/catkin_ws/devel/lib:/opt/ros/noetic/lib', 'ENABLE_PERFORMANCE_MONITORING': 'true', 'LC_ALL': 'C.UTF-8', 'PATH': '/opt/ros/noetic/bin:/usr/local/sbin:/usr/local/bin:/usr/sbin:/usr/bin:/sbin:/bin', 'DEBIAN_FRONTEND': 'noninteractive', 'ROS_ROOT': '/opt/ros/noetic/share/ros', 'ROS_DISTRO': 'noetic', 'QT_X11_NO_MITSHM': '1', 'ENABLE_GUI': 'false', 'ROS_LOG_FILENAME': '/root/.ros/log/3f61736c-a406-11f1-8759-1a78306416a9/roslaunch-kamikaze-1.log'}]
[roslaunch][INFO] 2026-08-30 00:03:39,806: process[yolo_detector-6]: args[['/root/catkin_ws/devel/lib/drone_control/yolo_detector.py', '__name:=yolo_detector']]
[roslaunch][INFO] 2026-08-30 00:03:39,806: ... created process [yolo_detector-6]
[roslaunch.pmon][INFO] 2026-08-30 00:03:39,807: ProcessMonitor.register[yolo_detector-6]
[roslaunch.pmon][INFO] 2026-08-30 00:03:39,807: ProcessMonitor.register[yolo_detector-6] complete
[roslaunch][INFO] 2026-08-30 00:03:39,807: ... registered process [yolo_detector-6]
[roslaunch][INFO] 2026-08-30 00:03:39,808: process[yolo_detector-6]: starting os process
[roslaunch][INFO] 2026-08-30 00:03:39,809: process[yolo_detector-6]: start w/ args [['/root/catkin_ws/devel/lib/drone_control/yolo_detector.py', '__name:=yolo_detector', '__log:=/root/.ros/log/3f61736c-a406-11f1-8759-1a78306416a9/yolo_detector-6.log']]
[roslaunch][INFO] 2026-08-30 00:03:39,809: process[yolo_detector-6]: cwd will be [/root/.ros]
[roslaunch][INFO] 2026-08-30 00:03:39,825: process[yolo_detector-6]: started with pid [111]
[roslaunch][INFO] 2026-08-30 00:03:39,826: ... successfully launched [yolo_detector-6]
[roslaunch][INFO] 2026-08-30 00:03:39,827: ... preparing to launch node of type [drone_control/sensor_fusion.py]
[roslaunch][INFO] 2026-08-30 00:03:39,827: create_node_process: package[drone_control] type[sensor_fusion.py] machine[Machine(name[] env_loader[None] address[localhost] ssh_port[22] user[None] assignable[True] timeout[10.0])] master_uri[http://localhost:11311]
[roslaunch][INFO] 2026-08-30 00:03:39,828: process[sensor_fusion-7]: env[{'ROS_VERSION': '1', 'PYTHONUNBUFFERED': '1', 'PKG_CONFIG_PATH': '/root/catkin_ws/devel/lib/pkgconfig:/opt/ros/noetic/lib/pkgconfig', 'ROS_PYTHON_VERSION': '3', 'HOSTNAME': 'kamikaze', 'ROS_PACKAGE_PATH': '/root/catkin_ws/src:/opt/ros/noetic/share', 'ROSLISP_PACKAGE_DIRECTORIES': '/root/catkin_ws/devel/share/common-lisp', 'PWD': '/root/catkin_ws', 'ENABLE_SIMULATION': 'false', 'ROS_IP': '127.0.0.1', 'HOME': '/root', 'LANG': 'C.UTF-8', 'ROS_ETC_DIR': '/opt/ros/noetic/etc/ros', 'CMAKE_PREFIX_PATH': '/root/catkin_ws/devel:/opt/ros/noetic', 'PYTHONPATH': '/root/catkin_ws/devel/lib/python3/dist-packages:/root/catkin_ws/devel/lib/python3/dist-packages:/opt/ros/noetic/lib/python3/dist-packages', 'DISPLAY': ':0', 'SHLVL': '0', 'ROS_MASTER_URI': 'http://localhost:11311', 'ROS_HOSTNAME': 'localhost', 'LD_LIBRARY_PATH': '/root/catkin_ws/devel/lib:/opt/ros/noetic/lib', 'ENABLE_PERFORMANCE_MONITORING': 'true', 'LC_ALL': 'C.UTF-8', 'PATH': '/opt/ros/noetic/bin:/usr/local/sbin:/usr/local/bin:/usr/sbin:/usr/bin:/sbin:/bin', 'DEBIAN_FRONTEND': 'noninteractive', 'ROS_ROOT': '/opt/ros/noetic/share/ros', 'ROS_DISTRO': 'noetic', 'QT_X11_NO_MITSHM': '1', 'ENABLE_GUI': 'false', 'ROS_LOG_FILENAME': '/root/.ros/log/3f61736c-a406-11f1-8759-1a78306416a9/roslaunch-kamikaze-1.log'}]
[roslaunch][INFO] 2026-08-30 00:03:39,831: process[sensor_fusion-7]: args[['/root/catkin_ws/devel/lib/drone_control/sensor_fusion.py', '__name:=sensor_fusion']]
[roslaunch][INFO] 2026-08-30 00:03:39,832: ... created process [sensor_fusion-7]
[roslaunch.pmon][INFO] 2026-08-30 00:03:39,832: ProcessMonitor.register[sensor_fusion-7]
[roslaunch.pmon][INFO] 2026-08-30 00:03:39,833: ProcessMonitor.register[sensor_fusion-7] complete
[roslaunch][INFO] 2026-08-30 00:03:39,833: ... registered process [sensor_fusion-7]
[roslaunch][INFO] 2026-08-30 00:03:39,833: process[sensor_fusion-7]: starting os process
[roslaunch][INFO] 2026-08-30 00:03:39,833: process[sensor_fusion-7]: start w/ args [['/root/catkin_ws/devel/lib/drone_control/sensor_fusion.py', '__name:=sensor_fusion', '__log:=/root/.ros/log/3f61736c-a406-11f1-8759-1a78306416a9/sensor_fusion-7.log']]
[roslaunch][INFO] 2026-08-30 00:03:39,834: process[sensor_fusion-7]: cwd will be [/root/.ros]
[roslaunch][INFO] 2026-08-30 00:03:39,844: process[sensor_fusion-7]: started with pid [112]
[roslaunch][INFO] 2026-08-30 00:03:39,845: ... successfully launched [sensor_fusion-7]
[roslaunch][INFO] 2026-08-30 00:03:39,845: ... preparing to launch node of type [drone_control/target_tracking_controller.py]
[roslaunch][INFO] 2026-08-30 00:03:39,845: create_node_process: package[drone_control] type[target_tracking_controller.py] machine[Machine(name[] env_loader[None] address[localhost] ssh_port[22] user[None] assignable[True] timeout[10.0])] master_uri[http://localhost:11311]
[roslaunch][INFO] 2026-08-30 00:03:39,846: process[target_tracking_controller-8]: env[{'ROS_VERSION': '1', 'PYTHONUNBUFFERED': '1', 'PKG_CONFIG_PATH': '/root/catkin_ws/devel/lib/pkgconfig:/opt/ros/noetic/lib/pkgconfig', 'ROS_PYTHON_VERSION': '3', 'HOSTNAME': 'kamikaze', 'ROS_PACKAGE_PATH': '/root/catkin_ws/src:/opt/ros/noetic/share', 'ROSLISP_PACKAGE_DIRECTORIES': '/root/catkin_ws/devel/share/common-lisp', 'PWD': '/root/catkin_ws', 'ENABLE_SIMULATION': 'false', 'ROS_IP': '127.0.0.1', 'HOME': '/root', 'LANG': 'C.UTF-8', 'ROS_ETC_DIR': '/opt/ros/noetic/etc/ros', 'CMAKE_PREFIX_PATH': '/root/catkin_ws/devel:/opt/ros/noetic', 'PYTHONPATH': '/root/catkin_ws/devel/lib/python3/dist-packages:/root/catkin_ws/devel/lib/python3/dist-packages:/opt/ros/noetic/lib/python3/dist-packages', 'DISPLAY': ':0', 'SHLVL': '0', 'ROS_MASTER_URI': 'http://localhost:11311', 'ROS_HOSTNAME': 'localhost', 'LD_LIBRARY_PATH': '/root/catkin_ws/devel/lib:/opt/ros/noetic/lib', 'ENABLE_PERFORMANCE_MONITORING': 'true', 'LC_ALL': 'C.UTF-8', 'PATH': '/opt/ros/noetic/bin:/usr/local/sbin:/usr/local/bin:/usr/sbin:/usr/bin:/sbin:/bin', 'DEBIAN_FRONTEND': 'noninteractive', 'ROS_ROOT': '/opt/ros/noetic/share/ros', 'ROS_DISTRO': 'noetic', 'QT_X11_NO_MITSHM': '1', 'ENABLE_GUI': 'false', 'ROS_LOG_FILENAME': '/root/.ros/log/3f61736c-a406-11f1-8759-1a78306416a9/roslaunch-kamikaze-1.log'}]
[roslaunch][INFO] 2026-08-30 00:03:39,852: process[target_tracking_controller-8]: args[['/root/catkin_ws/devel/lib/drone_control/target_tracking_controller.py', '__name:=target_tracking_controller']]
[roslaunch][INFO] 2026-08-30 00:03:39,853: ... created process [target_tracking_controller-8]
[roslaunch.pmon][INFO] 2026-08-30 00:03:39,853: ProcessMonitor.register[target_tracking_controller-8]
[roslaunch.pmon][INFO] 2026-08-30 00:03:39,853: ProcessMonitor.register[target_tracking_controller-8] complete
[roslaunch][INFO] 2026-08-30 00:03:39,853: ... registered process [target_tracking_controller-8]
[roslaunch][INFO] 2026-08-30 00:03:39,853: process[target_tracking_controller-8]: starting os process
[roslaunch][INFO] 2026-08-30 00:03:39,854: process[target_tracking_controller-8]: start w/ args [['/root/catkin_ws/devel/lib/drone_control/target_tracking_controller.py', '__name:=target_tracking_controller', '__log:=/root/.ros/log/3f61736c-a406-11f1-8759-1a78306416a9/target_tracking_controller-8.log']]
[roslaunch][INFO] 2026-08-30 00:03:39,854: process[target_tracking_controller-8]: cwd will be [/root/.ros]
[roslaunch][INFO] 2026-08-30 00:03:39,862: process[target_tracking_controller-8]: started with pid [113]
[roslaunch][INFO] 2026-08-30 00:03:39,863: ... successfully launched [target_tracking_controller-8]
[roslaunch][INFO] 2026-08-30 00:03:39,864: ... preparing to launch node of type [drone_control/vehicle_state_monitor.py]
[roslaunch][INFO] 2026-08-30 00:03:39,864: create_node_process: package[drone_control] type[vehicle_state_monitor.py] machine[Machine(name[] env_loader[None] address[localhost] ssh_port[22] user[None] assignable[True] timeout[10.0])] master_uri[http://localhost:11311]
[roslaunch][INFO] 2026-08-30 00:03:39,864: process[vehicle_state_monitor-9]: env[{'ROS_VERSION': '1', 'PYTHONUNBUFFERED': '1', 'PKG_CONFIG_PATH': '/root/catkin_ws/devel/lib/pkgconfig:/opt/ros/noetic/lib/pkgconfig', 'ROS_PYTHON_VERSION': '3', 'HOSTNAME': 'kamikaze', 'ROS_PACKAGE_PATH': '/root/catkin_ws/src:/opt/ros/noetic/share', 'ROSLISP_PACKAGE_DIRECTORIES': '/root/catkin_ws/devel/share/common-lisp', 'PWD': '/root/catkin_ws', 'ENABLE_SIMULATION': 'false', 'ROS_IP': '127.0.0.1', 'HOME': '/root', 'LANG': 'C.UTF-8', 'ROS_ETC_DIR': '/opt/ros/noetic/etc/ros', 'CMAKE_PREFIX_PATH': '/root/catkin_ws/devel:/opt/ros/noetic', 'PYTHONPATH': '/root/catkin_ws/devel/lib/python3/dist-packages:/root/catkin_ws/devel/lib/python3/dist-packages:/opt/ros/noetic/lib/python3/dist-packages', 'DISPLAY': ':0', 'SHLVL': '0', 'ROS_MASTER_URI': 'http://localhost:11311', 'ROS_HOSTNAME': 'localhost', 'LD_LIBRARY_PATH': '/root/catkin_ws/devel/lib:/opt/ros/noetic/lib', 'ENABLE_PERFORMANCE_MONITORING': 'true', 'LC_ALL': 'C.UTF-8', 'PATH': '/opt/ros/noetic/bin:/usr/local/sbin:/usr/local/bin:/usr/sbin:/usr/bin:/sbin:/bin', 'DEBIAN_FRONTEND': 'noninteractive', 'ROS_ROOT': '/opt/ros/noetic/share/ros', 'ROS_DISTRO': 'noetic', 'QT_X11_NO_MITSHM': '1', 'ENABLE_GUI': 'false', 'ROS_LOG_FILENAME': '/root/.ros/log/3f61736c-a406-11f1-8759-1a78306416a9/roslaunch-kamikaze-1.log'}]
[roslaunch][INFO] 2026-08-30 00:03:39,870: process[vehicle_state_monitor-9]: args[['/root/catkin_ws/devel/lib/drone_control/vehicle_state_monitor.py', '__name:=vehicle_state_monitor']]
[roslaunch][INFO] 2026-08-30 00:03:39,871: ... created process [vehicle_state_monitor-9]
[roslaunch.pmon][INFO] 2026-08-30 00:03:39,872: ProcessMonitor.register[vehicle_state_monitor-9]
[roslaunch.pmon][INFO] 2026-08-30 00:03:39,872: ProcessMonitor.register[vehicle_state_monitor-9] complete
[roslaunch][INFO] 2026-08-30 00:03:39,872: ... registered process [vehicle_state_monitor-9]
[roslaunch][INFO] 2026-08-30 00:03:39,872: process[vehicle_state_monitor-9]: starting os process
[roslaunch][INFO] 2026-08-30 00:03:39,873: process[vehicle_state_monitor-9]: start w/ args [['/root/catkin_ws/devel/lib/drone_control/vehicle_state_monitor.py', '__name:=vehicle_state_monitor', '__log:=/root/.ros/log/3f61736c-a406-11f1-8759-1a78306416a9/vehicle_state_monitor-9.log']]
[roslaunch][INFO] 2026-08-30 00:03:39,873: process[vehicle_state_monitor-9]: cwd will be [/root/.ros]
[roslaunch][INFO] 2026-08-30 00:03:39,883: process[vehicle_state_monitor-9]: started with pid [114]
[roslaunch][INFO] 2026-08-30 00:03:39,884: ... successfully launched [vehicle_state_monitor-9]
[roslaunch][INFO] 2026-08-30 00:03:39,885: ... preparing to launch node of type [drone_control/safety_monitor.py]
[roslaunch][INFO] 2026-08-30 00:03:39,886: create_node_process: package[drone_control] type[safety_monitor.py] machine[Machine(name[] env_loader[None] address[localhost] ssh_port[22] user[None] assignable[True] timeout[10.0])] master_uri[http://localhost:11311]
[roslaunch][INFO] 2026-08-30 00:03:39,886: process[safety_monitor-10]: env[{'ROS_VERSION': '1', 'PYTHONUNBUFFERED': '1', 'PKG_CONFIG_PATH': '/root/catkin_ws/devel/lib/pkgconfig:/opt/ros/noetic/lib/pkgconfig', 'ROS_PYTHON_VERSION': '3', 'HOSTNAME': 'kamikaze', 'ROS_PACKAGE_PATH': '/root/catkin_ws/src:/opt/ros/noetic/share', 'ROSLISP_PACKAGE_DIRECTORIES': '/root/catkin_ws/devel/share/common-lisp', 'PWD': '/root/catkin_ws', 'ENABLE_SIMULATION': 'false', 'ROS_IP': '127.0.0.1', 'HOME': '/root', 'LANG': 'C.UTF-8', 'ROS_ETC_DIR': '/opt/ros/noetic/etc/ros', 'CMAKE_PREFIX_PATH': '/root/catkin_ws/devel:/opt/ros/noetic', 'PYTHONPATH': '/root/catkin_ws/devel/lib/python3/dist-packages:/root/catkin_ws/devel/lib/python3/dist-packages:/opt/ros/noetic/lib/python3/dist-packages', 'DISPLAY': ':0', 'SHLVL': '0', 'ROS_MASTER_URI': 'http://localhost:11311', 'ROS_HOSTNAME': 'localhost', 'LD_LIBRARY_PATH': '/root/catkin_ws/devel/lib:/opt/ros/noetic/lib', 'ENABLE_PERFORMANCE_MONITORING': 'true', 'LC_ALL': 'C.UTF-8', 'PATH': '/opt/ros/noetic/bin:/usr/local/sbin:/usr/local/bin:/usr/sbin:/usr/bin:/sbin:/bin', 'DEBIAN_FRONTEND': 'noninteractive', 'ROS_ROOT': '/opt/ros/noetic/share/ros', 'ROS_DISTRO': 'noetic', 'QT_X11_NO_MITSHM': '1', 'ENABLE_GUI': 'false', 'ROS_LOG_FILENAME': '/root/.ros/log/3f61736c-a406-11f1-8759-1a78306416a9/roslaunch-kamikaze-1.log'}]
[roslaunch][INFO] 2026-08-30 00:03:39,929: process[safety_monitor-10]: args[['/root/catkin_ws/devel/lib/drone_control/safety_monitor.py', '__name:=safety_monitor']]
[roslaunch][INFO] 2026-08-30 00:03:39,929: ... created process [safety_monitor-10]
[roslaunch.pmon][INFO] 2026-08-30 00:03:39,929: ProcessMonitor.register[safety_monitor-10]
[roslaunch.pmon][INFO] 2026-08-30 00:03:39,930: ProcessMonitor.register[safety_monitor-10] complete
[roslaunch][INFO] 2026-08-30 00:03:39,930: ... registered process [safety_monitor-10]
[roslaunch][INFO] 2026-08-30 00:03:39,930: process[safety_monitor-10]: starting os process
[roslaunch][INFO] 2026-08-30 00:03:39,930: process[safety_monitor-10]: start w/ args [['/root/catkin_ws/devel/lib/drone_control/safety_monitor.py', '__name:=safety_monitor', '__log:=/root/.ros/log/3f61736c-a406-11f1-8759-1a78306416a9/safety_monitor-10.log']]
[roslaunch][INFO] 2026-08-30 00:03:39,931: process[safety_monitor-10]: cwd will be [/root/.ros]
[roslaunch][INFO] 2026-08-30 00:03:39,958: process[safety_monitor-10]: started with pid [115]
[roslaunch][INFO] 2026-08-30 00:03:39,963: ... successfully launched [safety_monitor-10]
[roslaunch][INFO] 2026-08-30 00:03:39,963: ... preparing to launch node of type [drone_control/system_health_monitor.py]
[roslaunch][INFO] 2026-08-30 00:03:39,963: create_node_process: package[drone_control] type[system_health_monitor.py] machine[Machine(name[] env_loader[None] address[localhost] ssh_port[22] user[None] assignable[True] timeout[10.0])] master_uri[http://localhost:11311]
[roslaunch][INFO] 2026-08-30 00:03:39,964: process[system_health_monitor-11]: env[{'ROS_VERSION': '1', 'PYTHONUNBUFFERED': '1', 'PKG_CONFIG_PATH': '/root/catkin_ws/devel/lib/pkgconfig:/opt/ros/noetic/lib/pkgconfig', 'ROS_PYTHON_VERSION': '3', 'HOSTNAME': 'kamikaze', 'ROS_PACKAGE_PATH': '/root/catkin_ws/src:/opt/ros/noetic/share', 'ROSLISP_PACKAGE_DIRECTORIES': '/root/catkin_ws/devel/share/common-lisp', 'PWD': '/root/catkin_ws', 'ENABLE_SIMULATION': 'false', 'ROS_IP': '127.0.0.1', 'HOME': '/root', 'LANG': 'C.UTF-8', 'ROS_ETC_DIR': '/opt/ros/noetic/etc/ros', 'CMAKE_PREFIX_PATH': '/root/catkin_ws/devel:/opt/ros/noetic', 'PYTHONPATH': '/root/catkin_ws/devel/lib/python3/dist-packages:/root/catkin_ws/devel/lib/python3/dist-packages:/opt/ros/noetic/lib/python3/dist-packages', 'DISPLAY': ':0', 'SHLVL': '0', 'ROS_MASTER_URI': 'http://localhost:11311', 'ROS_HOSTNAME': 'localhost', 'LD_LIBRARY_PATH': '/root/catkin_ws/devel/lib:/opt/ros/noetic/lib', 'ENABLE_PERFORMANCE_MONITORING': 'true', 'LC_ALL': 'C.UTF-8', 'PATH': '/opt/ros/noetic/bin:/usr/local/sbin:/usr/local/bin:/usr/sbin:/usr/bin:/sbin:/bin', 'DEBIAN_FRONTEND': 'noninteractive', 'ROS_ROOT': '/opt/ros/noetic/share/ros', 'ROS_DISTRO': 'noetic', 'QT_X11_NO_MITSHM': '1', 'ENABLE_GUI': 'false', 'ROS_LOG_FILENAME': '/root/.ros/log/3f61736c-a406-11f1-8759-1a78306416a9/roslaunch-kamikaze-1.log'}]
[roslaunch][INFO] 2026-08-30 00:03:39,979: process[system_health_monitor-11]: args[['/root/catkin_ws/devel/lib/drone_control/system_health_monitor.py', '__name:=system_health_monitor']]
[roslaunch][INFO] 2026-08-30 00:03:40,024: ... created process [system_health_monitor-11]
[roslaunch.pmon][INFO] 2026-08-30 00:03:40,024: ProcessMonitor.register[system_health_monitor-11]
[roslaunch.pmon][INFO] 2026-08-30 00:03:40,024: ProcessMonitor.register[system_health_monitor-11] complete
[roslaunch][INFO] 2026-08-30 00:03:40,024: ... registered process [system_health_monitor-11]
[roslaunch][INFO] 2026-08-30 00:03:40,024: process[system_health_monitor-11]: starting os process
[roslaunch][INFO] 2026-08-30 00:03:40,028: process[system_health_monitor-11]: start w/ args [['/root/catkin_ws/devel/lib/drone_control/system_health_monitor.py', '__name:=system_health_monitor', '__log:=/root/.ros/log/3f61736c-a406-11f1-8759-1a78306416a9/system_health_monitor-11.log']]
[roslaunch][INFO] 2026-08-30 00:03:40,029: process[system_health_monitor-11]: cwd will be [/root/.ros]
[roslaunch][INFO] 2026-08-30 00:03:40,043: process[system_health_monitor-11]: started with pid [116]
[roslaunch][INFO] 2026-08-30 00:03:40,044: ... successfully launched [system_health_monitor-11]
[roslaunch][INFO] 2026-08-30 00:03:40,044: ... preparing to launch node of type [drone_control/health_checker.py]
[roslaunch][INFO] 2026-08-30 00:03:40,044: create_node_process: package[drone_control] type[health_checker.py] machine[Machine(name[] env_loader[None] address[localhost] ssh_port[22] user[None] assignable[True] timeout[10.0])] master_uri[http://localhost:11311]
[roslaunch][INFO] 2026-08-30 00:03:40,045: process[health_checker-12]: env[{'ROS_VERSION': '1', 'PYTHONUNBUFFERED': '1', 'PKG_CONFIG_PATH': '/root/catkin_ws/devel/lib/pkgconfig:/opt/ros/noetic/lib/pkgconfig', 'ROS_PYTHON_VERSION': '3', 'HOSTNAME': 'kamikaze', 'ROS_PACKAGE_PATH': '/root/catkin_ws/src:/opt/ros/noetic/share', 'ROSLISP_PACKAGE_DIRECTORIES': '/root/catkin_ws/devel/share/common-lisp', 'PWD': '/root/catkin_ws', 'ENABLE_SIMULATION': 'false', 'ROS_IP': '127.0.0.1', 'HOME': '/root', 'LANG': 'C.UTF-8', 'ROS_ETC_DIR': '/opt/ros/noetic/etc/ros', 'CMAKE_PREFIX_PATH': '/root/catkin_ws/devel:/opt/ros/noetic', 'PYTHONPATH': '/root/catkin_ws/devel/lib/python3/dist-packages:/root/catkin_ws/devel/lib/python3/dist-packages:/opt/ros/noetic/lib/python3/dist-packages', 'DISPLAY': ':0', 'SHLVL': '0', 'ROS_MASTER_URI': 'http://localhost:11311', 'ROS_HOSTNAME': 'localhost', 'LD_LIBRARY_PATH': '/root/catkin_ws/devel/lib:/opt/ros/noetic/lib', 'ENABLE_PERFORMANCE_MONITORING': 'true', 'LC_ALL': 'C.UTF-8', 'PATH': '/opt/ros/noetic/bin:/usr/local/sbin:/usr/local/bin:/usr/sbin:/usr/bin:/sbin:/bin', 'DEBIAN_FRONTEND': 'noninteractive', 'ROS_ROOT': '/opt/ros/noetic/share/ros', 'ROS_DISTRO': 'noetic', 'QT_X11_NO_MITSHM': '1', 'ENABLE_GUI': 'false', 'ROS_LOG_FILENAME': '/root/.ros/log/3f61736c-a406-11f1-8759-1a78306416a9/roslaunch-kamikaze-1.log'}]
[roslaunch][INFO] 2026-08-30 00:03:40,062: process[health_checker-12]: args[['/root/catkin_ws/devel/lib/drone_control/health_checker.py', '__name:=health_checker']]
[roslaunch][INFO] 2026-08-30 00:03:40,062: ... created process [health_checker-12]
[roslaunch.pmon][INFO] 2026-08-30 00:03:40,063: ProcessMonitor.register[health_checker-12]
[roslaunch.pmon][INFO] 2026-08-30 00:03:40,063: ProcessMonitor.register[health_checker-12] complete
[roslaunch][INFO] 2026-08-30 00:03:40,063: ... registered process [health_checker-12]
[roslaunch][INFO] 2026-08-30 00:03:40,063: process[health_checker-12]: starting os process
[roslaunch][INFO] 2026-08-30 00:03:40,063: process[health_checker-12]: start w/ args [['/root/catkin_ws/devel/lib/drone_control/health_checker.py', '__name:=health_checker', '__log:=/root/.ros/log/3f61736c-a406-11f1-8759-1a78306416a9/health_checker-12.log']]
[roslaunch][INFO] 2026-08-30 00:03:40,063: process[health_checker-12]: cwd will be [/root/.ros]
[roslaunch][INFO] 2026-08-30 00:03:40,160: process[health_checker-12]: started with pid [117]
[roslaunch][INFO] 2026-08-30 00:03:40,162: ... successfully launched [health_checker-12]
[roslaunch][INFO] 2026-08-30 00:03:40,162: ... launch_nodes complete
[roslaunch.pmon][INFO] 2026-08-30 00:03:40,163: registrations completed <ProcessMonitor(ProcessMonitor-1, started daemon 140737361721088)>
[roslaunch.parent][INFO] 2026-08-30 00:03:40,163: ... roslaunch parent running, waiting for process exit
[roslaunch][INFO] 2026-08-30 00:03:40,163: spin
[roslaunch.pmon][INFO] 2026-08-30 00:17:18,266: ProcessMonitor.shutdown <ProcessMonitor(ProcessMonitor-1, started daemon 140737361721088)>
[roslaunch.pmon][INFO] 2026-08-30 00:17:18,341: ProcessMonitor._post_run <ProcessMonitor(ProcessMonitor-1, started daemon 140737361721088)>
[roslaunch.pmon][INFO] 2026-08-30 00:17:18,343: ProcessMonitor._post_run <ProcessMonitor(ProcessMonitor-1, started daemon 140737361721088)>: remaining procs are [<roslaunch.nodeprocess.LocalProcess object at 0x7ffffb734df0>, <roslaunch.nodeprocess.LocalProcess object at 0x7ffffb734c70>, <roslaunch.nodeprocess.LocalProcess object at 0x7fffe95bbf40>, <roslaunch.nodeprocess.LocalProcess object at 0x7ffffb7342e0>, <roslaunch.nodeprocess.LocalProcess object at 0x7ffffb734ee0>, <roslaunch.nodeprocess.LocalProcess object at 0x7ffffb734400>, <roslaunch.nodeprocess.LocalProcess object at 0x7ffffb6cd940>, <roslaunch.nodeprocess.LocalProcess object at 0x7ffffb6cdbb0>, <roslaunch.nodeprocess.LocalProcess object at 0x7ffffb6cdd60>, <roslaunch.nodeprocess.LocalProcess object at 0x7ffffb6cdfd0>, <roslaunch.nodeprocess.LocalProcess object at 0x7ffffb734fa0>, <roslaunch.nodeprocess.LocalProcess object at 0x7ffffb6cdf10>, <roslaunch.nodeprocess.LocalProcess object at 0x7ffffb6cdca0>]
[roslaunch.pmon][INFO] 2026-08-30 00:17:18,344: ProcessMonitor exit: killing health_checker-12
[roslaunch][INFO] 2026-08-30 00:17:18,345: [health_checker-12] killing on exit
[roslaunch.pmon][INFO] 2026-08-30 00:17:18,345: ProcessMonitor exit: killing system_health_monitor-11
[roslaunch][INFO] 2026-08-30 00:17:18,347: process[health_checker-12]: killing os process with pid[117] pgid[117]
[roslaunch.pmon][INFO] 2026-08-30 00:17:18,347: ProcessMonitor exit: killing safety_monitor-10
[roslaunch][INFO] 2026-08-30 00:17:18,349: [safety_monitor-10] killing on exit
[roslaunch.pmon][INFO] 2026-08-30 00:17:18,348: ProcessMonitor exit: killing vehicle_state_monitor-9
[roslaunch.pmon][INFO] 2026-08-30 00:17:18,348: ProcessMonitor exit: killing target_tracking_controller-8
[roslaunch][INFO] 2026-08-30 00:17:18,348: [health_checker-12] sending SIGINT to pgid [117]
[roslaunch.pmon][INFO] 2026-08-30 00:17:18,349: ProcessMonitor exit: killing sensor_fusion-7
[roslaunch][INFO] 2026-08-30 00:17:18,353: [sensor_fusion-7] killing on exit
[roslaunch][INFO] 2026-08-30 00:17:18,353: process[sensor_fusion-7]: killing os process with pid[112] pgid[112]
[roslaunch][INFO] 2026-08-30 00:17:18,349: process[safety_monitor-10]: killing os process with pid[115] pgid[115]
[roslaunch][INFO] 2026-08-30 00:17:18,354: [safety_monitor-10] sending SIGINT to pgid [115]
[roslaunch.pmon][INFO] 2026-08-30 00:17:18,350: ProcessMonitor exit: killing yolo_detector-6
[roslaunch][INFO] 2026-08-30 00:17:18,350: [health_checker-12] sent SIGINT to pgid [117]
[roslaunch.pmon][INFO] 2026-08-30 00:17:18,352: ProcessMonitor exit: killing camera_calibration-5
[roslaunch][INFO] 2026-08-30 00:17:18,360: [camera_calibration-5] killing on exit
[roslaunch][INFO] 2026-08-30 00:17:18,361: process[camera_calibration-5]: killing os process with pid[110] pgid[110]
[roslaunch][INFO] 2026-08-30 00:17:18,361: [camera_calibration-5] sending SIGINT to pgid [110]
[roslaunch][INFO] 2026-08-30 00:17:18,361: [camera_calibration-5] sent SIGINT to pgid [110]
[roslaunch][INFO] 2026-08-30 00:17:18,350: [target_tracking_controller-8] killing on exit
[roslaunch][INFO] 2026-08-30 00:17:18,362: process[target_tracking_controller-8]: killing os process with pid[113] pgid[113]
[roslaunch][INFO] 2026-08-30 00:17:18,362: [target_tracking_controller-8] sending SIGINT to pgid [113]
[roslaunch][INFO] 2026-08-30 00:17:18,362: [target_tracking_controller-8] sent SIGINT to pgid [113]
[roslaunch][INFO] 2026-08-30 00:17:18,355: [safety_monitor-10] sent SIGINT to pgid [115]
[roslaunch][INFO] 2026-08-30 00:17:18,349: [vehicle_state_monitor-9] killing on exit
[roslaunch.pmon][INFO] 2026-08-30 00:17:18,354: ProcessMonitor exit: killing mission_manager-4
[roslaunch][INFO] 2026-08-30 00:17:18,363: [mission_manager-4] killing on exit
[roslaunch.pmon][INFO] 2026-08-30 00:17:18,355: ProcessMonitor exit: killing command_interpreter-3
[roslaunch][INFO] 2026-08-30 00:17:18,364: [command_interpreter-3] killing on exit
[roslaunch][INFO] 2026-08-30 00:17:18,364: process[vehicle_state_monitor-9]: killing os process with pid[114] pgid[114]
[roslaunch][INFO] 2026-08-30 00:17:18,356: [yolo_detector-6] killing on exit
[roslaunch][INFO] 2026-08-30 00:17:18,365: [vehicle_state_monitor-9] sending SIGINT to pgid [114]
[roslaunch][INFO] 2026-08-30 00:17:18,366: [vehicle_state_monitor-9] sent SIGINT to pgid [114]
[roslaunch][INFO] 2026-08-30 00:17:18,348: [system_health_monitor-11] killing on exit
[roslaunch][INFO] 2026-08-30 00:17:18,371: process[system_health_monitor-11]: killing os process with pid[116] pgid[116]
[roslaunch][INFO] 2026-08-30 00:17:18,371: [system_health_monitor-11] sending SIGINT to pgid [116]
[roslaunch][INFO] 2026-08-30 00:17:18,354: [sensor_fusion-7] sending SIGINT to pgid [112]
[roslaunch][INFO] 2026-08-30 00:17:18,368: process[yolo_detector-6]: killing os process with pid[111] pgid[111]
[roslaunch][INFO] 2026-08-30 00:17:18,372: [yolo_detector-6] sending SIGINT to pgid [111]
[roslaunch][INFO] 2026-08-30 00:17:18,372: [yolo_detector-6] sent SIGINT to pgid [111]
[roslaunch][INFO] 2026-08-30 00:17:18,368: process[command_interpreter-3]: killing os process with pid[107] pgid[107]
[roslaunch][INFO] 2026-08-30 00:17:18,372: [command_interpreter-3] sending SIGINT to pgid [107]
[roslaunch][INFO] 2026-08-30 00:17:18,372: [command_interpreter-3] sent SIGINT to pgid [107]
[roslaunch][INFO] 2026-08-30 00:17:18,366: process[mission_manager-4]: killing os process with pid[109] pgid[109]
[roslaunch][INFO] 2026-08-30 00:17:18,373: [mission_manager-4] sending SIGINT to pgid [109]
[roslaunch][INFO] 2026-08-30 00:17:18,373: [mission_manager-4] sent SIGINT to pgid [109]
[roslaunch][INFO] 2026-08-30 00:17:18,372: [system_health_monitor-11] sent SIGINT to pgid [116]
[roslaunch][INFO] 2026-08-30 00:17:18,372: [sensor_fusion-7] sent SIGINT to pgid [112]
[roslaunch][INFO] 2026-08-30 00:17:19,266: process[safety_monitor-10]: SIGINT killed with return value 0
[roslaunch.pmon][INFO] 2026-08-30 00:17:19,267: ProcessMonitor exit: killing parameter_validator-2
[roslaunch][INFO] 2026-08-30 00:17:19,267: [parameter_validator-2] killing on exit
[roslaunch][INFO] 2026-08-30 00:17:19,271: process[parameter_validator-2]: killing os process with pid[104] pgid[104]
[roslaunch][INFO] 2026-08-30 00:17:19,271: [parameter_validator-2] sending SIGINT to pgid [104]
[roslaunch][INFO] 2026-08-30 00:17:19,272: [parameter_validator-2] sent SIGINT to pgid [104]
[roslaunch][INFO] 2026-08-30 00:17:19,272: process[camera_calibration-5]: SIGINT killed with return value 0
[roslaunch][INFO] 2026-08-30 00:17:19,323: process[mission_manager-4]: SIGINT killed with return value 0
[roslaunch][INFO] 2026-08-30 00:17:19,324: process[sensor_fusion-7]: SIGINT killed with return value 0
[roslaunch][INFO] 2026-08-30 00:17:19,373: process[health_checker-12]: SIGINT killed with return value 0
[roslaunch][INFO] 2026-08-30 00:17:19,374: process[vehicle_state_monitor-9]: SIGINT killed with return value 0
[roslaunch][INFO] 2026-08-30 00:17:19,428: process[system_health_monitor-11]: SIGINT killed with return value 0
[roslaunch][INFO] 2026-08-30 00:17:19,429: process[command_interpreter-3]: SIGINT killed with return value 0
[roslaunch][INFO] 2026-08-30 00:17:19,478: process[target_tracking_controller-8]: SIGINT killed with return value 0
[roslaunch][INFO] 2026-08-30 00:17:19,944: process[yolo_detector-6]: SIGINT killed with return value 0
[roslaunch][INFO] 2026-08-30 00:17:19,980: process[parameter_validator-2]: SIGINT killed with return value 0
[roslaunch.pmon][INFO] 2026-08-30 00:17:19,980: ProcessMonitor exit: killing rosout-1
[roslaunch][INFO] 2026-08-30 00:17:19,980: [rosout-1] killing on exit
[roslaunch][INFO] 2026-08-30 00:17:19,981: process[rosout-1]: killing os process with pid[100] pgid[100]
[roslaunch][INFO] 2026-08-30 00:17:19,981: [rosout-1] sending SIGINT to pgid [100]
[roslaunch][INFO] 2026-08-30 00:17:19,981: [rosout-1] sent SIGINT to pgid [100]
[roslaunch][INFO] 2026-08-30 00:17:20,185: process[rosout-1]: SIGINT killed with return value 0
[roslaunch.pmon][INFO] 2026-08-30 00:17:20,185: ProcessMonitor exit: killing master
[roslaunch][INFO] 2026-08-30 00:17:20,186: [master] killing on exit
[roslaunch][INFO] 2026-08-30 00:17:20,186: process[master]: killing os process with pid[83] pgid[83]
[roslaunch][INFO] 2026-08-30 00:17:20,186: [master] sending SIGINT to pgid [83]
[roslaunch][INFO] 2026-08-30 00:17:20,188: [master] sent SIGINT to pgid [83]
[roslaunch][INFO] 2026-08-30 00:17:20,496: process[master]: SIGINT killed with return value 0
[roslaunch.pmon][INFO] 2026-08-30 00:17:20,496: ProcessMonitor exit: cleaning up data structures and signals
[roslaunch.pmon][INFO] 2026-08-30 00:17:20,496: ProcessMonitor exit: pmon has shutdown
[roslaunch][INFO] 2026-08-30 00:17:20,497: process monitor is done spinning, initiating full shutdown
[roslaunch][INFO] 2026-08-30 00:17:20,497: runner.stop()
[roslaunch][INFO] 2026-08-30 00:17:20,497: shutting down processing monitor...
[roslaunch][INFO] 2026-08-30 00:17:20,497: shutting down processing monitor <ProcessMonitor(ProcessMonitor-1, stopped daemon 140737361721088)>
[roslaunch.pmon][INFO] 2026-08-30 00:17:20,497: ProcessMonitor.shutdown <ProcessMonitor(ProcessMonitor-1, stopped daemon 140737361721088)>
[roslaunch][INFO] 2026-08-30 00:17:20,498: ... shutting down processing monitor complete
[roslaunch][INFO] 2026-08-30 00:17:20,498: done
[roslaunch.pmon][INFO] 2026-08-30 00:17:20,498: ProcessMonitor.shutdown <ProcessMonitor(ProcessMonitor-1, stopped daemon 140737361721088)>
[rospy.core][INFO] 2026-08-30 00:17:20,499: signal_shutdown [atexit]
