[rospy.client][INFO] 2026-08-30 00:03:44,911: init_node, name[/safety_monitor], pid[115]
[xmlrpc][INFO] 2026-08-30 00:03:44,923: XML-RPC server binding to 127.0.0.1:0
[xmlrpc][INFO] 2026-08-30 00:03:44,927: Started XML-RPC server [http://localhost:42543/]
[rospy.init][INFO] 2026-08-30 00:03:44,928: ROS Slave URI: [http://localhost:42543/]
[rospy.impl.masterslave][INFO] 2026-08-30 00:03:44,928: _ready: http://localhost:42543/
[rospy.registration][INFO] 2026-08-30 00:03:44,931: Registering with master node http://localhost:11311
[xmlrpc][INFO] 2026-08-30 00:03:44,931: xml rpc node: starting XML-RPC server
[rospy.init][INFO] 2026-08-30 00:03:45,029: registered with master
[rospy.rosout][INFO] 2026-08-30 00:03:45,029: initializing /rosout core topic
[rospy.rosout][INFO] 2026-08-30 00:03:45,062: connected to core topic /rosout
[rospy.simtime][INFO] 2026-08-30 00:03:45,064: /use_sim_time is not set, will not subscribe to simulated time [/clock] topic
[rosout][INFO] 2026-08-30 00:03:45,102: Safety Monitor initialized
[rosout][INFO] 2026-08-30 00:03:45,104: Health publisher: /safety_monitor/node_health
[rospy.internal][INFO] 2026-08-30 00:03:45,186: topic[/safety_monitor/node_health] adding connection to [/health_checker], count 0
[rospy.internal][INFO] 2026-08-30 00:03:45,190: topic[/safety_status] adding connection to [/mission_manager], count 0
[rospy.internal][INFO] 2026-08-30 00:03:45,268: topic[/rosout] adding connection to [/rosout], count 0
[rospy.core][INFO] 2026-08-30 00:17:18,357: signal_shutdown [signal-2]
[rospy.internal][INFO] 2026-08-30 00:17:18,377: topic[/rosout] removing connection to /rosout
[rospy.internal][INFO] 2026-08-30 00:17:18,378: topic[/safety_status] removing connection to /mission_manager
[rospy.internal][INFO] 2026-08-30 00:17:18,386: topic[/safety_monitor/node_health] removing connection to /health_checker
[rospy.impl.masterslave][INFO] 2026-08-30 00:17:18,387: signal-2
[rospy.core][INFO] 2026-08-30 00:17:18,969: signal_shutdown [atexit]
