[rospy.client][INFO] 2026-08-30 03:57:04,502: init_node, name[/health_checker], pid[99]
[xmlrpc][INFO] 2026-08-30 03:57:04,506: XML-RPC server binding to 127.0.0.1:0
[xmlrpc][INFO] 2026-08-30 03:57:04,509: Started XML-RPC server [http://localhost:43141/]
[rospy.init][INFO] 2026-08-30 03:57:04,509: ROS Slave URI: [http://localhost:43141/]
[rospy.impl.masterslave][INFO] 2026-08-30 03:57:04,510: _ready: http://localhost:43141/
[rospy.registration][INFO] 2026-08-30 03:57:04,511: Registering with master node http://localhost:11311
[xmlrpc][INFO] 2026-08-30 03:57:04,511: xml rpc node: starting XML-RPC server
[rospy.init][INFO] 2026-08-30 03:57:04,610: registered with master
[rospy.rosout][INFO] 2026-08-30 03:57:04,611: initializing /rosout core topic
[rospy.rosout][INFO] 2026-08-30 03:57:04,728: connected to core topic /rosout
[rospy.simtime][INFO] 2026-08-30 03:57:04,734: /use_sim_time is not set, will not subscribe to simulated time [/clock] topic
[rosout][INFO] 2026-08-30 03:57:04,944: Health Checker initialized
[rospy.internal][INFO] 2026-08-30 03:57:05,114: topic[/command_interpreter/node_health] adding connection to [http://localhost:38359/], count 0
[rospy.internal][INFO] 2026-08-30 03:57:05,133: topic[/rosout] adding connection to [/rosout], count 0
[rospy.internal][INFO] 2026-08-30 03:57:05,326: topic[/mission_manager/node_health] adding connection to [http://localhost:46269/], count 0
[rospy.internal][INFO] 2026-08-30 03:57:05,846: topic[/safety_monitor/node_health] adding connection to [http://localhost:45581/], count 0
[rospy.internal][INFO] 2026-08-30 03:57:05,954: topic[/vehicle_state_monitor/node_health] adding connection to [http://localhost:35729/], count 0
[rospy.internal][INFO] 2026-08-30 03:57:06,965: topic[/target_tracking_controller/node_health] adding connection to [http://localhost:43063/], count 0
[rosout][WARNING] 2026-08-30 03:57:09,947: Unhealthy nodes: 2
[rosout][WARNING] 2026-08-30 03:57:09,950:   yolo_detector: No health report
[rosout][WARNING] 2026-08-30 03:57:09,952:   target_tracking_controller: No health report
[rospy.internal][INFO] 2026-08-30 03:57:10,616: topic[/yolo_detector/node_health] adding connection to [http://localhost:36435/], count 0
[rospy.core][INFO] 2026-08-30 04:00:03,725: signal_shutdown [signal-2]
[rospy.internal][INFO] 2026-08-30 04:00:03,812: topic[/rosout] removing connection to /rosout
[rospy.internal][INFO] 2026-08-30 04:00:03,814: topic[/yolo_detector/node_health] removing connection to http://localhost:36435/
[rospy.internal][INFO] 2026-08-30 04:00:03,818: topic[/target_tracking_controller/node_health] removing connection to http://localhost:43063/
[rospy.internal][INFO] 2026-08-30 04:00:03,818: topic[/vehicle_state_monitor/node_health] removing connection to http://localhost:35729/
[rospy.internal][INFO] 2026-08-30 04:00:03,818: topic[/mission_manager/node_health] removing connection to http://localhost:46269/
[rospy.internal][INFO] 2026-08-30 04:00:03,819: topic[/safety_monitor/node_health] removing connection to http://localhost:45581/
[rospy.internal][INFO] 2026-08-30 04:00:03,819: topic[/command_interpreter/node_health] removing connection to http://localhost:38359/
[rospy.impl.masterslave][INFO] 2026-08-30 04:00:03,819: signal-2
[rospy.core][INFO] 2026-08-30 04:00:04,397: signal_shutdown [atexit]
