[rosmaster.main][INFO] 2026-08-30 03:57:01,422: initialization complete, waiting for shutdown
[rosmaster.main][INFO] 2026-08-30 03:57:01,425: Starting ROS Master Node
[xmlrpc][INFO] 2026-08-30 03:57:01,430: XML-RPC server binding to 127.0.0.1:11311
[xmlrpc][INFO] 2026-08-30 03:57:01,432: Started XML-RPC server [http://localhost:11311/]
[rosmaster.master][INFO] 2026-08-30 03:57:01,432: Master initialized: port[11311], uri[http://localhost:11311/]
[xmlrpc][INFO] 2026-08-30 03:57:01,432: xml rpc node: starting XML-RPC server
[rosmaster.master][INFO] 2026-08-30 03:57:01,504: +PARAM [/run_id] by /roslaunch
[rosmaster.master][INFO] 2026-08-30 03:57:01,506: +PARAM [/roslaunch/uris/host_localhost__41323] by /roslaunch
[rosmaster.master][INFO] 2026-08-30 03:57:01,587: +PARAM [/rosversion] by /roslaunch
[rosmaster.master][INFO] 2026-08-30 03:57:01,587: +PARAM [/rosdistro] by /roslaunch
[rosmaster.master][INFO] 2026-08-30 03:57:01,588: +PARAM [/target_params/detection/model/path] by /roslaunch
[rosmaster.master][INFO] 2026-08-30 03:57:01,588: +PARAM [/target_params/detection/model/device] by /roslaunch
[rosmaster.master][INFO] 2026-08-30 03:57:01,588: +PARAM [/target_params/detection/model/input_size] by /roslaunch
[rosmaster.master][INFO] 2026-08-30 03:57:01,588: +PARAM [/target_params/detection/model/batch_size] by /roslaunch
[rosmaster.master][INFO] 2026-08-30 03:57:01,589: +PARAM [/target_params/detection/confidence_threshold] by /roslaunch
[rosmaster.master][INFO] 2026-08-30 03:57:01,589: +PARAM [/target_params/detection/nms_threshold] by /roslaunch
[rosmaster.master][INFO] 2026-08-30 03:57:01,589: +PARAM [/target_params/detection/max_detections] by /roslaunch
[rosmaster.master][INFO] 2026-08-30 03:57:01,590: +PARAM [/target_params/detection/vehicle_classes] by /roslaunch
[rosmaster.master][INFO] 2026-08-30 03:57:01,590: +PARAM [/target_params/detection/class_thresholds/class_1] by /roslaunch
[rosmaster.master][INFO] 2026-08-30 03:57:01,590: +PARAM [/target_params/detection/class_thresholds/class_2] by /roslaunch
[rosmaster.master][INFO] 2026-08-30 03:57:01,590: +PARAM [/target_params/detection/class_thresholds/class_3] by /roslaunch
[rosmaster.master][INFO] 2026-08-30 03:57:01,591: +PARAM [/target_params/detection/class_thresholds/class_5] by /roslaunch
[rosmaster.master][INFO] 2026-08-30 03:57:01,591: +PARAM [/target_params/detection/class_thresholds/class_6] by /roslaunch
[rosmaster.master][INFO] 2026-08-30 03:57:01,591: +PARAM [/target_params/detection/class_thresholds/class_7] by /roslaunch
[rosmaster.master][INFO] 2026-08-30 03:57:01,591: +PARAM [/target_params/detection/class_thresholds/class_8] by /roslaunch
[rosmaster.master][INFO] 2026-08-30 03:57:01,591: +PARAM [/target_params/detection/performance/max_fps] by /roslaunch
[rosmaster.master][INFO] 2026-08-30 03:57:01,592: +PARAM [/target_params/detection/performance/frame_skip] by /roslaunch
[rosmaster.master][INFO] 2026-08-30 03:57:01,592: +PARAM [/target_params/detection/performance/parallel_inference] by /roslaunch
[rosmaster.master][INFO] 2026-08-30 03:57:01,592: +PARAM [/target_params/detection/performance/gpu_memory_limit] by /roslaunch
[rosmaster.master][INFO] 2026-08-30 03:57:01,592: +PARAM [/target_params/tracking/engagement_distance] by /roslaunch
[rosmaster.master][INFO] 2026-08-30 03:57:01,592: +PARAM [/target_params/tracking/attack_distance] by /roslaunch
[rosmaster.master][INFO] 2026-08-30 03:57:01,592: +PARAM [/target_params/tracking/disengagement_distance] by /roslaunch
[rosmaster.master][INFO] 2026-08-30 03:57:01,592: +PARAM [/target_params/tracking/max_tracks] by /roslaunch
[rosmaster.master][INFO] 2026-08-30 03:57:01,593: +PARAM [/target_params/tracking/max_lost_frames] by /roslaunch
[rosmaster.master][INFO] 2026-08-30 03:57:01,593: +PARAM [/target_params/tracking/min_track_length] by /roslaunch
[rosmaster.master][INFO] 2026-08-30 03:57:01,593: +PARAM [/target_params/tracking/track_confidence_threshold] by /roslaunch
[rosmaster.master][INFO] 2026-08-30 03:57:01,593: +PARAM [/target_params/tracking/association/iou_threshold] by /roslaunch
[rosmaster.master][INFO] 2026-08-30 03:57:01,593: +PARAM [/target_params/tracking/association/distance_threshold] by /roslaunch
[rosmaster.master][INFO] 2026-08-30 03:57:01,593: +PARAM [/target_params/tracking/association/appearance_weight] by /roslaunch
[rosmaster.master][INFO] 2026-08-30 03:57:01,594: +PARAM [/target_params/tracking/association/motion_weight] by /roslaunch
[rosmaster.master][INFO] 2026-08-30 03:57:01,594: +PARAM [/target_params/tracking/kalman/dt] by /roslaunch
[rosmaster.master][INFO] 2026-08-30 03:57:01,594: +PARAM [/target_params/tracking/kalman/process_noise] by /roslaunch
[rosmaster.master][INFO] 2026-08-30 03:57:01,594: +PARAM [/target_params/tracking/kalman/measurement_noise] by /roslaunch
[rosmaster.master][INFO] 2026-08-30 03:57:01,594: +PARAM [/target_params/tracking/kalman/initial_velocity] by /roslaunch
[rosmaster.master][INFO] 2026-08-30 03:57:01,594: +PARAM [/target_params/tracking/kalman/state_dim] by /roslaunch
[rosmaster.master][INFO] 2026-08-30 03:57:01,594: +PARAM [/target_params/tracking/kalman/measurement_dim] by /roslaunch
[rosmaster.master][INFO] 2026-08-30 03:57:01,595: +PARAM [/target_params/behavior/speed_classes/stationary] by /roslaunch
[rosmaster.master][INFO] 2026-08-30 03:57:01,595: +PARAM [/target_params/behavior/speed_classes/slow] by /roslaunch
[rosmaster.master][INFO] 2026-08-30 03:57:01,595: +PARAM [/target_params/behavior/speed_classes/medium] by /roslaunch
[rosmaster.master][INFO] 2026-08-30 03:57:01,595: +PARAM [/target_params/behavior/speed_classes/fast] by /roslaunch
[rosmaster.master][INFO] 2026-08-30 03:57:01,595: +PARAM [/target_params/behavior/speed_classes/extreme] by /roslaunch
[rosmaster.master][INFO] 2026-08-30 03:57:01,596: +PARAM [/target_params/behavior/models/random_walk/noise_scale] by /roslaunch
[rosmaster.master][INFO] 2026-08-30 03:57:01,596: +PARAM [/target_params/behavior/models/random_walk/persistence] by /roslaunch
[rosmaster.master][INFO] 2026-08-30 03:57:01,596: +PARAM [/target_params/behavior/models/pursuit/max_acceleration] by /roslaunch
[rosmaster.master][INFO] 2026-08-30 03:57:01,596: +PARAM [/target_params/behavior/models/pursuit/max_turn_rate] by /roslaunch
[rosmaster.master][INFO] 2026-08-30 03:57:01,597: +PARAM [/target_params/behavior/models/evasion/max_acceleration] by /roslaunch
[rosmaster.master][INFO] 2026-08-30 03:57:01,597: +PARAM [/target_params/behavior/models/evasion/max_turn_rate] by /roslaunch
[rosmaster.master][INFO] 2026-08-30 03:57:01,597: +PARAM [/target_params/behavior/threat/distance_weights] by /roslaunch
[rosmaster.master][INFO] 2026-08-30 03:57:01,597: +PARAM [/target_params/behavior/threat/speed_thresholds/low] by /roslaunch
[rosmaster.master][INFO] 2026-08-30 03:57:01,597: +PARAM [/target_params/behavior/threat/speed_thresholds/medium] by /roslaunch
[rosmaster.master][INFO] 2026-08-30 03:57:01,597: +PARAM [/target_params/behavior/threat/speed_thresholds/high] by /roslaunch
[rosmaster.master][INFO] 2026-08-30 03:57:01,597: +PARAM [/target_params/behavior/threat/priority_boost] by /roslaunch
[rosmaster.master][INFO] 2026-08-30 03:57:01,597: +PARAM [/target_params/performance/update_rates/detection] by /roslaunch
[rosmaster.master][INFO] 2026-08-30 03:57:01,598: +PARAM [/target_params/performance/update_rates/tracking] by /roslaunch
[rosmaster.master][INFO] 2026-08-30 03:57:01,598: +PARAM [/target_params/performance/update_rates/control] by /roslaunch
[rosmaster.master][INFO] 2026-08-30 03:57:01,598: +PARAM [/target_params/performance/update_rates/state] by /roslaunch
[rosmaster.master][INFO] 2026-08-30 03:57:01,598: +PARAM [/target_params/performance/latency/max_detection] by /roslaunch
[rosmaster.master][INFO] 2026-08-30 03:57:01,598: +PARAM [/target_params/performance/latency/max_tracking] by /roslaunch
[rosmaster.master][INFO] 2026-08-30 03:57:01,598: +PARAM [/target_params/performance/latency/max_control] by /roslaunch
[rosmaster.master][INFO] 2026-08-30 03:57:01,598: +PARAM [/target_params/performance/resources/max_memory_mb] by /roslaunch
[rosmaster.master][INFO] 2026-08-30 03:57:01,599: +PARAM [/target_params/performance/resources/max_cpu_percent] by /roslaunch
[rosmaster.master][INFO] 2026-08-30 03:57:01,599: +PARAM [/target_params/performance/resources/max_gpu_memory_mb] by /roslaunch
[rosmaster.master][INFO] 2026-08-30 03:57:01,599: +PARAM [/target_params/camera/fx] by /roslaunch
[rosmaster.master][INFO] 2026-08-30 03:57:01,599: +PARAM [/target_params/camera/fy] by /roslaunch
[rosmaster.master][INFO] 2026-08-30 03:57:01,600: +PARAM [/target_params/camera/cx] by /roslaunch
[rosmaster.master][INFO] 2026-08-30 03:57:01,600: +PARAM [/target_params/camera/cy] by /roslaunch
[rosmaster.master][INFO] 2026-08-30 03:57:01,600: +PARAM [/target_params/camera/width] by /roslaunch
[rosmaster.master][INFO] 2026-08-30 03:57:01,600: +PARAM [/target_params/camera/height] by /roslaunch
[rosmaster.master][INFO] 2026-08-30 03:57:01,600: +PARAM [/target_params/camera/fov] by /roslaunch
[rosmaster.master][INFO] 2026-08-30 03:57:01,600: +PARAM [/camera_calib/camera/id] by /roslaunch
[rosmaster.master][INFO] 2026-08-30 03:57:01,600: +PARAM [/camera_calib/camera/model] by /roslaunch
[rosmaster.master][INFO] 2026-08-30 03:57:01,600: +PARAM [/camera_calib/camera/width] by /roslaunch
[rosmaster.master][INFO] 2026-08-30 03:57:01,601: +PARAM [/camera_calib/camera/height] by /roslaunch
[rosmaster.master][INFO] 2026-08-30 03:57:01,601: +PARAM [/camera_calib/camera/intrinsic/fx] by /roslaunch
[rosmaster.master][INFO] 2026-08-30 03:57:01,601: +PARAM [/camera_calib/camera/intrinsic/fy] by /roslaunch
[rosmaster.master][INFO] 2026-08-30 03:57:01,601: +PARAM [/camera_calib/camera/intrinsic/cx] by /roslaunch
[rosmaster.master][INFO] 2026-08-30 03:57:01,601: +PARAM [/camera_calib/camera/intrinsic/cy] by /roslaunch
[rosmaster.master][INFO] 2026-08-30 03:57:01,601: +PARAM [/camera_calib/camera/intrinsic/fov] by /roslaunch
[rosmaster.master][INFO] 2026-08-30 03:57:01,602: +PARAM [/camera_calib/camera/distortion/model] by /roslaunch
[rosmaster.master][INFO] 2026-08-30 03:57:01,602: +PARAM [/camera_calib/camera/distortion/coefficients/k1] by /roslaunch
[rosmaster.master][INFO] 2026-08-30 03:57:01,602: +PARAM [/camera_calib/camera/distortion/coefficients/k2] by /roslaunch
[rosmaster.master][INFO] 2026-08-30 03:57:01,602: +PARAM [/camera_calib/camera/distortion/coefficients/p1] by /roslaunch
[rosmaster.master][INFO] 2026-08-30 03:57:01,603: +PARAM [/camera_calib/camera/distortion/coefficients/p2] by /roslaunch
[rosmaster.master][INFO] 2026-08-30 03:57:01,603: +PARAM [/camera_calib/camera/distortion/coefficients/k3] by /roslaunch
[rosmaster.master][INFO] 2026-08-30 03:57:01,603: +PARAM [/camera_calib/camera/projection/P] by /roslaunch
[rosmaster.master][INFO] 2026-08-30 03:57:01,603: +PARAM [/camera_calib/camera/rectification/R] by /roslaunch
[rosmaster.master][INFO] 2026-08-30 03:57:01,603: +PARAM [/camera_calib/camera/extrinsic/translation] by /roslaunch
[rosmaster.master][INFO] 2026-08-30 03:57:01,603: +PARAM [/camera_calib/camera/extrinsic/rotation] by /roslaunch
[rosmaster.master][INFO] 2026-08-30 03:57:01,604: +PARAM [/camera_calib/camera/extrinsic/rotation_matrix] by /roslaunch
[rosmaster.master][INFO] 2026-08-30 03:57:01,604: +PARAM [/camera_calib/camera/calibration/date] by /roslaunch
[rosmaster.master][INFO] 2026-08-30 03:57:01,604: +PARAM [/camera_calib/camera/calibration/method] by /roslaunch
[rosmaster.master][INFO] 2026-08-30 03:57:01,604: +PARAM [/camera_calib/camera/calibration/reprojection_error] by /roslaunch
[rosmaster.master][INFO] 2026-08-30 03:57:01,604: +PARAM [/camera_calib/camera/calibration/status] by /roslaunch
[rosmaster.master][INFO] 2026-08-30 03:57:01,604: +PARAM [/camera_calib/image_processing/preprocessing/resize] by /roslaunch
[rosmaster.master][INFO] 2026-08-30 03:57:01,604: +PARAM [/camera_calib/image_processing/preprocessing/normalize] by /roslaunch
[rosmaster.master][INFO] 2026-08-30 03:57:01,605: +PARAM [/camera_calib/image_processing/preprocessing/mean] by /roslaunch
[rosmaster.master][INFO] 2026-08-30 03:57:01,605: +PARAM [/camera_calib/image_processing/preprocessing/std] by /roslaunch
[rosmaster.master][INFO] 2026-08-30 03:57:01,605: +PARAM [/camera_calib/image_processing/color_space] by /roslaunch
[rosmaster.master][INFO] 2026-08-30 03:57:01,605: +PARAM [/camera_calib/image_processing/roi/enabled] by /roslaunch
[rosmaster.master][INFO] 2026-08-30 03:57:01,606: +PARAM [/camera_calib/image_processing/roi/x] by /roslaunch
[rosmaster.master][INFO] 2026-08-30 03:57:01,606: +PARAM [/camera_calib/image_processing/roi/y] by /roslaunch
[rosmaster.master][INFO] 2026-08-30 03:57:01,606: +PARAM [/camera_calib/image_processing/roi/width] by /roslaunch
[rosmaster.master][INFO] 2026-08-30 03:57:01,606: +PARAM [/camera_calib/image_processing/roi/height] by /roslaunch
[rosmaster.master][INFO] 2026-08-30 03:57:01,606: +PARAM [/camera_calib/image_processing/augmentation/horizontal_flip] by /roslaunch
[rosmaster.master][INFO] 2026-08-30 03:57:01,606: +PARAM [/camera_calib/image_processing/augmentation/rotation] by /roslaunch
[rosmaster.master][INFO] 2026-08-30 03:57:01,607: +PARAM [/camera_calib/image_processing/augmentation/scale] by /roslaunch
[rosmaster.master][INFO] 2026-08-30 03:57:01,607: +PARAM [/camera_calib/image_processing/augmentation/brightness] by /roslaunch
[rosmaster.master][INFO] 2026-08-30 03:57:01,607: +PARAM [/camera_calib/stereo/enabled] by /roslaunch
[rosmaster.master][INFO] 2026-08-30 03:57:01,607: +PARAM [/camera_calib/stereo/baseline] by /roslaunch
[rosmaster.master][INFO] 2026-08-30 03:57:01,607: +PARAM [/camera_calib/stereo/depth/min_distance] by /roslaunch
[rosmaster.master][INFO] 2026-08-30 03:57:01,607: +PARAM [/camera_calib/stereo/depth/max_distance] by /roslaunch
[rosmaster.master][INFO] 2026-08-30 03:57:01,607: +PARAM [/camera_calib/stereo/depth/disparity_range] by /roslaunch
[rosmaster.master][INFO] 2026-08-30 03:57:01,608: +PARAM [/camera_calib/stereo/matching/algorithm] by /roslaunch
[rosmaster.master][INFO] 2026-08-30 03:57:01,608: +PARAM [/camera_calib/stereo/matching/num_disparities] by /roslaunch
[rosmaster.master][INFO] 2026-08-30 03:57:01,608: +PARAM [/camera_calib/stereo/matching/block_size] by /roslaunch
[rosmaster.master][INFO] 2026-08-30 03:57:01,608: +PARAM [/camera_calib/stereo/matching/p1] by /roslaunch
[rosmaster.master][INFO] 2026-08-30 03:57:01,608: +PARAM [/camera_calib/stereo/matching/p2] by /roslaunch
[rosmaster.master][INFO] 2026-08-30 03:57:01,608: +PARAM [/flight_control/pid/position/x/p] by /roslaunch
[rosmaster.master][INFO] 2026-08-30 03:57:01,608: +PARAM [/flight_control/pid/position/x/i] by /roslaunch
[rosmaster.master][INFO] 2026-08-30 03:57:01,609: +PARAM [/flight_control/pid/position/x/d] by /roslaunch
[rosmaster.master][INFO] 2026-08-30 03:57:01,609: +PARAM [/flight_control/pid/position/x/integral_clamp] by /roslaunch
[rosmaster.master][INFO] 2026-08-30 03:57:01,609: +PARAM [/flight_control/pid/position/y/p] by /roslaunch
[rosmaster.master][INFO] 2026-08-30 03:57:01,609: +PARAM [/flight_control/pid/position/y/i] by /roslaunch
[rosmaster.master][INFO] 2026-08-30 03:57:01,609: +PARAM [/flight_control/pid/position/y/d] by /roslaunch
[rosmaster.master][INFO] 2026-08-30 03:57:01,609: +PARAM [/flight_control/pid/position/y/integral_clamp] by /roslaunch
[rosmaster.master][INFO] 2026-08-30 03:57:01,609: +PARAM [/flight_control/pid/position/z/p] by /roslaunch
[rosmaster.master][INFO] 2026-08-30 03:57:01,609: +PARAM [/flight_control/pid/position/z/i] by /roslaunch
[rosmaster.master][INFO] 2026-08-30 03:57:01,610: +PARAM [/flight_control/pid/position/z/d] by /roslaunch
[rosmaster.master][INFO] 2026-08-30 03:57:01,610: +PARAM [/flight_control/pid/position/z/integral_clamp] by /roslaunch
[rosmaster.master][INFO] 2026-08-30 03:57:01,610: +PARAM [/flight_control/pid/velocity/x/p] by /roslaunch
[rosmaster.master][INFO] 2026-08-30 03:57:01,610: +PARAM [/flight_control/pid/velocity/x/i] by /roslaunch
[rosmaster.master][INFO] 2026-08-30 03:57:01,610: +PARAM [/flight_control/pid/velocity/x/d] by /roslaunch
[rosmaster.master][INFO] 2026-08-30 03:57:01,610: +PARAM [/flight_control/pid/velocity/y/p] by /roslaunch
[rosmaster.master][INFO] 2026-08-30 03:57:01,610: +PARAM [/flight_control/pid/velocity/y/i] by /roslaunch
[rosmaster.master][INFO] 2026-08-30 03:57:01,611: +PARAM [/flight_control/pid/velocity/y/d] by /roslaunch
[rosmaster.master][INFO] 2026-08-30 03:57:01,611: +PARAM [/flight_control/pid/velocity/z/p] by /roslaunch
[rosmaster.master][INFO] 2026-08-30 03:57:01,611: +PARAM [/flight_control/pid/velocity/z/i] by /roslaunch
[rosmaster.master][INFO] 2026-08-30 03:57:01,611: +PARAM [/flight_control/pid/velocity/z/d] by /roslaunch
[rosmaster.master][INFO] 2026-08-30 03:57:01,612: +PARAM [/flight_control/pid/attitude/roll/p] by /roslaunch
[rosmaster.master][INFO] 2026-08-30 03:57:01,612: +PARAM [/flight_control/pid/attitude/roll/i] by /roslaunch
[rosmaster.master][INFO] 2026-08-30 03:57:01,612: +PARAM [/flight_control/pid/attitude/roll/d] by /roslaunch
[rosmaster.master][INFO] 2026-08-30 03:57:01,612: +PARAM [/flight_control/pid/attitude/pitch/p] by /roslaunch
[rosmaster.master][INFO] 2026-08-30 03:57:01,612: +PARAM [/flight_control/pid/attitude/pitch/i] by /roslaunch
[rosmaster.master][INFO] 2026-08-30 03:57:01,613: +PARAM [/flight_control/pid/attitude/pitch/d] by /roslaunch
[rosmaster.master][INFO] 2026-08-30 03:57:01,613: +PARAM [/flight_control/pid/attitude/yaw/p] by /roslaunch
[rosmaster.master][INFO] 2026-08-30 03:57:01,613: +PARAM [/flight_control/pid/attitude/yaw/i] by /roslaunch
[rosmaster.master][INFO] 2026-08-30 03:57:01,613: +PARAM [/flight_control/pid/attitude/yaw/d] by /roslaunch
[rosmaster.master][INFO] 2026-08-30 03:57:01,613: +PARAM [/flight_control/pid/rate/roll/p] by /roslaunch
[rosmaster.master][INFO] 2026-08-30 03:57:01,613: +PARAM [/flight_control/pid/rate/roll/i] by /roslaunch
[rosmaster.master][INFO] 2026-08-30 03:57:01,613: +PARAM [/flight_control/pid/rate/roll/d] by /roslaunch
[rosmaster.master][INFO] 2026-08-30 03:57:01,613: +PARAM [/flight_control/pid/rate/pitch/p] by /roslaunch
[rosmaster.master][INFO] 2026-08-30 03:57:01,614: +PARAM [/flight_control/pid/rate/pitch/i] by /roslaunch
[rosmaster.master][INFO] 2026-08-30 03:57:01,614: +PARAM [/flight_control/pid/rate/pitch/d] by /roslaunch
[rosmaster.master][INFO] 2026-08-30 03:57:01,614: +PARAM [/flight_control/pid/rate/yaw/p] by /roslaunch
[rosmaster.master][INFO] 2026-08-30 03:57:01,614: +PARAM [/flight_control/pid/rate/yaw/i] by /roslaunch
[rosmaster.master][INFO] 2026-08-30 03:57:01,614: +PARAM [/flight_control/pid/rate/yaw/d] by /roslaunch
[rosmaster.master][INFO] 2026-08-30 03:57:01,614: +PARAM [/flight_control/dynamics/constraints/max_velocity] by /roslaunch
[rosmaster.master][INFO] 2026-08-30 03:57:01,614: +PARAM [/flight_control/dynamics/constraints/max_acceleration] by /roslaunch
[rosmaster.master][INFO] 2026-08-30 03:57:01,614: +PARAM [/flight_control/dynamics/constraints/max_yaw_rate] by /roslaunch
[rosmaster.master][INFO] 2026-08-30 03:57:01,614: +PARAM [/flight_control/dynamics/safety_margins/min_altitude] by /roslaunch
[rosmaster.master][INFO] 2026-08-30 03:57:01,615: +PARAM [/flight_control/dynamics/safety_margins/max_altitude] by /roslaunch
[rosmaster.master][INFO] 2026-08-30 03:57:01,615: +PARAM [/flight_control/dynamics/safety_margins/max_tilt] by /roslaunch
[rosmaster.master][INFO] 2026-08-30 03:57:01,615: +PARAM [/flight_control/dynamics/safety_margins/max_rotation_rate] by /roslaunch
[rosmaster.master][INFO] 2026-08-30 03:57:01,615: +PARAM [/flight_control/dynamics/vehicle/mass] by /roslaunch
[rosmaster.master][INFO] 2026-08-30 03:57:01,615: +PARAM [/flight_control/dynamics/vehicle/moment_of_inertia] by /roslaunch
[rosmaster.master][INFO] 2026-08-30 03:57:01,615: +PARAM [/flight_control/dynamics/vehicle/thrust_to_weight] by /roslaunch
[rosmaster.master][INFO] 2026-08-30 03:57:01,615: +PARAM [/flight_control/dynamics/vehicle/max_thrust] by /roslaunch
[rosmaster.master][INFO] 2026-08-30 03:57:01,615: +PARAM [/flight_control/mission/search_patterns/type] by /roslaunch
[rosmaster.master][INFO] 2026-08-30 03:57:01,616: +PARAM [/flight_control/mission/search_patterns/params/radius] by /roslaunch
[rosmaster.master][INFO] 2026-08-30 03:57:01,616: +PARAM [/flight_control/mission/search_patterns/params/spacing] by /roslaunch
[rosmaster.master][INFO] 2026-08-30 03:57:01,616: +PARAM [/flight_control/mission/search_patterns/params/altitude] by /roslaunch
[rosmaster.master][INFO] 2026-08-30 03:57:01,616: +PARAM [/flight_control/mission/engagement/mode] by /roslaunch
[rosmaster.master][INFO] 2026-08-30 03:57:01,616: +PARAM [/flight_control/mission/engagement/priority_high] by /roslaunch
[rosmaster.master][INFO] 2026-08-30 03:57:01,616: +PARAM [/flight_control/mission/engagement/priority_low] by /roslaunch
[rosmaster.master][INFO] 2026-08-30 03:57:01,616: +PARAM [/flight_control/mission/collision_avoidance/enable] by /roslaunch
[rosmaster.master][INFO] 2026-08-30 03:57:01,617: +PARAM [/flight_control/mission/collision_avoidance/min_distance] by /roslaunch
[rosmaster.master][INFO] 2026-08-30 03:57:01,617: +PARAM [/flight_control/mission/collision_avoidance/safety_margin] by /roslaunch
[rosmaster.master][INFO] 2026-08-30 03:57:01,617: +PARAM [/flight_control/mission/collision_avoidance/avoidance_method] by /roslaunch
[rosmaster.master][INFO] 2026-08-30 03:57:01,617: +PARAM [/flight_control/mission/waypoints/tolerance] by /roslaunch
[rosmaster.master][INFO] 2026-08-30 03:57:01,617: +PARAM [/flight_control/mission/waypoints/loiter_time] by /roslaunch
[rosmaster.master][INFO] 2026-08-30 03:57:01,617: +PARAM [/flight_control/mission/waypoints/approach_speed] by /roslaunch
[rosmaster.master][INFO] 2026-08-30 03:57:01,618: +PARAM [/flight_control/simulation/physics/enable_gravity] by /roslaunch
[rosmaster.master][INFO] 2026-08-30 03:57:01,618: +PARAM [/flight_control/simulation/physics/enable_wind] by /roslaunch
[rosmaster.master][INFO] 2026-08-30 03:57:01,618: +PARAM [/flight_control/simulation/physics/enable_turbulence] by /roslaunch
[rosmaster.master][INFO] 2026-08-30 03:57:01,618: +PARAM [/flight_control/simulation/environment/wind_speed] by /roslaunch
[rosmaster.master][INFO] 2026-08-30 03:57:01,618: +PARAM [/flight_control/simulation/environment/wind_direction] by /roslaunch
[rosmaster.master][INFO] 2026-08-30 03:57:01,618: +PARAM [/flight_control/simulation/environment/turbulence_intensity] by /roslaunch
[rosmaster.master][INFO] 2026-08-30 03:57:01,618: +PARAM [/flight_control/simulation/noise/sensor_noise] by /roslaunch
[rosmaster.master][INFO] 2026-08-30 03:57:01,619: +PARAM [/flight_control/simulation/noise/actuator_noise] by /roslaunch
[rosmaster.master][INFO] 2026-08-30 03:57:01,619: +PARAM [/flight_control/simulation/noise/time_delay] by /roslaunch
[rosmaster.master][INFO] 2026-08-30 03:57:01,619: +PARAM [/flight_control/simulation/speed/simulation_speed] by /roslaunch
[rosmaster.master][INFO] 2026-08-30 03:57:01,619: +PARAM [/flight_control/simulation/speed/real_time_factor] by /roslaunch
[rosmaster.master][INFO] 2026-08-30 03:57:01,619: +PARAM [/kalman_filter/kalman_filter/type] by /roslaunch
[rosmaster.master][INFO] 2026-08-30 03:57:01,619: +PARAM [/kalman_filter/kalman_filter/state_dim] by /roslaunch
[rosmaster.master][INFO] 2026-08-30 03:57:01,619: +PARAM [/kalman_filter/kalman_filter/measurement_dim] by /roslaunch
[rosmaster.master][INFO] 2026-08-30 03:57:01,619: +PARAM [/kalman_filter/kalman_filter/noise/process/position] by /roslaunch
[rosmaster.master][INFO] 2026-08-30 03:57:01,620: +PARAM [/kalman_filter/kalman_filter/noise/process/velocity] by /roslaunch
[rosmaster.master][INFO] 2026-08-30 03:57:01,620: +PARAM [/kalman_filter/kalman_filter/noise/process/acceleration] by /roslaunch
[rosmaster.master][INFO] 2026-08-30 03:57:01,620: +PARAM [/kalman_filter/kalman_filter/noise/measurement/position] by /roslaunch
[rosmaster.master][INFO] 2026-08-30 03:57:01,620: +PARAM [/kalman_filter/kalman_filter/parameters/dt] by /roslaunch
[rosmaster.master][INFO] 2026-08-30 03:57:01,620: +PARAM [/kalman_filter/kalman_filter/parameters/adaptive/enabled] by /roslaunch
[rosmaster.master][INFO] 2026-08-30 03:57:01,621: +PARAM [/kalman_filter/kalman_filter/parameters/adaptive/update_rate] by /roslaunch
[rosmaster.master][INFO] 2026-08-30 03:57:01,621: +PARAM [/kalman_filter/kalman_filter/parameters/adaptive/innovation_threshold] by /roslaunch
[rosmaster.master][INFO] 2026-08-30 03:57:01,621: +PARAM [/kalman_filter/kalman_filter/parameters/outlier_rejection/enabled] by /roslaunch
[rosmaster.master][INFO] 2026-08-30 03:57:01,621: +PARAM [/kalman_filter/kalman_filter/parameters/outlier_rejection/mahalanobis_threshold] by /roslaunch
[rosmaster.master][INFO] 2026-08-30 03:57:01,621: +PARAM [/kalman_filter/kalman_filter/parameters/outlier_rejection/gating] by /roslaunch
[rosmaster.master][INFO] 2026-08-30 03:57:01,621: +PARAM [/kalman_filter/kalman_filter/parameters/initialization/max_measurements] by /roslaunch
[rosmaster.master][INFO] 2026-08-30 03:57:01,622: +PARAM [/kalman_filter/kalman_filter/parameters/initialization/min_velocity_samples] by /roslaunch
[rosmaster.master][INFO] 2026-08-30 03:57:01,622: +PARAM [/kalman_filter/kalman_filter/parameters/convergence/max_iterations] by /roslaunch
[rosmaster.master][INFO] 2026-08-30 03:57:01,622: +PARAM [/kalman_filter/kalman_filter/parameters/convergence/epsilon] by /roslaunch
[rosmaster.master][INFO] 2026-08-30 03:57:01,623: +PARAM [/kalman_filter/kalman_filter/multi_target/enabled] by /roslaunch
[rosmaster.master][INFO] 2026-08-30 03:57:01,623: +PARAM [/kalman_filter/kalman_filter/multi_target/max_targets] by /roslaunch
[rosmaster.master][INFO] 2026-08-30 03:57:01,623: +PARAM [/kalman_filter/kalman_filter/multi_target/association/method] by /roslaunch
[rosmaster.master][INFO] 2026-08-30 03:57:01,623: +PARAM [/kalman_filter/kalman_filter/multi_target/association/gating/enabled] by /roslaunch
[rosmaster.master][INFO] 2026-08-30 03:57:01,623: +PARAM [/kalman_filter/kalman_filter/multi_target/association/gating/gate_size] by /roslaunch
[rosmaster.master][INFO] 2026-08-30 03:57:01,624: +PARAM [/kalman_filter/kalman_filter/multi_target/association/gating/dynamic_gating] by /roslaunch
[rosmaster.master][INFO] 2026-08-30 03:57:01,624: +PARAM [/kalman_filter/kalman_filter/multi_target/association/track_management/birth_probability] by /roslaunch
[rosmaster.master][INFO] 2026-08-30 03:57:01,624: +PARAM [/kalman_filter/kalman_filter/multi_target/association/track_management/death_threshold] by /roslaunch
[rosmaster.master][INFO] 2026-08-30 03:57:01,624: +PARAM [/kalman_filter/kalman_filter/multi_target/association/track_management/merge_threshold] by /roslaunch
[rosmaster.master][INFO] 2026-08-30 03:57:01,624: +PARAM [/kalman_filter/kalman_filter/multi_target/scoring/position_weight] by /roslaunch
[rosmaster.master][INFO] 2026-08-30 03:57:01,625: +PARAM [/kalman_filter/kalman_filter/multi_target/scoring/velocity_weight] by /roslaunch
[rosmaster.master][INFO] 2026-08-30 03:57:01,625: +PARAM [/kalman_filter/kalman_filter/multi_target/scoring/appearance_weight] by /roslaunch
[rosmaster.master][INFO] 2026-08-30 03:57:01,625: +PARAM [/kalman_filter/kalman_filter/multi_target/scoring/history_length] by /roslaunch
[rosmaster.master][INFO] 2026-08-30 03:57:01,625: +PARAM [/kalman_filter/sensor_fusion/sensors] by /roslaunch
[rosmaster.master][INFO] 2026-08-30 03:57:01,625: +PARAM [/kalman_filter/sensor_fusion/algorithms/type] by /roslaunch
[rosmaster.master][INFO] 2026-08-30 03:57:01,625: +PARAM [/kalman_filter/sensor_fusion/algorithms/centralized/measurement_dim] by /roslaunch
[rosmaster.master][INFO] 2026-08-30 03:57:01,626: +PARAM [/kalman_filter/sensor_fusion/algorithms/track_to_track/covariance_intersection] by /roslaunch
[rosmaster.master][INFO] 2026-08-30 03:57:01,626: +PARAM [/kalman_filter/sensor_fusion/algorithms/track_to_track/gamma] by /roslaunch
[rosmaster.master][INFO] 2026-08-30 03:57:01,626: +PARAM [/system_params/ros/master/uri] by /roslaunch
[rosmaster.master][INFO] 2026-08-30 03:57:01,626: +PARAM [/system_params/ros/master/timeout] by /roslaunch
[rosmaster.master][INFO] 2026-08-30 03:57:01,627: +PARAM [/system_params/ros/node/name] by /roslaunch
[rosmaster.master][INFO] 2026-08-30 03:57:01,627: +PARAM [/system_params/ros/node/namespace] by /roslaunch
[rosmaster.master][INFO] 2026-08-30 03:57:01,627: +PARAM [/system_params/ros/topics/camera_image] by /roslaunch
[rosmaster.master][INFO] 2026-08-30 03:57:01,627: +PARAM [/system_params/ros/topics/camera_info] by /roslaunch
[rosmaster.master][INFO] 2026-08-30 03:57:01,627: +PARAM [/system_params/ros/topics/vehicle_state] by /roslaunch
[rosmaster.master][INFO] 2026-08-30 03:57:01,627: +PARAM [/system_params/ros/topics/vehicle_position] by /roslaunch
[rosmaster.master][INFO] 2026-08-30 03:57:01,628: +PARAM [/system_params/ros/topics/vehicle_velocity] by /roslaunch
[rosmaster.master][INFO] 2026-08-30 03:57:01,628: +PARAM [/system_params/ros/topics/vehicle_attitude] by /roslaunch
[rosmaster.master][INFO] 2026-08-30 03:57:01,628: +PARAM [/system_params/ros/topics/battery_status] by /roslaunch
[rosmaster.master][INFO] 2026-08-30 03:57:01,628: +PARAM [/system_params/ros/topics/detection_output] by /roslaunch
[rosmaster.master][INFO] 2026-08-30 03:57:01,628: +PARAM [/system_params/ros/topics/tracked_targets] by /roslaunch
[rosmaster.master][INFO] 2026-08-30 03:57:01,628: +PARAM [/system_params/ros/topics/control_command] by /roslaunch
[rosmaster.master][INFO] 2026-08-30 03:57:01,629: +PARAM [/system_params/ros/topics/safety_status] by /roslaunch
[rosmaster.master][INFO] 2026-08-30 03:57:01,629: +PARAM [/system_params/ros/topics/diagnostic_status] by /roslaunch
[rosmaster.master][INFO] 2026-08-30 03:57:01,629: +PARAM [/system_params/ros/topics/debug_info] by /roslaunch
[rosmaster.master][INFO] 2026-08-30 03:57:01,629: +PARAM [/system_params/ros/topics/performance_metrics] by /roslaunch
[rosmaster.master][INFO] 2026-08-30 03:57:01,629: +PARAM [/system_params/ros/topics/test_results] by /roslaunch
[rosmaster.master][INFO] 2026-08-30 03:57:01,630: +PARAM [/system_params/ros/topics/test_status] by /roslaunch
[rosmaster.master][INFO] 2026-08-30 03:57:01,630: +PARAM [/system_params/logging/level] by /roslaunch
[rosmaster.master][INFO] 2026-08-30 03:57:01,630: +PARAM [/system_params/logging/outputs/console] by /roslaunch
[rosmaster.master][INFO] 2026-08-30 03:57:01,630: +PARAM [/system_params/logging/outputs/file] by /roslaunch
[rosmaster.master][INFO] 2026-08-30 03:57:01,630: +PARAM [/system_params/logging/outputs/rosout] by /roslaunch
[rosmaster.master][INFO] 2026-08-30 03:57:01,631: +PARAM [/system_params/logging/file/directory] by /roslaunch
[rosmaster.master][INFO] 2026-08-30 03:57:01,631: +PARAM [/system_params/logging/file/max_size] by /roslaunch
[rosmaster.master][INFO] 2026-08-30 03:57:01,631: +PARAM [/system_params/logging/file/max_files] by /roslaunch
[rosmaster.master][INFO] 2026-08-30 03:57:01,631: +PARAM [/system_params/logging/file/format] by /roslaunch
[rosmaster.master][INFO] 2026-08-30 03:57:01,631: +PARAM [/system_params/logging/performance/enabled] by /roslaunch
[rosmaster.master][INFO] 2026-08-30 03:57:01,632: +PARAM [/system_params/logging/performance/interval] by /roslaunch
[rosmaster.master][INFO] 2026-08-30 03:57:01,632: +PARAM [/system_params/logging/performance/metrics] by /roslaunch
[rosmaster.master][INFO] 2026-08-30 03:57:01,632: +PARAM [/system_params/logging/performance/output_file] by /roslaunch
[rosmaster.master][INFO] 2026-08-30 03:57:01,632: +PARAM [/system_params/safety/geofence/enabled] by /roslaunch
[rosmaster.master][INFO] 2026-08-30 03:57:01,632: +PARAM [/system_params/safety/geofence/shape] by /roslaunch
[rosmaster.master][INFO] 2026-08-30 03:57:01,632: +PARAM [/system_params/safety/geofence/radius] by /roslaunch
[rosmaster.master][INFO] 2026-08-30 03:57:01,632: +PARAM [/system_params/safety/geofence/height] by /roslaunch
[rosmaster.master][INFO] 2026-08-30 03:57:01,632: +PARAM [/system_params/safety/emergency/action] by /roslaunch
[rosmaster.master][INFO] 2026-08-30 03:57:01,633: +PARAM [/system_params/safety/emergency/altitude_min] by /roslaunch
[rosmaster.master][INFO] 2026-08-30 03:57:01,633: +PARAM [/system_params/safety/emergency/altitude_max] by /roslaunch
[rosmaster.master][INFO] 2026-08-30 03:57:01,633: +PARAM [/system_params/safety/failsafe/battery_critical] by /roslaunch
[rosmaster.master][INFO] 2026-08-30 03:57:01,633: +PARAM [/system_params/safety/failsafe/lost_connection] by /roslaunch
[rosmaster.master][INFO] 2026-08-30 03:57:01,633: +PARAM [/system_params/safety/failsafe/gps_failure] by /roslaunch
[rosmaster.master][INFO] 2026-08-30 03:57:01,633: +PARAM [/system_params/safety/failsafe/sensor_failure] by /roslaunch
[rosmaster.master][INFO] 2026-08-30 03:57:01,633: +PARAM [/system_params/safety/failsafe/exceeded_geofence] by /roslaunch
[rosmaster.master][INFO] 2026-08-30 03:57:01,633: +PARAM [/system_params/safety/health/check_interval] by /roslaunch
[rosmaster.master][INFO] 2026-08-30 03:57:01,634: +PARAM [/system_params/safety/health/restart_on_failure] by /roslaunch
[rosmaster.master][INFO] 2026-08-30 03:57:01,634: +PARAM [/system_params/safety/health/max_restarts] by /roslaunch
[rosmaster.master][INFO] 2026-08-30 03:57:01,634: +PARAM [/system_params/safety/health/restart_delay] by /roslaunch
[rosmaster.master][INFO] 2026-08-30 03:57:01,634: +PARAM [/system_params/performance/threads/detection_pool] by /roslaunch
[rosmaster.master][INFO] 2026-08-30 03:57:01,634: +PARAM [/system_params/performance/threads/control_pool] by /roslaunch
[rosmaster.master][INFO] 2026-08-30 03:57:01,634: +PARAM [/system_params/performance/queues/input_queue_size] by /roslaunch
[rosmaster.master][INFO] 2026-08-30 03:57:01,635: +PARAM [/system_params/performance/queues/output_queue_size] by /roslaunch
[rosmaster.master][INFO] 2026-08-30 03:57:01,635: +PARAM [/system_params/performance/memory/cache_images] by /roslaunch
[rosmaster.master][INFO] 2026-08-30 03:57:01,635: +PARAM [/system_params/performance/memory/max_cache_size] by /roslaunch
[rosmaster.master][INFO] 2026-08-30 03:57:01,635: +PARAM [/system_params/performance/memory/max_cached_messages] by /roslaunch
[rosmaster.master][INFO] 2026-08-30 03:57:01,635: +PARAM [/system_params/performance/timing/use_sim_time] by /roslaunch
[rosmaster.master][INFO] 2026-08-30 03:57:01,635: +PARAM [/system_params/performance/timing/publish_rate] by /roslaunch
[rosmaster.master][INFO] 2026-08-30 03:57:01,635: +PARAM [/system_params/performance/timing/control_rate] by /roslaunch
[rosmaster.master][INFO] 2026-08-30 03:57:01,635: +PARAM [/system_params/network/px4/udp_port] by /roslaunch
[rosmaster.master][INFO] 2026-08-30 03:57:01,635: +PARAM [/system_params/network/px4/tcp_port] by /roslaunch
[rosmaster.master][INFO] 2026-08-30 03:57:01,636: +PARAM [/system_params/network/px4/heartbeat_rate] by /roslaunch
[rosmaster.master][INFO] 2026-08-30 03:57:01,636: +PARAM [/system_params/network/mavros/fcu_url] by /roslaunch
[rosmaster.master][INFO] 2026-08-30 03:57:01,636: +PARAM [/system_params/network/mavros/gcs_url] by /roslaunch
[rosmaster.master][INFO] 2026-08-30 03:57:01,636: +PARAM [/system_params/network/timeout] by /roslaunch
[rosmaster.master][INFO] 2026-08-30 03:57:01,636: +PARAM [/system_params/network/reconnect_attempts] by /roslaunch
[rosmaster.master][INFO] 2026-08-30 03:57:01,636: +PARAM [/system_params/network/reconnect_delay] by /roslaunch
[rosmaster.master][INFO] 2026-08-30 03:57:01,636: +PARAM [/system_params/performance/publish_rate] by /roslaunch
[rosmaster.master][INFO] 2026-08-30 03:57:01,636: +PARAM [/use_simulation] by /roslaunch
[rosmaster.master][INFO] 2026-08-30 03:57:01,636: +PARAM [/parameter_validator/config_dir] by /roslaunch
[rosmaster.master][INFO] 2026-08-30 03:57:01,637: +PARAM [/parameter_validator/validate_on_startup] by /roslaunch
[rosmaster.master][INFO] 2026-08-30 03:57:01,637: +PARAM [/mission_manager/mission_config] by /roslaunch
[rosmaster.master][INFO] 2026-08-30 03:57:01,637: +PARAM [/camera_calibration/simulation_mode] by /roslaunch
[rosmaster.master][INFO] 2026-08-30 03:57:01,637: +PARAM [/yolo_detector/model_path] by /roslaunch
[rosmaster.master][INFO] 2026-08-30 03:57:01,637: +PARAM [/yolo_detector/device] by /roslaunch
[rosmaster.master][INFO] 2026-08-30 03:57:01,637: +PARAM [/sensor_fusion/publish_rate] by /roslaunch
[rosmaster.master][INFO] 2026-08-30 03:57:01,637: +PARAM [/sensor_fusion/simulation_mode] by /roslaunch
[rosmaster.master][INFO] 2026-08-30 03:57:01,637: +PARAM [/target_tracking_controller/simulation_mode] by /roslaunch
[rosmaster.master][INFO] 2026-08-30 03:57:01,637: +PARAM [/vehicle_state_monitor/simulation_mode] by /roslaunch
[rosmaster.master][INFO] 2026-08-30 03:57:01,638: +PARAM [/safety_monitor/enable_geofence] by /roslaunch
[rosmaster.master][INFO] 2026-08-30 03:57:01,638: +PARAM [/safety_monitor/simulation_mode] by /roslaunch
[rosmaster.master][INFO] 2026-08-30 03:57:01,638: +PARAM [/system_health_monitor/monitoring_interval] by /roslaunch
[rosmaster.master][INFO] 2026-08-30 03:57:01,638: +PARAM [/system_health_monitor/critical_threshold_cpu] by /roslaunch
[rosmaster.master][INFO] 2026-08-30 03:57:01,638: +PARAM [/system_health_monitor/critical_threshold_memory] by /roslaunch
[rosmaster.master][INFO] 2026-08-30 03:57:01,638: +PARAM [/system_health_monitor/warning_threshold_cpu] by /roslaunch
[rosmaster.master][INFO] 2026-08-30 03:57:01,638: +PARAM [/system_health_monitor/warning_threshold_memory] by /roslaunch
[rosmaster.master][INFO] 2026-08-30 03:57:01,639: +PARAM [/system_health_monitor/enable_network_monitoring] by /roslaunch
[rosmaster.master][INFO] 2026-08-30 03:57:01,639: +PARAM [/system_health_monitor/enable_disk_monitoring] by /roslaunch
[rosmaster.master][INFO] 2026-08-30 03:57:01,639: +PARAM [/system_health_monitor/enable_process_monitoring] by /roslaunch
[rosmaster.master][INFO] 2026-08-30 03:57:01,639: +PARAM [/health_checker/monitored_nodes] by /roslaunch
[rosmaster.master][INFO] 2026-08-30 03:57:01,639: +PARAM [/health_checker/check_interval] by /roslaunch
[rosmaster.master][INFO] 2026-08-30 03:57:01,639: +PARAM [/health_checker/timeout_threshold] by /roslaunch
[rosmaster.master][INFO] 2026-08-30 03:57:01,639: +PARAM [/health_checker/restart_on_failure] by /roslaunch
[rosmaster.master][INFO] 2026-08-30 03:57:01,639: +PARAM [/health_checker/max_restarts] by /roslaunch
[rosmaster.master][INFO] 2026-08-30 03:57:01,803: +SERVICE [/rosout/get_loggers] /rosout http://localhost:42537/
[rosmaster.master][INFO] 2026-08-30 03:57:01,807: +SERVICE [/rosout/set_logger_level] /rosout http://localhost:42537/
[rosmaster.master][INFO] 2026-08-30 03:57:01,823: +PUB [/rosout_agg] /rosout http://localhost:42537/
[rosmaster.master][INFO] 2026-08-30 03:57:01,835: +SUB [/rosout] /rosout http://localhost:42537/
[rosmaster.master][INFO] 2026-08-30 03:57:04,619: +PUB [/rosout] /parameter_validator http://localhost:34725/
[rosmaster.master][INFO] 2026-08-30 03:57:04,631: +SERVICE [/parameter_validator/get_loggers] /parameter_validator http://localhost:34725/
[rosmaster.master][INFO] 2026-08-30 03:57:04,634: +SERVICE [/parameter_validator/set_logger_level] /parameter_validator http://localhost:34725/
[rosmaster.master][INFO] 2026-08-30 03:57:04,705: +PUB [/rosout] /health_checker http://localhost:43141/
[rosmaster.master][INFO] 2026-08-30 03:57:04,707: publisherUpdate[/rosout] -> http://localhost:42537/ ['http://localhost:34725/']
[rosmaster.master][INFO] 2026-08-30 03:57:04,741: +SERVICE [/health_checker/get_loggers] /health_checker http://localhost:43141/
[rosmaster.master][INFO] 2026-08-30 03:57:04,802: +SERVICE [/health_checker/set_logger_level] /health_checker http://localhost:43141/
[rosmaster.master][INFO] 2026-08-30 03:57:04,820: publisherUpdate[/rosout] -> http://localhost:42537/ ['http://localhost:34725/']: sec=0.10, result=[1, '', 0]
[rosmaster.master][INFO] 2026-08-30 03:57:04,822: publisherUpdate[/rosout] -> http://localhost:42537/ ['http://localhost:34725/', 'http://localhost:43141/']
[rosmaster.master][INFO] 2026-08-30 03:57:04,825: publisherUpdate[/rosout] -> http://localhost:42537/ ['http://localhost:34725/', 'http://localhost:43141/']: sec=0.00, result=[1, '', 0]
[rosmaster.master][INFO] 2026-08-30 03:57:04,834: +SUB [/yolo_detector/node_health] /health_checker http://localhost:43141/
[rosmaster.master][INFO] 2026-08-30 03:57:04,843: +SUB [/target_tracking_controller/node_health] /health_checker http://localhost:43141/
[rosmaster.master][INFO] 2026-08-30 03:57:04,901: +SUB [/vehicle_state_monitor/node_health] /health_checker http://localhost:43141/
[rosmaster.master][INFO] 2026-08-30 03:57:04,903: +CACHEDPARAM [/rosout_disable_topics_generation] by /parameter_validator
[rosmaster.master][INFO] 2026-08-30 03:57:04,907: +CACHEDPARAM [/rosout_disable_topics_generation] by /parameter_validator
[rosmaster.master][INFO] 2026-08-30 03:57:04,912: +SUB [/mission_manager/node_health] /health_checker http://localhost:43141/
[rosmaster.master][INFO] 2026-08-30 03:57:04,920: +SUB [/safety_monitor/node_health] /health_checker http://localhost:43141/
[rosmaster.master][INFO] 2026-08-30 03:57:04,935: +SUB [/command_interpreter/node_health] /health_checker http://localhost:43141/
[rosmaster.master][INFO] 2026-08-30 03:57:04,936: +PUB [/system_health] /health_checker http://localhost:43141/
[rosmaster.master][INFO] 2026-08-30 03:57:04,937: +SERVICE [/health/check_all] /health_checker http://localhost:43141/
[rosmaster.master][INFO] 2026-08-30 03:57:04,939: +SERVICE [/health/restart_node] /health_checker http://localhost:43141/
[rosmaster.master][INFO] 2026-08-30 03:57:04,993: +CACHEDPARAM [/rosout_disable_topics_generation] by /health_checker
[rosmaster.master][INFO] 2026-08-30 03:57:05,018: +PUB [/rosout] /command_interpreter http://localhost:38359/
[rosmaster.master][INFO] 2026-08-30 03:57:05,027: publisherUpdate[/rosout] -> http://localhost:42537/ ['http://localhost:34725/', 'http://localhost:43141/', 'http://localhost:38359/']
[rosmaster.master][INFO] 2026-08-30 03:57:05,036: +SERVICE [/command_interpreter/get_loggers] /command_interpreter http://localhost:38359/
[rosmaster.master][INFO] 2026-08-30 03:57:05,041: +SERVICE [/command_interpreter/set_logger_level] /command_interpreter http://localhost:38359/
[rosmaster.master][INFO] 2026-08-30 03:57:05,043: +SUB [/drone_control/command] /command_interpreter http://localhost:38359/
[rosmaster.master][INFO] 2026-08-30 03:57:05,044: +PUB [/drone_control/command_response] /command_interpreter http://localhost:38359/
[rosmaster.master][INFO] 2026-08-30 03:57:05,046: +PUB [/command_interpreter/node_health] /command_interpreter http://localhost:38359/
[rosmaster.master][INFO] 2026-08-30 03:57:05,048: +CACHEDPARAM [/rosout_disable_topics_generation] by /command_interpreter
[rosmaster.master][INFO] 2026-08-30 03:57:05,103: publisherUpdate[/rosout] -> http://localhost:42537/ ['http://localhost:34725/', 'http://localhost:43141/', 'http://localhost:38359/']: sec=0.08, result=[1, '', 0]
[rosmaster.master][INFO] 2026-08-30 03:57:05,104: publisherUpdate[/command_interpreter/node_health] -> http://localhost:43141/ ['http://localhost:38359/']
[rosmaster.master][INFO] 2026-08-30 03:57:05,107: publisherUpdate[/command_interpreter/node_health] -> http://localhost:43141/ ['http://localhost:38359/']: sec=0.00, result=[1, '', 0]
[rosmaster.master][INFO] 2026-08-30 03:57:05,117: +CACHEDPARAM [/rosout/omit_topics] by /rosout
[rosmaster.master][INFO] 2026-08-30 03:57:05,152: +PUB [/rosout] /mission_manager http://localhost:46269/
[rosmaster.master][INFO] 2026-08-30 03:57:05,208: +SERVICE [/mission_manager/get_loggers] /mission_manager http://localhost:46269/
[rosmaster.master][INFO] 2026-08-30 03:57:05,208: publisherUpdate[/rosout] -> http://localhost:42537/ ['http://localhost:34725/', 'http://localhost:43141/', 'http://localhost:38359/', 'http://localhost:46269/']
[rosmaster.master][INFO] 2026-08-30 03:57:05,213: publisherUpdate[/rosout] -> http://localhost:42537/ ['http://localhost:34725/', 'http://localhost:43141/', 'http://localhost:38359/', 'http://localhost:46269/']: sec=0.00, result=[1, '', 0]
[rosmaster.master][INFO] 2026-08-30 03:57:05,214: +SERVICE [/mission_manager/set_logger_level] /mission_manager http://localhost:46269/
[rosmaster.master][INFO] 2026-08-30 03:57:05,228: +PUB [/mission_status] /mission_manager http://localhost:46269/
[rosmaster.master][INFO] 2026-08-30 03:57:05,230: +PUB [/mission_manager/node_health] /mission_manager http://localhost:46269/
[rosmaster.master][INFO] 2026-08-30 03:57:05,232: +PUB [/rosout] /camera_calibration http://localhost:45697/
[rosmaster.master][INFO] 2026-08-30 03:57:05,244: +SUB [/drone_control/command] /mission_manager http://localhost:46269/
[rosmaster.master][INFO] 2026-08-30 03:57:05,247: +SERVICE [/camera_calibration/get_loggers] /camera_calibration http://localhost:45697/
[rosmaster.master][INFO] 2026-08-30 03:57:05,250: +SERVICE [/camera_calibration/set_logger_level] /camera_calibration http://localhost:45697/
[rosmaster.master][INFO] 2026-08-30 03:57:05,252: +SUB [/safety_status] /mission_manager http://localhost:46269/
[rosmaster.master][INFO] 2026-08-30 03:57:05,297: +PUB [/camera/camera_info] /camera_calibration http://localhost:45697/
[rosmaster.master][INFO] 2026-08-30 03:57:05,301: +PUB [/tf] /camera_calibration http://localhost:45697/
[rosmaster.master][INFO] 2026-08-30 03:57:05,302: +SUB [/tracked_targets] /mission_manager http://localhost:46269/
[rosmaster.master][INFO] 2026-08-30 03:57:05,306: +CACHEDPARAM [/rosout_disable_topics_generation] by /camera_calibration
[rosmaster.master][INFO] 2026-08-30 03:57:05,307: +CACHEDPARAM [/rosout_disable_topics_generation] by /mission_manager
[rosmaster.master][INFO] 2026-08-30 03:57:05,317: publisherUpdate[/mission_manager/node_health] -> http://localhost:43141/ ['http://localhost:46269/']
[rosmaster.master][INFO] 2026-08-30 03:57:05,322: publisherUpdate[/mission_manager/node_health] -> http://localhost:43141/ ['http://localhost:46269/']: sec=0.00, result=[1, '', 0]
[rosmaster.master][INFO] 2026-08-30 03:57:05,322: publisherUpdate[/rosout] -> http://localhost:42537/ ['http://localhost:34725/', 'http://localhost:43141/', 'http://localhost:38359/', 'http://localhost:46269/', 'http://localhost:45697/']
[rosmaster.master][INFO] 2026-08-30 03:57:05,326: publisherUpdate[/rosout] -> http://localhost:42537/ ['http://localhost:34725/', 'http://localhost:43141/', 'http://localhost:38359/', 'http://localhost:46269/', 'http://localhost:45697/']: sec=0.00, result=[1, '', 0]
[rosmaster.master][INFO] 2026-08-30 03:57:05,509: +PUB [/rosout] /sensor_fusion http://localhost:38199/
[rosmaster.master][INFO] 2026-08-30 03:57:05,510: publisherUpdate[/rosout] -> http://localhost:42537/ ['http://localhost:34725/', 'http://localhost:43141/', 'http://localhost:38359/', 'http://localhost:46269/', 'http://localhost:45697/', 'http://localhost:38199/']
[rosmaster.master][INFO] 2026-08-30 03:57:05,512: publisherUpdate[/rosout] -> http://localhost:42537/ ['http://localhost:34725/', 'http://localhost:43141/', 'http://localhost:38359/', 'http://localhost:46269/', 'http://localhost:45697/', 'http://localhost:38199/']: sec=0.00, result=[1, '', 0]
[rosmaster.master][INFO] 2026-08-30 03:57:05,529: +PUB [/rosout] /system_health_monitor http://localhost:37861/
[rosmaster.master][INFO] 2026-08-30 03:57:05,529: publisherUpdate[/rosout] -> http://localhost:42537/ ['http://localhost:34725/', 'http://localhost:43141/', 'http://localhost:38359/', 'http://localhost:46269/', 'http://localhost:45697/', 'http://localhost:38199/', 'http://localhost:37861/']
[rosmaster.master][INFO] 2026-08-30 03:57:05,534: publisherUpdate[/rosout] -> http://localhost:42537/ ['http://localhost:34725/', 'http://localhost:43141/', 'http://localhost:38359/', 'http://localhost:46269/', 'http://localhost:45697/', 'http://localhost:38199/', 'http://localhost:37861/']: sec=0.00, result=[1, '', 0]
[rosmaster.master][INFO] 2026-08-30 03:57:05,537: +SERVICE [/sensor_fusion/get_loggers] /sensor_fusion http://localhost:38199/
[rosmaster.master][INFO] 2026-08-30 03:57:05,599: +SERVICE [/sensor_fusion/set_logger_level] /sensor_fusion http://localhost:38199/
[rosmaster.master][INFO] 2026-08-30 03:57:05,608: +SERVICE [/system_health_monitor/get_loggers] /system_health_monitor http://localhost:37861/
[rosmaster.master][INFO] 2026-08-30 03:57:05,611: +SERVICE [/system_health_monitor/set_logger_level] /system_health_monitor http://localhost:37861/
[rosmaster.master][INFO] 2026-08-30 03:57:05,614: +SUB [/mavros/imu/data] /sensor_fusion http://localhost:38199/
[rosmaster.master][INFO] 2026-08-30 03:57:05,619: +SUB [/mavros/global_position/global] /sensor_fusion http://localhost:38199/
[rosmaster.master][INFO] 2026-08-30 03:57:05,626: +SUB [/mavros/local_position/pose] /sensor_fusion http://localhost:38199/
[rosmaster.master][INFO] 2026-08-30 03:57:05,629: +PUB [/sensor_fusion/node_health] /sensor_fusion http://localhost:38199/
[rosmaster.master][INFO] 2026-08-30 03:57:05,642: +CACHEDPARAM [/rosout_disable_topics_generation] by /sensor_fusion
[rosmaster.master][INFO] 2026-08-30 03:57:05,646: +SUB [/health/check_all] /system_health_monitor http://localhost:37861/
[rosmaster.master][INFO] 2026-08-30 03:57:05,650: +PUB [/system_health] /system_health_monitor http://localhost:37861/
[rosmaster.master][INFO] 2026-08-30 03:57:05,654: +PUB [/diagnostic_status] /system_health_monitor http://localhost:37861/
[rosmaster.master][INFO] 2026-08-30 03:57:05,658: +PUB [/performance_metrics] /system_health_monitor http://localhost:37861/
[rosmaster.master][INFO] 2026-08-30 03:57:05,661: +PUB [/system_alert] /system_health_monitor http://localhost:37861/
[rosmaster.master][INFO] 2026-08-30 03:57:05,698: +CACHEDPARAM [/rosout_disable_topics_generation] by /system_health_monitor
[rosmaster.master][INFO] 2026-08-30 03:57:05,760: +PUB [/rosout] /safety_monitor http://localhost:45581/
[rosmaster.master][INFO] 2026-08-30 03:57:05,772: +SERVICE [/safety_monitor/get_loggers] /safety_monitor http://localhost:45581/
[rosmaster.master][INFO] 2026-08-30 03:57:05,774: +SERVICE [/safety_monitor/set_logger_level] /safety_monitor http://localhost:45581/
[rosmaster.master][INFO] 2026-08-30 03:57:05,790: +SUB [/mavros/local_position/pose] /safety_monitor http://localhost:45581/
[rosmaster.master][INFO] 2026-08-30 03:57:05,794: +SUB [/mavros/local_position/velocity] /safety_monitor http://localhost:45581/
[rosmaster.master][INFO] 2026-08-30 03:57:05,798: +SUB [/mavros/state] /safety_monitor http://localhost:45581/
[rosmaster.master][INFO] 2026-08-30 03:57:05,800: +PUB [/safety_status] /safety_monitor http://localhost:45581/
[rosmaster.master][INFO] 2026-08-30 03:57:05,803: +PUB [/safety_monitor/node_health] /safety_monitor http://localhost:45581/
[rosmaster.master][INFO] 2026-08-30 03:57:05,806: +PUB [/emergency_triggered] /safety_monitor http://localhost:45581/
[rosmaster.master][INFO] 2026-08-30 03:57:05,808: +SERVICE [/safety/geofence_enable] /safety_monitor http://localhost:45581/
[rosmaster.master][INFO] 2026-08-30 03:57:05,811: +SERVICE [/safety/geofence_disable] /safety_monitor http://localhost:45581/
[rosmaster.master][INFO] 2026-08-30 03:57:05,812: +SERVICE [/safety/check] /safety_monitor http://localhost:45581/
[rosmaster.master][INFO] 2026-08-30 03:57:05,814: +SERVICE [/safety/status] /safety_monitor http://localhost:45581/
[rosmaster.master][INFO] 2026-08-30 03:57:05,819: +CACHEDPARAM [/rosout_disable_topics_generation] by /safety_monitor
[rosmaster.master][INFO] 2026-08-30 03:57:05,823: +CACHEDPARAM [/rosout_disable_topics_generation] by /safety_monitor
[rosmaster.master][INFO] 2026-08-30 03:57:05,829: publisherUpdate[/rosout] -> http://localhost:42537/ ['http://localhost:34725/', 'http://localhost:43141/', 'http://localhost:38359/', 'http://localhost:46269/', 'http://localhost:45697/', 'http://localhost:38199/', 'http://localhost:37861/', 'http://localhost:45581/']
[rosmaster.master][INFO] 2026-08-30 03:57:05,831: publisherUpdate[/rosout] -> http://localhost:42537/ ['http://localhost:34725/', 'http://localhost:43141/', 'http://localhost:38359/', 'http://localhost:46269/', 'http://localhost:45697/', 'http://localhost:38199/', 'http://localhost:37861/', 'http://localhost:45581/']: sec=0.00, result=[1, '', 0]
[rosmaster.master][INFO] 2026-08-30 03:57:05,832: publisherUpdate[/safety_status] -> http://localhost:46269/ ['http://localhost:45581/']
[rosmaster.master][INFO] 2026-08-30 03:57:05,833: publisherUpdate[/safety_monitor/node_health] -> http://localhost:43141/ ['http://localhost:45581/']
[rosmaster.master][INFO] 2026-08-30 03:57:05,837: publisherUpdate[/safety_status] -> http://localhost:46269/ ['http://localhost:45581/']: sec=0.01, result=[1, '', 0]
[rosmaster.master][INFO] 2026-08-30 03:57:05,837: publisherUpdate[/rosout] -> http://localhost:42537/ ['http://localhost:34725/', 'http://localhost:43141/', 'http://localhost:38359/', 'http://localhost:46269/', 'http://localhost:45697/', 'http://localhost:38199/', 'http://localhost:37861/', 'http://localhost:45581/', 'http://localhost:35729/']
[rosmaster.master][INFO] 2026-08-30 03:57:05,835: +PUB [/rosout] /vehicle_state_monitor http://localhost:35729/
[rosmaster.master][INFO] 2026-08-30 03:57:05,841: publisherUpdate[/rosout] -> http://localhost:42537/ ['http://localhost:34725/', 'http://localhost:43141/', 'http://localhost:38359/', 'http://localhost:46269/', 'http://localhost:45697/', 'http://localhost:38199/', 'http://localhost:37861/', 'http://localhost:45581/', 'http://localhost:35729/']: sec=0.00, result=[1, '', 0]
[rosmaster.master][INFO] 2026-08-30 03:57:05,841: publisherUpdate[/safety_monitor/node_health] -> http://localhost:43141/ ['http://localhost:45581/']: sec=0.01, result=[1, '', 0]
[rosmaster.master][INFO] 2026-08-30 03:57:05,853: +SERVICE [/vehicle_state_monitor/get_loggers] /vehicle_state_monitor http://localhost:35729/
[rosmaster.master][INFO] 2026-08-30 03:57:05,857: +SERVICE [/vehicle_state_monitor/set_logger_level] /vehicle_state_monitor http://localhost:35729/
[rosmaster.master][INFO] 2026-08-30 03:57:05,864: +SUB [/mavros/state] /vehicle_state_monitor http://localhost:35729/
[rosmaster.master][INFO] 2026-08-30 03:57:05,868: +SUB [/mavros/battery] /vehicle_state_monitor http://localhost:35729/
[rosmaster.master][INFO] 2026-08-30 03:57:05,873: +SUB [/mavros/local_position/velocity] /vehicle_state_monitor http://localhost:35729/
[rosmaster.master][INFO] 2026-08-30 03:57:05,875: +PUB [/drone_status] /vehicle_state_monitor http://localhost:35729/
[rosmaster.master][INFO] 2026-08-30 03:57:05,878: +PUB [/diagnostic_status] /vehicle_state_monitor http://localhost:35729/
[rosmaster.master][INFO] 2026-08-30 03:57:05,880: +PUB [/vehicle_state_monitor/node_health] /vehicle_state_monitor http://localhost:35729/
[rosmaster.master][INFO] 2026-08-30 03:57:05,882: +PUB [/battery_percentage] /vehicle_state_monitor http://localhost:35729/
[rosmaster.master][INFO] 2026-08-30 03:57:05,884: +SERVICE [/drone_emergency_stop] /vehicle_state_monitor http://localhost:35729/
[rosmaster.master][INFO] 2026-08-30 03:57:05,887: +SERVICE [/drone_arm] /vehicle_state_monitor http://localhost:35729/
[rosmaster.master][INFO] 2026-08-30 03:57:05,890: +SERVICE [/drone_disarm] /vehicle_state_monitor http://localhost:35729/
[rosmaster.master][INFO] 2026-08-30 03:57:05,892: +SERVICE [/drone_get_status] /vehicle_state_monitor http://localhost:35729/
[rosmaster.master][INFO] 2026-08-30 03:57:05,898: +CACHEDPARAM [/rosout_disable_topics_generation] by /vehicle_state_monitor
[rosmaster.master][INFO] 2026-08-30 03:57:05,940: publisherUpdate[/vehicle_state_monitor/node_health] -> http://localhost:43141/ ['http://localhost:35729/']
[rosmaster.master][INFO] 2026-08-30 03:57:05,947: publisherUpdate[/vehicle_state_monitor/node_health] -> http://localhost:43141/ ['http://localhost:35729/']: sec=0.01, result=[1, '', 0]
[rosmaster.master][INFO] 2026-08-30 03:57:06,886: +PUB [/rosout] /target_tracking_controller http://localhost:43063/
[rosmaster.master][INFO] 2026-08-30 03:57:06,892: +SERVICE [/target_tracking_controller/get_loggers] /target_tracking_controller http://localhost:43063/
[rosmaster.master][INFO] 2026-08-30 03:57:06,893: +SERVICE [/target_tracking_controller/set_logger_level] /target_tracking_controller http://localhost:43063/
[rosmaster.master][INFO] 2026-08-30 03:57:06,899: +SUB [/mavros/local_position/odom] /target_tracking_controller http://localhost:43063/
[rosmaster.master][INFO] 2026-08-30 03:57:06,901: +SUB [/detected_objects] /target_tracking_controller http://localhost:43063/
[rosmaster.master][INFO] 2026-08-30 03:57:06,903: +SUB [/mavros/state] /target_tracking_controller http://localhost:43063/
[rosmaster.master][INFO] 2026-08-30 03:57:06,904: +SUB [/mission_status] /target_tracking_controller http://localhost:43063/
[rosmaster.master][INFO] 2026-08-30 03:57:06,906: +PUB [/tracked_targets] /target_tracking_controller http://localhost:43063/
[rosmaster.master][INFO] 2026-08-30 03:57:06,908: +PUB [/mavros/setpoint_velocity/cmd_vel_unstamped] /target_tracking_controller http://localhost:43063/
[rosmaster.master][INFO] 2026-08-30 03:57:06,910: +PUB [/mavros/setpoint_raw/local] /target_tracking_controller http://localhost:43063/
[rosmaster.master][INFO] 2026-08-30 03:57:06,919: +PUB [/target_tracking_controller/node_health] /target_tracking_controller http://localhost:43063/
[rosmaster.master][INFO] 2026-08-30 03:57:06,956: publisherUpdate[/rosout] -> http://localhost:42537/ ['http://localhost:34725/', 'http://localhost:43141/', 'http://localhost:38359/', 'http://localhost:46269/', 'http://localhost:45697/', 'http://localhost:38199/', 'http://localhost:37861/', 'http://localhost:45581/', 'http://localhost:35729/', 'http://localhost:43063/']
[rosmaster.master][INFO] 2026-08-30 03:57:06,957: publisherUpdate[/tracked_targets] -> http://localhost:46269/ ['http://localhost:43063/']
[rosmaster.master][INFO] 2026-08-30 03:57:06,958: publisherUpdate[/tracked_targets] -> http://localhost:46269/ ['http://localhost:43063/']: sec=0.00, result=[1, '', 0]
[rosmaster.master][INFO] 2026-08-30 03:57:06,958: publisherUpdate[/target_tracking_controller/node_health] -> http://localhost:43141/ ['http://localhost:43063/']
[rosmaster.master][INFO] 2026-08-30 03:57:06,959: publisherUpdate[/rosout] -> http://localhost:42537/ ['http://localhost:34725/', 'http://localhost:43141/', 'http://localhost:38359/', 'http://localhost:46269/', 'http://localhost:45697/', 'http://localhost:38199/', 'http://localhost:37861/', 'http://localhost:45581/', 'http://localhost:35729/', 'http://localhost:43063/']: sec=0.00, result=[1, '', 0]
[rosmaster.master][INFO] 2026-08-30 03:57:06,962: publisherUpdate[/target_tracking_controller/node_health] -> http://localhost:43141/ ['http://localhost:43063/']: sec=0.00, result=[1, '', 0]
[rosmaster.master][INFO] 2026-08-30 03:57:09,058: +CACHEDPARAM [/rosout_disable_topics_generation] by /target_tracking_controller
[rosmaster.master][INFO] 2026-08-30 03:57:09,949: +CACHEDPARAM [/rosout_disable_topics_generation] by /health_checker
[rosmaster.master][INFO] 2026-08-30 03:57:09,951: +CACHEDPARAM [/rosout_disable_topics_generation] by /health_checker
[rosmaster.master][INFO] 2026-08-30 03:57:09,953: +CACHEDPARAM [/rosout_disable_topics_generation] by /health_checker
[rosmaster.master][INFO] 2026-08-30 03:57:10,511: +PUB [/rosout] /yolo_detector http://localhost:36435/
[rosmaster.master][INFO] 2026-08-30 03:57:10,515: +SERVICE [/yolo_detector/get_loggers] /yolo_detector http://localhost:36435/
[rosmaster.master][INFO] 2026-08-30 03:57:10,516: +SERVICE [/yolo_detector/set_logger_level] /yolo_detector http://localhost:36435/
[rosmaster.master][INFO] 2026-08-30 03:57:10,522: +PUB [/yolo_detector/node_health] /yolo_detector http://localhost:36435/
[rosmaster.master][INFO] 2026-08-30 03:57:10,524: +SUB [/drone_control/command] /yolo_detector http://localhost:36435/
[rosmaster.master][INFO] 2026-08-30 03:57:10,525: +PUB [/command_response] /yolo_detector http://localhost:36435/
[rosmaster.master][INFO] 2026-08-30 03:57:10,526: +SUB [/mission_status] /yolo_detector http://localhost:36435/
[rosmaster.master][INFO] 2026-08-30 03:57:10,527: +CACHEDPARAM [/rosout_disable_topics_generation] by /yolo_detector
[rosmaster.master][INFO] 2026-08-30 03:57:10,607: publisherUpdate[/rosout] -> http://localhost:42537/ ['http://localhost:34725/', 'http://localhost:43141/', 'http://localhost:38359/', 'http://localhost:46269/', 'http://localhost:45697/', 'http://localhost:38199/', 'http://localhost:37861/', 'http://localhost:45581/', 'http://localhost:35729/', 'http://localhost:43063/', 'http://localhost:36435/']
[rosmaster.master][INFO] 2026-08-30 03:57:10,608: publisherUpdate[/rosout] -> http://localhost:42537/ ['http://localhost:34725/', 'http://localhost:43141/', 'http://localhost:38359/', 'http://localhost:46269/', 'http://localhost:45697/', 'http://localhost:38199/', 'http://localhost:37861/', 'http://localhost:45581/', 'http://localhost:35729/', 'http://localhost:43063/', 'http://localhost:36435/']: sec=0.00, result=[1, '', 0]
[rosmaster.master][INFO] 2026-08-30 03:57:10,609: publisherUpdate[/yolo_detector/node_health] -> http://localhost:43141/ ['http://localhost:36435/']
[rosmaster.master][INFO] 2026-08-30 03:57:10,611: publisherUpdate[/yolo_detector/node_health] -> http://localhost:43141/ ['http://localhost:36435/']: sec=0.00, result=[1, '', 0]
[rosmaster.master][INFO] 2026-08-30 03:57:10,740: +CACHEDPARAM [/rosout_disable_topics_generation] by /yolo_detector
[rosmaster.master][INFO] 2026-08-30 03:57:10,753: +SUB [/camera/color/image_raw] /yolo_detector http://localhost:36435/
[rosmaster.master][INFO] 2026-08-30 03:57:10,754: +PUB [/detected_objects] /yolo_detector http://localhost:36435/
[rosmaster.master][INFO] 2026-08-30 03:57:10,756: +CACHEDPARAM [/rosout_disable_topics_generation] by /yolo_detector
[rosmaster.master][INFO] 2026-08-30 03:57:10,758: +CACHEDPARAM [/rosout_disable_topics_generation] by /yolo_detector
[rosmaster.master][INFO] 2026-08-30 03:57:10,813: publisherUpdate[/detected_objects] -> http://localhost:43063/ ['http://localhost:36435/']
[rosmaster.master][INFO] 2026-08-30 03:57:10,817: publisherUpdate[/detected_objects] -> http://localhost:43063/ ['http://localhost:36435/']: sec=0.00, result=[1, '', 0]
[rosmaster.master][INFO] 2026-08-30 03:57:11,194: +CACHEDPARAM [/rosout_disable_topics_generation] by /target_tracking_controller
[rosmaster.master][INFO] 2026-08-30 03:57:11,200: +CACHEDPARAM [/rosout_disable_topics_generation] by /target_tracking_controller
[rosmaster.master][INFO] 2026-08-30 04:00:03,730: -SUB [/yolo_detector/node_health] /health_checker http://localhost:43141/
[rosmaster.master][INFO] 2026-08-30 04:00:03,731: -SUB [/target_tracking_controller/node_health] /health_checker http://localhost:43141/
[rosmaster.master][INFO] 2026-08-30 04:00:03,731: -SUB [/vehicle_state_monitor/node_health] /health_checker http://localhost:43141/
[rosmaster.master][INFO] 2026-08-30 04:00:03,732: -SUB [/mission_manager/node_health] /health_checker http://localhost:43141/
[rosmaster.master][INFO] 2026-08-30 04:00:03,732: -SUB [/safety_monitor/node_health] /health_checker http://localhost:43141/
[rosmaster.master][INFO] 2026-08-30 04:00:03,733: -SUB [/command_interpreter/node_health] /health_checker http://localhost:43141/
[rosmaster.master][INFO] 2026-08-30 04:00:03,734: -PUB [/rosout] /health_checker http://localhost:43141/
[rosmaster.master][INFO] 2026-08-30 04:00:03,737: -PUB [/system_health] /health_checker http://localhost:43141/
[rosmaster.master][INFO] 2026-08-30 04:00:03,737: publisherUpdate[/rosout] -> http://localhost:42537/ ['http://localhost:34725/', 'http://localhost:38359/', 'http://localhost:46269/', 'http://localhost:45697/', 'http://localhost:38199/', 'http://localhost:37861/', 'http://localhost:45581/', 'http://localhost:35729/', 'http://localhost:43063/', 'http://localhost:36435/']
[rosmaster.master][INFO] 2026-08-30 04:00:03,739: -SUB [/mavros/local_position/pose] /safety_monitor http://localhost:45581/
[rosmaster.master][INFO] 2026-08-30 04:00:03,739: -SUB [/mavros/local_position/velocity] /safety_monitor http://localhost:45581/
[rosmaster.master][INFO] 2026-08-30 04:00:03,740: -SUB [/mavros/state] /safety_monitor http://localhost:45581/
[rosmaster.master][INFO] 2026-08-30 04:00:03,756: -PUB [/rosout] /safety_monitor http://localhost:45581/
[rosmaster.master][INFO] 2026-08-30 04:00:03,769: -PUB [/safety_status] /safety_monitor http://localhost:45581/
[rosmaster.master][INFO] 2026-08-30 04:00:03,766: publisherUpdate[/rosout] -> http://localhost:42537/ ['http://localhost:34725/', 'http://localhost:38359/', 'http://localhost:46269/', 'http://localhost:45697/', 'http://localhost:38199/', 'http://localhost:37861/', 'http://localhost:45581/', 'http://localhost:35729/', 'http://localhost:43063/', 'http://localhost:36435/']: sec=0.03, result=[1, '', 0]
[rosmaster.master][INFO] 2026-08-30 04:00:03,773: publisherUpdate[/rosout] -> http://localhost:42537/ ['http://localhost:34725/', 'http://localhost:38359/', 'http://localhost:46269/', 'http://localhost:45697/', 'http://localhost:38199/', 'http://localhost:37861/', 'http://localhost:35729/', 'http://localhost:43063/', 'http://localhost:36435/']
[rosmaster.master][INFO] 2026-08-30 04:00:03,773: -SERVICE [/health_checker/get_loggers] /health_checker rosrpc://localhost:43125
[rosmaster.master][INFO] 2026-08-30 04:00:03,775: -SERVICE [/health_checker/set_logger_level] /health_checker rosrpc://localhost:43125
[rosmaster.master][INFO] 2026-08-30 04:00:03,775: -SERVICE [/health/check_all] /health_checker rosrpc://localhost:43125
[rosmaster.master][INFO] 2026-08-30 04:00:03,783: -SUB [/drone_control/command] /mission_manager http://localhost:46269/
[rosmaster.master][INFO] 2026-08-30 04:00:03,784: publisherUpdate[/rosout] -> http://localhost:42537/ ['http://localhost:34725/', 'http://localhost:38359/', 'http://localhost:46269/', 'http://localhost:45697/', 'http://localhost:38199/', 'http://localhost:37861/', 'http://localhost:35729/', 'http://localhost:43063/', 'http://localhost:36435/']: sec=0.01, result=[1, '', 0]
[rosmaster.master][INFO] 2026-08-30 04:00:03,786: publisherUpdate[/safety_status] -> http://localhost:46269/ []
[rosmaster.master][INFO] 2026-08-30 04:00:03,786: -SUB [/drone_control/command] /command_interpreter http://localhost:38359/
[rosmaster.master][INFO] 2026-08-30 04:00:03,788: -SUB [/mavros/state] /vehicle_state_monitor http://localhost:35729/
[rosmaster.master][INFO] 2026-08-30 04:00:03,788: -SUB [/mavros/battery] /vehicle_state_monitor http://localhost:35729/
[rosmaster.master][INFO] 2026-08-30 04:00:03,788: -SUB [/mavros/local_position/velocity] /vehicle_state_monitor http://localhost:35729/
[rosmaster.master][INFO] 2026-08-30 04:00:03,789: -PUB [/rosout] /vehicle_state_monitor http://localhost:35729/
[rosmaster.master][INFO] 2026-08-30 04:00:03,789: -PUB [/drone_status] /vehicle_state_monitor http://localhost:35729/
[rosmaster.master][INFO] 2026-08-30 04:00:03,789: -PUB [/diagnostic_status] /vehicle_state_monitor http://localhost:35729/
[rosmaster.master][INFO] 2026-08-30 04:00:03,789: -PUB [/vehicle_state_monitor/node_health] /vehicle_state_monitor http://localhost:35729/
[rosmaster.master][INFO] 2026-08-30 04:00:03,789: -PUB [/battery_percentage] /vehicle_state_monitor http://localhost:35729/
[rosmaster.master][INFO] 2026-08-30 04:00:03,789: -PUB [/rosout] /command_interpreter http://localhost:38359/
[rosmaster.master][INFO] 2026-08-30 04:00:03,789: -PUB [/drone_control/command_response] /command_interpreter http://localhost:38359/
[rosmaster.master][INFO] 2026-08-30 04:00:03,790: -PUB [/command_interpreter/node_health] /command_interpreter http://localhost:38359/
[rosmaster.master][INFO] 2026-08-30 04:00:03,790: -SERVICE [/command_interpreter/get_loggers] /command_interpreter rosrpc://localhost:44411
[rosmaster.master][INFO] 2026-08-30 04:00:03,790: publisherUpdate[/safety_status] -> http://localhost:46269/ []: sec=0.00, result=[1, '', 0]
[rosmaster.master][INFO] 2026-08-30 04:00:03,790: publisherUpdate[/rosout] -> http://localhost:42537/ ['http://localhost:34725/', 'http://localhost:38359/', 'http://localhost:46269/', 'http://localhost:45697/', 'http://localhost:38199/', 'http://localhost:37861/', 'http://localhost:43063/', 'http://localhost:36435/']
[rosmaster.master][INFO] 2026-08-30 04:00:03,791: -SUB [/mavros/local_position/odom] /target_tracking_controller http://localhost:43063/
[rosmaster.master][INFO] 2026-08-30 04:00:03,791: -SUB [/detected_objects] /target_tracking_controller http://localhost:43063/
[rosmaster.master][INFO] 2026-08-30 04:00:03,791: -PUB [/rosout] /camera_calibration http://localhost:45697/
[rosmaster.master][INFO] 2026-08-30 04:00:03,791: -PUB [/camera/camera_info] /camera_calibration http://localhost:45697/
[rosmaster.master][INFO] 2026-08-30 04:00:03,791: -PUB [/tf] /camera_calibration http://localhost:45697/
[rosmaster.master][INFO] 2026-08-30 04:00:03,791: -PUB [/safety_monitor/node_health] /safety_monitor http://localhost:45581/
[rosmaster.master][INFO] 2026-08-30 04:00:03,792: -PUB [/emergency_triggered] /safety_monitor http://localhost:45581/
[rosmaster.master][INFO] 2026-08-30 04:00:03,792: -SERVICE [/safety_monitor/get_loggers] /safety_monitor rosrpc://localhost:42391
[rosmaster.master][INFO] 2026-08-30 04:00:03,792: -SERVICE [/safety_monitor/set_logger_level] /safety_monitor rosrpc://localhost:42391
[rosmaster.master][INFO] 2026-08-30 04:00:03,792: -SERVICE [/safety/geofence_enable] /safety_monitor rosrpc://localhost:42391
[rosmaster.master][INFO] 2026-08-30 04:00:03,792: -SERVICE [/safety/geofence_disable] /safety_monitor rosrpc://localhost:42391
[rosmaster.master][INFO] 2026-08-30 04:00:03,792: -SERVICE [/safety/check] /safety_monitor rosrpc://localhost:42391
[rosmaster.master][INFO] 2026-08-30 04:00:03,792: -SUB [/drone_control/command] /yolo_detector http://localhost:36435/
[rosmaster.master][INFO] 2026-08-30 04:00:03,793: -SUB [/mission_status] /yolo_detector http://localhost:36435/
[rosmaster.master][INFO] 2026-08-30 04:00:03,794: -SUB [/camera/color/image_raw] /yolo_detector http://localhost:36435/
[rosmaster.master][INFO] 2026-08-30 04:00:03,794: -PUB [/rosout] /yolo_detector http://localhost:36435/
[rosmaster.master][INFO] 2026-08-30 04:00:03,794: -SUB [/mavros/imu/data] /sensor_fusion http://localhost:38199/
[rosmaster.master][INFO] 2026-08-30 04:00:03,794: -SUB [/mavros/state] /target_tracking_controller http://localhost:43063/
[rosmaster.master][INFO] 2026-08-30 04:00:03,795: -SUB [/safety_status] /mission_manager http://localhost:46269/
[rosmaster.master][INFO] 2026-08-30 04:00:03,795: -SUB [/tracked_targets] /mission_manager http://localhost:46269/
[rosmaster.master][INFO] 2026-08-30 04:00:03,795: -PUB [/rosout] /mission_manager http://localhost:46269/
[rosmaster.master][INFO] 2026-08-30 04:00:03,795: publisherUpdate[/rosout] -> http://localhost:42537/ ['http://localhost:34725/', 'http://localhost:38359/', 'http://localhost:46269/', 'http://localhost:45697/', 'http://localhost:38199/', 'http://localhost:37861/', 'http://localhost:43063/', 'http://localhost:36435/']: sec=0.01, result=[1, '', 0]
[rosmaster.master][INFO] 2026-08-30 04:00:03,796: publisherUpdate[/rosout] -> http://localhost:42537/ ['http://localhost:34725/', 'http://localhost:46269/', 'http://localhost:45697/', 'http://localhost:38199/', 'http://localhost:37861/', 'http://localhost:43063/', 'http://localhost:36435/']
[rosmaster.master][INFO] 2026-08-30 04:00:03,797: -SERVICE [/camera_calibration/get_loggers] /camera_calibration rosrpc://localhost:35013
[rosmaster.master][INFO] 2026-08-30 04:00:03,797: -SERVICE [/camera_calibration/set_logger_level] /camera_calibration rosrpc://localhost:35013
[rosmaster.master][INFO] 2026-08-30 04:00:03,797: publisherUpdate[/rosout] -> http://localhost:42537/ ['http://localhost:34725/', 'http://localhost:46269/', 'http://localhost:45697/', 'http://localhost:38199/', 'http://localhost:37861/', 'http://localhost:43063/', 'http://localhost:36435/']: sec=0.00, result=[1, '', 0]
[rosmaster.master][INFO] 2026-08-30 04:00:03,798: publisherUpdate[/rosout] -> http://localhost:42537/ ['http://localhost:34725/', 'http://localhost:46269/', 'http://localhost:38199/', 'http://localhost:37861/', 'http://localhost:43063/', 'http://localhost:36435/']
[rosmaster.master][INFO] 2026-08-30 04:00:03,798: -SERVICE [/health/restart_node] /health_checker rosrpc://localhost:43125
[rosmaster.master][INFO] 2026-08-30 04:00:03,799: -PUB [/yolo_detector/node_health] /yolo_detector http://localhost:36435/
[rosmaster.master][INFO] 2026-08-30 04:00:03,800: -SUB [/mission_status] /target_tracking_controller http://localhost:43063/
[rosmaster.master][INFO] 2026-08-30 04:00:03,801: -PUB [/rosout] /target_tracking_controller http://localhost:43063/
[rosmaster.master][INFO] 2026-08-30 04:00:03,801: -PUB [/tracked_targets] /target_tracking_controller http://localhost:43063/
[rosmaster.master][INFO] 2026-08-30 04:00:03,801: -PUB [/mavros/setpoint_velocity/cmd_vel_unstamped] /target_tracking_controller http://localhost:43063/
[rosmaster.master][INFO] 2026-08-30 04:00:03,801: -PUB [/mavros/setpoint_raw/local] /target_tracking_controller http://localhost:43063/
[rosmaster.master][INFO] 2026-08-30 04:00:03,801: -PUB [/target_tracking_controller/node_health] /target_tracking_controller http://localhost:43063/
[rosmaster.master][INFO] 2026-08-30 04:00:03,805: -SERVICE [/safety/status] /safety_monitor rosrpc://localhost:42391
[rosmaster.master][INFO] 2026-08-30 04:00:03,806: -PUB [/mission_status] /mission_manager http://localhost:46269/
[rosmaster.master][INFO] 2026-08-30 04:00:03,813: -PUB [/mission_manager/node_health] /mission_manager http://localhost:46269/
[rosmaster.master][INFO] 2026-08-30 04:00:03,813: -SERVICE [/mission_manager/get_loggers] /mission_manager rosrpc://localhost:46813
[rosmaster.master][INFO] 2026-08-30 04:00:03,813: -SERVICE [/mission_manager/set_logger_level] /mission_manager rosrpc://localhost:46813
[rosmaster.master][INFO] 2026-08-30 04:00:03,814: -SERVICE [/command_interpreter/set_logger_level] /command_interpreter rosrpc://localhost:44411
[rosmaster.master][INFO] 2026-08-30 04:00:03,815: publisherUpdate[/rosout] -> http://localhost:42537/ ['http://localhost:34725/', 'http://localhost:46269/', 'http://localhost:38199/', 'http://localhost:37861/', 'http://localhost:43063/', 'http://localhost:36435/']: sec=0.02, result=[1, '', 0]
[rosmaster.master][INFO] 2026-08-30 04:00:03,827: publisherUpdate[/rosout] -> http://localhost:42537/ ['http://localhost:34725/', 'http://localhost:46269/', 'http://localhost:38199/', 'http://localhost:37861/', 'http://localhost:43063/']
[rosmaster.master][INFO] 2026-08-30 04:00:03,816: -SUB [/mavros/global_position/global] /sensor_fusion http://localhost:38199/
[rosmaster.master][INFO] 2026-08-30 04:00:03,828: -SUB [/mavros/local_position/pose] /sensor_fusion http://localhost:38199/
[rosmaster.master][INFO] 2026-08-30 04:00:03,828: -PUB [/rosout] /sensor_fusion http://localhost:38199/
[rosmaster.master][INFO] 2026-08-30 04:00:03,828: -PUB [/sensor_fusion/node_health] /sensor_fusion http://localhost:38199/
[rosmaster.master][INFO] 2026-08-30 04:00:03,829: -SERVICE [/sensor_fusion/get_loggers] /sensor_fusion rosrpc://localhost:40435
[rosmaster.master][INFO] 2026-08-30 04:00:03,830: publisherUpdate[/rosout] -> http://localhost:42537/ ['http://localhost:34725/', 'http://localhost:46269/', 'http://localhost:38199/', 'http://localhost:37861/', 'http://localhost:43063/']: sec=0.00, result=[1, '', 0]
[rosmaster.master][INFO] 2026-08-30 04:00:03,834: -PUB [/command_response] /yolo_detector http://localhost:36435/
[rosmaster.master][INFO] 2026-08-30 04:00:03,835: -PUB [/detected_objects] /yolo_detector http://localhost:36435/
[rosmaster.master][INFO] 2026-08-30 04:00:03,835: -SERVICE [/yolo_detector/get_loggers] /yolo_detector rosrpc://localhost:36695
[rosmaster.master][INFO] 2026-08-30 04:00:03,835: -SERVICE [/yolo_detector/set_logger_level] /yolo_detector rosrpc://localhost:36695
[rosmaster.master][INFO] 2026-08-30 04:00:03,836: -SERVICE [/sensor_fusion/set_logger_level] /sensor_fusion rosrpc://localhost:40435
[rosmaster.master][INFO] 2026-08-30 04:00:03,836: -SERVICE [/target_tracking_controller/get_loggers] /target_tracking_controller rosrpc://localhost:37947
[rosmaster.master][INFO] 2026-08-30 04:00:03,836: -SERVICE [/target_tracking_controller/set_logger_level] /target_tracking_controller rosrpc://localhost:37947
[rosmaster.master][INFO] 2026-08-30 04:00:03,837: -SERVICE [/vehicle_state_monitor/get_loggers] /vehicle_state_monitor rosrpc://localhost:33625
[rosmaster.master][INFO] 2026-08-30 04:00:03,837: -SERVICE [/vehicle_state_monitor/set_logger_level] /vehicle_state_monitor rosrpc://localhost:33625
[rosmaster.master][INFO] 2026-08-30 04:00:03,837: -SERVICE [/drone_emergency_stop] /vehicle_state_monitor rosrpc://localhost:33625
[rosmaster.master][INFO] 2026-08-30 04:00:03,837: -SERVICE [/drone_arm] /vehicle_state_monitor rosrpc://localhost:33625
[rosmaster.master][INFO] 2026-08-30 04:00:03,841: -SERVICE [/drone_disarm] /vehicle_state_monitor rosrpc://localhost:33625
[rosmaster.master][INFO] 2026-08-30 04:00:03,841: -SERVICE [/drone_get_status] /vehicle_state_monitor rosrpc://localhost:33625
[rosmaster.master][INFO] 2026-08-30 04:00:03,834: publisherUpdate[/rosout] -> http://localhost:42537/ ['http://localhost:34725/', 'http://localhost:38199/', 'http://localhost:37861/', 'http://localhost:43063/']
[rosmaster.master][INFO] 2026-08-30 04:00:03,846: -SUB [/health/check_all] /system_health_monitor http://localhost:37861/
[rosmaster.master][INFO] 2026-08-30 04:00:03,847: -PUB [/rosout] /system_health_monitor http://localhost:37861/
[rosmaster.master][INFO] 2026-08-30 04:00:03,847: -PUB [/system_health] /system_health_monitor http://localhost:37861/
[rosmaster.master][INFO] 2026-08-30 04:00:03,847: -PUB [/diagnostic_status] /system_health_monitor http://localhost:37861/
[rosmaster.master][INFO] 2026-08-30 04:00:03,848: -PUB [/performance_metrics] /system_health_monitor http://localhost:37861/
[rosmaster.master][INFO] 2026-08-30 04:00:03,848: -PUB [/system_alert] /system_health_monitor http://localhost:37861/
[rosmaster.master][INFO] 2026-08-30 04:00:03,848: -SERVICE [/system_health_monitor/get_loggers] /system_health_monitor rosrpc://localhost:32817
[rosmaster.master][INFO] 2026-08-30 04:00:03,848: -SERVICE [/system_health_monitor/set_logger_level] /system_health_monitor rosrpc://localhost:32817
[rosmaster.master][INFO] 2026-08-30 04:00:03,857: publisherUpdate[/rosout] -> http://localhost:42537/ ['http://localhost:34725/', 'http://localhost:38199/', 'http://localhost:37861/', 'http://localhost:43063/']: sec=0.02, result=[1, '', 0]
[rosmaster.master][INFO] 2026-08-30 04:00:03,858: publisherUpdate[/rosout] -> http://localhost:42537/ ['http://localhost:34725/', 'http://localhost:38199/', 'http://localhost:37861/']
[rosmaster.master][INFO] 2026-08-30 04:00:03,859: publisherUpdate[/rosout] -> http://localhost:42537/ ['http://localhost:34725/', 'http://localhost:38199/', 'http://localhost:37861/']: sec=0.00, result=[1, '', 0]
[rosmaster.master][INFO] 2026-08-30 04:00:03,860: publisherUpdate[/rosout] -> http://localhost:42537/ ['http://localhost:34725/', 'http://localhost:37861/']
[rosmaster.master][INFO] 2026-08-30 04:00:03,869: publisherUpdate[/rosout] -> http://localhost:42537/ ['http://localhost:34725/', 'http://localhost:37861/']: sec=0.01, result=[1, '', 0]
[rosmaster.master][INFO] 2026-08-30 04:00:03,869: publisherUpdate[/rosout] -> http://localhost:42537/ ['http://localhost:34725/']
[rosmaster.master][INFO] 2026-08-30 04:00:03,874: publisherUpdate[/rosout] -> http://localhost:42537/ ['http://localhost:34725/']: sec=0.01, result=[1, '', 0]
[rosmaster.master][INFO] 2026-08-30 04:00:04,697: -PUB [/rosout] /parameter_validator http://localhost:34725/
[rosmaster.master][INFO] 2026-08-30 04:00:04,697: -SERVICE [/parameter_validator/get_loggers] /parameter_validator rosrpc://localhost:33037
[rosmaster.master][INFO] 2026-08-30 04:00:04,697: -SERVICE [/parameter_validator/set_logger_level] /parameter_validator rosrpc://localhost:33037
[rosmaster.master][INFO] 2026-08-30 04:00:04,719: publisherUpdate[/rosout] -> http://localhost:42537/ []
[rosmaster.master][INFO] 2026-08-30 04:00:04,720: publisherUpdate[/rosout] -> http://localhost:42537/ []: sec=0.00, result=[1, '', 0]
[rosmaster.master][INFO] 2026-08-30 04:00:05,546: -PUB [/rosout_agg] /rosout http://localhost:42537/
[rosmaster.master][INFO] 2026-08-30 04:00:05,547: -SUB [/rosout] /rosout http://localhost:42537/
[rosmaster.master][INFO] 2026-08-30 04:00:05,548: -SERVICE [/rosout/get_loggers] /rosout rosrpc://localhost:38859
[rosmaster.master][INFO] 2026-08-30 04:00:05,549: -SERVICE [/rosout/set_logger_level] /rosout rosrpc://localhost:38859
[rosmaster.master][INFO] 2026-08-30 04:00:05,550: -CACHEDPARAM [/rosout/omit_topics] by /rosout
[rosmaster.main][INFO] 2026-08-30 04:00:05,759: keyboard interrupt, will exit
[rosmaster.main][INFO] 2026-08-30 04:00:05,759: stopping master...
[rospy.core][INFO] 2026-08-30 04:00:05,760: signal_shutdown [atexit]
