[rospy.client][INFO] 2026-08-30 03:57:05,010: init_node, name[/mission_manager], pid[87]
[xmlrpc][INFO] 2026-08-30 03:57:05,014: XML-RPC server binding to 127.0.0.1:0
[xmlrpc][INFO] 2026-08-30 03:57:05,017: Started XML-RPC server [http://localhost:46269/]
[rospy.init][INFO] 2026-08-30 03:57:05,018: ROS Slave URI: [http://localhost:46269/]
[rospy.impl.masterslave][INFO] 2026-08-30 03:57:05,018: _ready: http://localhost:46269/
[rospy.registration][INFO] 2026-08-30 03:57:05,026: Registering with master node http://localhost:11311
[xmlrpc][INFO] 2026-08-30 03:57:05,028: xml rpc node: starting XML-RPC server
[rospy.init][INFO] 2026-08-30 03:57:05,120: registered with master
[rospy.rosout][INFO] 2026-08-30 03:57:05,120: initializing /rosout core topic
[rospy.rosout][INFO] 2026-08-30 03:57:05,200: connected to core topic /rosout
[rospy.simtime][INFO] 2026-08-30 03:57:05,202: /use_sim_time is not set, will not subscribe to simulated time [/clock] topic
[rosout][INFO] 2026-08-30 03:57:05,306: Mission Manager initialized
[rospy.internal][INFO] 2026-08-30 03:57:05,336: topic[/mission_manager/node_health] adding connection to [/health_checker], count 0
[rospy.internal][INFO] 2026-08-30 03:57:05,519: topic[/rosout] adding connection to [/rosout], count 0
[rospy.internal][INFO] 2026-08-30 03:57:05,848: topic[/safety_status] adding connection to [http://localhost:45581/], count 0
[rospy.internal][INFO] 2026-08-30 03:57:06,921: topic[/mission_status] adding connection to [/target_tracking_controller], count 0
[rospy.internal][INFO] 2026-08-30 03:57:06,962: topic[/tracked_targets] adding connection to [http://localhost:43063/], count 0
[rospy.internal][INFO] 2026-08-30 03:57:10,565: topic[/mission_status] adding connection to [/yolo_detector], count 1
[rospy.core][INFO] 2026-08-30 04:00:03,740: signal_shutdown [signal-2]
[rospy.internal][INFO] 2026-08-30 04:00:03,834: topic[/safety_status] removing connection to http://localhost:45581/
[rospy.internal][INFO] 2026-08-30 04:00:03,839: topic[/rosout] removing connection to /rosout
[rospy.internal][INFO] 2026-08-30 04:00:03,840: topic[/mission_status] removing connection to /target_tracking_controller
[rospy.internal][INFO] 2026-08-30 04:00:03,841: topic[/mission_status] removing connection to /yolo_detector
[rospy.internal][INFO] 2026-08-30 04:00:03,841: topic[/mission_manager/node_health] removing connection to /health_checker
[rospy.internal][INFO] 2026-08-30 04:00:03,845: topic[/tracked_targets] removing connection to http://localhost:43063/
[rospy.impl.masterslave][INFO] 2026-08-30 04:00:03,845: signal-2
[rospy.core][INFO] 2026-08-30 04:00:04,408: signal_shutdown [atexit]
