[roslaunch][INFO] 2026-08-30 03:56:59,661: Checking log directory for disk usage. This may take a while.
Press Ctrl-C to interrupt
[roslaunch][INFO] 2026-08-30 03:56:59,698: Done checking log file disk usage. Usage is <1GB.
[roslaunch][INFO] 2026-08-30 03:56:59,698: roslaunch starting with args ['/opt/ros/noetic/bin/roslaunch', 'drone_control', 'kamikaze.launch', 'mode:=production']
[roslaunch][INFO] 2026-08-30 03:56:59,699: roslaunch env is environ({'ROS_VERSION': '1', 'PYTHONUNBUFFERED': '1', 'PKG_CONFIG_PATH': '/root/catkin_ws/devel/lib/pkgconfig:/opt/ros/noetic/lib/pkgconfig', 'ROS_PYTHON_VERSION': '3', 'HOSTNAME': 'kamikaze', 'ROS_PACKAGE_PATH': '/root/catkin_ws/src:/opt/ros/noetic/share', 'ROSLISP_PACKAGE_DIRECTORIES': '/root/catkin_ws/devel/share/common-lisp', 'PWD': '/root/catkin_ws', 'ENABLE_SIMULATION': 'false', 'ROS_IP': '127.0.0.1', 'HOME': '/root', 'LANG': 'C.UTF-8', 'ROS_ETC_DIR': '/opt/ros/noetic/etc/ros', 'CMAKE_PREFIX_PATH': '/root/catkin_ws/devel:/opt/ros/noetic', 'PYTHONPATH': '/root/catkin_ws/devel/lib/python3/dist-packages:/root/catkin_ws/devel/lib/python3/dist-packages:/opt/ros/noetic/lib/python3/dist-packages', 'DISPLAY': ':0', 'SHLVL': '0', 'ROS_MASTER_URI': 'http://localhost:11311', 'ROS_HOSTNAME': 'localhost', 'LD_LIBRARY_PATH': '/root/catkin_ws/devel/lib:/opt/ros/noetic/lib', 'ENABLE_PERFORMANCE_MONITORING': 'true', 'LC_ALL': 'C.UTF-8', 'PATH': '/opt/ros/noetic/bin:/usr/local/sbin:/usr/local/bin:/usr/sbin:/usr/bin:/sbin:/bin', 'DEBIAN_FRONTEND': 'noninteractive', 'ROS_ROOT': '/opt/ros/noetic/share/ros', 'ROS_DISTRO': 'noetic', 'QT_X11_NO_MITSHM': '1', 'ENABLE_GUI': 'false', 'ROS_LOG_FILENAME': '/root/.ros/log/d9df919c-a426-11f1-9ccd-1a78306416a9/roslaunch-kamikaze-1.log'})
[roslaunch][INFO] 2026-08-30 03:56:59,699: starting in server mode
[roslaunch.parent][INFO] 2026-08-30 03:56:59,699: starting roslaunch parent run
[roslaunch][INFO] 2026-08-30 03:56:59,700: loading roscore config file /opt/ros/noetic/etc/ros/roscore.xml
[roslaunch][INFO] 2026-08-30 03:57:00,195: Added core node of type [rosout/rosout] in namespace [/]
[roslaunch.config][INFO] 2026-08-30 03:57:00,195: loading config file /root/catkin_ws/src/drone_control/launch/kamikaze.launch
[roslaunch][INFO] 2026-08-30 03:57:00,279: Added node of type [drone_control/parameter_validator.py] in namespace [/]
[roslaunch][INFO] 2026-08-30 03:57:00,280: Added node of type [drone_control/command_interpreter.py] in namespace [/]
[roslaunch][INFO] 2026-08-30 03:57:00,280: Added node of type [drone_control/mission_manager.py] in namespace [/]
[roslaunch][INFO] 2026-08-30 03:57:00,281: Added node of type [drone_control/camera_calibration.py] in namespace [/]
[roslaunch][INFO] 2026-08-30 03:57:00,282: Added node of type [drone_control/yolo_detector.py] in namespace [/]
[roslaunch][INFO] 2026-08-30 03:57:00,282: Added node of type [drone_control/sensor_fusion.py] in namespace [/]
[roslaunch][INFO] 2026-08-30 03:57:00,283: Added node of type [drone_control/target_tracking_controller.py] in namespace [/]
[roslaunch][INFO] 2026-08-30 03:57:00,283: Added node of type [drone_control/vehicle_state_monitor.py] in namespace [/]
[roslaunch][INFO] 2026-08-30 03:57:00,284: Added node of type [drone_control/safety_monitor.py] in namespace [/]
[roslaunch][INFO] 2026-08-30 03:57:00,284: Added node of type [drone_control/system_health_monitor.py] in namespace [/]
[roslaunch][INFO] 2026-08-30 03:57:00,285: Added node of type [drone_control/health_checker.py] in namespace [/]
[roslaunch][INFO] 2026-08-30 03:57:00,286: ... selected machine [] for node of type [drone_control/parameter_validator.py]
[roslaunch][INFO] 2026-08-30 03:57:00,286: ... selected machine [] for node of type [drone_control/command_interpreter.py]
[roslaunch][INFO] 2026-08-30 03:57:00,286: ... selected machine [] for node of type [drone_control/mission_manager.py]
[roslaunch][INFO] 2026-08-30 03:57:00,286: ... selected machine [] for node of type [drone_control/camera_calibration.py]
[roslaunch][INFO] 2026-08-30 03:57:00,286: ... selected machine [] for node of type [drone_control/yolo_detector.py]
[roslaunch][INFO] 2026-08-30 03:57:00,286: ... selected machine [] for node of type [drone_control/sensor_fusion.py]
[roslaunch][INFO] 2026-08-30 03:57:00,286: ... selected machine [] for node of type [drone_control/target_tracking_controller.py]
[roslaunch][INFO] 2026-08-30 03:57:00,286: ... selected machine [] for node of type [drone_control/vehicle_state_monitor.py]
[roslaunch][INFO] 2026-08-30 03:57:00,286: ... selected machine [] for node of type [drone_control/safety_monitor.py]
[roslaunch][INFO] 2026-08-30 03:57:00,286: ... selected machine [] for node of type [drone_control/system_health_monitor.py]
[roslaunch][INFO] 2026-08-30 03:57:00,286: ... selected machine [] for node of type [drone_control/health_checker.py]
[roslaunch.pmon][INFO] 2026-08-30 03:57:00,291: start_process_monitor: creating ProcessMonitor
[roslaunch.pmon][INFO] 2026-08-30 03:57:00,292: created process monitor <ProcessMonitor(ProcessMonitor-1, initial daemon)>
[roslaunch.pmon][INFO] 2026-08-30 03:57:00,294: start_process_monitor: ProcessMonitor started
[roslaunch.parent][INFO] 2026-08-30 03:57:00,295: starting parent XML-RPC server
[roslaunch.server][INFO] 2026-08-30 03:57:00,295: starting roslaunch XML-RPC server
[roslaunch.server][INFO] 2026-08-30 03:57:00,295: waiting for roslaunch XML-RPC server to initialize
[xmlrpc][INFO] 2026-08-30 03:57:00,295: XML-RPC server binding to 127.0.0.1:0
[xmlrpc][INFO] 2026-08-30 03:57:00,296: Started XML-RPC server [http://localhost:41323/]
[xmlrpc][INFO] 2026-08-30 03:57:00,297: xml rpc node: starting XML-RPC server
[roslaunch][INFO] 2026-08-30 03:57:00,311: started roslaunch server http://localhost:41323/
[roslaunch.parent][INFO] 2026-08-30 03:57:00,311: ... parent XML-RPC server started
[roslaunch][INFO] 2026-08-30 03:57:00,314: master.is_running[http://localhost:11311]
[roslaunch][INFO] 2026-08-30 03:57:00,328: auto-starting new master
[roslaunch][INFO] 2026-08-30 03:57:00,329: create_master_process: rosmaster, /opt/ros/noetic/share/ros, 11311, 3, None, False
[roslaunch][INFO] 2026-08-30 03:57:00,329: process[master]: launching with args [['rosmaster', '--core', '-p', '11311', '-w', '3']]
[roslaunch.pmon][INFO] 2026-08-30 03:57:00,330: ProcessMonitor.register[master]
[roslaunch.pmon][INFO] 2026-08-30 03:57:00,332: ProcessMonitor.register[master] complete
[roslaunch][INFO] 2026-08-30 03:57:00,332: process[master]: starting os process
[roslaunch][INFO] 2026-08-30 03:57:00,332: process[master]: start w/ args [['rosmaster', '--core', '-p', '11311', '-w', '3', '__log:=/root/.ros/log/d9df919c-a426-11f1-9ccd-1a78306416a9/master.log']]
[roslaunch][INFO] 2026-08-30 03:57:00,333: process[master]: cwd will be [/root/.ros]
[roslaunch][INFO] 2026-08-30 03:57:00,343: process[master]: started with pid [59]
[roslaunch][INFO] 2026-08-30 03:57:00,343: master.is_running[http://localhost:11311]
[roslaunch][INFO] 2026-08-30 03:57:00,449: master.is_running[http://localhost:11311]
[roslaunch][INFO] 2026-08-30 03:57:00,551: master.is_running[http://localhost:11311]
[roslaunch][INFO] 2026-08-30 03:57:00,656: master.is_running[http://localhost:11311]
[roslaunch][INFO] 2026-08-30 03:57:00,760: master.is_running[http://localhost:11311]
[roslaunch][INFO] 2026-08-30 03:57:00,863: master.is_running[http://localhost:11311]
[roslaunch][INFO] 2026-08-30 03:57:00,965: master.is_running[http://localhost:11311]
[roslaunch][INFO] 2026-08-30 03:57:01,139: master.is_running[http://localhost:11311]
[roslaunch][INFO] 2026-08-30 03:57:01,277: master.is_running[http://localhost:11311]
[roslaunch][INFO] 2026-08-30 03:57:01,382: master.is_running[http://localhost:11311]
[roslaunch][INFO] 2026-08-30 03:57:01,485: master.is_running[http://localhost:11311]
[roslaunch][INFO] 2026-08-30 03:57:01,493: master.is_running[http://localhost:11311]
[roslaunch][INFO] 2026-08-30 03:57:01,497: ROS_MASTER_URI=http://localhost:11311
[roslaunch][INFO] 2026-08-30 03:57:01,502: setting /run_id to d9df919c-a426-11f1-9ccd-1a78306416a9
[roslaunch][INFO] 2026-08-30 03:57:01,505: setting /roslaunch/uris/host_localhost__41323' to http://localhost:41323/
[roslaunch][INFO] 2026-08-30 03:57:01,510: ... preparing to launch node of type [rosout/rosout]
[roslaunch][INFO] 2026-08-30 03:57:01,511: create_node_process: package[rosout] type[rosout] machine[Machine(name[] env_loader[None] address[localhost] ssh_port[22] user[None] assignable[True] timeout[10.0])] master_uri[http://localhost:11311]
[roslaunch][INFO] 2026-08-30 03:57:01,511: process[rosout-1]: env[{'ROS_VERSION': '1', 'PYTHONUNBUFFERED': '1', 'PKG_CONFIG_PATH': '/root/catkin_ws/devel/lib/pkgconfig:/opt/ros/noetic/lib/pkgconfig', 'ROS_PYTHON_VERSION': '3', 'HOSTNAME': 'kamikaze', 'ROS_PACKAGE_PATH': '/root/catkin_ws/src:/opt/ros/noetic/share', 'ROSLISP_PACKAGE_DIRECTORIES': '/root/catkin_ws/devel/share/common-lisp', 'PWD': '/root/catkin_ws', 'ENABLE_SIMULATION': 'false', 'ROS_IP': '127.0.0.1', 'HOME': '/root', 'LANG': 'C.UTF-8', 'ROS_ETC_DIR': '/opt/ros/noetic/etc/ros', 'CMAKE_PREFIX_PATH': '/root/catkin_ws/devel:/opt/ros/noetic', 'PYTHONPATH': '/root/catkin_ws/devel/lib/python3/dist-packages:/root/catkin_ws/devel/lib/python3/dist-packages:/opt/ros/noetic/lib/python3/dist-packages', 'DISPLAY': ':0', 'SHLVL': '0', 'ROS_MASTER_URI': 'http://localhost:11311', 'ROS_HOSTNAME': 'localhost', 'LD_LIBRARY_PATH': '/root/catkin_ws/devel/lib:/opt/ros/noetic/lib', 'ENABLE_PERFORMANCE_MONITORING': 'true', 'LC_ALL': 'C.UTF-8', 'PATH': '/opt/ros/noetic/bin:/usr/local/sbin:/usr/local/bin:/usr/sbin:/usr/bin:/sbin:/bin', 'DEBIAN_FRONTEND': 'noninteractive', 'ROS_ROOT': '/opt/ros/noetic/share/ros', 'ROS_DISTRO': 'noetic', 'QT_X11_NO_MITSHM': '1', 'ENABLE_GUI': 'false', 'ROS_LOG_FILENAME': '/root/.ros/log/d9df919c-a426-11f1-9ccd-1a78306416a9/roslaunch-kamikaze-1.log'}]
[roslaunch][INFO] 2026-08-30 03:57:01,539: process[rosout-1]: args[['/opt/ros/noetic/lib/rosout/rosout', '__name:=rosout']]
[roslaunch][INFO] 2026-08-30 03:57:01,540: ... created process [rosout-1]
[roslaunch.pmon][INFO] 2026-08-30 03:57:01,540: ProcessMonitor.register[rosout-1]
[roslaunch.pmon][INFO] 2026-08-30 03:57:01,540: ProcessMonitor.register[rosout-1] complete
[roslaunch][INFO] 2026-08-30 03:57:01,540: ... registered process [rosout-1]
[roslaunch][INFO] 2026-08-30 03:57:01,540: process[rosout-1]: starting os process
[roslaunch][INFO] 2026-08-30 03:57:01,541: process[rosout-1]: start w/ args [['/opt/ros/noetic/lib/rosout/rosout', '__name:=rosout', '__log:=/root/.ros/log/d9df919c-a426-11f1-9ccd-1a78306416a9/rosout-1.log']]
[roslaunch][INFO] 2026-08-30 03:57:01,541: process[rosout-1]: cwd will be [/root/.ros]
[roslaunch][INFO] 2026-08-30 03:57:01,548: process[rosout-1]: started with pid [82]
[roslaunch][INFO] 2026-08-30 03:57:01,549: ... successfully launched [rosout-1]
[roslaunch][INFO] 2026-08-30 03:57:01,550: load_parameters starting ...
[roslaunch][INFO] 2026-08-30 03:57:01,689: ... load_parameters complete
[roslaunch][INFO] 2026-08-30 03:57:01,689: launch_nodes: launching local nodes ...
[roslaunch][INFO] 2026-08-30 03:57:01,691: ... preparing to launch node of type [drone_control/parameter_validator.py]
[roslaunch][INFO] 2026-08-30 03:57:01,691: create_node_process: package[drone_control] type[parameter_validator.py] machine[Machine(name[] env_loader[None] address[localhost] ssh_port[22] user[None] assignable[True] timeout[10.0])] master_uri[http://localhost:11311]
[roslaunch][INFO] 2026-08-30 03:57:01,691: process[parameter_validator-2]: env[{'ROS_VERSION': '1', 'PYTHONUNBUFFERED': '1', 'PKG_CONFIG_PATH': '/root/catkin_ws/devel/lib/pkgconfig:/opt/ros/noetic/lib/pkgconfig', 'ROS_PYTHON_VERSION': '3', 'HOSTNAME': 'kamikaze', 'ROS_PACKAGE_PATH': '/root/catkin_ws/src:/opt/ros/noetic/share', 'ROSLISP_PACKAGE_DIRECTORIES': '/root/catkin_ws/devel/share/common-lisp', 'PWD': '/root/catkin_ws', 'ENABLE_SIMULATION': 'false', 'ROS_IP': '127.0.0.1', 'HOME': '/root', 'LANG': 'C.UTF-8', 'ROS_ETC_DIR': '/opt/ros/noetic/etc/ros', 'CMAKE_PREFIX_PATH': '/root/catkin_ws/devel:/opt/ros/noetic', 'PYTHONPATH': '/root/catkin_ws/devel/lib/python3/dist-packages:/root/catkin_ws/devel/lib/python3/dist-packages:/opt/ros/noetic/lib/python3/dist-packages', 'DISPLAY': ':0', 'SHLVL': '0', 'ROS_MASTER_URI': 'http://localhost:11311', 'ROS_HOSTNAME': 'localhost', 'LD_LIBRARY_PATH': '/root/catkin_ws/devel/lib:/opt/ros/noetic/lib', 'ENABLE_PERFORMANCE_MONITORING': 'true', 'LC_ALL': 'C.UTF-8', 'PATH': '/opt/ros/noetic/bin:/usr/local/sbin:/usr/local/bin:/usr/sbin:/usr/bin:/sbin:/bin', 'DEBIAN_FRONTEND': 'noninteractive', 'ROS_ROOT': '/opt/ros/noetic/share/ros', 'ROS_DISTRO': 'noetic', 'QT_X11_NO_MITSHM': '1', 'ENABLE_GUI': 'false', 'ROS_LOG_FILENAME': '/root/.ros/log/d9df919c-a426-11f1-9ccd-1a78306416a9/roslaunch-kamikaze-1.log'}]
[roslaunch][INFO] 2026-08-30 03:57:01,694: process[parameter_validator-2]: args[['/root/catkin_ws/devel/lib/drone_control/parameter_validator.py', '__name:=parameter_validator']]
[roslaunch][INFO] 2026-08-30 03:57:01,694: ... created process [parameter_validator-2]
[roslaunch.pmon][INFO] 2026-08-30 03:57:01,695: ProcessMonitor.register[parameter_validator-2]
[roslaunch.pmon][INFO] 2026-08-30 03:57:01,695: ProcessMonitor.register[parameter_validator-2] complete
[roslaunch][INFO] 2026-08-30 03:57:01,695: ... registered process [parameter_validator-2]
[roslaunch][INFO] 2026-08-30 03:57:01,695: process[parameter_validator-2]: starting os process
[roslaunch][INFO] 2026-08-30 03:57:01,695: process[parameter_validator-2]: start w/ args [['/root/catkin_ws/devel/lib/drone_control/parameter_validator.py', '__name:=parameter_validator', '__log:=/root/.ros/log/d9df919c-a426-11f1-9ccd-1a78306416a9/parameter_validator-2.log']]
[roslaunch][INFO] 2026-08-30 03:57:01,695: process[parameter_validator-2]: cwd will be [/root/.ros]
[roslaunch][INFO] 2026-08-30 03:57:01,704: process[parameter_validator-2]: started with pid [85]
[roslaunch][INFO] 2026-08-30 03:57:01,705: ... successfully launched [parameter_validator-2]
[roslaunch][INFO] 2026-08-30 03:57:01,705: ... preparing to launch node of type [drone_control/command_interpreter.py]
[roslaunch][INFO] 2026-08-30 03:57:01,706: create_node_process: package[drone_control] type[command_interpreter.py] machine[Machine(name[] env_loader[None] address[localhost] ssh_port[22] user[None] assignable[True] timeout[10.0])] master_uri[http://localhost:11311]
[roslaunch][INFO] 2026-08-30 03:57:01,706: process[command_interpreter-3]: env[{'ROS_VERSION': '1', 'PYTHONUNBUFFERED': '1', 'PKG_CONFIG_PATH': '/root/catkin_ws/devel/lib/pkgconfig:/opt/ros/noetic/lib/pkgconfig', 'ROS_PYTHON_VERSION': '3', 'HOSTNAME': 'kamikaze', 'ROS_PACKAGE_PATH': '/root/catkin_ws/src:/opt/ros/noetic/share', 'ROSLISP_PACKAGE_DIRECTORIES': '/root/catkin_ws/devel/share/common-lisp', 'PWD': '/root/catkin_ws', 'ENABLE_SIMULATION': 'false', 'ROS_IP': '127.0.0.1', 'HOME': '/root', 'LANG': 'C.UTF-8', 'ROS_ETC_DIR': '/opt/ros/noetic/etc/ros', 'CMAKE_PREFIX_PATH': '/root/catkin_ws/devel:/opt/ros/noetic', 'PYTHONPATH': '/root/catkin_ws/devel/lib/python3/dist-packages:/root/catkin_ws/devel/lib/python3/dist-packages:/opt/ros/noetic/lib/python3/dist-packages', 'DISPLAY': ':0', 'SHLVL': '0', 'ROS_MASTER_URI': 'http://localhost:11311', 'ROS_HOSTNAME': 'localhost', 'LD_LIBRARY_PATH': '/root/catkin_ws/devel/lib:/opt/ros/noetic/lib', 'ENABLE_PERFORMANCE_MONITORING': 'true', 'LC_ALL': 'C.UTF-8', 'PATH': '/opt/ros/noetic/bin:/usr/local/sbin:/usr/local/bin:/usr/sbin:/usr/bin:/sbin:/bin', 'DEBIAN_FRONTEND': 'noninteractive', 'ROS_ROOT': '/opt/ros/noetic/share/ros', 'ROS_DISTRO': 'noetic', 'QT_X11_NO_MITSHM': '1', 'ENABLE_GUI': 'false', 'ROS_LOG_FILENAME': '/root/.ros/log/d9df919c-a426-11f1-9ccd-1a78306416a9/roslaunch-kamikaze-1.log'}]
[roslaunch][INFO] 2026-08-30 03:57:01,710: process[command_interpreter-3]: args[['/root/catkin_ws/devel/lib/drone_control/command_interpreter.py', '__name:=command_interpreter']]
[roslaunch][INFO] 2026-08-30 03:57:01,711: ... created process [command_interpreter-3]
[roslaunch.pmon][INFO] 2026-08-30 03:57:01,711: ProcessMonitor.register[command_interpreter-3]
[roslaunch.pmon][INFO] 2026-08-30 03:57:01,711: ProcessMonitor.register[command_interpreter-3] complete
[roslaunch][INFO] 2026-08-30 03:57:01,711: ... registered process [command_interpreter-3]
[roslaunch][INFO] 2026-08-30 03:57:01,711: process[command_interpreter-3]: starting os process
[roslaunch][INFO] 2026-08-30 03:57:01,712: process[command_interpreter-3]: start w/ args [['/root/catkin_ws/devel/lib/drone_control/command_interpreter.py', '__name:=command_interpreter', '__log:=/root/.ros/log/d9df919c-a426-11f1-9ccd-1a78306416a9/command_interpreter-3.log']]
[roslaunch][INFO] 2026-08-30 03:57:01,712: process[command_interpreter-3]: cwd will be [/root/.ros]
[roslaunch][INFO] 2026-08-30 03:57:01,719: process[command_interpreter-3]: started with pid [86]
[roslaunch][INFO] 2026-08-30 03:57:01,720: ... successfully launched [command_interpreter-3]
[roslaunch][INFO] 2026-08-30 03:57:01,721: ... preparing to launch node of type [drone_control/mission_manager.py]
[roslaunch][INFO] 2026-08-30 03:57:01,721: create_node_process: package[drone_control] type[mission_manager.py] machine[Machine(name[] env_loader[None] address[localhost] ssh_port[22] user[None] assignable[True] timeout[10.0])] master_uri[http://localhost:11311]
[roslaunch][INFO] 2026-08-30 03:57:01,722: process[mission_manager-4]: env[{'ROS_VERSION': '1', 'PYTHONUNBUFFERED': '1', 'PKG_CONFIG_PATH': '/root/catkin_ws/devel/lib/pkgconfig:/opt/ros/noetic/lib/pkgconfig', 'ROS_PYTHON_VERSION': '3', 'HOSTNAME': 'kamikaze', 'ROS_PACKAGE_PATH': '/root/catkin_ws/src:/opt/ros/noetic/share', 'ROSLISP_PACKAGE_DIRECTORIES': '/root/catkin_ws/devel/share/common-lisp', 'PWD': '/root/catkin_ws', 'ENABLE_SIMULATION': 'false', 'ROS_IP': '127.0.0.1', 'HOME': '/root', 'LANG': 'C.UTF-8', 'ROS_ETC_DIR': '/opt/ros/noetic/etc/ros', 'CMAKE_PREFIX_PATH': '/root/catkin_ws/devel:/opt/ros/noetic', 'PYTHONPATH': '/root/catkin_ws/devel/lib/python3/dist-packages:/root/catkin_ws/devel/lib/python3/dist-packages:/opt/ros/noetic/lib/python3/dist-packages', 'DISPLAY': ':0', 'SHLVL': '0', 'ROS_MASTER_URI': 'http://localhost:11311', 'ROS_HOSTNAME': 'localhost', 'LD_LIBRARY_PATH': '/root/catkin_ws/devel/lib:/opt/ros/noetic/lib', 'ENABLE_PERFORMANCE_MONITORING': 'true', 'LC_ALL': 'C.UTF-8', 'PATH': '/opt/ros/noetic/bin:/usr/local/sbin:/usr/local/bin:/usr/sbin:/usr/bin:/sbin:/bin', 'DEBIAN_FRONTEND': 'noninteractive', 'ROS_ROOT': '/opt/ros/noetic/share/ros', 'ROS_DISTRO': 'noetic', 'QT_X11_NO_MITSHM': '1', 'ENABLE_GUI': 'false', 'ROS_LOG_FILENAME': '/root/.ros/log/d9df919c-a426-11f1-9ccd-1a78306416a9/roslaunch-kamikaze-1.log'}]
[roslaunch][INFO] 2026-08-30 03:57:01,725: process[mission_manager-4]: args[['/root/catkin_ws/devel/lib/drone_control/mission_manager.py', '__name:=mission_manager']]
[roslaunch][INFO] 2026-08-30 03:57:01,726: ... created process [mission_manager-4]
[roslaunch.pmon][INFO] 2026-08-30 03:57:01,726: ProcessMonitor.register[mission_manager-4]
[roslaunch.pmon][INFO] 2026-08-30 03:57:01,726: ProcessMonitor.register[mission_manager-4] complete
[roslaunch][INFO] 2026-08-30 03:57:01,726: ... registered process [mission_manager-4]
[roslaunch][INFO] 2026-08-30 03:57:01,726: process[mission_manager-4]: starting os process
[roslaunch][INFO] 2026-08-30 03:57:01,726: process[mission_manager-4]: start w/ args [['/root/catkin_ws/devel/lib/drone_control/mission_manager.py', '__name:=mission_manager', '__log:=/root/.ros/log/d9df919c-a426-11f1-9ccd-1a78306416a9/mission_manager-4.log']]
[roslaunch][INFO] 2026-08-30 03:57:01,726: process[mission_manager-4]: cwd will be [/root/.ros]
[roslaunch][INFO] 2026-08-30 03:57:01,735: process[mission_manager-4]: started with pid [87]
[roslaunch][INFO] 2026-08-30 03:57:01,736: ... successfully launched [mission_manager-4]
[roslaunch][INFO] 2026-08-30 03:57:01,736: ... preparing to launch node of type [drone_control/camera_calibration.py]
[roslaunch][INFO] 2026-08-30 03:57:01,736: create_node_process: package[drone_control] type[camera_calibration.py] machine[Machine(name[] env_loader[None] address[localhost] ssh_port[22] user[None] assignable[True] timeout[10.0])] master_uri[http://localhost:11311]
[roslaunch][INFO] 2026-08-30 03:57:01,737: process[camera_calibration-5]: env[{'ROS_VERSION': '1', 'PYTHONUNBUFFERED': '1', 'PKG_CONFIG_PATH': '/root/catkin_ws/devel/lib/pkgconfig:/opt/ros/noetic/lib/pkgconfig', 'ROS_PYTHON_VERSION': '3', 'HOSTNAME': 'kamikaze', 'ROS_PACKAGE_PATH': '/root/catkin_ws/src:/opt/ros/noetic/share', 'ROSLISP_PACKAGE_DIRECTORIES': '/root/catkin_ws/devel/share/common-lisp', 'PWD': '/root/catkin_ws', 'ENABLE_SIMULATION': 'false', 'ROS_IP': '127.0.0.1', 'HOME': '/root', 'LANG': 'C.UTF-8', 'ROS_ETC_DIR': '/opt/ros/noetic/etc/ros', 'CMAKE_PREFIX_PATH': '/root/catkin_ws/devel:/opt/ros/noetic', 'PYTHONPATH': '/root/catkin_ws/devel/lib/python3/dist-packages:/root/catkin_ws/devel/lib/python3/dist-packages:/opt/ros/noetic/lib/python3/dist-packages', 'DISPLAY': ':0', 'SHLVL': '0', 'ROS_MASTER_URI': 'http://localhost:11311', 'ROS_HOSTNAME': 'localhost', 'LD_LIBRARY_PATH': '/root/catkin_ws/devel/lib:/opt/ros/noetic/lib', 'ENABLE_PERFORMANCE_MONITORING': 'true', 'LC_ALL': 'C.UTF-8', 'PATH': '/opt/ros/noetic/bin:/usr/local/sbin:/usr/local/bin:/usr/sbin:/usr/bin:/sbin:/bin', 'DEBIAN_FRONTEND': 'noninteractive', 'ROS_ROOT': '/opt/ros/noetic/share/ros', 'ROS_DISTRO': 'noetic', 'QT_X11_NO_MITSHM': '1', 'ENABLE_GUI': 'false', 'ROS_LOG_FILENAME': '/root/.ros/log/d9df919c-a426-11f1-9ccd-1a78306416a9/roslaunch-kamikaze-1.log'}]
[roslaunch][INFO] 2026-08-30 03:57:01,740: process[camera_calibration-5]: args[['/root/catkin_ws/devel/lib/drone_control/camera_calibration.py', '__name:=camera_calibration']]
[roslaunch][INFO] 2026-08-30 03:57:01,741: ... created process [camera_calibration-5]
[roslaunch.pmon][INFO] 2026-08-30 03:57:01,741: ProcessMonitor.register[camera_calibration-5]
[roslaunch.pmon][INFO] 2026-08-30 03:57:01,741: ProcessMonitor.register[camera_calibration-5] complete
[roslaunch][INFO] 2026-08-30 03:57:01,741: ... registered process [camera_calibration-5]
[roslaunch][INFO] 2026-08-30 03:57:01,741: process[camera_calibration-5]: starting os process
[roslaunch][INFO] 2026-08-30 03:57:01,742: process[camera_calibration-5]: start w/ args [['/root/catkin_ws/devel/lib/drone_control/camera_calibration.py', '__name:=camera_calibration', '__log:=/root/.ros/log/d9df919c-a426-11f1-9ccd-1a78306416a9/camera_calibration-5.log']]
[roslaunch][INFO] 2026-08-30 03:57:01,742: process[camera_calibration-5]: cwd will be [/root/.ros]
[roslaunch][INFO] 2026-08-30 03:57:01,758: process[camera_calibration-5]: started with pid [89]
[roslaunch][INFO] 2026-08-30 03:57:01,764: ... successfully launched [camera_calibration-5]
[roslaunch][INFO] 2026-08-30 03:57:01,764: ... preparing to launch node of type [drone_control/yolo_detector.py]
[roslaunch][INFO] 2026-08-30 03:57:01,765: create_node_process: package[drone_control] type[yolo_detector.py] machine[Machine(name[] env_loader[None] address[localhost] ssh_port[22] user[None] assignable[True] timeout[10.0])] master_uri[http://localhost:11311]
[roslaunch][INFO] 2026-08-30 03:57:01,765: process[yolo_detector-6]: env[{'ROS_VERSION': '1', 'PYTHONUNBUFFERED': '1', 'PKG_CONFIG_PATH': '/root/catkin_ws/devel/lib/pkgconfig:/opt/ros/noetic/lib/pkgconfig', 'ROS_PYTHON_VERSION': '3', 'HOSTNAME': 'kamikaze', 'ROS_PACKAGE_PATH': '/root/catkin_ws/src:/opt/ros/noetic/share', 'ROSLISP_PACKAGE_DIRECTORIES': '/root/catkin_ws/devel/share/common-lisp', 'PWD': '/root/catkin_ws', 'ENABLE_SIMULATION': 'false', 'ROS_IP': '127.0.0.1', 'HOME': '/root', 'LANG': 'C.UTF-8', 'ROS_ETC_DIR': '/opt/ros/noetic/etc/ros', 'CMAKE_PREFIX_PATH': '/root/catkin_ws/devel:/opt/ros/noetic', 'PYTHONPATH': '/root/catkin_ws/devel/lib/python3/dist-packages:/root/catkin_ws/devel/lib/python3/dist-packages:/opt/ros/noetic/lib/python3/dist-packages', 'DISPLAY': ':0', 'SHLVL': '0', 'ROS_MASTER_URI': 'http://localhost:11311', 'ROS_HOSTNAME': 'localhost', 'LD_LIBRARY_PATH': '/root/catkin_ws/devel/lib:/opt/ros/noetic/lib', 'ENABLE_PERFORMANCE_MONITORING': 'true', 'LC_ALL': 'C.UTF-8', 'PATH': '/opt/ros/noetic/bin:/usr/local/sbin:/usr/local/bin:/usr/sbin:/usr/bin:/sbin:/bin', 'DEBIAN_FRONTEND': 'noninteractive', 'ROS_ROOT': '/opt/ros/noetic/share/ros', 'ROS_DISTRO': 'noetic', 'QT_X11_NO_MITSHM': '1', 'ENABLE_GUI': 'false', 'ROS_LOG_FILENAME': '/root/.ros/log/d9df919c-a426-11f1-9ccd-1a78306416a9/roslaunch-kamikaze-1.log'}]
[roslaunch][INFO] 2026-08-30 03:57:01,768: process[yolo_detector-6]: args[['/root/catkin_ws/devel/lib/drone_control/yolo_detector.py', '__name:=yolo_detector']]
[roslaunch][INFO] 2026-08-30 03:57:01,769: ... created process [yolo_detector-6]
[roslaunch.pmon][INFO] 2026-08-30 03:57:01,769: ProcessMonitor.register[yolo_detector-6]
[roslaunch.pmon][INFO] 2026-08-30 03:57:01,769: ProcessMonitor.register[yolo_detector-6] complete
[roslaunch][INFO] 2026-08-30 03:57:01,769: ... registered process [yolo_detector-6]
[roslaunch][INFO] 2026-08-30 03:57:01,769: process[yolo_detector-6]: starting os process
[roslaunch][INFO] 2026-08-30 03:57:01,770: process[yolo_detector-6]: start w/ args [['/root/catkin_ws/devel/lib/drone_control/yolo_detector.py', '__name:=yolo_detector', '__log:=/root/.ros/log/d9df919c-a426-11f1-9ccd-1a78306416a9/yolo_detector-6.log']]
[roslaunch][INFO] 2026-08-30 03:57:01,770: process[yolo_detector-6]: cwd will be [/root/.ros]
[roslaunch][INFO] 2026-08-30 03:57:01,780: process[yolo_detector-6]: started with pid [91]
[roslaunch][INFO] 2026-08-30 03:57:01,782: ... successfully launched [yolo_detector-6]
[roslaunch][INFO] 2026-08-30 03:57:01,784: ... preparing to launch node of type [drone_control/sensor_fusion.py]
[roslaunch][INFO] 2026-08-30 03:57:01,795: create_node_process: package[drone_control] type[sensor_fusion.py] machine[Machine(name[] env_loader[None] address[localhost] ssh_port[22] user[None] assignable[True] timeout[10.0])] master_uri[http://localhost:11311]
[roslaunch][INFO] 2026-08-30 03:57:01,795: process[sensor_fusion-7]: env[{'ROS_VERSION': '1', 'PYTHONUNBUFFERED': '1', 'PKG_CONFIG_PATH': '/root/catkin_ws/devel/lib/pkgconfig:/opt/ros/noetic/lib/pkgconfig', 'ROS_PYTHON_VERSION': '3', 'HOSTNAME': 'kamikaze', 'ROS_PACKAGE_PATH': '/root/catkin_ws/src:/opt/ros/noetic/share', 'ROSLISP_PACKAGE_DIRECTORIES': '/root/catkin_ws/devel/share/common-lisp', 'PWD': '/root/catkin_ws', 'ENABLE_SIMULATION': 'false', 'ROS_IP': '127.0.0.1', 'HOME': '/root', 'LANG': 'C.UTF-8', 'ROS_ETC_DIR': '/opt/ros/noetic/etc/ros', 'CMAKE_PREFIX_PATH': '/root/catkin_ws/devel:/opt/ros/noetic', 'PYTHONPATH': '/root/catkin_ws/devel/lib/python3/dist-packages:/root/catkin_ws/devel/lib/python3/dist-packages:/opt/ros/noetic/lib/python3/dist-packages', 'DISPLAY': ':0', 'SHLVL': '0', 'ROS_MASTER_URI': 'http://localhost:11311', 'ROS_HOSTNAME': 'localhost', 'LD_LIBRARY_PATH': '/root/catkin_ws/devel/lib:/opt/ros/noetic/lib', 'ENABLE_PERFORMANCE_MONITORING': 'true', 'LC_ALL': 'C.UTF-8', 'PATH': '/opt/ros/noetic/bin:/usr/local/sbin:/usr/local/bin:/usr/sbin:/usr/bin:/sbin:/bin', 'DEBIAN_FRONTEND': 'noninteractive', 'ROS_ROOT': '/opt/ros/noetic/share/ros', 'ROS_DISTRO': 'noetic', 'QT_X11_NO_MITSHM': '1', 'ENABLE_GUI': 'false', 'ROS_LOG_FILENAME': '/root/.ros/log/d9df919c-a426-11f1-9ccd-1a78306416a9/roslaunch-kamikaze-1.log'}]
[roslaunch][INFO] 2026-08-30 03:57:01,799: process[sensor_fusion-7]: args[['/root/catkin_ws/devel/lib/drone_control/sensor_fusion.py', '__name:=sensor_fusion']]
[roslaunch][INFO] 2026-08-30 03:57:01,799: ... created process [sensor_fusion-7]
[roslaunch.pmon][INFO] 2026-08-30 03:57:01,800: ProcessMonitor.register[sensor_fusion-7]
[roslaunch.pmon][INFO] 2026-08-30 03:57:01,800: ProcessMonitor.register[sensor_fusion-7] complete
[roslaunch][INFO] 2026-08-30 03:57:01,800: ... registered process [sensor_fusion-7]
[roslaunch][INFO] 2026-08-30 03:57:01,800: process[sensor_fusion-7]: starting os process
[roslaunch][INFO] 2026-08-30 03:57:01,800: process[sensor_fusion-7]: start w/ args [['/root/catkin_ws/devel/lib/drone_control/sensor_fusion.py', '__name:=sensor_fusion', '__log:=/root/.ros/log/d9df919c-a426-11f1-9ccd-1a78306416a9/sensor_fusion-7.log']]
[roslaunch][INFO] 2026-08-30 03:57:01,801: process[sensor_fusion-7]: cwd will be [/root/.ros]
[roslaunch][INFO] 2026-08-30 03:57:01,811: process[sensor_fusion-7]: started with pid [93]
[roslaunch][INFO] 2026-08-30 03:57:01,812: ... successfully launched [sensor_fusion-7]
[roslaunch][INFO] 2026-08-30 03:57:01,812: ... preparing to launch node of type [drone_control/target_tracking_controller.py]
[roslaunch][INFO] 2026-08-30 03:57:01,812: create_node_process: package[drone_control] type[target_tracking_controller.py] machine[Machine(name[] env_loader[None] address[localhost] ssh_port[22] user[None] assignable[True] timeout[10.0])] master_uri[http://localhost:11311]
[roslaunch][INFO] 2026-08-30 03:57:01,813: process[target_tracking_controller-8]: env[{'ROS_VERSION': '1', 'PYTHONUNBUFFERED': '1', 'PKG_CONFIG_PATH': '/root/catkin_ws/devel/lib/pkgconfig:/opt/ros/noetic/lib/pkgconfig', 'ROS_PYTHON_VERSION': '3', 'HOSTNAME': 'kamikaze', 'ROS_PACKAGE_PATH': '/root/catkin_ws/src:/opt/ros/noetic/share', 'ROSLISP_PACKAGE_DIRECTORIES': '/root/catkin_ws/devel/share/common-lisp', 'PWD': '/root/catkin_ws', 'ENABLE_SIMULATION': 'false', 'ROS_IP': '127.0.0.1', 'HOME': '/root', 'LANG': 'C.UTF-8', 'ROS_ETC_DIR': '/opt/ros/noetic/etc/ros', 'CMAKE_PREFIX_PATH': '/root/catkin_ws/devel:/opt/ros/noetic', 'PYTHONPATH': '/root/catkin_ws/devel/lib/python3/dist-packages:/root/catkin_ws/devel/lib/python3/dist-packages:/opt/ros/noetic/lib/python3/dist-packages', 'DISPLAY': ':0', 'SHLVL': '0', 'ROS_MASTER_URI': 'http://localhost:11311', 'ROS_HOSTNAME': 'localhost', 'LD_LIBRARY_PATH': '/root/catkin_ws/devel/lib:/opt/ros/noetic/lib', 'ENABLE_PERFORMANCE_MONITORING': 'true', 'LC_ALL': 'C.UTF-8', 'PATH': '/opt/ros/noetic/bin:/usr/local/sbin:/usr/local/bin:/usr/sbin:/usr/bin:/sbin:/bin', 'DEBIAN_FRONTEND': 'noninteractive', 'ROS_ROOT': '/opt/ros/noetic/share/ros', 'ROS_DISTRO': 'noetic', 'QT_X11_NO_MITSHM': '1', 'ENABLE_GUI': 'false', 'ROS_LOG_FILENAME': '/root/.ros/log/d9df919c-a426-11f1-9ccd-1a78306416a9/roslaunch-kamikaze-1.log'}]
[roslaunch][INFO] 2026-08-30 03:57:01,826: process[target_tracking_controller-8]: args[['/root/catkin_ws/devel/lib/drone_control/target_tracking_controller.py', '__name:=target_tracking_controller']]
[roslaunch][INFO] 2026-08-30 03:57:01,826: ... created process [target_tracking_controller-8]
[roslaunch.pmon][INFO] 2026-08-30 03:57:01,826: ProcessMonitor.register[target_tracking_controller-8]
[roslaunch.pmon][INFO] 2026-08-30 03:57:01,826: ProcessMonitor.register[target_tracking_controller-8] complete
[roslaunch][INFO] 2026-08-30 03:57:01,827: ... registered process [target_tracking_controller-8]
[roslaunch][INFO] 2026-08-30 03:57:01,827: process[target_tracking_controller-8]: starting os process
[roslaunch][INFO] 2026-08-30 03:57:01,827: process[target_tracking_controller-8]: start w/ args [['/root/catkin_ws/devel/lib/drone_control/target_tracking_controller.py', '__name:=target_tracking_controller', '__log:=/root/.ros/log/d9df919c-a426-11f1-9ccd-1a78306416a9/target_tracking_controller-8.log']]
[roslaunch][INFO] 2026-08-30 03:57:01,827: process[target_tracking_controller-8]: cwd will be [/root/.ros]
[roslaunch][INFO] 2026-08-30 03:57:01,845: process[target_tracking_controller-8]: started with pid [95]
[roslaunch][INFO] 2026-08-30 03:57:01,848: ... successfully launched [target_tracking_controller-8]
[roslaunch][INFO] 2026-08-30 03:57:01,848: ... preparing to launch node of type [drone_control/vehicle_state_monitor.py]
[roslaunch][INFO] 2026-08-30 03:57:01,849: create_node_process: package[drone_control] type[vehicle_state_monitor.py] machine[Machine(name[] env_loader[None] address[localhost] ssh_port[22] user[None] assignable[True] timeout[10.0])] master_uri[http://localhost:11311]
[roslaunch][INFO] 2026-08-30 03:57:01,850: process[vehicle_state_monitor-9]: env[{'ROS_VERSION': '1', 'PYTHONUNBUFFERED': '1', 'PKG_CONFIG_PATH': '/root/catkin_ws/devel/lib/pkgconfig:/opt/ros/noetic/lib/pkgconfig', 'ROS_PYTHON_VERSION': '3', 'HOSTNAME': 'kamikaze', 'ROS_PACKAGE_PATH': '/root/catkin_ws/src:/opt/ros/noetic/share', 'ROSLISP_PACKAGE_DIRECTORIES': '/root/catkin_ws/devel/share/common-lisp', 'PWD': '/root/catkin_ws', 'ENABLE_SIMULATION': 'false', 'ROS_IP': '127.0.0.1', 'HOME': '/root', 'LANG': 'C.UTF-8', 'ROS_ETC_DIR': '/opt/ros/noetic/etc/ros', 'CMAKE_PREFIX_PATH': '/root/catkin_ws/devel:/opt/ros/noetic', 'PYTHONPATH': '/root/catkin_ws/devel/lib/python3/dist-packages:/root/catkin_ws/devel/lib/python3/dist-packages:/opt/ros/noetic/lib/python3/dist-packages', 'DISPLAY': ':0', 'SHLVL': '0', 'ROS_MASTER_URI': 'http://localhost:11311', 'ROS_HOSTNAME': 'localhost', 'LD_LIBRARY_PATH': '/root/catkin_ws/devel/lib:/opt/ros/noetic/lib', 'ENABLE_PERFORMANCE_MONITORING': 'true', 'LC_ALL': 'C.UTF-8', 'PATH': '/opt/ros/noetic/bin:/usr/local/sbin:/usr/local/bin:/usr/sbin:/usr/bin:/sbin:/bin', 'DEBIAN_FRONTEND': 'noninteractive', 'ROS_ROOT': '/opt/ros/noetic/share/ros', 'ROS_DISTRO': 'noetic', 'QT_X11_NO_MITSHM': '1', 'ENABLE_GUI': 'false', 'ROS_LOG_FILENAME': '/root/.ros/log/d9df919c-a426-11f1-9ccd-1a78306416a9/roslaunch-kamikaze-1.log'}]
[roslaunch][INFO] 2026-08-30 03:57:01,907: process[vehicle_state_monitor-9]: args[['/root/catkin_ws/devel/lib/drone_control/vehicle_state_monitor.py', '__name:=vehicle_state_monitor']]
[roslaunch][INFO] 2026-08-30 03:57:01,908: ... created process [vehicle_state_monitor-9]
[roslaunch.pmon][INFO] 2026-08-30 03:57:01,908: ProcessMonitor.register[vehicle_state_monitor-9]
[roslaunch.pmon][INFO] 2026-08-30 03:57:01,908: ProcessMonitor.register[vehicle_state_monitor-9] complete
[roslaunch][INFO] 2026-08-30 03:57:01,908: ... registered process [vehicle_state_monitor-9]
[roslaunch][INFO] 2026-08-30 03:57:01,909: process[vehicle_state_monitor-9]: starting os process
[roslaunch][INFO] 2026-08-30 03:57:01,909: process[vehicle_state_monitor-9]: start w/ args [['/root/catkin_ws/devel/lib/drone_control/vehicle_state_monitor.py', '__name:=vehicle_state_monitor', '__log:=/root/.ros/log/d9df919c-a426-11f1-9ccd-1a78306416a9/vehicle_state_monitor-9.log']]
[roslaunch][INFO] 2026-08-30 03:57:01,909: process[vehicle_state_monitor-9]: cwd will be [/root/.ros]
[roslaunch][INFO] 2026-08-30 03:57:01,925: process[vehicle_state_monitor-9]: started with pid [96]
[roslaunch][INFO] 2026-08-30 03:57:01,928: ... successfully launched [vehicle_state_monitor-9]
[roslaunch][INFO] 2026-08-30 03:57:01,929: ... preparing to launch node of type [drone_control/safety_monitor.py]
[roslaunch][INFO] 2026-08-30 03:57:01,929: create_node_process: package[drone_control] type[safety_monitor.py] machine[Machine(name[] env_loader[None] address[localhost] ssh_port[22] user[None] assignable[True] timeout[10.0])] master_uri[http://localhost:11311]
[roslaunch][INFO] 2026-08-30 03:57:01,930: process[safety_monitor-10]: env[{'ROS_VERSION': '1', 'PYTHONUNBUFFERED': '1', 'PKG_CONFIG_PATH': '/root/catkin_ws/devel/lib/pkgconfig:/opt/ros/noetic/lib/pkgconfig', 'ROS_PYTHON_VERSION': '3', 'HOSTNAME': 'kamikaze', 'ROS_PACKAGE_PATH': '/root/catkin_ws/src:/opt/ros/noetic/share', 'ROSLISP_PACKAGE_DIRECTORIES': '/root/catkin_ws/devel/share/common-lisp', 'PWD': '/root/catkin_ws', 'ENABLE_SIMULATION': 'false', 'ROS_IP': '127.0.0.1', 'HOME': '/root', 'LANG': 'C.UTF-8', 'ROS_ETC_DIR': '/opt/ros/noetic/etc/ros', 'CMAKE_PREFIX_PATH': '/root/catkin_ws/devel:/opt/ros/noetic', 'PYTHONPATH': '/root/catkin_ws/devel/lib/python3/dist-packages:/root/catkin_ws/devel/lib/python3/dist-packages:/opt/ros/noetic/lib/python3/dist-packages', 'DISPLAY': ':0', 'SHLVL': '0', 'ROS_MASTER_URI': 'http://localhost:11311', 'ROS_HOSTNAME': 'localhost', 'LD_LIBRARY_PATH': '/root/catkin_ws/devel/lib:/opt/ros/noetic/lib', 'ENABLE_PERFORMANCE_MONITORING': 'true', 'LC_ALL': 'C.UTF-8', 'PATH': '/opt/ros/noetic/bin:/usr/local/sbin:/usr/local/bin:/usr/sbin:/usr/bin:/sbin:/bin', 'DEBIAN_FRONTEND': 'noninteractive', 'ROS_ROOT': '/opt/ros/noetic/share/ros', 'ROS_DISTRO': 'noetic', 'QT_X11_NO_MITSHM': '1', 'ENABLE_GUI': 'false', 'ROS_LOG_FILENAME': '/root/.ros/log/d9df919c-a426-11f1-9ccd-1a78306416a9/roslaunch-kamikaze-1.log'}]
[roslaunch][INFO] 2026-08-30 03:57:01,939: process[safety_monitor-10]: args[['/root/catkin_ws/devel/lib/drone_control/safety_monitor.py', '__name:=safety_monitor']]
[roslaunch][INFO] 2026-08-30 03:57:01,940: ... created process [safety_monitor-10]
[roslaunch.pmon][INFO] 2026-08-30 03:57:01,940: ProcessMonitor.register[safety_monitor-10]
[roslaunch.pmon][INFO] 2026-08-30 03:57:01,940: ProcessMonitor.register[safety_monitor-10] complete
[roslaunch][INFO] 2026-08-30 03:57:01,940: ... registered process [safety_monitor-10]
[roslaunch][INFO] 2026-08-30 03:57:01,941: process[safety_monitor-10]: starting os process
[roslaunch][INFO] 2026-08-30 03:57:01,941: process[safety_monitor-10]: start w/ args [['/root/catkin_ws/devel/lib/drone_control/safety_monitor.py', '__name:=safety_monitor', '__log:=/root/.ros/log/d9df919c-a426-11f1-9ccd-1a78306416a9/safety_monitor-10.log']]
[roslaunch][INFO] 2026-08-30 03:57:01,941: process[safety_monitor-10]: cwd will be [/root/.ros]
[roslaunch][INFO] 2026-08-30 03:57:02,019: process[safety_monitor-10]: started with pid [97]
[roslaunch][INFO] 2026-08-30 03:57:02,020: ... successfully launched [safety_monitor-10]
[roslaunch][INFO] 2026-08-30 03:57:02,020: ... preparing to launch node of type [drone_control/system_health_monitor.py]
[roslaunch][INFO] 2026-08-30 03:57:02,020: create_node_process: package[drone_control] type[system_health_monitor.py] machine[Machine(name[] env_loader[None] address[localhost] ssh_port[22] user[None] assignable[True] timeout[10.0])] master_uri[http://localhost:11311]
[roslaunch][INFO] 2026-08-30 03:57:02,021: process[system_health_monitor-11]: env[{'ROS_VERSION': '1', 'PYTHONUNBUFFERED': '1', 'PKG_CONFIG_PATH': '/root/catkin_ws/devel/lib/pkgconfig:/opt/ros/noetic/lib/pkgconfig', 'ROS_PYTHON_VERSION': '3', 'HOSTNAME': 'kamikaze', 'ROS_PACKAGE_PATH': '/root/catkin_ws/src:/opt/ros/noetic/share', 'ROSLISP_PACKAGE_DIRECTORIES': '/root/catkin_ws/devel/share/common-lisp', 'PWD': '/root/catkin_ws', 'ENABLE_SIMULATION': 'false', 'ROS_IP': '127.0.0.1', 'HOME': '/root', 'LANG': 'C.UTF-8', 'ROS_ETC_DIR': '/opt/ros/noetic/etc/ros', 'CMAKE_PREFIX_PATH': '/root/catkin_ws/devel:/opt/ros/noetic', 'PYTHONPATH': '/root/catkin_ws/devel/lib/python3/dist-packages:/root/catkin_ws/devel/lib/python3/dist-packages:/opt/ros/noetic/lib/python3/dist-packages', 'DISPLAY': ':0', 'SHLVL': '0', 'ROS_MASTER_URI': 'http://localhost:11311', 'ROS_HOSTNAME': 'localhost', 'LD_LIBRARY_PATH': '/root/catkin_ws/devel/lib:/opt/ros/noetic/lib', 'ENABLE_PERFORMANCE_MONITORING': 'true', 'LC_ALL': 'C.UTF-8', 'PATH': '/opt/ros/noetic/bin:/usr/local/sbin:/usr/local/bin:/usr/sbin:/usr/bin:/sbin:/bin', 'DEBIAN_FRONTEND': 'noninteractive', 'ROS_ROOT': '/opt/ros/noetic/share/ros', 'ROS_DISTRO': 'noetic', 'QT_X11_NO_MITSHM': '1', 'ENABLE_GUI': 'false', 'ROS_LOG_FILENAME': '/root/.ros/log/d9df919c-a426-11f1-9ccd-1a78306416a9/roslaunch-kamikaze-1.log'}]
[roslaunch][INFO] 2026-08-30 03:57:02,024: process[system_health_monitor-11]: args[['/root/catkin_ws/devel/lib/drone_control/system_health_monitor.py', '__name:=system_health_monitor']]
[roslaunch][INFO] 2026-08-30 03:57:02,025: ... created process [system_health_monitor-11]
[roslaunch.pmon][INFO] 2026-08-30 03:57:02,025: ProcessMonitor.register[system_health_monitor-11]
[roslaunch.pmon][INFO] 2026-08-30 03:57:02,025: ProcessMonitor.register[system_health_monitor-11] complete
[roslaunch][INFO] 2026-08-30 03:57:02,025: ... registered process [system_health_monitor-11]
[roslaunch][INFO] 2026-08-30 03:57:02,025: process[system_health_monitor-11]: starting os process
[roslaunch][INFO] 2026-08-30 03:57:02,025: process[system_health_monitor-11]: start w/ args [['/root/catkin_ws/devel/lib/drone_control/system_health_monitor.py', '__name:=system_health_monitor', '__log:=/root/.ros/log/d9df919c-a426-11f1-9ccd-1a78306416a9/system_health_monitor-11.log']]
[roslaunch][INFO] 2026-08-30 03:57:02,026: process[system_health_monitor-11]: cwd will be [/root/.ros]
[roslaunch][INFO] 2026-08-30 03:57:02,045: process[system_health_monitor-11]: started with pid [98]
[roslaunch][INFO] 2026-08-30 03:57:02,047: ... successfully launched [system_health_monitor-11]
[roslaunch][INFO] 2026-08-30 03:57:02,048: ... preparing to launch node of type [drone_control/health_checker.py]
[roslaunch][INFO] 2026-08-30 03:57:02,048: create_node_process: package[drone_control] type[health_checker.py] machine[Machine(name[] env_loader[None] address[localhost] ssh_port[22] user[None] assignable[True] timeout[10.0])] master_uri[http://localhost:11311]
[roslaunch][INFO] 2026-08-30 03:57:02,048: process[health_checker-12]: env[{'ROS_VERSION': '1', 'PYTHONUNBUFFERED': '1', 'PKG_CONFIG_PATH': '/root/catkin_ws/devel/lib/pkgconfig:/opt/ros/noetic/lib/pkgconfig', 'ROS_PYTHON_VERSION': '3', 'HOSTNAME': 'kamikaze', 'ROS_PACKAGE_PATH': '/root/catkin_ws/src:/opt/ros/noetic/share', 'ROSLISP_PACKAGE_DIRECTORIES': '/root/catkin_ws/devel/share/common-lisp', 'PWD': '/root/catkin_ws', 'ENABLE_SIMULATION': 'false', 'ROS_IP': '127.0.0.1', 'HOME': '/root', 'LANG': 'C.UTF-8', 'ROS_ETC_DIR': '/opt/ros/noetic/etc/ros', 'CMAKE_PREFIX_PATH': '/root/catkin_ws/devel:/opt/ros/noetic', 'PYTHONPATH': '/root/catkin_ws/devel/lib/python3/dist-packages:/root/catkin_ws/devel/lib/python3/dist-packages:/opt/ros/noetic/lib/python3/dist-packages', 'DISPLAY': ':0', 'SHLVL': '0', 'ROS_MASTER_URI': 'http://localhost:11311', 'ROS_HOSTNAME': 'localhost', 'LD_LIBRARY_PATH': '/root/catkin_ws/devel/lib:/opt/ros/noetic/lib', 'ENABLE_PERFORMANCE_MONITORING': 'true', 'LC_ALL': 'C.UTF-8', 'PATH': '/opt/ros/noetic/bin:/usr/local/sbin:/usr/local/bin:/usr/sbin:/usr/bin:/sbin:/bin', 'DEBIAN_FRONTEND': 'noninteractive', 'ROS_ROOT': '/opt/ros/noetic/share/ros', 'ROS_DISTRO': 'noetic', 'QT_X11_NO_MITSHM': '1', 'ENABLE_GUI': 'false', 'ROS_LOG_FILENAME': '/root/.ros/log/d9df919c-a426-11f1-9ccd-1a78306416a9/roslaunch-kamikaze-1.log'}]
[roslaunch][INFO] 2026-08-30 03:57:02,096: process[health_checker-12]: args[['/root/catkin_ws/devel/lib/drone_control/health_checker.py', '__name:=health_checker']]
[roslaunch][INFO] 2026-08-30 03:57:02,097: ... created process [health_checker-12]
[roslaunch.pmon][INFO] 2026-08-30 03:57:02,097: ProcessMonitor.register[health_checker-12]
[roslaunch.pmon][INFO] 2026-08-30 03:57:02,097: ProcessMonitor.register[health_checker-12] complete
[roslaunch][INFO] 2026-08-30 03:57:02,097: ... registered process [health_checker-12]
[roslaunch][INFO] 2026-08-30 03:57:02,098: process[health_checker-12]: starting os process
[roslaunch][INFO] 2026-08-30 03:57:02,098: process[health_checker-12]: start w/ args [['/root/catkin_ws/devel/lib/drone_control/health_checker.py', '__name:=health_checker', '__log:=/root/.ros/log/d9df919c-a426-11f1-9ccd-1a78306416a9/health_checker-12.log']]
[roslaunch][INFO] 2026-08-30 03:57:02,098: process[health_checker-12]: cwd will be [/root/.ros]
[roslaunch][INFO] 2026-08-30 03:57:02,113: process[health_checker-12]: started with pid [99]
[roslaunch][INFO] 2026-08-30 03:57:02,114: ... successfully launched [health_checker-12]
[roslaunch][INFO] 2026-08-30 03:57:02,115: ... launch_nodes complete
[roslaunch.pmon][INFO] 2026-08-30 03:57:02,115: registrations completed <ProcessMonitor(ProcessMonitor-1, started daemon 140737361721088)>
[roslaunch.parent][INFO] 2026-08-30 03:57:02,115: ... roslaunch parent running, waiting for process exit
[roslaunch][INFO] 2026-08-30 03:57:02,115: spin
[roslaunch.pmon][INFO] 2026-08-30 04:00:03,666: ProcessMonitor.shutdown <ProcessMonitor(ProcessMonitor-1, started daemon 140737361721088)>
[roslaunch.pmon][INFO] 2026-08-30 04:00:03,710: ProcessMonitor._post_run <ProcessMonitor(ProcessMonitor-1, started daemon 140737361721088)>
[roslaunch.pmon][INFO] 2026-08-30 04:00:03,712: ProcessMonitor._post_run <ProcessMonitor(ProcessMonitor-1, started daemon 140737361721088)>: remaining procs are [<roslaunch.nodeprocess.LocalProcess object at 0x7ffffb734d30>, <roslaunch.nodeprocess.LocalProcess object at 0x7ffffb734af0>, <roslaunch.nodeprocess.LocalProcess object at 0x7fffe95bb9d0>, <roslaunch.nodeprocess.LocalProcess object at 0x7ffffb734b20>, <roslaunch.nodeprocess.LocalProcess object at 0x7ffffb734bb0>, <roslaunch.nodeprocess.LocalProcess object at 0x7ffffb734d90>, <roslaunch.nodeprocess.LocalProcess object at 0x7ffffb6cdb80>, <roslaunch.nodeprocess.LocalProcess object at 0x7ffffb6cdbb0>, <roslaunch.nodeprocess.LocalProcess object at 0x7ffffb6cdd60>, <roslaunch.nodeprocess.LocalProcess object at 0x7ffffb6cdfd0>, <roslaunch.nodeprocess.LocalProcess object at 0x7ffffb6cda60>, <roslaunch.nodeprocess.LocalProcess object at 0x7ffffb6cdf10>, <roslaunch.nodeprocess.LocalProcess object at 0x7ffffb6cdca0>]
[roslaunch.pmon][INFO] 2026-08-30 04:00:03,713: ProcessMonitor exit: killing health_checker-12
[roslaunch.pmon][INFO] 2026-08-30 04:00:03,714: ProcessMonitor exit: killing system_health_monitor-11
[roslaunch][INFO] 2026-08-30 04:00:03,714: [health_checker-12] killing on exit
[roslaunch.pmon][INFO] 2026-08-30 04:00:03,714: ProcessMonitor exit: killing safety_monitor-10
[roslaunch][INFO] 2026-08-30 04:00:03,718: [safety_monitor-10] killing on exit
[roslaunch.pmon][INFO] 2026-08-30 04:00:03,715: ProcessMonitor exit: killing target_tracking_controller-8
[roslaunch][INFO] 2026-08-30 04:00:03,715: [system_health_monitor-11] killing on exit
[roslaunch.pmon][INFO] 2026-08-30 04:00:03,716: ProcessMonitor exit: killing sensor_fusion-7
[roslaunch.pmon][INFO] 2026-08-30 04:00:03,715: ProcessMonitor exit: killing vehicle_state_monitor-9
[roslaunch][INFO] 2026-08-30 04:00:03,720: process[health_checker-12]: killing os process with pid[99] pgid[99]
[roslaunch][INFO] 2026-08-30 04:00:03,724: [health_checker-12] sending SIGINT to pgid [99]
[roslaunch][INFO] 2026-08-30 04:00:03,724: [health_checker-12] sent SIGINT to pgid [99]
[roslaunch.pmon][INFO] 2026-08-30 04:00:03,721: ProcessMonitor exit: killing camera_calibration-5
[roslaunch][INFO] 2026-08-30 04:00:03,721: process[safety_monitor-10]: killing os process with pid[97] pgid[97]
[roslaunch][INFO] 2026-08-30 04:00:03,729: [safety_monitor-10] sending SIGINT to pgid [97]
[roslaunch][INFO] 2026-08-30 04:00:03,729: [safety_monitor-10] sent SIGINT to pgid [97]
[roslaunch][INFO] 2026-08-30 04:00:03,721: process[system_health_monitor-11]: killing os process with pid[98] pgid[98]
[roslaunch][INFO] 2026-08-30 04:00:03,730: [system_health_monitor-11] sending SIGINT to pgid [98]
[roslaunch][INFO] 2026-08-30 04:00:03,720: [target_tracking_controller-8] killing on exit
[roslaunch.pmon][INFO] 2026-08-30 04:00:03,720: ProcessMonitor exit: killing yolo_detector-6
[roslaunch][INFO] 2026-08-30 04:00:03,733: [yolo_detector-6] killing on exit
[roslaunch][INFO] 2026-08-30 04:00:03,734: process[yolo_detector-6]: killing os process with pid[91] pgid[91]
[roslaunch][INFO] 2026-08-30 04:00:03,734: [yolo_detector-6] sending SIGINT to pgid [91]
[roslaunch][INFO] 2026-08-30 04:00:03,722: [sensor_fusion-7] killing on exit
[roslaunch][INFO] 2026-08-30 04:00:03,723: [vehicle_state_monitor-9] killing on exit
[roslaunch][INFO] 2026-08-30 04:00:03,736: process[vehicle_state_monitor-9]: killing os process with pid[96] pgid[96]
[roslaunch][INFO] 2026-08-30 04:00:03,736: [vehicle_state_monitor-9] sending SIGINT to pgid [96]
[roslaunch.pmon][INFO] 2026-08-30 04:00:03,726: ProcessMonitor exit: killing command_interpreter-3
[roslaunch][INFO] 2026-08-30 04:00:03,736: [command_interpreter-3] killing on exit
[roslaunch][INFO] 2026-08-30 04:00:03,736: process[command_interpreter-3]: killing os process with pid[86] pgid[86]
[roslaunch][INFO] 2026-08-30 04:00:03,736: [command_interpreter-3] sending SIGINT to pgid [86]
[roslaunch][INFO] 2026-08-30 04:00:03,736: [command_interpreter-3] sent SIGINT to pgid [86]
[roslaunch][INFO] 2026-08-30 04:00:03,728: [camera_calibration-5] killing on exit
[roslaunch][INFO] 2026-08-30 04:00:03,737: process[camera_calibration-5]: killing os process with pid[89] pgid[89]
[roslaunch][INFO] 2026-08-30 04:00:03,737: [camera_calibration-5] sending SIGINT to pgid [89]
[roslaunch][INFO] 2026-08-30 04:00:03,737: [camera_calibration-5] sent SIGINT to pgid [89]
[roslaunch][INFO] 2026-08-30 04:00:03,735: process[sensor_fusion-7]: killing os process with pid[93] pgid[93]
[roslaunch][INFO] 2026-08-30 04:00:03,738: [sensor_fusion-7] sending SIGINT to pgid [93]
[roslaunch][INFO] 2026-08-30 04:00:03,738: [sensor_fusion-7] sent SIGINT to pgid [93]
[roslaunch][INFO] 2026-08-30 04:00:03,733: process[target_tracking_controller-8]: killing os process with pid[95] pgid[95]
[roslaunch][INFO] 2026-08-30 04:00:03,738: [target_tracking_controller-8] sending SIGINT to pgid [95]
[roslaunch][INFO] 2026-08-30 04:00:03,738: [target_tracking_controller-8] sent SIGINT to pgid [95]
[roslaunch][INFO] 2026-08-30 04:00:03,732: [system_health_monitor-11] sent SIGINT to pgid [98]
[roslaunch.pmon][INFO] 2026-08-30 04:00:03,721: ProcessMonitor exit: killing mission_manager-4
[roslaunch][INFO] 2026-08-30 04:00:03,738: [mission_manager-4] killing on exit
[roslaunch][INFO] 2026-08-30 04:00:03,739: process[mission_manager-4]: killing os process with pid[87] pgid[87]
[roslaunch][INFO] 2026-08-30 04:00:03,739: [mission_manager-4] sending SIGINT to pgid [87]
[roslaunch][INFO] 2026-08-30 04:00:03,739: [mission_manager-4] sent SIGINT to pgid [87]
[roslaunch][INFO] 2026-08-30 04:00:03,735: [yolo_detector-6] sent SIGINT to pgid [91]
[roslaunch][INFO] 2026-08-30 04:00:03,736: [vehicle_state_monitor-9] sent SIGINT to pgid [96]
[roslaunch][INFO] 2026-08-30 04:00:04,640: process[command_interpreter-3]: SIGINT killed with return value 0
[roslaunch.pmon][INFO] 2026-08-30 04:00:04,641: ProcessMonitor exit: killing parameter_validator-2
[roslaunch][INFO] 2026-08-30 04:00:04,641: [parameter_validator-2] killing on exit
[roslaunch][INFO] 2026-08-30 04:00:04,641: process[parameter_validator-2]: killing os process with pid[85] pgid[85]
[roslaunch][INFO] 2026-08-30 04:00:04,641: [parameter_validator-2] sending SIGINT to pgid [85]
[roslaunch][INFO] 2026-08-30 04:00:04,642: [parameter_validator-2] sent SIGINT to pgid [85]
[roslaunch][INFO] 2026-08-30 04:00:04,647: process[sensor_fusion-7]: SIGINT killed with return value 0
[roslaunch][INFO] 2026-08-30 04:00:04,648: process[vehicle_state_monitor-9]: SIGINT killed with return value 0
[roslaunch][INFO] 2026-08-30 04:00:04,649: process[camera_calibration-5]: SIGINT killed with return value 0
[roslaunch][INFO] 2026-08-30 04:00:04,734: process[health_checker-12]: SIGINT killed with return value 0
[roslaunch][INFO] 2026-08-30 04:00:04,748: process[target_tracking_controller-8]: SIGINT killed with return value 0
[roslaunch][INFO] 2026-08-30 04:00:04,748: process[system_health_monitor-11]: SIGINT killed with return value 0
[roslaunch][INFO] 2026-08-30 04:00:04,748: process[mission_manager-4]: SIGINT killed with return value 0
[roslaunch][INFO] 2026-08-30 04:00:04,750: process[safety_monitor-10]: SIGINT killed with return value 0
[roslaunch][INFO] 2026-08-30 04:00:05,247: process[yolo_detector-6]: SIGINT killed with return value 0
[roslaunch][INFO] 2026-08-30 04:00:05,350: process[parameter_validator-2]: SIGINT killed with return value 0
[roslaunch.pmon][INFO] 2026-08-30 04:00:05,350: ProcessMonitor exit: killing rosout-1
[roslaunch][INFO] 2026-08-30 04:00:05,350: [rosout-1] killing on exit
[roslaunch][INFO] 2026-08-30 04:00:05,350: process[rosout-1]: killing os process with pid[82] pgid[82]
[roslaunch][INFO] 2026-08-30 04:00:05,351: [rosout-1] sending SIGINT to pgid [82]
[roslaunch][INFO] 2026-08-30 04:00:05,351: [rosout-1] sent SIGINT to pgid [82]
[roslaunch][INFO] 2026-08-30 04:00:05,758: process[rosout-1]: SIGINT killed with return value 0
[roslaunch.pmon][INFO] 2026-08-30 04:00:05,758: ProcessMonitor exit: killing master
[roslaunch][INFO] 2026-08-30 04:00:05,758: [master] killing on exit
[roslaunch][INFO] 2026-08-30 04:00:05,758: process[master]: killing os process with pid[59] pgid[59]
[roslaunch][INFO] 2026-08-30 04:00:05,758: [master] sending SIGINT to pgid [59]
[roslaunch][INFO] 2026-08-30 04:00:05,759: [master] sent SIGINT to pgid [59]
[roslaunch][INFO] 2026-08-30 04:00:05,969: process[master]: SIGINT killed with return value 0
[roslaunch.pmon][INFO] 2026-08-30 04:00:05,969: ProcessMonitor exit: cleaning up data structures and signals
[roslaunch.pmon][INFO] 2026-08-30 04:00:05,970: ProcessMonitor exit: pmon has shutdown
[roslaunch][INFO] 2026-08-30 04:00:05,970: process monitor is done spinning, initiating full shutdown
[roslaunch][INFO] 2026-08-30 04:00:05,970: runner.stop()
[roslaunch][INFO] 2026-08-30 04:00:05,970: shutting down processing monitor...
[roslaunch][INFO] 2026-08-30 04:00:05,970: shutting down processing monitor <ProcessMonitor(ProcessMonitor-1, stopped daemon 140737361721088)>
[roslaunch.pmon][INFO] 2026-08-30 04:00:05,970: ProcessMonitor.shutdown <ProcessMonitor(ProcessMonitor-1, stopped daemon 140737361721088)>
[roslaunch][INFO] 2026-08-30 04:00:05,970: ... shutting down processing monitor complete
[roslaunch][INFO] 2026-08-30 04:00:05,970: done
[roslaunch.pmon][INFO] 2026-08-30 04:00:05,971: ProcessMonitor.shutdown <ProcessMonitor(ProcessMonitor-1, stopped daemon 140737361721088)>
[rospy.core][INFO] 2026-08-30 04:00:05,971: signal_shutdown [atexit]
