[rospy.client][INFO] 2026-08-30 03:57:06,754: init_node, name[/target_tracking_controller], pid[95]
[xmlrpc][INFO] 2026-08-30 03:57:06,759: XML-RPC server binding to 127.0.0.1:0
[xmlrpc][INFO] 2026-08-30 03:57:06,761: Started XML-RPC server [http://localhost:43063/]
[rospy.impl.masterslave][INFO] 2026-08-30 03:57:06,761: _ready: http://localhost:43063/
[rospy.init][INFO] 2026-08-30 03:57:06,761: ROS Slave URI: [http://localhost:43063/]
[rospy.registration][INFO] 2026-08-30 03:57:06,763: Registering with master node http://localhost:11311
[xmlrpc][INFO] 2026-08-30 03:57:06,763: xml rpc node: starting XML-RPC server
[rospy.init][INFO] 2026-08-30 03:57:06,868: registered with master
[rospy.rosout][INFO] 2026-08-30 03:57:06,869: initializing /rosout core topic
[rospy.rosout][INFO] 2026-08-30 03:57:06,889: connected to core topic /rosout
[rospy.simtime][INFO] 2026-08-30 03:57:06,890: /use_sim_time is not set, will not subscribe to simulated time [/clock] topic
[rospy.internal][INFO] 2026-08-30 03:57:06,910: topic[/mission_status] adding connection to [http://localhost:46269/], count 0
[rospy.internal][INFO] 2026-08-30 03:57:06,964: topic[/tracked_targets] adding connection to [/mission_manager], count 0
[rospy.internal][INFO] 2026-08-30 03:57:06,966: topic[/target_tracking_controller/node_health] adding connection to [/health_checker], count 0
[rospy.internal][INFO] 2026-08-30 03:57:07,166: topic[/rosout] adding connection to [/rosout], count 0
[rosout][WARNING] 2026-08-30 03:57:09,057: MAVROS set_mode service not available: timeout exceeded while waiting for service /mavros/set_mode
[rospy.internal][INFO] 2026-08-30 03:57:10,824: topic[/detected_objects] adding connection to [http://localhost:36435/], count 0
[rosout][WARNING] 2026-08-30 03:57:11,192: MAVROS arming service not available: timeout exceeded while waiting for service /mavros/cmd/arming
[rosout][INFO] 2026-08-30 03:57:11,199: Target Tracking Controller started in SEARCHING mode
[rospy.core][INFO] 2026-08-30 04:00:03,742: signal_shutdown [signal-2]
[rospy.internal][INFO] 2026-08-30 04:00:03,864: topic[/mission_status] removing connection to http://localhost:46269/
[rospy.internal][INFO] 2026-08-30 04:00:03,865: topic[/detected_objects] removing connection to http://localhost:36435/
[rospy.internal][INFO] 2026-08-30 04:00:03,877: topic[/rosout] removing connection to /rosout
[rospy.internal][INFO] 2026-08-30 04:00:03,877: topic[/tracked_targets] removing connection to /mission_manager
[rospy.internal][INFO] 2026-08-30 04:00:03,882: topic[/target_tracking_controller/node_health] removing connection to /health_checker
[rospy.impl.masterslave][INFO] 2026-08-30 04:00:03,882: signal-2
[rospy.core][INFO] 2026-08-30 04:00:04,350: signal_shutdown [atexit]
