[rospy.client][INFO] 2026-08-30 03:57:10,502: init_node, name[/yolo_detector], pid[91]
[xmlrpc][INFO] 2026-08-30 03:57:10,505: XML-RPC server binding to 127.0.0.1:0
[xmlrpc][INFO] 2026-08-30 03:57:10,506: Started XML-RPC server [http://localhost:36435/]
[rospy.impl.masterslave][INFO] 2026-08-30 03:57:10,507: _ready: http://localhost:36435/
[rospy.registration][INFO] 2026-08-30 03:57:10,508: Registering with master node http://localhost:11311
[xmlrpc][INFO] 2026-08-30 03:57:10,508: xml rpc node: starting XML-RPC server
[rospy.init][INFO] 2026-08-30 03:57:10,508: ROS Slave URI: [http://localhost:36435/]
[rospy.init][INFO] 2026-08-30 03:57:10,509: registered with master
[rospy.rosout][INFO] 2026-08-30 03:57:10,509: initializing /rosout core topic
[rospy.rosout][INFO] 2026-08-30 03:57:10,513: connected to core topic /rosout
[rospy.simtime][INFO] 2026-08-30 03:57:10,514: /use_sim_time is not set, will not subscribe to simulated time [/clock] topic
[rosout][INFO] 2026-08-30 03:57:10,527: Loading YOLO model from: /PX4-Autopilot/yolov8s.pt
[rospy.internal][INFO] 2026-08-30 03:57:10,535: topic[/mission_status] adding connection to [http://localhost:46269/], count 0
[rospy.internal][INFO] 2026-08-30 03:57:10,617: topic[/yolo_detector/node_health] adding connection to [/health_checker], count 0
[rosout][INFO] 2026-08-30 03:57:10,738: YOLO model loaded successfully!
[rosout][INFO] 2026-08-30 03:57:10,755: YOLO Detector initialized in production mode
[rosout][INFO] 2026-08-30 03:57:10,757: Vehicle classes: [2, 3, 5, 6, 7]
[rospy.internal][INFO] 2026-08-30 03:57:10,820: topic[/rosout] adding connection to [/rosout], count 0
[rospy.internal][INFO] 2026-08-30 03:57:10,826: topic[/detected_objects] adding connection to [/target_tracking_controller], count 0
[rospy.core][INFO] 2026-08-30 04:00:03,737: signal_shutdown [signal-2]
[rospy.internal][INFO] 2026-08-30 04:00:03,846: topic[/mission_status] removing connection to http://localhost:46269/
[rospy.internal][INFO] 2026-08-30 04:00:03,849: topic[/rosout] removing connection to /rosout
[rospy.internal][INFO] 2026-08-30 04:00:03,849: topic[/yolo_detector/node_health] removing connection to /health_checker
[rospy.internal][INFO] 2026-08-30 04:00:03,850: topic[/detected_objects] removing connection to /target_tracking_controller
[rospy.impl.masterslave][INFO] 2026-08-30 04:00:03,850: signal-2
[rospy.core][INFO] 2026-08-30 04:00:04,418: signal_shutdown [atexit]
