[rospy.client][INFO] 2026-08-30 09:42:48,464: init_node, name[/health_checker], pid[98]
[xmlrpc][INFO] 2026-08-30 09:42:48,469: XML-RPC server binding to 127.0.0.1:0
[xmlrpc][INFO] 2026-08-30 09:42:48,470: Started XML-RPC server [http://localhost:33279/]
[rospy.impl.masterslave][INFO] 2026-08-30 09:42:48,471: _ready: http://localhost:33279/
[rospy.init][INFO] 2026-08-30 09:42:48,471: ROS Slave URI: [http://localhost:33279/]
[rospy.registration][INFO] 2026-08-30 09:42:48,473: Registering with master node http://localhost:11311
[xmlrpc][INFO] 2026-08-30 09:42:48,474: xml rpc node: starting XML-RPC server
[rospy.init][INFO] 2026-08-30 09:42:48,575: registered with master
[rospy.rosout][INFO] 2026-08-30 09:42:48,576: initializing /rosout core topic
[rospy.rosout][INFO] 2026-08-30 09:42:48,597: connected to core topic /rosout
[rospy.simtime][INFO] 2026-08-30 09:42:48,599: /use_sim_time is not set, will not subscribe to simulated time [/clock] topic
[rospy.internal][INFO] 2026-08-30 09:42:48,623: topic[/vehicle_state_monitor/node_health] adding connection to [http://localhost:40413/], count 0
[rospy.internal][INFO] 2026-08-30 09:42:48,637: topic[/mission_manager/node_health] adding connection to [http://localhost:35517/], count 0
[rospy.internal][INFO] 2026-08-30 09:42:48,645: topic[/safety_monitor/node_health] adding connection to [http://localhost:33533/], count 0
[rosout][INFO] 2026-08-30 09:42:48,646: Health Checker initialized
[rospy.internal][INFO] 2026-08-30 09:42:48,651: topic[/command_interpreter/node_health] adding connection to [http://localhost:38983/], count 0
[rospy.internal][INFO] 2026-08-30 09:42:48,877: topic[/rosout] adding connection to [/rosout], count 0
[rospy.internal][INFO] 2026-08-30 09:42:48,976: topic[/target_tracking_controller/node_health] adding connection to [http://localhost:40415/], count 0
[rospy.internal][INFO] 2026-08-30 09:42:51,517: topic[/yolo_detector/node_health] adding connection to [http://localhost:36469/], count 0
[rosout][WARNING] 2026-08-30 09:42:53,652: Unhealthy nodes: 1
[rosout][WARNING] 2026-08-30 09:42:53,658:   target_tracking_controller: No health report
[rospy.core][INFO] 2026-08-30 09:51:50,686: signal_shutdown [signal-2]
[rospy.internal][INFO] 2026-08-30 09:51:50,740: topic[/rosout] removing connection to /rosout
[rospy.internal][INFO] 2026-08-30 09:51:50,743: topic[/yolo_detector/node_health] removing connection to http://localhost:36469/
[rospy.internal][INFO] 2026-08-30 09:51:50,743: topic[/target_tracking_controller/node_health] removing connection to http://localhost:40415/
[rospy.internal][INFO] 2026-08-30 09:51:50,744: topic[/vehicle_state_monitor/node_health] removing connection to http://localhost:40413/
[rospy.internal][INFO] 2026-08-30 09:51:50,744: topic[/mission_manager/node_health] removing connection to http://localhost:35517/
[rospy.internal][INFO] 2026-08-30 09:51:50,744: topic[/safety_monitor/node_health] removing connection to http://localhost:33533/
[rospy.internal][INFO] 2026-08-30 09:51:50,750: topic[/command_interpreter/node_health] removing connection to http://localhost:38983/
[rospy.impl.masterslave][INFO] 2026-08-30 09:51:50,751: signal-2
[rospy.core][INFO] 2026-08-30 09:51:51,329: signal_shutdown [atexit]
