[roslaunch][INFO] 2026-08-30 09:42:42,026: Checking log directory for disk usage. This may take a while.
Press Ctrl-C to interrupt
[roslaunch][INFO] 2026-08-30 09:42:42,075: Done checking log file disk usage. Usage is <1GB.
[roslaunch][INFO] 2026-08-30 09:42:42,076: roslaunch starting with args ['/opt/ros/noetic/bin/roslaunch', 'drone_control', 'kamikaze.launch', 'mode:=production']
[roslaunch][INFO] 2026-08-30 09:42:42,076: roslaunch env is environ({'ROS_VERSION': '1', 'PYTHONUNBUFFERED': '1', 'PKG_CONFIG_PATH': '/root/catkin_ws/devel/lib/pkgconfig:/opt/ros/noetic/lib/pkgconfig', 'ROS_PYTHON_VERSION': '3', 'HOSTNAME': 'kamikaze', 'ROS_PACKAGE_PATH': '/root/catkin_ws/src:/opt/ros/noetic/share', 'ROSLISP_PACKAGE_DIRECTORIES': '/root/catkin_ws/devel/share/common-lisp', 'PWD': '/root/catkin_ws', 'ENABLE_SIMULATION': 'false', 'ROS_IP': '127.0.0.1', 'HOME': '/root', 'LANG': 'C.UTF-8', 'ROS_ETC_DIR': '/opt/ros/noetic/etc/ros', 'CMAKE_PREFIX_PATH': '/root/catkin_ws/devel:/opt/ros/noetic', 'PYTHONPATH': '/root/catkin_ws/devel/lib/python3/dist-packages:/root/catkin_ws/devel/lib/python3/dist-packages:/opt/ros/noetic/lib/python3/dist-packages', 'DISPLAY': ':0', 'SHLVL': '0', 'ROS_MASTER_URI': 'http://localhost:11311', 'ROS_HOSTNAME': 'localhost', 'LD_LIBRARY_PATH': '/root/catkin_ws/devel/lib:/opt/ros/noetic/lib', 'ENABLE_PERFORMANCE_MONITORING': 'true', 'LC_ALL': 'C.UTF-8', 'PATH': '/opt/ros/noetic/bin:/usr/local/sbin:/usr/local/bin:/usr/sbin:/usr/bin:/sbin:/bin', 'DEBIAN_FRONTEND': 'noninteractive', 'ROS_ROOT': '/opt/ros/noetic/share/ros', 'ROS_DISTRO': 'noetic', 'QT_X11_NO_MITSHM': '1', 'ENABLE_GUI': 'false', 'ROS_LOG_FILENAME': '/root/.ros/log/254a572c-a457-11f1-b571-1a78306416a9/roslaunch-kamikaze-1.log'})
[roslaunch][INFO] 2026-08-30 09:42:42,076: starting in server mode
[roslaunch.parent][INFO] 2026-08-30 09:42:42,077: starting roslaunch parent run
[roslaunch][INFO] 2026-08-30 09:42:42,077: loading roscore config file /opt/ros/noetic/etc/ros/roscore.xml
[roslaunch][INFO] 2026-08-30 09:42:42,554: Added core node of type [rosout/rosout] in namespace [/]
[roslaunch.config][INFO] 2026-08-30 09:42:42,555: loading config file /root/catkin_ws/src/drone_control/launch/kamikaze.launch
[roslaunch][INFO] 2026-08-30 09:42:42,637: Added node of type [drone_control/parameter_validator.py] in namespace [/]
[roslaunch][INFO] 2026-08-30 09:42:42,638: Added node of type [drone_control/command_interpreter.py] in namespace [/]
[roslaunch][INFO] 2026-08-30 09:42:42,639: Added node of type [drone_control/mission_manager.py] in namespace [/]
[roslaunch][INFO] 2026-08-30 09:42:42,640: Added node of type [drone_control/camera_calibration.py] in namespace [/]
[roslaunch][INFO] 2026-08-30 09:42:42,640: Added node of type [drone_control/yolo_detector.py] in namespace [/]
[roslaunch][INFO] 2026-08-30 09:42:42,647: Added node of type [drone_control/sensor_fusion.py] in namespace [/]
[roslaunch][INFO] 2026-08-30 09:42:42,649: Added node of type [drone_control/target_tracking_controller.py] in namespace [/]
[roslaunch][INFO] 2026-08-30 09:42:42,678: Added node of type [drone_control/vehicle_state_monitor.py] in namespace [/]
[roslaunch][INFO] 2026-08-30 09:42:42,683: Added node of type [drone_control/safety_monitor.py] in namespace [/]
[roslaunch][INFO] 2026-08-30 09:42:42,684: Added node of type [drone_control/system_health_monitor.py] in namespace [/]
[roslaunch][INFO] 2026-08-30 09:42:42,685: Added node of type [drone_control/health_checker.py] in namespace [/]
[roslaunch][INFO] 2026-08-30 09:42:42,686: ... selected machine [] for node of type [drone_control/parameter_validator.py]
[roslaunch][INFO] 2026-08-30 09:42:42,686: ... selected machine [] for node of type [drone_control/command_interpreter.py]
[roslaunch][INFO] 2026-08-30 09:42:42,686: ... selected machine [] for node of type [drone_control/mission_manager.py]
[roslaunch][INFO] 2026-08-30 09:42:42,686: ... selected machine [] for node of type [drone_control/camera_calibration.py]
[roslaunch][INFO] 2026-08-30 09:42:42,686: ... selected machine [] for node of type [drone_control/yolo_detector.py]
[roslaunch][INFO] 2026-08-30 09:42:42,686: ... selected machine [] for node of type [drone_control/sensor_fusion.py]
[roslaunch][INFO] 2026-08-30 09:42:42,687: ... selected machine [] for node of type [drone_control/target_tracking_controller.py]
[roslaunch][INFO] 2026-08-30 09:42:42,687: ... selected machine [] for node of type [drone_control/vehicle_state_monitor.py]
[roslaunch][INFO] 2026-08-30 09:42:42,687: ... selected machine [] for node of type [drone_control/safety_monitor.py]
[roslaunch][INFO] 2026-08-30 09:42:42,687: ... selected machine [] for node of type [drone_control/system_health_monitor.py]
[roslaunch][INFO] 2026-08-30 09:42:42,687: ... selected machine [] for node of type [drone_control/health_checker.py]
[roslaunch.pmon][INFO] 2026-08-30 09:42:42,698: start_process_monitor: creating ProcessMonitor
[roslaunch.pmon][INFO] 2026-08-30 09:42:42,699: created process monitor <ProcessMonitor(ProcessMonitor-1, initial daemon)>
[roslaunch.pmon][INFO] 2026-08-30 09:42:42,702: start_process_monitor: ProcessMonitor started
[roslaunch.parent][INFO] 2026-08-30 09:42:42,702: starting parent XML-RPC server
[roslaunch.server][INFO] 2026-08-30 09:42:42,702: starting roslaunch XML-RPC server
[roslaunch.server][INFO] 2026-08-30 09:42:42,702: waiting for roslaunch XML-RPC server to initialize
[xmlrpc][INFO] 2026-08-30 09:42:42,703: XML-RPC server binding to 127.0.0.1:0
[xmlrpc][INFO] 2026-08-30 09:42:42,704: Started XML-RPC server [http://localhost:41321/]
[xmlrpc][INFO] 2026-08-30 09:42:42,704: xml rpc node: starting XML-RPC server
[roslaunch][INFO] 2026-08-30 09:42:42,723: started roslaunch server http://localhost:41321/
[roslaunch.parent][INFO] 2026-08-30 09:42:42,723: ... parent XML-RPC server started
[roslaunch][INFO] 2026-08-30 09:42:42,726: master.is_running[http://localhost:11311]
[roslaunch][INFO] 2026-08-30 09:42:42,731: auto-starting new master
[roslaunch][INFO] 2026-08-30 09:42:42,732: create_master_process: rosmaster, /opt/ros/noetic/share/ros, 11311, 3, None, False
[roslaunch][INFO] 2026-08-30 09:42:42,732: process[master]: launching with args [['rosmaster', '--core', '-p', '11311', '-w', '3']]
[roslaunch.pmon][INFO] 2026-08-30 09:42:42,733: ProcessMonitor.register[master]
[roslaunch.pmon][INFO] 2026-08-30 09:42:42,733: ProcessMonitor.register[master] complete
[roslaunch][INFO] 2026-08-30 09:42:42,733: process[master]: starting os process
[roslaunch][INFO] 2026-08-30 09:42:42,734: process[master]: start w/ args [['rosmaster', '--core', '-p', '11311', '-w', '3', '__log:=/root/.ros/log/254a572c-a457-11f1-b571-1a78306416a9/master.log']]
[roslaunch][INFO] 2026-08-30 09:42:42,734: process[master]: cwd will be [/root/.ros]
[roslaunch][INFO] 2026-08-30 09:42:42,744: process[master]: started with pid [59]
[roslaunch][INFO] 2026-08-30 09:42:42,745: master.is_running[http://localhost:11311]
[roslaunch][INFO] 2026-08-30 09:42:42,849: master.is_running[http://localhost:11311]
[roslaunch][INFO] 2026-08-30 09:42:42,955: master.is_running[http://localhost:11311]
[roslaunch][INFO] 2026-08-30 09:42:43,069: master.is_running[http://localhost:11311]
[roslaunch][INFO] 2026-08-30 09:42:43,176: master.is_running[http://localhost:11311]
[roslaunch][INFO] 2026-08-30 09:42:43,280: master.is_running[http://localhost:11311]
[roslaunch][INFO] 2026-08-30 09:42:43,383: master.is_running[http://localhost:11311]
[roslaunch][INFO] 2026-08-30 09:42:43,488: master.is_running[http://localhost:11311]
[roslaunch][INFO] 2026-08-30 09:42:43,624: master.is_running[http://localhost:11311]
[roslaunch][INFO] 2026-08-30 09:42:43,738: master.is_running[http://localhost:11311]
[roslaunch][INFO] 2026-08-30 09:42:43,846: master.is_running[http://localhost:11311]
[roslaunch][INFO] 2026-08-30 09:42:43,950: master.is_running[http://localhost:11311]
[roslaunch][INFO] 2026-08-30 09:42:43,961: master.is_running[http://localhost:11311]
[roslaunch][INFO] 2026-08-30 09:42:43,964: ROS_MASTER_URI=http://localhost:11311
[roslaunch][INFO] 2026-08-30 09:42:43,966: setting /run_id to 254a572c-a457-11f1-b571-1a78306416a9
[roslaunch][INFO] 2026-08-30 09:42:43,968: setting /roslaunch/uris/host_localhost__41321' to http://localhost:41321/
[roslaunch][INFO] 2026-08-30 09:42:43,973: ... preparing to launch node of type [rosout/rosout]
[roslaunch][INFO] 2026-08-30 09:42:43,974: create_node_process: package[rosout] type[rosout] machine[Machine(name[] env_loader[None] address[localhost] ssh_port[22] user[None] assignable[True] timeout[10.0])] master_uri[http://localhost:11311]
[roslaunch][INFO] 2026-08-30 09:42:43,974: process[rosout-1]: env[{'ROS_VERSION': '1', 'PYTHONUNBUFFERED': '1', 'PKG_CONFIG_PATH': '/root/catkin_ws/devel/lib/pkgconfig:/opt/ros/noetic/lib/pkgconfig', 'ROS_PYTHON_VERSION': '3', 'HOSTNAME': 'kamikaze', 'ROS_PACKAGE_PATH': '/root/catkin_ws/src:/opt/ros/noetic/share', 'ROSLISP_PACKAGE_DIRECTORIES': '/root/catkin_ws/devel/share/common-lisp', 'PWD': '/root/catkin_ws', 'ENABLE_SIMULATION': 'false', 'ROS_IP': '127.0.0.1', 'HOME': '/root', 'LANG': 'C.UTF-8', 'ROS_ETC_DIR': '/opt/ros/noetic/etc/ros', 'CMAKE_PREFIX_PATH': '/root/catkin_ws/devel:/opt/ros/noetic', 'PYTHONPATH': '/root/catkin_ws/devel/lib/python3/dist-packages:/root/catkin_ws/devel/lib/python3/dist-packages:/opt/ros/noetic/lib/python3/dist-packages', 'DISPLAY': ':0', 'SHLVL': '0', 'ROS_MASTER_URI': 'http://localhost:11311', 'ROS_HOSTNAME': 'localhost', 'LD_LIBRARY_PATH': '/root/catkin_ws/devel/lib:/opt/ros/noetic/lib', 'ENABLE_PERFORMANCE_MONITORING': 'true', 'LC_ALL': 'C.UTF-8', 'PATH': '/opt/ros/noetic/bin:/usr/local/sbin:/usr/local/bin:/usr/sbin:/usr/bin:/sbin:/bin', 'DEBIAN_FRONTEND': 'noninteractive', 'ROS_ROOT': '/opt/ros/noetic/share/ros', 'ROS_DISTRO': 'noetic', 'QT_X11_NO_MITSHM': '1', 'ENABLE_GUI': 'false', 'ROS_LOG_FILENAME': '/root/.ros/log/254a572c-a457-11f1-b571-1a78306416a9/roslaunch-kamikaze-1.log'}]
[roslaunch][INFO] 2026-08-30 09:42:43,998: process[rosout-1]: args[['/opt/ros/noetic/lib/rosout/rosout', '__name:=rosout']]
[roslaunch][INFO] 2026-08-30 09:42:43,999: ... created process [rosout-1]
[roslaunch.pmon][INFO] 2026-08-30 09:42:43,999: ProcessMonitor.register[rosout-1]
[roslaunch.pmon][INFO] 2026-08-30 09:42:43,999: ProcessMonitor.register[rosout-1] complete
[roslaunch][INFO] 2026-08-30 09:42:43,999: ... registered process [rosout-1]
[roslaunch][INFO] 2026-08-30 09:42:43,999: process[rosout-1]: starting os process
[roslaunch][INFO] 2026-08-30 09:42:44,000: process[rosout-1]: start w/ args [['/opt/ros/noetic/lib/rosout/rosout', '__name:=rosout', '__log:=/root/.ros/log/254a572c-a457-11f1-b571-1a78306416a9/rosout-1.log']]
[roslaunch][INFO] 2026-08-30 09:42:44,000: process[rosout-1]: cwd will be [/root/.ros]
[roslaunch][INFO] 2026-08-30 09:42:44,006: process[rosout-1]: started with pid [76]
[roslaunch][INFO] 2026-08-30 09:42:44,008: ... successfully launched [rosout-1]
[roslaunch][INFO] 2026-08-30 09:42:44,009: load_parameters starting ...
[roslaunch][INFO] 2026-08-30 09:42:44,141: ... load_parameters complete
[roslaunch][INFO] 2026-08-30 09:42:44,142: launch_nodes: launching local nodes ...
[roslaunch][INFO] 2026-08-30 09:42:44,144: ... preparing to launch node of type [drone_control/parameter_validator.py]
[roslaunch][INFO] 2026-08-30 09:42:44,144: create_node_process: package[drone_control] type[parameter_validator.py] machine[Machine(name[] env_loader[None] address[localhost] ssh_port[22] user[None] assignable[True] timeout[10.0])] master_uri[http://localhost:11311]
[roslaunch][INFO] 2026-08-30 09:42:44,145: process[parameter_validator-2]: env[{'ROS_VERSION': '1', 'PYTHONUNBUFFERED': '1', 'PKG_CONFIG_PATH': '/root/catkin_ws/devel/lib/pkgconfig:/opt/ros/noetic/lib/pkgconfig', 'ROS_PYTHON_VERSION': '3', 'HOSTNAME': 'kamikaze', 'ROS_PACKAGE_PATH': '/root/catkin_ws/src:/opt/ros/noetic/share', 'ROSLISP_PACKAGE_DIRECTORIES': '/root/catkin_ws/devel/share/common-lisp', 'PWD': '/root/catkin_ws', 'ENABLE_SIMULATION': 'false', 'ROS_IP': '127.0.0.1', 'HOME': '/root', 'LANG': 'C.UTF-8', 'ROS_ETC_DIR': '/opt/ros/noetic/etc/ros', 'CMAKE_PREFIX_PATH': '/root/catkin_ws/devel:/opt/ros/noetic', 'PYTHONPATH': '/root/catkin_ws/devel/lib/python3/dist-packages:/root/catkin_ws/devel/lib/python3/dist-packages:/opt/ros/noetic/lib/python3/dist-packages', 'DISPLAY': ':0', 'SHLVL': '0', 'ROS_MASTER_URI': 'http://localhost:11311', 'ROS_HOSTNAME': 'localhost', 'LD_LIBRARY_PATH': '/root/catkin_ws/devel/lib:/opt/ros/noetic/lib', 'ENABLE_PERFORMANCE_MONITORING': 'true', 'LC_ALL': 'C.UTF-8', 'PATH': '/opt/ros/noetic/bin:/usr/local/sbin:/usr/local/bin:/usr/sbin:/usr/bin:/sbin:/bin', 'DEBIAN_FRONTEND': 'noninteractive', 'ROS_ROOT': '/opt/ros/noetic/share/ros', 'ROS_DISTRO': 'noetic', 'QT_X11_NO_MITSHM': '1', 'ENABLE_GUI': 'false', 'ROS_LOG_FILENAME': '/root/.ros/log/254a572c-a457-11f1-b571-1a78306416a9/roslaunch-kamikaze-1.log'}]
[roslaunch][INFO] 2026-08-30 09:42:44,148: process[parameter_validator-2]: args[['/root/catkin_ws/devel/lib/drone_control/parameter_validator.py', '__name:=parameter_validator']]
[roslaunch][INFO] 2026-08-30 09:42:44,149: ... created process [parameter_validator-2]
[roslaunch.pmon][INFO] 2026-08-30 09:42:44,149: ProcessMonitor.register[parameter_validator-2]
[roslaunch.pmon][INFO] 2026-08-30 09:42:44,149: ProcessMonitor.register[parameter_validator-2] complete
[roslaunch][INFO] 2026-08-30 09:42:44,149: ... registered process [parameter_validator-2]
[roslaunch][INFO] 2026-08-30 09:42:44,149: process[parameter_validator-2]: starting os process
[roslaunch][INFO] 2026-08-30 09:42:44,150: process[parameter_validator-2]: start w/ args [['/root/catkin_ws/devel/lib/drone_control/parameter_validator.py', '__name:=parameter_validator', '__log:=/root/.ros/log/254a572c-a457-11f1-b571-1a78306416a9/parameter_validator-2.log']]
[roslaunch][INFO] 2026-08-30 09:42:44,150: process[parameter_validator-2]: cwd will be [/root/.ros]
[roslaunch][INFO] 2026-08-30 09:42:44,158: process[parameter_validator-2]: started with pid [86]
[roslaunch][INFO] 2026-08-30 09:42:44,159: ... successfully launched [parameter_validator-2]
[roslaunch][INFO] 2026-08-30 09:42:44,159: ... preparing to launch node of type [drone_control/command_interpreter.py]
[roslaunch][INFO] 2026-08-30 09:42:44,159: create_node_process: package[drone_control] type[command_interpreter.py] machine[Machine(name[] env_loader[None] address[localhost] ssh_port[22] user[None] assignable[True] timeout[10.0])] master_uri[http://localhost:11311]
[roslaunch][INFO] 2026-08-30 09:42:44,160: process[command_interpreter-3]: env[{'ROS_VERSION': '1', 'PYTHONUNBUFFERED': '1', 'PKG_CONFIG_PATH': '/root/catkin_ws/devel/lib/pkgconfig:/opt/ros/noetic/lib/pkgconfig', 'ROS_PYTHON_VERSION': '3', 'HOSTNAME': 'kamikaze', 'ROS_PACKAGE_PATH': '/root/catkin_ws/src:/opt/ros/noetic/share', 'ROSLISP_PACKAGE_DIRECTORIES': '/root/catkin_ws/devel/share/common-lisp', 'PWD': '/root/catkin_ws', 'ENABLE_SIMULATION': 'false', 'ROS_IP': '127.0.0.1', 'HOME': '/root', 'LANG': 'C.UTF-8', 'ROS_ETC_DIR': '/opt/ros/noetic/etc/ros', 'CMAKE_PREFIX_PATH': '/root/catkin_ws/devel:/opt/ros/noetic', 'PYTHONPATH': '/root/catkin_ws/devel/lib/python3/dist-packages:/root/catkin_ws/devel/lib/python3/dist-packages:/opt/ros/noetic/lib/python3/dist-packages', 'DISPLAY': ':0', 'SHLVL': '0', 'ROS_MASTER_URI': 'http://localhost:11311', 'ROS_HOSTNAME': 'localhost', 'LD_LIBRARY_PATH': '/root/catkin_ws/devel/lib:/opt/ros/noetic/lib', 'ENABLE_PERFORMANCE_MONITORING': 'true', 'LC_ALL': 'C.UTF-8', 'PATH': '/opt/ros/noetic/bin:/usr/local/sbin:/usr/local/bin:/usr/sbin:/usr/bin:/sbin:/bin', 'DEBIAN_FRONTEND': 'noninteractive', 'ROS_ROOT': '/opt/ros/noetic/share/ros', 'ROS_DISTRO': 'noetic', 'QT_X11_NO_MITSHM': '1', 'ENABLE_GUI': 'false', 'ROS_LOG_FILENAME': '/root/.ros/log/254a572c-a457-11f1-b571-1a78306416a9/roslaunch-kamikaze-1.log'}]
[roslaunch][INFO] 2026-08-30 09:42:44,163: process[command_interpreter-3]: args[['/root/catkin_ws/devel/lib/drone_control/command_interpreter.py', '__name:=command_interpreter']]
[roslaunch][INFO] 2026-08-30 09:42:44,163: ... created process [command_interpreter-3]
[roslaunch.pmon][INFO] 2026-08-30 09:42:44,164: ProcessMonitor.register[command_interpreter-3]
[roslaunch.pmon][INFO] 2026-08-30 09:42:44,164: ProcessMonitor.register[command_interpreter-3] complete
[roslaunch][INFO] 2026-08-30 09:42:44,164: ... registered process [command_interpreter-3]
[roslaunch][INFO] 2026-08-30 09:42:44,164: process[command_interpreter-3]: starting os process
[roslaunch][INFO] 2026-08-30 09:42:44,165: process[command_interpreter-3]: start w/ args [['/root/catkin_ws/devel/lib/drone_control/command_interpreter.py', '__name:=command_interpreter', '__log:=/root/.ros/log/254a572c-a457-11f1-b571-1a78306416a9/command_interpreter-3.log']]
[roslaunch][INFO] 2026-08-30 09:42:44,165: process[command_interpreter-3]: cwd will be [/root/.ros]
[roslaunch][INFO] 2026-08-30 09:42:44,176: process[command_interpreter-3]: started with pid [89]
[roslaunch][INFO] 2026-08-30 09:42:44,177: ... successfully launched [command_interpreter-3]
[roslaunch][INFO] 2026-08-30 09:42:44,178: ... preparing to launch node of type [drone_control/mission_manager.py]
[roslaunch][INFO] 2026-08-30 09:42:44,179: create_node_process: package[drone_control] type[mission_manager.py] machine[Machine(name[] env_loader[None] address[localhost] ssh_port[22] user[None] assignable[True] timeout[10.0])] master_uri[http://localhost:11311]
[roslaunch][INFO] 2026-08-30 09:42:44,179: process[mission_manager-4]: env[{'ROS_VERSION': '1', 'PYTHONUNBUFFERED': '1', 'PKG_CONFIG_PATH': '/root/catkin_ws/devel/lib/pkgconfig:/opt/ros/noetic/lib/pkgconfig', 'ROS_PYTHON_VERSION': '3', 'HOSTNAME': 'kamikaze', 'ROS_PACKAGE_PATH': '/root/catkin_ws/src:/opt/ros/noetic/share', 'ROSLISP_PACKAGE_DIRECTORIES': '/root/catkin_ws/devel/share/common-lisp', 'PWD': '/root/catkin_ws', 'ENABLE_SIMULATION': 'false', 'ROS_IP': '127.0.0.1', 'HOME': '/root', 'LANG': 'C.UTF-8', 'ROS_ETC_DIR': '/opt/ros/noetic/etc/ros', 'CMAKE_PREFIX_PATH': '/root/catkin_ws/devel:/opt/ros/noetic', 'PYTHONPATH': '/root/catkin_ws/devel/lib/python3/dist-packages:/root/catkin_ws/devel/lib/python3/dist-packages:/opt/ros/noetic/lib/python3/dist-packages', 'DISPLAY': ':0', 'SHLVL': '0', 'ROS_MASTER_URI': 'http://localhost:11311', 'ROS_HOSTNAME': 'localhost', 'LD_LIBRARY_PATH': '/root/catkin_ws/devel/lib:/opt/ros/noetic/lib', 'ENABLE_PERFORMANCE_MONITORING': 'true', 'LC_ALL': 'C.UTF-8', 'PATH': '/opt/ros/noetic/bin:/usr/local/sbin:/usr/local/bin:/usr/sbin:/usr/bin:/sbin:/bin', 'DEBIAN_FRONTEND': 'noninteractive', 'ROS_ROOT': '/opt/ros/noetic/share/ros', 'ROS_DISTRO': 'noetic', 'QT_X11_NO_MITSHM': '1', 'ENABLE_GUI': 'false', 'ROS_LOG_FILENAME': '/root/.ros/log/254a572c-a457-11f1-b571-1a78306416a9/roslaunch-kamikaze-1.log'}]
[roslaunch][INFO] 2026-08-30 09:42:44,182: process[mission_manager-4]: args[['/root/catkin_ws/devel/lib/drone_control/mission_manager.py', '__name:=mission_manager']]
[roslaunch][INFO] 2026-08-30 09:42:44,183: ... created process [mission_manager-4]
[roslaunch.pmon][INFO] 2026-08-30 09:42:44,183: ProcessMonitor.register[mission_manager-4]
[roslaunch.pmon][INFO] 2026-08-30 09:42:44,183: ProcessMonitor.register[mission_manager-4] complete
[roslaunch][INFO] 2026-08-30 09:42:44,183: ... registered process [mission_manager-4]
[roslaunch][INFO] 2026-08-30 09:42:44,183: process[mission_manager-4]: starting os process
[roslaunch][INFO] 2026-08-30 09:42:44,183: process[mission_manager-4]: start w/ args [['/root/catkin_ws/devel/lib/drone_control/mission_manager.py', '__name:=mission_manager', '__log:=/root/.ros/log/254a572c-a457-11f1-b571-1a78306416a9/mission_manager-4.log']]
[roslaunch][INFO] 2026-08-30 09:42:44,184: process[mission_manager-4]: cwd will be [/root/.ros]
[roslaunch][INFO] 2026-08-30 09:42:44,193: process[mission_manager-4]: started with pid [90]
[roslaunch][INFO] 2026-08-30 09:42:44,194: ... successfully launched [mission_manager-4]
[roslaunch][INFO] 2026-08-30 09:42:44,194: ... preparing to launch node of type [drone_control/camera_calibration.py]
[roslaunch][INFO] 2026-08-30 09:42:44,194: create_node_process: package[drone_control] type[camera_calibration.py] machine[Machine(name[] env_loader[None] address[localhost] ssh_port[22] user[None] assignable[True] timeout[10.0])] master_uri[http://localhost:11311]
[roslaunch][INFO] 2026-08-30 09:42:44,195: process[camera_calibration-5]: env[{'ROS_VERSION': '1', 'PYTHONUNBUFFERED': '1', 'PKG_CONFIG_PATH': '/root/catkin_ws/devel/lib/pkgconfig:/opt/ros/noetic/lib/pkgconfig', 'ROS_PYTHON_VERSION': '3', 'HOSTNAME': 'kamikaze', 'ROS_PACKAGE_PATH': '/root/catkin_ws/src:/opt/ros/noetic/share', 'ROSLISP_PACKAGE_DIRECTORIES': '/root/catkin_ws/devel/share/common-lisp', 'PWD': '/root/catkin_ws', 'ENABLE_SIMULATION': 'false', 'ROS_IP': '127.0.0.1', 'HOME': '/root', 'LANG': 'C.UTF-8', 'ROS_ETC_DIR': '/opt/ros/noetic/etc/ros', 'CMAKE_PREFIX_PATH': '/root/catkin_ws/devel:/opt/ros/noetic', 'PYTHONPATH': '/root/catkin_ws/devel/lib/python3/dist-packages:/root/catkin_ws/devel/lib/python3/dist-packages:/opt/ros/noetic/lib/python3/dist-packages', 'DISPLAY': ':0', 'SHLVL': '0', 'ROS_MASTER_URI': 'http://localhost:11311', 'ROS_HOSTNAME': 'localhost', 'LD_LIBRARY_PATH': '/root/catkin_ws/devel/lib:/opt/ros/noetic/lib', 'ENABLE_PERFORMANCE_MONITORING': 'true', 'LC_ALL': 'C.UTF-8', 'PATH': '/opt/ros/noetic/bin:/usr/local/sbin:/usr/local/bin:/usr/sbin:/usr/bin:/sbin:/bin', 'DEBIAN_FRONTEND': 'noninteractive', 'ROS_ROOT': '/opt/ros/noetic/share/ros', 'ROS_DISTRO': 'noetic', 'QT_X11_NO_MITSHM': '1', 'ENABLE_GUI': 'false', 'ROS_LOG_FILENAME': '/root/.ros/log/254a572c-a457-11f1-b571-1a78306416a9/roslaunch-kamikaze-1.log'}]
[roslaunch][INFO] 2026-08-30 09:42:44,198: process[camera_calibration-5]: args[['/root/catkin_ws/devel/lib/drone_control/camera_calibration.py', '__name:=camera_calibration']]
[roslaunch][INFO] 2026-08-30 09:42:44,199: ... created process [camera_calibration-5]
[roslaunch.pmon][INFO] 2026-08-30 09:42:44,199: ProcessMonitor.register[camera_calibration-5]
[roslaunch.pmon][INFO] 2026-08-30 09:42:44,199: ProcessMonitor.register[camera_calibration-5] complete
[roslaunch][INFO] 2026-08-30 09:42:44,200: ... registered process [camera_calibration-5]
[roslaunch][INFO] 2026-08-30 09:42:44,200: process[camera_calibration-5]: starting os process
[roslaunch][INFO] 2026-08-30 09:42:44,200: process[camera_calibration-5]: start w/ args [['/root/catkin_ws/devel/lib/drone_control/camera_calibration.py', '__name:=camera_calibration', '__log:=/root/.ros/log/254a572c-a457-11f1-b571-1a78306416a9/camera_calibration-5.log']]
[roslaunch][INFO] 2026-08-30 09:42:44,201: process[camera_calibration-5]: cwd will be [/root/.ros]
[roslaunch][INFO] 2026-08-30 09:42:44,210: process[camera_calibration-5]: started with pid [91]
[roslaunch][INFO] 2026-08-30 09:42:44,211: ... successfully launched [camera_calibration-5]
[roslaunch][INFO] 2026-08-30 09:42:44,211: ... preparing to launch node of type [drone_control/yolo_detector.py]
[roslaunch][INFO] 2026-08-30 09:42:44,212: create_node_process: package[drone_control] type[yolo_detector.py] machine[Machine(name[] env_loader[None] address[localhost] ssh_port[22] user[None] assignable[True] timeout[10.0])] master_uri[http://localhost:11311]
[roslaunch][INFO] 2026-08-30 09:42:44,212: process[yolo_detector-6]: env[{'ROS_VERSION': '1', 'PYTHONUNBUFFERED': '1', 'PKG_CONFIG_PATH': '/root/catkin_ws/devel/lib/pkgconfig:/opt/ros/noetic/lib/pkgconfig', 'ROS_PYTHON_VERSION': '3', 'HOSTNAME': 'kamikaze', 'ROS_PACKAGE_PATH': '/root/catkin_ws/src:/opt/ros/noetic/share', 'ROSLISP_PACKAGE_DIRECTORIES': '/root/catkin_ws/devel/share/common-lisp', 'PWD': '/root/catkin_ws', 'ENABLE_SIMULATION': 'false', 'ROS_IP': '127.0.0.1', 'HOME': '/root', 'LANG': 'C.UTF-8', 'ROS_ETC_DIR': '/opt/ros/noetic/etc/ros', 'CMAKE_PREFIX_PATH': '/root/catkin_ws/devel:/opt/ros/noetic', 'PYTHONPATH': '/root/catkin_ws/devel/lib/python3/dist-packages:/root/catkin_ws/devel/lib/python3/dist-packages:/opt/ros/noetic/lib/python3/dist-packages', 'DISPLAY': ':0', 'SHLVL': '0', 'ROS_MASTER_URI': 'http://localhost:11311', 'ROS_HOSTNAME': 'localhost', 'LD_LIBRARY_PATH': '/root/catkin_ws/devel/lib:/opt/ros/noetic/lib', 'ENABLE_PERFORMANCE_MONITORING': 'true', 'LC_ALL': 'C.UTF-8', 'PATH': '/opt/ros/noetic/bin:/usr/local/sbin:/usr/local/bin:/usr/sbin:/usr/bin:/sbin:/bin', 'DEBIAN_FRONTEND': 'noninteractive', 'ROS_ROOT': '/opt/ros/noetic/share/ros', 'ROS_DISTRO': 'noetic', 'QT_X11_NO_MITSHM': '1', 'ENABLE_GUI': 'false', 'ROS_LOG_FILENAME': '/root/.ros/log/254a572c-a457-11f1-b571-1a78306416a9/roslaunch-kamikaze-1.log'}]
[roslaunch][INFO] 2026-08-30 09:42:44,216: process[yolo_detector-6]: args[['/root/catkin_ws/devel/lib/drone_control/yolo_detector.py', '__name:=yolo_detector']]
[roslaunch][INFO] 2026-08-30 09:42:44,217: ... created process [yolo_detector-6]
[roslaunch.pmon][INFO] 2026-08-30 09:42:44,217: ProcessMonitor.register[yolo_detector-6]
[roslaunch.pmon][INFO] 2026-08-30 09:42:44,217: ProcessMonitor.register[yolo_detector-6] complete
[roslaunch][INFO] 2026-08-30 09:42:44,217: ... registered process [yolo_detector-6]
[roslaunch][INFO] 2026-08-30 09:42:44,218: process[yolo_detector-6]: starting os process
[roslaunch][INFO] 2026-08-30 09:42:44,218: process[yolo_detector-6]: start w/ args [['/root/catkin_ws/devel/lib/drone_control/yolo_detector.py', '__name:=yolo_detector', '__log:=/root/.ros/log/254a572c-a457-11f1-b571-1a78306416a9/yolo_detector-6.log']]
[roslaunch][INFO] 2026-08-30 09:42:44,218: process[yolo_detector-6]: cwd will be [/root/.ros]
[roslaunch][INFO] 2026-08-30 09:42:44,229: process[yolo_detector-6]: started with pid [92]
[roslaunch][INFO] 2026-08-30 09:42:44,230: ... successfully launched [yolo_detector-6]
[roslaunch][INFO] 2026-08-30 09:42:44,230: ... preparing to launch node of type [drone_control/sensor_fusion.py]
[roslaunch][INFO] 2026-08-30 09:42:44,231: create_node_process: package[drone_control] type[sensor_fusion.py] machine[Machine(name[] env_loader[None] address[localhost] ssh_port[22] user[None] assignable[True] timeout[10.0])] master_uri[http://localhost:11311]
[roslaunch][INFO] 2026-08-30 09:42:44,231: process[sensor_fusion-7]: env[{'ROS_VERSION': '1', 'PYTHONUNBUFFERED': '1', 'PKG_CONFIG_PATH': '/root/catkin_ws/devel/lib/pkgconfig:/opt/ros/noetic/lib/pkgconfig', 'ROS_PYTHON_VERSION': '3', 'HOSTNAME': 'kamikaze', 'ROS_PACKAGE_PATH': '/root/catkin_ws/src:/opt/ros/noetic/share', 'ROSLISP_PACKAGE_DIRECTORIES': '/root/catkin_ws/devel/share/common-lisp', 'PWD': '/root/catkin_ws', 'ENABLE_SIMULATION': 'false', 'ROS_IP': '127.0.0.1', 'HOME': '/root', 'LANG': 'C.UTF-8', 'ROS_ETC_DIR': '/opt/ros/noetic/etc/ros', 'CMAKE_PREFIX_PATH': '/root/catkin_ws/devel:/opt/ros/noetic', 'PYTHONPATH': '/root/catkin_ws/devel/lib/python3/dist-packages:/root/catkin_ws/devel/lib/python3/dist-packages:/opt/ros/noetic/lib/python3/dist-packages', 'DISPLAY': ':0', 'SHLVL': '0', 'ROS_MASTER_URI': 'http://localhost:11311', 'ROS_HOSTNAME': 'localhost', 'LD_LIBRARY_PATH': '/root/catkin_ws/devel/lib:/opt/ros/noetic/lib', 'ENABLE_PERFORMANCE_MONITORING': 'true', 'LC_ALL': 'C.UTF-8', 'PATH': '/opt/ros/noetic/bin:/usr/local/sbin:/usr/local/bin:/usr/sbin:/usr/bin:/sbin:/bin', 'DEBIAN_FRONTEND': 'noninteractive', 'ROS_ROOT': '/opt/ros/noetic/share/ros', 'ROS_DISTRO': 'noetic', 'QT_X11_NO_MITSHM': '1', 'ENABLE_GUI': 'false', 'ROS_LOG_FILENAME': '/root/.ros/log/254a572c-a457-11f1-b571-1a78306416a9/roslaunch-kamikaze-1.log'}]
[roslaunch][INFO] 2026-08-30 09:42:44,235: process[sensor_fusion-7]: args[['/root/catkin_ws/devel/lib/drone_control/sensor_fusion.py', '__name:=sensor_fusion']]
[roslaunch][INFO] 2026-08-30 09:42:44,235: ... created process [sensor_fusion-7]
[roslaunch.pmon][INFO] 2026-08-30 09:42:44,236: ProcessMonitor.register[sensor_fusion-7]
[roslaunch.pmon][INFO] 2026-08-30 09:42:44,236: ProcessMonitor.register[sensor_fusion-7] complete
[roslaunch][INFO] 2026-08-30 09:42:44,236: ... registered process [sensor_fusion-7]
[roslaunch][INFO] 2026-08-30 09:42:44,236: process[sensor_fusion-7]: starting os process
[roslaunch][INFO] 2026-08-30 09:42:44,236: process[sensor_fusion-7]: start w/ args [['/root/catkin_ws/devel/lib/drone_control/sensor_fusion.py', '__name:=sensor_fusion', '__log:=/root/.ros/log/254a572c-a457-11f1-b571-1a78306416a9/sensor_fusion-7.log']]
[roslaunch][INFO] 2026-08-30 09:42:44,236: process[sensor_fusion-7]: cwd will be [/root/.ros]
[roslaunch][INFO] 2026-08-30 09:42:44,255: process[sensor_fusion-7]: started with pid [93]
[roslaunch][INFO] 2026-08-30 09:42:44,256: ... successfully launched [sensor_fusion-7]
[roslaunch][INFO] 2026-08-30 09:42:44,256: ... preparing to launch node of type [drone_control/target_tracking_controller.py]
[roslaunch][INFO] 2026-08-30 09:42:44,257: create_node_process: package[drone_control] type[target_tracking_controller.py] machine[Machine(name[] env_loader[None] address[localhost] ssh_port[22] user[None] assignable[True] timeout[10.0])] master_uri[http://localhost:11311]
[roslaunch][INFO] 2026-08-30 09:42:44,257: process[target_tracking_controller-8]: env[{'ROS_VERSION': '1', 'PYTHONUNBUFFERED': '1', 'PKG_CONFIG_PATH': '/root/catkin_ws/devel/lib/pkgconfig:/opt/ros/noetic/lib/pkgconfig', 'ROS_PYTHON_VERSION': '3', 'HOSTNAME': 'kamikaze', 'ROS_PACKAGE_PATH': '/root/catkin_ws/src:/opt/ros/noetic/share', 'ROSLISP_PACKAGE_DIRECTORIES': '/root/catkin_ws/devel/share/common-lisp', 'PWD': '/root/catkin_ws', 'ENABLE_SIMULATION': 'false', 'ROS_IP': '127.0.0.1', 'HOME': '/root', 'LANG': 'C.UTF-8', 'ROS_ETC_DIR': '/opt/ros/noetic/etc/ros', 'CMAKE_PREFIX_PATH': '/root/catkin_ws/devel:/opt/ros/noetic', 'PYTHONPATH': '/root/catkin_ws/devel/lib/python3/dist-packages:/root/catkin_ws/devel/lib/python3/dist-packages:/opt/ros/noetic/lib/python3/dist-packages', 'DISPLAY': ':0', 'SHLVL': '0', 'ROS_MASTER_URI': 'http://localhost:11311', 'ROS_HOSTNAME': 'localhost', 'LD_LIBRARY_PATH': '/root/catkin_ws/devel/lib:/opt/ros/noetic/lib', 'ENABLE_PERFORMANCE_MONITORING': 'true', 'LC_ALL': 'C.UTF-8', 'PATH': '/opt/ros/noetic/bin:/usr/local/sbin:/usr/local/bin:/usr/sbin:/usr/bin:/sbin:/bin', 'DEBIAN_FRONTEND': 'noninteractive', 'ROS_ROOT': '/opt/ros/noetic/share/ros', 'ROS_DISTRO': 'noetic', 'QT_X11_NO_MITSHM': '1', 'ENABLE_GUI': 'false', 'ROS_LOG_FILENAME': '/root/.ros/log/254a572c-a457-11f1-b571-1a78306416a9/roslaunch-kamikaze-1.log'}]
[roslaunch][INFO] 2026-08-30 09:42:44,260: process[target_tracking_controller-8]: args[['/root/catkin_ws/devel/lib/drone_control/target_tracking_controller.py', '__name:=target_tracking_controller']]
[roslaunch][INFO] 2026-08-30 09:42:44,261: ... created process [target_tracking_controller-8]
[roslaunch.pmon][INFO] 2026-08-30 09:42:44,261: ProcessMonitor.register[target_tracking_controller-8]
[roslaunch.pmon][INFO] 2026-08-30 09:42:44,261: ProcessMonitor.register[target_tracking_controller-8] complete
[roslaunch][INFO] 2026-08-30 09:42:44,261: ... registered process [target_tracking_controller-8]
[roslaunch][INFO] 2026-08-30 09:42:44,261: process[target_tracking_controller-8]: starting os process
[roslaunch][INFO] 2026-08-30 09:42:44,262: process[target_tracking_controller-8]: start w/ args [['/root/catkin_ws/devel/lib/drone_control/target_tracking_controller.py', '__name:=target_tracking_controller', '__log:=/root/.ros/log/254a572c-a457-11f1-b571-1a78306416a9/target_tracking_controller-8.log']]
[roslaunch][INFO] 2026-08-30 09:42:44,262: process[target_tracking_controller-8]: cwd will be [/root/.ros]
[roslaunch][INFO] 2026-08-30 09:42:44,323: process[target_tracking_controller-8]: started with pid [94]
[roslaunch][INFO] 2026-08-30 09:42:44,325: ... successfully launched [target_tracking_controller-8]
[roslaunch][INFO] 2026-08-30 09:42:44,325: ... preparing to launch node of type [drone_control/vehicle_state_monitor.py]
[roslaunch][INFO] 2026-08-30 09:42:44,325: create_node_process: package[drone_control] type[vehicle_state_monitor.py] machine[Machine(name[] env_loader[None] address[localhost] ssh_port[22] user[None] assignable[True] timeout[10.0])] master_uri[http://localhost:11311]
[roslaunch][INFO] 2026-08-30 09:42:44,326: process[vehicle_state_monitor-9]: env[{'ROS_VERSION': '1', 'PYTHONUNBUFFERED': '1', 'PKG_CONFIG_PATH': '/root/catkin_ws/devel/lib/pkgconfig:/opt/ros/noetic/lib/pkgconfig', 'ROS_PYTHON_VERSION': '3', 'HOSTNAME': 'kamikaze', 'ROS_PACKAGE_PATH': '/root/catkin_ws/src:/opt/ros/noetic/share', 'ROSLISP_PACKAGE_DIRECTORIES': '/root/catkin_ws/devel/share/common-lisp', 'PWD': '/root/catkin_ws', 'ENABLE_SIMULATION': 'false', 'ROS_IP': '127.0.0.1', 'HOME': '/root', 'LANG': 'C.UTF-8', 'ROS_ETC_DIR': '/opt/ros/noetic/etc/ros', 'CMAKE_PREFIX_PATH': '/root/catkin_ws/devel:/opt/ros/noetic', 'PYTHONPATH': '/root/catkin_ws/devel/lib/python3/dist-packages:/root/catkin_ws/devel/lib/python3/dist-packages:/opt/ros/noetic/lib/python3/dist-packages', 'DISPLAY': ':0', 'SHLVL': '0', 'ROS_MASTER_URI': 'http://localhost:11311', 'ROS_HOSTNAME': 'localhost', 'LD_LIBRARY_PATH': '/root/catkin_ws/devel/lib:/opt/ros/noetic/lib', 'ENABLE_PERFORMANCE_MONITORING': 'true', 'LC_ALL': 'C.UTF-8', 'PATH': '/opt/ros/noetic/bin:/usr/local/sbin:/usr/local/bin:/usr/sbin:/usr/bin:/sbin:/bin', 'DEBIAN_FRONTEND': 'noninteractive', 'ROS_ROOT': '/opt/ros/noetic/share/ros', 'ROS_DISTRO': 'noetic', 'QT_X11_NO_MITSHM': '1', 'ENABLE_GUI': 'false', 'ROS_LOG_FILENAME': '/root/.ros/log/254a572c-a457-11f1-b571-1a78306416a9/roslaunch-kamikaze-1.log'}]
[roslaunch][INFO] 2026-08-30 09:42:44,335: process[vehicle_state_monitor-9]: args[['/root/catkin_ws/devel/lib/drone_control/vehicle_state_monitor.py', '__name:=vehicle_state_monitor']]
[roslaunch][INFO] 2026-08-30 09:42:44,336: ... created process [vehicle_state_monitor-9]
[roslaunch.pmon][INFO] 2026-08-30 09:42:44,336: ProcessMonitor.register[vehicle_state_monitor-9]
[roslaunch.pmon][INFO] 2026-08-30 09:42:44,336: ProcessMonitor.register[vehicle_state_monitor-9] complete
[roslaunch][INFO] 2026-08-30 09:42:44,336: ... registered process [vehicle_state_monitor-9]
[roslaunch][INFO] 2026-08-30 09:42:44,337: process[vehicle_state_monitor-9]: starting os process
[roslaunch][INFO] 2026-08-30 09:42:44,337: process[vehicle_state_monitor-9]: start w/ args [['/root/catkin_ws/devel/lib/drone_control/vehicle_state_monitor.py', '__name:=vehicle_state_monitor', '__log:=/root/.ros/log/254a572c-a457-11f1-b571-1a78306416a9/vehicle_state_monitor-9.log']]
[roslaunch][INFO] 2026-08-30 09:42:44,337: process[vehicle_state_monitor-9]: cwd will be [/root/.ros]
[roslaunch][INFO] 2026-08-30 09:42:44,346: process[vehicle_state_monitor-9]: started with pid [95]
[roslaunch][INFO] 2026-08-30 09:42:44,349: ... successfully launched [vehicle_state_monitor-9]
[roslaunch][INFO] 2026-08-30 09:42:44,351: ... preparing to launch node of type [drone_control/safety_monitor.py]
[roslaunch][INFO] 2026-08-30 09:42:44,351: create_node_process: package[drone_control] type[safety_monitor.py] machine[Machine(name[] env_loader[None] address[localhost] ssh_port[22] user[None] assignable[True] timeout[10.0])] master_uri[http://localhost:11311]
[roslaunch][INFO] 2026-08-30 09:42:44,355: process[safety_monitor-10]: env[{'ROS_VERSION': '1', 'PYTHONUNBUFFERED': '1', 'PKG_CONFIG_PATH': '/root/catkin_ws/devel/lib/pkgconfig:/opt/ros/noetic/lib/pkgconfig', 'ROS_PYTHON_VERSION': '3', 'HOSTNAME': 'kamikaze', 'ROS_PACKAGE_PATH': '/root/catkin_ws/src:/opt/ros/noetic/share', 'ROSLISP_PACKAGE_DIRECTORIES': '/root/catkin_ws/devel/share/common-lisp', 'PWD': '/root/catkin_ws', 'ENABLE_SIMULATION': 'false', 'ROS_IP': '127.0.0.1', 'HOME': '/root', 'LANG': 'C.UTF-8', 'ROS_ETC_DIR': '/opt/ros/noetic/etc/ros', 'CMAKE_PREFIX_PATH': '/root/catkin_ws/devel:/opt/ros/noetic', 'PYTHONPATH': '/root/catkin_ws/devel/lib/python3/dist-packages:/root/catkin_ws/devel/lib/python3/dist-packages:/opt/ros/noetic/lib/python3/dist-packages', 'DISPLAY': ':0', 'SHLVL': '0', 'ROS_MASTER_URI': 'http://localhost:11311', 'ROS_HOSTNAME': 'localhost', 'LD_LIBRARY_PATH': '/root/catkin_ws/devel/lib:/opt/ros/noetic/lib', 'ENABLE_PERFORMANCE_MONITORING': 'true', 'LC_ALL': 'C.UTF-8', 'PATH': '/opt/ros/noetic/bin:/usr/local/sbin:/usr/local/bin:/usr/sbin:/usr/bin:/sbin:/bin', 'DEBIAN_FRONTEND': 'noninteractive', 'ROS_ROOT': '/opt/ros/noetic/share/ros', 'ROS_DISTRO': 'noetic', 'QT_X11_NO_MITSHM': '1', 'ENABLE_GUI': 'false', 'ROS_LOG_FILENAME': '/root/.ros/log/254a572c-a457-11f1-b571-1a78306416a9/roslaunch-kamikaze-1.log'}]
[roslaunch][INFO] 2026-08-30 09:42:44,368: process[safety_monitor-10]: args[['/root/catkin_ws/devel/lib/drone_control/safety_monitor.py', '__name:=safety_monitor']]
[roslaunch][INFO] 2026-08-30 09:42:44,369: ... created process [safety_monitor-10]
[roslaunch.pmon][INFO] 2026-08-30 09:42:44,372: ProcessMonitor.register[safety_monitor-10]
[roslaunch.pmon][INFO] 2026-08-30 09:42:44,373: ProcessMonitor.register[safety_monitor-10] complete
[roslaunch][INFO] 2026-08-30 09:42:44,373: ... registered process [safety_monitor-10]
[roslaunch][INFO] 2026-08-30 09:42:44,374: process[safety_monitor-10]: starting os process
[roslaunch][INFO] 2026-08-30 09:42:44,375: process[safety_monitor-10]: start w/ args [['/root/catkin_ws/devel/lib/drone_control/safety_monitor.py', '__name:=safety_monitor', '__log:=/root/.ros/log/254a572c-a457-11f1-b571-1a78306416a9/safety_monitor-10.log']]
[roslaunch][INFO] 2026-08-30 09:42:44,375: process[safety_monitor-10]: cwd will be [/root/.ros]
[roslaunch][INFO] 2026-08-30 09:42:44,458: process[safety_monitor-10]: started with pid [96]
[roslaunch][INFO] 2026-08-30 09:42:44,458: ... successfully launched [safety_monitor-10]
[roslaunch][INFO] 2026-08-30 09:42:44,461: ... preparing to launch node of type [drone_control/system_health_monitor.py]
[roslaunch][INFO] 2026-08-30 09:42:44,462: create_node_process: package[drone_control] type[system_health_monitor.py] machine[Machine(name[] env_loader[None] address[localhost] ssh_port[22] user[None] assignable[True] timeout[10.0])] master_uri[http://localhost:11311]
[roslaunch][INFO] 2026-08-30 09:42:44,462: process[system_health_monitor-11]: env[{'ROS_VERSION': '1', 'PYTHONUNBUFFERED': '1', 'PKG_CONFIG_PATH': '/root/catkin_ws/devel/lib/pkgconfig:/opt/ros/noetic/lib/pkgconfig', 'ROS_PYTHON_VERSION': '3', 'HOSTNAME': 'kamikaze', 'ROS_PACKAGE_PATH': '/root/catkin_ws/src:/opt/ros/noetic/share', 'ROSLISP_PACKAGE_DIRECTORIES': '/root/catkin_ws/devel/share/common-lisp', 'PWD': '/root/catkin_ws', 'ENABLE_SIMULATION': 'false', 'ROS_IP': '127.0.0.1', 'HOME': '/root', 'LANG': 'C.UTF-8', 'ROS_ETC_DIR': '/opt/ros/noetic/etc/ros', 'CMAKE_PREFIX_PATH': '/root/catkin_ws/devel:/opt/ros/noetic', 'PYTHONPATH': '/root/catkin_ws/devel/lib/python3/dist-packages:/root/catkin_ws/devel/lib/python3/dist-packages:/opt/ros/noetic/lib/python3/dist-packages', 'DISPLAY': ':0', 'SHLVL': '0', 'ROS_MASTER_URI': 'http://localhost:11311', 'ROS_HOSTNAME': 'localhost', 'LD_LIBRARY_PATH': '/root/catkin_ws/devel/lib:/opt/ros/noetic/lib', 'ENABLE_PERFORMANCE_MONITORING': 'true', 'LC_ALL': 'C.UTF-8', 'PATH': '/opt/ros/noetic/bin:/usr/local/sbin:/usr/local/bin:/usr/sbin:/usr/bin:/sbin:/bin', 'DEBIAN_FRONTEND': 'noninteractive', 'ROS_ROOT': '/opt/ros/noetic/share/ros', 'ROS_DISTRO': 'noetic', 'QT_X11_NO_MITSHM': '1', 'ENABLE_GUI': 'false', 'ROS_LOG_FILENAME': '/root/.ros/log/254a572c-a457-11f1-b571-1a78306416a9/roslaunch-kamikaze-1.log'}]
[roslaunch][INFO] 2026-08-30 09:42:44,469: process[system_health_monitor-11]: args[['/root/catkin_ws/devel/lib/drone_control/system_health_monitor.py', '__name:=system_health_monitor']]
[roslaunch][INFO] 2026-08-30 09:42:44,469: ... created process [system_health_monitor-11]
[roslaunch.pmon][INFO] 2026-08-30 09:42:44,469: ProcessMonitor.register[system_health_monitor-11]
[roslaunch.pmon][INFO] 2026-08-30 09:42:44,469: ProcessMonitor.register[system_health_monitor-11] complete
[roslaunch][INFO] 2026-08-30 09:42:44,470: ... registered process [system_health_monitor-11]
[roslaunch][INFO] 2026-08-30 09:42:44,470: process[system_health_monitor-11]: starting os process
[roslaunch][INFO] 2026-08-30 09:42:44,470: process[system_health_monitor-11]: start w/ args [['/root/catkin_ws/devel/lib/drone_control/system_health_monitor.py', '__name:=system_health_monitor', '__log:=/root/.ros/log/254a572c-a457-11f1-b571-1a78306416a9/system_health_monitor-11.log']]
[roslaunch][INFO] 2026-08-30 09:42:44,470: process[system_health_monitor-11]: cwd will be [/root/.ros]
[roslaunch][INFO] 2026-08-30 09:42:44,534: process[system_health_monitor-11]: started with pid [97]
[roslaunch][INFO] 2026-08-30 09:42:44,540: ... successfully launched [system_health_monitor-11]
[roslaunch][INFO] 2026-08-30 09:42:44,541: ... preparing to launch node of type [drone_control/health_checker.py]
[roslaunch][INFO] 2026-08-30 09:42:44,541: create_node_process: package[drone_control] type[health_checker.py] machine[Machine(name[] env_loader[None] address[localhost] ssh_port[22] user[None] assignable[True] timeout[10.0])] master_uri[http://localhost:11311]
[roslaunch][INFO] 2026-08-30 09:42:44,542: process[health_checker-12]: env[{'ROS_VERSION': '1', 'PYTHONUNBUFFERED': '1', 'PKG_CONFIG_PATH': '/root/catkin_ws/devel/lib/pkgconfig:/opt/ros/noetic/lib/pkgconfig', 'ROS_PYTHON_VERSION': '3', 'HOSTNAME': 'kamikaze', 'ROS_PACKAGE_PATH': '/root/catkin_ws/src:/opt/ros/noetic/share', 'ROSLISP_PACKAGE_DIRECTORIES': '/root/catkin_ws/devel/share/common-lisp', 'PWD': '/root/catkin_ws', 'ENABLE_SIMULATION': 'false', 'ROS_IP': '127.0.0.1', 'HOME': '/root', 'LANG': 'C.UTF-8', 'ROS_ETC_DIR': '/opt/ros/noetic/etc/ros', 'CMAKE_PREFIX_PATH': '/root/catkin_ws/devel:/opt/ros/noetic', 'PYTHONPATH': '/root/catkin_ws/devel/lib/python3/dist-packages:/root/catkin_ws/devel/lib/python3/dist-packages:/opt/ros/noetic/lib/python3/dist-packages', 'DISPLAY': ':0', 'SHLVL': '0', 'ROS_MASTER_URI': 'http://localhost:11311', 'ROS_HOSTNAME': 'localhost', 'LD_LIBRARY_PATH': '/root/catkin_ws/devel/lib:/opt/ros/noetic/lib', 'ENABLE_PERFORMANCE_MONITORING': 'true', 'LC_ALL': 'C.UTF-8', 'PATH': '/opt/ros/noetic/bin:/usr/local/sbin:/usr/local/bin:/usr/sbin:/usr/bin:/sbin:/bin', 'DEBIAN_FRONTEND': 'noninteractive', 'ROS_ROOT': '/opt/ros/noetic/share/ros', 'ROS_DISTRO': 'noetic', 'QT_X11_NO_MITSHM': '1', 'ENABLE_GUI': 'false', 'ROS_LOG_FILENAME': '/root/.ros/log/254a572c-a457-11f1-b571-1a78306416a9/roslaunch-kamikaze-1.log'}]
[roslaunch][INFO] 2026-08-30 09:42:44,549: process[health_checker-12]: args[['/root/catkin_ws/devel/lib/drone_control/health_checker.py', '__name:=health_checker']]
[roslaunch][INFO] 2026-08-30 09:42:44,549: ... created process [health_checker-12]
[roslaunch.pmon][INFO] 2026-08-30 09:42:44,550: ProcessMonitor.register[health_checker-12]
[roslaunch.pmon][INFO] 2026-08-30 09:42:44,550: ProcessMonitor.register[health_checker-12] complete
[roslaunch][INFO] 2026-08-30 09:42:44,550: ... registered process [health_checker-12]
[roslaunch][INFO] 2026-08-30 09:42:44,550: process[health_checker-12]: starting os process
[roslaunch][INFO] 2026-08-30 09:42:44,552: process[health_checker-12]: start w/ args [['/root/catkin_ws/devel/lib/drone_control/health_checker.py', '__name:=health_checker', '__log:=/root/.ros/log/254a572c-a457-11f1-b571-1a78306416a9/health_checker-12.log']]
[roslaunch][INFO] 2026-08-30 09:42:44,556: process[health_checker-12]: cwd will be [/root/.ros]
[roslaunch][INFO] 2026-08-30 09:42:44,578: process[health_checker-12]: started with pid [98]
[roslaunch][INFO] 2026-08-30 09:42:44,579: ... successfully launched [health_checker-12]
[roslaunch][INFO] 2026-08-30 09:42:44,579: ... launch_nodes complete
[roslaunch.pmon][INFO] 2026-08-30 09:42:44,580: registrations completed <ProcessMonitor(ProcessMonitor-1, started daemon 140737361721088)>
[roslaunch.parent][INFO] 2026-08-30 09:42:44,580: ... roslaunch parent running, waiting for process exit
[roslaunch][INFO] 2026-08-30 09:42:44,580: spin
[roslaunch.pmon][INFO] 2026-08-30 09:51:50,582: ProcessMonitor.shutdown <ProcessMonitor(ProcessMonitor-1, started daemon 140737361721088)>
[roslaunch.pmon][INFO] 2026-08-30 09:51:50,677: ProcessMonitor._post_run <ProcessMonitor(ProcessMonitor-1, started daemon 140737361721088)>
[roslaunch.pmon][INFO] 2026-08-30 09:51:50,678: ProcessMonitor._post_run <ProcessMonitor(ProcessMonitor-1, started daemon 140737361721088)>: remaining procs are [<roslaunch.nodeprocess.LocalProcess object at 0x7ffffb734a00>, <roslaunch.nodeprocess.LocalProcess object at 0x7ffffb7348b0>, <roslaunch.nodeprocess.LocalProcess object at 0x7fffe95bb730>, <roslaunch.nodeprocess.LocalProcess object at 0x7ffffb7342e0>, <roslaunch.nodeprocess.LocalProcess object at 0x7ffffb7347f0>, <roslaunch.nodeprocess.LocalProcess object at 0x7ffffb734f70>, <roslaunch.nodeprocess.LocalProcess object at 0x7ffffb6cda60>, <roslaunch.nodeprocess.LocalProcess object at 0x7ffffb6cdd00>, <roslaunch.nodeprocess.LocalProcess object at 0x7ffffb6cd6d0>, <roslaunch.nodeprocess.LocalProcess object at 0x7ffffb6cd820>, <roslaunch.nodeprocess.LocalProcess object at 0x7ffffb6cd040>, <roslaunch.nodeprocess.LocalProcess object at 0x7ffffb6cdf10>, <roslaunch.nodeprocess.LocalProcess object at 0x7ffffb6cdca0>]
[roslaunch.pmon][INFO] 2026-08-30 09:51:50,679: ProcessMonitor exit: killing health_checker-12
[roslaunch][INFO] 2026-08-30 09:51:50,679: [health_checker-12] killing on exit
[roslaunch][INFO] 2026-08-30 09:51:50,681: process[health_checker-12]: killing os process with pid[98] pgid[98]
[roslaunch.pmon][INFO] 2026-08-30 09:51:50,681: ProcessMonitor exit: killing system_health_monitor-11
[roslaunch][INFO] 2026-08-30 09:51:50,681: [health_checker-12] sending SIGINT to pgid [98]
[roslaunch][INFO] 2026-08-30 09:51:50,683: [health_checker-12] sent SIGINT to pgid [98]
[roslaunch][INFO] 2026-08-30 09:51:50,682: [system_health_monitor-11] killing on exit
[roslaunch][INFO] 2026-08-30 09:51:50,684: process[system_health_monitor-11]: killing os process with pid[97] pgid[97]
[roslaunch][INFO] 2026-08-30 09:51:50,684: [system_health_monitor-11] sending SIGINT to pgid [97]
[roslaunch.pmon][INFO] 2026-08-30 09:51:50,683: ProcessMonitor exit: killing target_tracking_controller-8
[roslaunch.pmon][INFO] 2026-08-30 09:51:50,682: ProcessMonitor exit: killing safety_monitor-10
[roslaunch.pmon][INFO] 2026-08-30 09:51:50,682: ProcessMonitor exit: killing vehicle_state_monitor-9
[roslaunch][INFO] 2026-08-30 09:51:50,684: [system_health_monitor-11] sent SIGINT to pgid [97]
[roslaunch.pmon][INFO] 2026-08-30 09:51:50,689: ProcessMonitor exit: killing mission_manager-4
[roslaunch][INFO] 2026-08-30 09:51:50,685: [target_tracking_controller-8] killing on exit
[roslaunch][INFO] 2026-08-30 09:51:50,687: [safety_monitor-10] killing on exit
[roslaunch.pmon][INFO] 2026-08-30 09:51:50,688: ProcessMonitor exit: killing yolo_detector-6
[roslaunch.pmon][INFO] 2026-08-30 09:51:50,689: ProcessMonitor exit: killing camera_calibration-5
[roslaunch][INFO] 2026-08-30 09:51:50,692: [camera_calibration-5] killing on exit
[roslaunch.pmon][INFO] 2026-08-30 09:51:50,685: ProcessMonitor exit: killing sensor_fusion-7
[roslaunch][INFO] 2026-08-30 09:51:50,692: [sensor_fusion-7] killing on exit
[roslaunch][INFO] 2026-08-30 09:51:50,692: process[sensor_fusion-7]: killing os process with pid[93] pgid[93]
[roslaunch][INFO] 2026-08-30 09:51:50,693: [sensor_fusion-7] sending SIGINT to pgid [93]
[roslaunch][INFO] 2026-08-30 09:51:50,691: [yolo_detector-6] killing on exit
[roslaunch][INFO] 2026-08-30 09:51:50,694: process[yolo_detector-6]: killing os process with pid[92] pgid[92]
[roslaunch][INFO] 2026-08-30 09:51:50,689: [vehicle_state_monitor-9] killing on exit
[roslaunch][INFO] 2026-08-30 09:51:50,694: process[vehicle_state_monitor-9]: killing os process with pid[95] pgid[95]
[roslaunch][INFO] 2026-08-30 09:51:50,694: [vehicle_state_monitor-9] sending SIGINT to pgid [95]
[roslaunch][INFO] 2026-08-30 09:51:50,694: [vehicle_state_monitor-9] sent SIGINT to pgid [95]
[roslaunch][INFO] 2026-08-30 09:51:50,691: process[safety_monitor-10]: killing os process with pid[96] pgid[96]
[roslaunch][INFO] 2026-08-30 09:51:50,693: process[camera_calibration-5]: killing os process with pid[91] pgid[91]
[roslaunch][INFO] 2026-08-30 09:51:50,692: process[target_tracking_controller-8]: killing os process with pid[94] pgid[94]
[roslaunch][INFO] 2026-08-30 09:51:50,694: [yolo_detector-6] sending SIGINT to pgid [92]
[roslaunch.pmon][INFO] 2026-08-30 09:51:50,690: ProcessMonitor exit: killing command_interpreter-3
[roslaunch][INFO] 2026-08-30 09:51:50,698: [command_interpreter-3] killing on exit
[roslaunch][INFO] 2026-08-30 09:51:50,690: [mission_manager-4] killing on exit
[roslaunch][INFO] 2026-08-30 09:51:50,693: [sensor_fusion-7] sent SIGINT to pgid [93]
[roslaunch][INFO] 2026-08-30 09:51:50,696: [camera_calibration-5] sending SIGINT to pgid [91]
[roslaunch][INFO] 2026-08-30 09:51:50,696: [target_tracking_controller-8] sending SIGINT to pgid [94]
[roslaunch][INFO] 2026-08-30 09:51:50,704: [target_tracking_controller-8] sent SIGINT to pgid [94]
[roslaunch][INFO] 2026-08-30 09:51:50,695: [safety_monitor-10] sending SIGINT to pgid [96]
[roslaunch][INFO] 2026-08-30 09:51:50,707: [safety_monitor-10] sent SIGINT to pgid [96]
[roslaunch][INFO] 2026-08-30 09:51:50,699: process[command_interpreter-3]: killing os process with pid[89] pgid[89]
[roslaunch][INFO] 2026-08-30 09:51:50,707: [command_interpreter-3] sending SIGINT to pgid [89]
[roslaunch][INFO] 2026-08-30 09:51:50,697: [yolo_detector-6] sent SIGINT to pgid [92]
[roslaunch][INFO] 2026-08-30 09:51:50,699: process[mission_manager-4]: killing os process with pid[90] pgid[90]
[roslaunch][INFO] 2026-08-30 09:51:50,708: [mission_manager-4] sending SIGINT to pgid [90]
[roslaunch][INFO] 2026-08-30 09:51:50,709: [mission_manager-4] sent SIGINT to pgid [90]
[roslaunch][INFO] 2026-08-30 09:51:50,700: [camera_calibration-5] sent SIGINT to pgid [91]
[roslaunch][INFO] 2026-08-30 09:51:50,708: [command_interpreter-3] sent SIGINT to pgid [89]
[roslaunch][INFO] 2026-08-30 09:51:51,627: process[command_interpreter-3]: SIGINT killed with return value 0
[roslaunch.pmon][INFO] 2026-08-30 09:51:51,627: ProcessMonitor exit: killing parameter_validator-2
[roslaunch][INFO] 2026-08-30 09:51:51,627: [parameter_validator-2] killing on exit
[roslaunch][INFO] 2026-08-30 09:51:51,628: process[system_health_monitor-11]: SIGINT killed with return value 0
[roslaunch][INFO] 2026-08-30 09:51:51,629: process[mission_manager-4]: SIGINT killed with return value 0
[roslaunch][INFO] 2026-08-30 09:51:51,635: process[parameter_validator-2]: killing os process with pid[86] pgid[86]
[roslaunch][INFO] 2026-08-30 09:51:51,635: [parameter_validator-2] sending SIGINT to pgid [86]
[roslaunch][INFO] 2026-08-30 09:51:51,635: [parameter_validator-2] sent SIGINT to pgid [86]
[roslaunch][INFO] 2026-08-30 09:51:51,731: process[camera_calibration-5]: SIGINT killed with return value 0
[roslaunch][INFO] 2026-08-30 09:51:51,732: process[safety_monitor-10]: SIGINT killed with return value 0
[roslaunch][INFO] 2026-08-30 09:51:51,732: process[sensor_fusion-7]: SIGINT killed with return value 0
[roslaunch][INFO] 2026-08-30 09:51:51,732: process[health_checker-12]: SIGINT killed with return value 0
[roslaunch][INFO] 2026-08-30 09:51:51,735: process[vehicle_state_monitor-9]: SIGINT killed with return value 0
[roslaunch][INFO] 2026-08-30 09:51:51,833: process[target_tracking_controller-8]: SIGINT killed with return value 0
[roslaunch][INFO] 2026-08-30 09:51:52,243: process[yolo_detector-6]: SIGINT killed with return value 0
[roslaunch][INFO] 2026-08-30 09:51:52,348: process[parameter_validator-2]: SIGINT killed with return value 0
[roslaunch.pmon][INFO] 2026-08-30 09:51:52,348: ProcessMonitor exit: killing rosout-1
[roslaunch][INFO] 2026-08-30 09:51:52,348: [rosout-1] killing on exit
[roslaunch][INFO] 2026-08-30 09:51:52,348: process[rosout-1]: killing os process with pid[76] pgid[76]
[roslaunch][INFO] 2026-08-30 09:51:52,349: [rosout-1] sending SIGINT to pgid [76]
[roslaunch][INFO] 2026-08-30 09:51:52,349: [rosout-1] sent SIGINT to pgid [76]
[roslaunch][INFO] 2026-08-30 09:51:52,655: process[rosout-1]: SIGINT killed with return value 0
[roslaunch.pmon][INFO] 2026-08-30 09:51:52,655: ProcessMonitor exit: killing master
[roslaunch][INFO] 2026-08-30 09:51:52,655: [master] killing on exit
[roslaunch][INFO] 2026-08-30 09:51:52,655: process[master]: killing os process with pid[59] pgid[59]
[roslaunch][INFO] 2026-08-30 09:51:52,655: [master] sending SIGINT to pgid [59]
[roslaunch][INFO] 2026-08-30 09:51:52,655: [master] sent SIGINT to pgid [59]
[roslaunch][INFO] 2026-08-30 09:51:52,866: process[master]: SIGINT killed with return value 0
[roslaunch.pmon][INFO] 2026-08-30 09:51:52,866: ProcessMonitor exit: cleaning up data structures and signals
[roslaunch.pmon][INFO] 2026-08-30 09:51:52,867: ProcessMonitor exit: pmon has shutdown
[roslaunch][INFO] 2026-08-30 09:51:52,867: process monitor is done spinning, initiating full shutdown
[roslaunch][INFO] 2026-08-30 09:51:52,867: runner.stop()
[roslaunch][INFO] 2026-08-30 09:51:52,867: shutting down processing monitor...
[roslaunch][INFO] 2026-08-30 09:51:52,868: shutting down processing monitor <ProcessMonitor(ProcessMonitor-1, stopped daemon 140737361721088)>
[roslaunch.pmon][INFO] 2026-08-30 09:51:52,868: ProcessMonitor.shutdown <ProcessMonitor(ProcessMonitor-1, stopped daemon 140737361721088)>
[roslaunch][INFO] 2026-08-30 09:51:52,868: ... shutting down processing monitor complete
[roslaunch][INFO] 2026-08-30 09:51:52,868: done
[roslaunch.pmon][INFO] 2026-08-30 09:51:52,869: ProcessMonitor.shutdown <ProcessMonitor(ProcessMonitor-1, stopped daemon 140737361721088)>
[rospy.core][INFO] 2026-08-30 09:51:52,870: signal_shutdown [atexit]
