[rospy.client][INFO] 2026-08-30 09:42:47,841: init_node, name[/safety_monitor], pid[96]
[xmlrpc][INFO] 2026-08-30 09:42:47,847: XML-RPC server binding to 127.0.0.1:0
[xmlrpc][INFO] 2026-08-30 09:42:47,850: Started XML-RPC server [http://localhost:33533/]
[rospy.init][INFO] 2026-08-30 09:42:47,851: ROS Slave URI: [http://localhost:33533/]
[rospy.impl.masterslave][INFO] 2026-08-30 09:42:47,851: _ready: http://localhost:33533/
[rospy.registration][INFO] 2026-08-30 09:42:47,856: Registering with master node http://localhost:11311
[xmlrpc][INFO] 2026-08-30 09:42:47,857: xml rpc node: starting XML-RPC server
[rospy.init][INFO] 2026-08-30 09:42:47,952: registered with master
[rospy.rosout][INFO] 2026-08-30 09:42:47,952: initializing /rosout core topic
[rospy.rosout][INFO] 2026-08-30 09:42:48,031: connected to core topic /rosout
[rospy.simtime][INFO] 2026-08-30 09:42:48,032: /use_sim_time is not set, will not subscribe to simulated time [/clock] topic
[rosout][INFO] 2026-08-30 09:42:48,072: Safety Monitor initialized
[rosout][INFO] 2026-08-30 09:42:48,077: Health publisher: /safety_monitor/node_health
[rospy.internal][INFO] 2026-08-30 09:42:48,169: topic[/safety_status] adding connection to [/mission_manager], count 0
[rospy.internal][INFO] 2026-08-30 09:42:48,251: topic[/rosout] adding connection to [/rosout], count 0
[rospy.internal][INFO] 2026-08-30 09:42:48,651: topic[/safety_monitor/node_health] adding connection to [/health_checker], count 0
[rospy.core][INFO] 2026-08-30 09:51:50,718: signal_shutdown [signal-2]
[rospy.internal][INFO] 2026-08-30 09:51:50,768: topic[/rosout] removing connection to /rosout
[rospy.internal][INFO] 2026-08-30 09:51:50,769: topic[/safety_status] removing connection to /mission_manager
[rospy.internal][INFO] 2026-08-30 09:51:50,770: topic[/safety_monitor/node_health] removing connection to /health_checker
[rospy.impl.masterslave][INFO] 2026-08-30 09:51:50,772: signal-2
[rospy.core][INFO] 2026-08-30 09:51:51,369: signal_shutdown [atexit]
