[rospy.client][INFO] 2026-08-30 09:42:48,744: init_node, name[/target_tracking_controller], pid[94]
[xmlrpc][INFO] 2026-08-30 09:42:48,751: XML-RPC server binding to 127.0.0.1:0
[xmlrpc][INFO] 2026-08-30 09:42:48,754: Started XML-RPC server [http://localhost:40415/]
[rospy.impl.masterslave][INFO] 2026-08-30 09:42:48,754: _ready: http://localhost:40415/
[rospy.init][INFO] 2026-08-30 09:42:48,755: ROS Slave URI: [http://localhost:40415/]
[rospy.registration][INFO] 2026-08-30 09:42:48,757: Registering with master node http://localhost:11311
[xmlrpc][INFO] 2026-08-30 09:42:48,757: xml rpc node: starting XML-RPC server
[rospy.init][INFO] 2026-08-30 09:42:48,862: registered with master
[rospy.rosout][INFO] 2026-08-30 09:42:48,862: initializing /rosout core topic
[rospy.rosout][INFO] 2026-08-30 09:42:48,882: connected to core topic /rosout
[rospy.simtime][INFO] 2026-08-30 09:42:48,884: /use_sim_time is not set, will not subscribe to simulated time [/clock] topic
[rospy.internal][INFO] 2026-08-30 09:42:48,907: topic[/mission_status] adding connection to [http://localhost:35517/], count 0
[rospy.internal][INFO] 2026-08-30 09:42:48,977: topic[/tracked_targets] adding connection to [/mission_manager], count 0
[rospy.internal][INFO] 2026-08-30 09:42:48,977: topic[/target_tracking_controller/node_health] adding connection to [/health_checker], count 0
[rospy.internal][INFO] 2026-08-30 09:42:49,174: topic[/rosout] adding connection to [/rosout], count 0
[rosout][WARNING] 2026-08-30 09:42:51,042: MAVROS set_mode service not available: timeout exceeded while waiting for service /mavros/set_mode
[rospy.internal][INFO] 2026-08-30 09:42:51,722: topic[/detected_objects] adding connection to [http://localhost:36469/], count 0
[rosout][WARNING] 2026-08-30 09:42:53,184: MAVROS arming service not available: timeout exceeded while waiting for service /mavros/cmd/arming
[rosout][INFO] 2026-08-30 09:42:53,190: Target Tracking Controller started in SEARCHING mode
[rospy.internal][INFO] 2026-08-30 09:43:30,403: topic[/tracked_targets] adding connection to [/trajectory_planner], count 1
[rospy.core][INFO] 2026-08-30 09:51:50,709: signal_shutdown [signal-2]
[rospy.internal][INFO] 2026-08-30 09:51:50,757: topic[/rosout] removing connection to /rosout
[rospy.internal][INFO] 2026-08-30 09:51:50,759: topic[/tracked_targets] removing connection to /mission_manager
[rospy.internal][INFO] 2026-08-30 09:51:50,760: topic[/tracked_targets] removing connection to /trajectory_planner
[rospy.internal][INFO] 2026-08-30 09:51:50,760: topic[/target_tracking_controller/node_health] removing connection to /health_checker
[rospy.internal][INFO] 2026-08-30 09:51:50,761: topic[/detected_objects] removing connection to http://localhost:36469/
[rospy.internal][INFO] 2026-08-30 09:51:50,762: topic[/mission_status] removing connection to http://localhost:35517/
[rospy.impl.masterslave][INFO] 2026-08-30 09:51:50,762: signal-2
[rospy.core][INFO] 2026-08-30 09:51:51,337: signal_shutdown [atexit]
