[rospy.client][INFO] 2026-08-30 09:42:51,357: init_node, name[/yolo_detector], pid[92]
[xmlrpc][INFO] 2026-08-30 09:42:51,360: XML-RPC server binding to 127.0.0.1:0
[xmlrpc][INFO] 2026-08-30 09:42:51,361: Started XML-RPC server [http://localhost:36469/]
[rospy.init][INFO] 2026-08-30 09:42:51,361: ROS Slave URI: [http://localhost:36469/]
[rospy.impl.masterslave][INFO] 2026-08-30 09:42:51,361: _ready: http://localhost:36469/
[rospy.registration][INFO] 2026-08-30 09:42:51,363: Registering with master node http://localhost:11311
[xmlrpc][INFO] 2026-08-30 09:42:51,363: xml rpc node: starting XML-RPC server
[rospy.init][INFO] 2026-08-30 09:42:51,462: registered with master
[rospy.rosout][INFO] 2026-08-30 09:42:51,462: initializing /rosout core topic
[rospy.rosout][INFO] 2026-08-30 09:42:51,467: connected to core topic /rosout
[rospy.simtime][INFO] 2026-08-30 09:42:51,469: /use_sim_time is not set, will not subscribe to simulated time [/clock] topic
[rosout][INFO] 2026-08-30 09:42:51,482: Loading YOLO model from: /PX4-Autopilot/yolov8s.pt
[rospy.internal][INFO] 2026-08-30 09:42:51,493: topic[/mission_status] adding connection to [http://localhost:35517/], count 0
[rospy.internal][INFO] 2026-08-30 09:42:51,519: topic[/yolo_detector/node_health] adding connection to [/health_checker], count 0
[rosout][INFO] 2026-08-30 09:42:51,637: YOLO model loaded successfully!
[rosout][INFO] 2026-08-30 09:42:51,643: YOLO Detector initialized in production mode
[rosout][INFO] 2026-08-30 09:42:51,646: Vehicle classes: [2, 3, 5, 6, 7]
[rospy.internal][INFO] 2026-08-30 09:42:51,719: topic[/rosout] adding connection to [/rosout], count 0
[rospy.internal][INFO] 2026-08-30 09:42:51,723: topic[/detected_objects] adding connection to [/target_tracking_controller], count 0
[rospy.core][INFO] 2026-08-30 09:51:50,702: signal_shutdown [signal-2]
[rospy.internal][INFO] 2026-08-30 09:51:50,772: topic[/rosout] removing connection to /rosout
[rospy.internal][INFO] 2026-08-30 09:51:50,775: topic[/yolo_detector/node_health] removing connection to /health_checker
[rospy.internal][INFO] 2026-08-30 09:51:50,776: topic[/detected_objects] removing connection to /target_tracking_controller
[rospy.impl.masterslave][INFO] 2026-08-30 09:51:50,776: signal-2
[rospy.internal][INFO] 2026-08-30 09:51:50,774: topic[/mission_status] removing connection to http://localhost:35517/
[rospy.core][INFO] 2026-08-30 09:51:51,347: signal_shutdown [atexit]
