[rospy.client][INFO] 2026-08-30 08:34:36,471: init_node, name[/health_checker], pid[99]
[xmlrpc][INFO] 2026-08-30 08:34:36,477: XML-RPC server binding to 127.0.0.1:0
[xmlrpc][INFO] 2026-08-30 08:34:36,480: Started XML-RPC server [http://localhost:39695/]
[rospy.impl.masterslave][INFO] 2026-08-30 08:34:36,481: _ready: http://localhost:39695/
[rospy.init][INFO] 2026-08-30 08:34:36,481: ROS Slave URI: [http://localhost:39695/]
[rospy.registration][INFO] 2026-08-30 08:34:36,484: Registering with master node http://localhost:11311
[xmlrpc][INFO] 2026-08-30 08:34:36,485: xml rpc node: starting XML-RPC server
[rospy.init][INFO] 2026-08-30 08:34:36,586: registered with master
[rospy.rosout][INFO] 2026-08-30 08:34:36,587: initializing /rosout core topic
[rospy.rosout][INFO] 2026-08-30 08:34:36,614: connected to core topic /rosout
[rospy.simtime][INFO] 2026-08-30 08:34:36,617: /use_sim_time is not set, will not subscribe to simulated time [/clock] topic
[rospy.internal][INFO] 2026-08-30 08:34:36,654: topic[/vehicle_state_monitor/node_health] adding connection to [http://localhost:46601/], count 0
[rospy.internal][INFO] 2026-08-30 08:34:36,667: topic[/mission_manager/node_health] adding connection to [http://localhost:40261/], count 0
[rospy.internal][INFO] 2026-08-30 08:34:36,688: topic[/safety_monitor/node_health] adding connection to [http://localhost:33109/], count 0
[rospy.internal][INFO] 2026-08-30 08:34:36,691: topic[/command_interpreter/node_health] adding connection to [http://localhost:43099/], count 0
[rosout][INFO] 2026-08-30 08:34:36,692: Health Checker initialized
[rospy.internal][INFO] 2026-08-30 08:34:36,899: topic[/rosout] adding connection to [/rosout], count 0
[rospy.internal][INFO] 2026-08-30 08:34:37,313: topic[/target_tracking_controller/node_health] adding connection to [http://localhost:32891/], count 0
[rospy.internal][INFO] 2026-08-30 08:34:40,070: topic[/yolo_detector/node_health] adding connection to [http://localhost:38185/], count 0
[rosout][WARNING] 2026-08-30 08:34:41,695: Unhealthy nodes: 1
[rosout][WARNING] 2026-08-30 08:34:41,702:   target_tracking_controller: No health report
[rospy.core][INFO] 2026-08-30 08:37:32,153: signal_shutdown [signal-2]
[rospy.internal][INFO] 2026-08-30 08:37:32,181: topic[/safety_monitor/node_health] removing connection to http://localhost:33109/
[rospy.internal][INFO] 2026-08-30 08:37:32,181: topic[/rosout] removing connection to /rosout
[rospy.internal][INFO] 2026-08-30 08:37:32,182: topic[/yolo_detector/node_health] removing connection to http://localhost:38185/
[rospy.internal][INFO] 2026-08-30 08:37:32,182: topic[/target_tracking_controller/node_health] removing connection to http://localhost:32891/
[rospy.internal][INFO] 2026-08-30 08:37:32,182: topic[/vehicle_state_monitor/node_health] removing connection to http://localhost:46601/
[rospy.internal][INFO] 2026-08-30 08:37:32,182: topic[/mission_manager/node_health] removing connection to http://localhost:40261/
[rospy.internal][INFO] 2026-08-30 08:37:32,182: topic[/command_interpreter/node_health] removing connection to http://localhost:43099/
[rospy.impl.masterslave][INFO] 2026-08-30 08:37:32,182: signal-2
[rospy.core][INFO] 2026-08-30 08:37:32,758: signal_shutdown [atexit]
