[rospy.client][INFO] 2026-08-30 08:34:35,969: init_node, name[/mission_manager], pid[91]
[xmlrpc][INFO] 2026-08-30 08:34:35,978: XML-RPC server binding to 127.0.0.1:0
[xmlrpc][INFO] 2026-08-30 08:34:36,026: Started XML-RPC server [http://localhost:40261/]
[rospy.impl.masterslave][INFO] 2026-08-30 08:34:36,026: _ready: http://localhost:40261/
[rospy.init][INFO] 2026-08-30 08:34:36,027: ROS Slave URI: [http://localhost:40261/]
[rospy.registration][INFO] 2026-08-30 08:34:36,030: Registering with master node http://localhost:11311
[xmlrpc][INFO] 2026-08-30 08:34:36,031: xml rpc node: starting XML-RPC server
[rospy.init][INFO] 2026-08-30 08:34:36,139: registered with master
[rospy.rosout][INFO] 2026-08-30 08:34:36,140: initializing /rosout core topic
[rospy.rosout][INFO] 2026-08-30 08:34:36,230: connected to core topic /rosout
[rospy.simtime][INFO] 2026-08-30 08:34:36,236: /use_sim_time is not set, will not subscribe to simulated time [/clock] topic
[rospy.internal][INFO] 2026-08-30 08:34:36,352: topic[/safety_status] adding connection to [http://localhost:33109/], count 0
[rosout][INFO] 2026-08-30 08:34:36,354: Mission Manager initialized
[rospy.internal][INFO] 2026-08-30 08:34:36,487: topic[/rosout] adding connection to [/rosout], count 0
[rospy.internal][INFO] 2026-08-30 08:34:36,678: topic[/mission_manager/node_health] adding connection to [/health_checker], count 0
[rospy.internal][INFO] 2026-08-30 08:34:37,271: topic[/mission_status] adding connection to [/target_tracking_controller], count 0
[rospy.internal][INFO] 2026-08-30 08:34:37,310: topic[/tracked_targets] adding connection to [http://localhost:32891/], count 0
[rospy.internal][INFO] 2026-08-30 08:34:40,083: topic[/mission_status] adding connection to [/yolo_detector], count 1
[rospy.core][INFO] 2026-08-30 08:37:32,161: signal_shutdown [signal-2]
[rospy.internal][INFO] 2026-08-30 08:37:32,177: topic[/safety_status] removing connection to http://localhost:33109/
[rospy.internal][INFO] 2026-08-30 08:37:32,187: topic[/rosout] removing connection to /rosout
[rospy.internal][INFO] 2026-08-30 08:37:32,187: topic[/mission_status] removing connection to /target_tracking_controller
[rospy.internal][INFO] 2026-08-30 08:37:32,188: topic[/mission_status] removing connection to /yolo_detector
[rospy.internal][INFO] 2026-08-30 08:37:32,188: topic[/mission_manager/node_health] removing connection to /health_checker
[rospy.internal][INFO] 2026-08-30 08:37:32,188: topic[/tracked_targets] removing connection to http://localhost:32891/
[rospy.impl.masterslave][INFO] 2026-08-30 08:37:32,188: signal-2
[rospy.core][INFO] 2026-08-30 08:37:32,767: signal_shutdown [atexit]
