[roslaunch][INFO] 2026-08-30 08:34:28,743: Checking log directory for disk usage. This may take a while.
Press Ctrl-C to interrupt
[roslaunch][INFO] 2026-08-30 08:34:28,826: Done checking log file disk usage. Usage is <1GB.
[roslaunch][INFO] 2026-08-30 08:34:28,827: roslaunch starting with args ['/opt/ros/noetic/bin/roslaunch', 'drone_control', 'kamikaze.launch', 'mode:=production']
[roslaunch][INFO] 2026-08-30 08:34:28,827: roslaunch env is environ({'ROS_VERSION': '1', 'PYTHONUNBUFFERED': '1', 'PKG_CONFIG_PATH': '/root/catkin_ws/devel/lib/pkgconfig:/opt/ros/noetic/lib/pkgconfig', 'ROS_PYTHON_VERSION': '3', 'HOSTNAME': 'kamikaze', 'ROS_PACKAGE_PATH': '/root/catkin_ws/src:/opt/ros/noetic/share', 'ROSLISP_PACKAGE_DIRECTORIES': '/root/catkin_ws/devel/share/common-lisp', 'PWD': '/root/catkin_ws', 'ENABLE_SIMULATION': 'false', 'ROS_IP': '127.0.0.1', 'HOME': '/root', 'LANG': 'C.UTF-8', 'ROS_ETC_DIR': '/opt/ros/noetic/etc/ros', 'CMAKE_PREFIX_PATH': '/root/catkin_ws/devel:/opt/ros/noetic', 'PYTHONPATH': '/root/catkin_ws/devel/lib/python3/dist-packages:/root/catkin_ws/devel/lib/python3/dist-packages:/opt/ros/noetic/lib/python3/dist-packages', 'DISPLAY': ':0', 'SHLVL': '0', 'ROS_MASTER_URI': 'http://localhost:11311', 'ROS_HOSTNAME': 'localhost', 'LD_LIBRARY_PATH': '/root/catkin_ws/devel/lib:/opt/ros/noetic/lib', 'ENABLE_PERFORMANCE_MONITORING': 'true', 'LC_ALL': 'C.UTF-8', 'PATH': '/opt/ros/noetic/bin:/usr/local/sbin:/usr/local/bin:/usr/sbin:/usr/bin:/sbin:/bin', 'DEBIAN_FRONTEND': 'noninteractive', 'ROS_ROOT': '/opt/ros/noetic/share/ros', 'ROS_DISTRO': 'noetic', 'QT_X11_NO_MITSHM': '1', 'ENABLE_GUI': 'false', 'ROS_LOG_FILENAME': '/root/.ros/log/9d7f8244-a44d-11f1-a161-1a78306416a9/roslaunch-kamikaze-1.log'})
[roslaunch][INFO] 2026-08-30 08:34:28,827: starting in server mode
[roslaunch.parent][INFO] 2026-08-30 08:34:28,828: starting roslaunch parent run
[roslaunch][INFO] 2026-08-30 08:34:28,829: loading roscore config file /opt/ros/noetic/etc/ros/roscore.xml
[roslaunch][INFO] 2026-08-30 08:34:29,679: Added core node of type [rosout/rosout] in namespace [/]
[roslaunch.config][INFO] 2026-08-30 08:34:29,680: loading config file /root/catkin_ws/src/drone_control/launch/kamikaze.launch
[roslaunch][INFO] 2026-08-30 08:34:29,883: Added node of type [drone_control/parameter_validator.py] in namespace [/]
[roslaunch][INFO] 2026-08-30 08:34:29,885: Added node of type [drone_control/command_interpreter.py] in namespace [/]
[roslaunch][INFO] 2026-08-30 08:34:29,888: Added node of type [drone_control/mission_manager.py] in namespace [/]
[roslaunch][INFO] 2026-08-30 08:34:29,890: Added node of type [drone_control/camera_calibration.py] in namespace [/]
[roslaunch][INFO] 2026-08-30 08:34:29,892: Added node of type [drone_control/yolo_detector.py] in namespace [/]
[roslaunch][INFO] 2026-08-30 08:34:29,893: Added node of type [drone_control/sensor_fusion.py] in namespace [/]
[roslaunch][INFO] 2026-08-30 08:34:29,895: Added node of type [drone_control/target_tracking_controller.py] in namespace [/]
[roslaunch][INFO] 2026-08-30 08:34:29,897: Added node of type [drone_control/vehicle_state_monitor.py] in namespace [/]
[roslaunch][INFO] 2026-08-30 08:34:29,899: Added node of type [drone_control/safety_monitor.py] in namespace [/]
[roslaunch][INFO] 2026-08-30 08:34:29,900: Added node of type [drone_control/system_health_monitor.py] in namespace [/]
[roslaunch][INFO] 2026-08-30 08:34:29,904: Added node of type [drone_control/health_checker.py] in namespace [/]
[roslaunch][INFO] 2026-08-30 08:34:29,905: ... selected machine [] for node of type [drone_control/parameter_validator.py]
[roslaunch][INFO] 2026-08-30 08:34:29,906: ... selected machine [] for node of type [drone_control/command_interpreter.py]
[roslaunch][INFO] 2026-08-30 08:34:29,906: ... selected machine [] for node of type [drone_control/mission_manager.py]
[roslaunch][INFO] 2026-08-30 08:34:29,907: ... selected machine [] for node of type [drone_control/camera_calibration.py]
[roslaunch][INFO] 2026-08-30 08:34:29,907: ... selected machine [] for node of type [drone_control/yolo_detector.py]
[roslaunch][INFO] 2026-08-30 08:34:29,907: ... selected machine [] for node of type [drone_control/sensor_fusion.py]
[roslaunch][INFO] 2026-08-30 08:34:29,908: ... selected machine [] for node of type [drone_control/target_tracking_controller.py]
[roslaunch][INFO] 2026-08-30 08:34:29,909: ... selected machine [] for node of type [drone_control/vehicle_state_monitor.py]
[roslaunch][INFO] 2026-08-30 08:34:29,909: ... selected machine [] for node of type [drone_control/safety_monitor.py]
[roslaunch][INFO] 2026-08-30 08:34:29,909: ... selected machine [] for node of type [drone_control/system_health_monitor.py]
[roslaunch][INFO] 2026-08-30 08:34:29,909: ... selected machine [] for node of type [drone_control/health_checker.py]
[roslaunch.pmon][INFO] 2026-08-30 08:34:29,917: start_process_monitor: creating ProcessMonitor
[roslaunch.pmon][INFO] 2026-08-30 08:34:29,918: created process monitor <ProcessMonitor(ProcessMonitor-1, initial daemon)>
[roslaunch.pmon][INFO] 2026-08-30 08:34:29,924: start_process_monitor: ProcessMonitor started
[roslaunch.parent][INFO] 2026-08-30 08:34:29,925: starting parent XML-RPC server
[roslaunch.server][INFO] 2026-08-30 08:34:29,926: starting roslaunch XML-RPC server
[roslaunch.server][INFO] 2026-08-30 08:34:29,927: waiting for roslaunch XML-RPC server to initialize
[xmlrpc][INFO] 2026-08-30 08:34:29,928: XML-RPC server binding to 127.0.0.1:0
[xmlrpc][INFO] 2026-08-30 08:34:29,930: Started XML-RPC server [http://localhost:41567/]
[xmlrpc][INFO] 2026-08-30 08:34:29,931: xml rpc node: starting XML-RPC server
[roslaunch][INFO] 2026-08-30 08:34:29,952: started roslaunch server http://localhost:41567/
[roslaunch.parent][INFO] 2026-08-30 08:34:29,955: ... parent XML-RPC server started
[roslaunch][INFO] 2026-08-30 08:34:29,960: master.is_running[http://localhost:11311]
[roslaunch][INFO] 2026-08-30 08:34:29,981: auto-starting new master
[roslaunch][INFO] 2026-08-30 08:34:29,982: create_master_process: rosmaster, /opt/ros/noetic/share/ros, 11311, 3, None, False
[roslaunch][INFO] 2026-08-30 08:34:29,983: process[master]: launching with args [['rosmaster', '--core', '-p', '11311', '-w', '3']]
[roslaunch.pmon][INFO] 2026-08-30 08:34:29,984: ProcessMonitor.register[master]
[roslaunch.pmon][INFO] 2026-08-30 08:34:29,984: ProcessMonitor.register[master] complete
[roslaunch][INFO] 2026-08-30 08:34:29,984: process[master]: starting os process
[roslaunch][INFO] 2026-08-30 08:34:29,985: process[master]: start w/ args [['rosmaster', '--core', '-p', '11311', '-w', '3', '__log:=/root/.ros/log/9d7f8244-a44d-11f1-a161-1a78306416a9/master.log']]
[roslaunch][INFO] 2026-08-30 08:34:29,985: process[master]: cwd will be [/root/.ros]
[roslaunch][INFO] 2026-08-30 08:34:29,998: process[master]: started with pid [59]
[roslaunch][INFO] 2026-08-30 08:34:30,000: master.is_running[http://localhost:11311]
[roslaunch][INFO] 2026-08-30 08:34:30,105: master.is_running[http://localhost:11311]
[roslaunch][INFO] 2026-08-30 08:34:30,209: master.is_running[http://localhost:11311]
[roslaunch][INFO] 2026-08-30 08:34:30,314: master.is_running[http://localhost:11311]
[roslaunch][INFO] 2026-08-30 08:34:30,419: master.is_running[http://localhost:11311]
[roslaunch][INFO] 2026-08-30 08:34:30,523: master.is_running[http://localhost:11311]
[roslaunch][INFO] 2026-08-30 08:34:30,626: master.is_running[http://localhost:11311]
[roslaunch][INFO] 2026-08-30 08:34:30,730: master.is_running[http://localhost:11311]
[roslaunch][INFO] 2026-08-30 08:34:30,837: master.is_running[http://localhost:11311]
[roslaunch][INFO] 2026-08-30 08:34:30,944: master.is_running[http://localhost:11311]
[roslaunch][INFO] 2026-08-30 08:34:31,124: master.is_running[http://localhost:11311]
[roslaunch][INFO] 2026-08-30 08:34:31,231: master.is_running[http://localhost:11311]
[roslaunch][INFO] 2026-08-30 08:34:31,338: master.is_running[http://localhost:11311]
[roslaunch][INFO] 2026-08-30 08:34:31,442: master.is_running[http://localhost:11311]
[roslaunch][INFO] 2026-08-30 08:34:31,547: master.is_running[http://localhost:11311]
[roslaunch][INFO] 2026-08-30 08:34:31,559: master.is_running[http://localhost:11311]
[roslaunch][INFO] 2026-08-30 08:34:31,565: ROS_MASTER_URI=http://localhost:11311
[roslaunch][INFO] 2026-08-30 08:34:31,568: setting /run_id to 9d7f8244-a44d-11f1-a161-1a78306416a9
[roslaunch][INFO] 2026-08-30 08:34:31,570: setting /roslaunch/uris/host_localhost__41567' to http://localhost:41567/
[roslaunch][INFO] 2026-08-30 08:34:31,576: ... preparing to launch node of type [rosout/rosout]
[roslaunch][INFO] 2026-08-30 08:34:31,576: create_node_process: package[rosout] type[rosout] machine[Machine(name[] env_loader[None] address[localhost] ssh_port[22] user[None] assignable[True] timeout[10.0])] master_uri[http://localhost:11311]
[roslaunch][INFO] 2026-08-30 08:34:31,576: process[rosout-1]: env[{'ROS_VERSION': '1', 'PYTHONUNBUFFERED': '1', 'PKG_CONFIG_PATH': '/root/catkin_ws/devel/lib/pkgconfig:/opt/ros/noetic/lib/pkgconfig', 'ROS_PYTHON_VERSION': '3', 'HOSTNAME': 'kamikaze', 'ROS_PACKAGE_PATH': '/root/catkin_ws/src:/opt/ros/noetic/share', 'ROSLISP_PACKAGE_DIRECTORIES': '/root/catkin_ws/devel/share/common-lisp', 'PWD': '/root/catkin_ws', 'ENABLE_SIMULATION': 'false', 'ROS_IP': '127.0.0.1', 'HOME': '/root', 'LANG': 'C.UTF-8', 'ROS_ETC_DIR': '/opt/ros/noetic/etc/ros', 'CMAKE_PREFIX_PATH': '/root/catkin_ws/devel:/opt/ros/noetic', 'PYTHONPATH': '/root/catkin_ws/devel/lib/python3/dist-packages:/root/catkin_ws/devel/lib/python3/dist-packages:/opt/ros/noetic/lib/python3/dist-packages', 'DISPLAY': ':0', 'SHLVL': '0', 'ROS_MASTER_URI': 'http://localhost:11311', 'ROS_HOSTNAME': 'localhost', 'LD_LIBRARY_PATH': '/root/catkin_ws/devel/lib:/opt/ros/noetic/lib', 'ENABLE_PERFORMANCE_MONITORING': 'true', 'LC_ALL': 'C.UTF-8', 'PATH': '/opt/ros/noetic/bin:/usr/local/sbin:/usr/local/bin:/usr/sbin:/usr/bin:/sbin:/bin', 'DEBIAN_FRONTEND': 'noninteractive', 'ROS_ROOT': '/opt/ros/noetic/share/ros', 'ROS_DISTRO': 'noetic', 'QT_X11_NO_MITSHM': '1', 'ENABLE_GUI': 'false', 'ROS_LOG_FILENAME': '/root/.ros/log/9d7f8244-a44d-11f1-a161-1a78306416a9/roslaunch-kamikaze-1.log'}]
[roslaunch][INFO] 2026-08-30 08:34:31,603: process[rosout-1]: args[['/opt/ros/noetic/lib/rosout/rosout', '__name:=rosout']]
[roslaunch][INFO] 2026-08-30 08:34:31,603: ... created process [rosout-1]
[roslaunch.pmon][INFO] 2026-08-30 08:34:31,603: ProcessMonitor.register[rosout-1]
[roslaunch.pmon][INFO] 2026-08-30 08:34:31,603: ProcessMonitor.register[rosout-1] complete
[roslaunch][INFO] 2026-08-30 08:34:31,604: ... registered process [rosout-1]
[roslaunch][INFO] 2026-08-30 08:34:31,604: process[rosout-1]: starting os process
[roslaunch][INFO] 2026-08-30 08:34:31,604: process[rosout-1]: start w/ args [['/opt/ros/noetic/lib/rosout/rosout', '__name:=rosout', '__log:=/root/.ros/log/9d7f8244-a44d-11f1-a161-1a78306416a9/rosout-1.log']]
[roslaunch][INFO] 2026-08-30 08:34:31,604: process[rosout-1]: cwd will be [/root/.ros]
[roslaunch][INFO] 2026-08-30 08:34:31,612: process[rosout-1]: started with pid [82]
[roslaunch][INFO] 2026-08-30 08:34:31,613: ... successfully launched [rosout-1]
[roslaunch][INFO] 2026-08-30 08:34:31,614: load_parameters starting ...
[roslaunch][INFO] 2026-08-30 08:34:31,771: ... load_parameters complete
[roslaunch][INFO] 2026-08-30 08:34:31,772: launch_nodes: launching local nodes ...
[roslaunch][INFO] 2026-08-30 08:34:31,773: ... preparing to launch node of type [drone_control/parameter_validator.py]
[roslaunch][INFO] 2026-08-30 08:34:31,774: create_node_process: package[drone_control] type[parameter_validator.py] machine[Machine(name[] env_loader[None] address[localhost] ssh_port[22] user[None] assignable[True] timeout[10.0])] master_uri[http://localhost:11311]
[roslaunch][INFO] 2026-08-30 08:34:31,774: process[parameter_validator-2]: env[{'ROS_VERSION': '1', 'PYTHONUNBUFFERED': '1', 'PKG_CONFIG_PATH': '/root/catkin_ws/devel/lib/pkgconfig:/opt/ros/noetic/lib/pkgconfig', 'ROS_PYTHON_VERSION': '3', 'HOSTNAME': 'kamikaze', 'ROS_PACKAGE_PATH': '/root/catkin_ws/src:/opt/ros/noetic/share', 'ROSLISP_PACKAGE_DIRECTORIES': '/root/catkin_ws/devel/share/common-lisp', 'PWD': '/root/catkin_ws', 'ENABLE_SIMULATION': 'false', 'ROS_IP': '127.0.0.1', 'HOME': '/root', 'LANG': 'C.UTF-8', 'ROS_ETC_DIR': '/opt/ros/noetic/etc/ros', 'CMAKE_PREFIX_PATH': '/root/catkin_ws/devel:/opt/ros/noetic', 'PYTHONPATH': '/root/catkin_ws/devel/lib/python3/dist-packages:/root/catkin_ws/devel/lib/python3/dist-packages:/opt/ros/noetic/lib/python3/dist-packages', 'DISPLAY': ':0', 'SHLVL': '0', 'ROS_MASTER_URI': 'http://localhost:11311', 'ROS_HOSTNAME': 'localhost', 'LD_LIBRARY_PATH': '/root/catkin_ws/devel/lib:/opt/ros/noetic/lib', 'ENABLE_PERFORMANCE_MONITORING': 'true', 'LC_ALL': 'C.UTF-8', 'PATH': '/opt/ros/noetic/bin:/usr/local/sbin:/usr/local/bin:/usr/sbin:/usr/bin:/sbin:/bin', 'DEBIAN_FRONTEND': 'noninteractive', 'ROS_ROOT': '/opt/ros/noetic/share/ros', 'ROS_DISTRO': 'noetic', 'QT_X11_NO_MITSHM': '1', 'ENABLE_GUI': 'false', 'ROS_LOG_FILENAME': '/root/.ros/log/9d7f8244-a44d-11f1-a161-1a78306416a9/roslaunch-kamikaze-1.log'}]
[roslaunch][INFO] 2026-08-30 08:34:31,779: process[parameter_validator-2]: args[['/root/catkin_ws/devel/lib/drone_control/parameter_validator.py', '__name:=parameter_validator']]
[roslaunch][INFO] 2026-08-30 08:34:31,780: ... created process [parameter_validator-2]
[roslaunch.pmon][INFO] 2026-08-30 08:34:31,780: ProcessMonitor.register[parameter_validator-2]
[roslaunch.pmon][INFO] 2026-08-30 08:34:31,780: ProcessMonitor.register[parameter_validator-2] complete
[roslaunch][INFO] 2026-08-30 08:34:31,780: ... registered process [parameter_validator-2]
[roslaunch][INFO] 2026-08-30 08:34:31,780: process[parameter_validator-2]: starting os process
[roslaunch][INFO] 2026-08-30 08:34:31,780: process[parameter_validator-2]: start w/ args [['/root/catkin_ws/devel/lib/drone_control/parameter_validator.py', '__name:=parameter_validator', '__log:=/root/.ros/log/9d7f8244-a44d-11f1-a161-1a78306416a9/parameter_validator-2.log']]
[roslaunch][INFO] 2026-08-30 08:34:31,781: process[parameter_validator-2]: cwd will be [/root/.ros]
[roslaunch][INFO] 2026-08-30 08:34:31,789: process[parameter_validator-2]: started with pid [89]
[roslaunch][INFO] 2026-08-30 08:34:31,789: ... successfully launched [parameter_validator-2]
[roslaunch][INFO] 2026-08-30 08:34:31,790: ... preparing to launch node of type [drone_control/command_interpreter.py]
[roslaunch][INFO] 2026-08-30 08:34:31,790: create_node_process: package[drone_control] type[command_interpreter.py] machine[Machine(name[] env_loader[None] address[localhost] ssh_port[22] user[None] assignable[True] timeout[10.0])] master_uri[http://localhost:11311]
[roslaunch][INFO] 2026-08-30 08:34:31,791: process[command_interpreter-3]: env[{'ROS_VERSION': '1', 'PYTHONUNBUFFERED': '1', 'PKG_CONFIG_PATH': '/root/catkin_ws/devel/lib/pkgconfig:/opt/ros/noetic/lib/pkgconfig', 'ROS_PYTHON_VERSION': '3', 'HOSTNAME': 'kamikaze', 'ROS_PACKAGE_PATH': '/root/catkin_ws/src:/opt/ros/noetic/share', 'ROSLISP_PACKAGE_DIRECTORIES': '/root/catkin_ws/devel/share/common-lisp', 'PWD': '/root/catkin_ws', 'ENABLE_SIMULATION': 'false', 'ROS_IP': '127.0.0.1', 'HOME': '/root', 'LANG': 'C.UTF-8', 'ROS_ETC_DIR': '/opt/ros/noetic/etc/ros', 'CMAKE_PREFIX_PATH': '/root/catkin_ws/devel:/opt/ros/noetic', 'PYTHONPATH': '/root/catkin_ws/devel/lib/python3/dist-packages:/root/catkin_ws/devel/lib/python3/dist-packages:/opt/ros/noetic/lib/python3/dist-packages', 'DISPLAY': ':0', 'SHLVL': '0', 'ROS_MASTER_URI': 'http://localhost:11311', 'ROS_HOSTNAME': 'localhost', 'LD_LIBRARY_PATH': '/root/catkin_ws/devel/lib:/opt/ros/noetic/lib', 'ENABLE_PERFORMANCE_MONITORING': 'true', 'LC_ALL': 'C.UTF-8', 'PATH': '/opt/ros/noetic/bin:/usr/local/sbin:/usr/local/bin:/usr/sbin:/usr/bin:/sbin:/bin', 'DEBIAN_FRONTEND': 'noninteractive', 'ROS_ROOT': '/opt/ros/noetic/share/ros', 'ROS_DISTRO': 'noetic', 'QT_X11_NO_MITSHM': '1', 'ENABLE_GUI': 'false', 'ROS_LOG_FILENAME': '/root/.ros/log/9d7f8244-a44d-11f1-a161-1a78306416a9/roslaunch-kamikaze-1.log'}]
[roslaunch][INFO] 2026-08-30 08:34:31,794: process[command_interpreter-3]: args[['/root/catkin_ws/devel/lib/drone_control/command_interpreter.py', '__name:=command_interpreter']]
[roslaunch][INFO] 2026-08-30 08:34:31,795: ... created process [command_interpreter-3]
[roslaunch.pmon][INFO] 2026-08-30 08:34:31,795: ProcessMonitor.register[command_interpreter-3]
[roslaunch.pmon][INFO] 2026-08-30 08:34:31,795: ProcessMonitor.register[command_interpreter-3] complete
[roslaunch][INFO] 2026-08-30 08:34:31,796: ... registered process [command_interpreter-3]
[roslaunch][INFO] 2026-08-30 08:34:31,796: process[command_interpreter-3]: starting os process
[roslaunch][INFO] 2026-08-30 08:34:31,796: process[command_interpreter-3]: start w/ args [['/root/catkin_ws/devel/lib/drone_control/command_interpreter.py', '__name:=command_interpreter', '__log:=/root/.ros/log/9d7f8244-a44d-11f1-a161-1a78306416a9/command_interpreter-3.log']]
[roslaunch][INFO] 2026-08-30 08:34:31,797: process[command_interpreter-3]: cwd will be [/root/.ros]
[roslaunch][INFO] 2026-08-30 08:34:31,805: process[command_interpreter-3]: started with pid [90]
[roslaunch][INFO] 2026-08-30 08:34:31,806: ... successfully launched [command_interpreter-3]
[roslaunch][INFO] 2026-08-30 08:34:31,806: ... preparing to launch node of type [drone_control/mission_manager.py]
[roslaunch][INFO] 2026-08-30 08:34:31,807: create_node_process: package[drone_control] type[mission_manager.py] machine[Machine(name[] env_loader[None] address[localhost] ssh_port[22] user[None] assignable[True] timeout[10.0])] master_uri[http://localhost:11311]
[roslaunch][INFO] 2026-08-30 08:34:31,807: process[mission_manager-4]: env[{'ROS_VERSION': '1', 'PYTHONUNBUFFERED': '1', 'PKG_CONFIG_PATH': '/root/catkin_ws/devel/lib/pkgconfig:/opt/ros/noetic/lib/pkgconfig', 'ROS_PYTHON_VERSION': '3', 'HOSTNAME': 'kamikaze', 'ROS_PACKAGE_PATH': '/root/catkin_ws/src:/opt/ros/noetic/share', 'ROSLISP_PACKAGE_DIRECTORIES': '/root/catkin_ws/devel/share/common-lisp', 'PWD': '/root/catkin_ws', 'ENABLE_SIMULATION': 'false', 'ROS_IP': '127.0.0.1', 'HOME': '/root', 'LANG': 'C.UTF-8', 'ROS_ETC_DIR': '/opt/ros/noetic/etc/ros', 'CMAKE_PREFIX_PATH': '/root/catkin_ws/devel:/opt/ros/noetic', 'PYTHONPATH': '/root/catkin_ws/devel/lib/python3/dist-packages:/root/catkin_ws/devel/lib/python3/dist-packages:/opt/ros/noetic/lib/python3/dist-packages', 'DISPLAY': ':0', 'SHLVL': '0', 'ROS_MASTER_URI': 'http://localhost:11311', 'ROS_HOSTNAME': 'localhost', 'LD_LIBRARY_PATH': '/root/catkin_ws/devel/lib:/opt/ros/noetic/lib', 'ENABLE_PERFORMANCE_MONITORING': 'true', 'LC_ALL': 'C.UTF-8', 'PATH': '/opt/ros/noetic/bin:/usr/local/sbin:/usr/local/bin:/usr/sbin:/usr/bin:/sbin:/bin', 'DEBIAN_FRONTEND': 'noninteractive', 'ROS_ROOT': '/opt/ros/noetic/share/ros', 'ROS_DISTRO': 'noetic', 'QT_X11_NO_MITSHM': '1', 'ENABLE_GUI': 'false', 'ROS_LOG_FILENAME': '/root/.ros/log/9d7f8244-a44d-11f1-a161-1a78306416a9/roslaunch-kamikaze-1.log'}]
[roslaunch][INFO] 2026-08-30 08:34:31,810: process[mission_manager-4]: args[['/root/catkin_ws/devel/lib/drone_control/mission_manager.py', '__name:=mission_manager']]
[roslaunch][INFO] 2026-08-30 08:34:31,810: ... created process [mission_manager-4]
[roslaunch.pmon][INFO] 2026-08-30 08:34:31,811: ProcessMonitor.register[mission_manager-4]
[roslaunch.pmon][INFO] 2026-08-30 08:34:31,811: ProcessMonitor.register[mission_manager-4] complete
[roslaunch][INFO] 2026-08-30 08:34:31,811: ... registered process [mission_manager-4]
[roslaunch][INFO] 2026-08-30 08:34:31,811: process[mission_manager-4]: starting os process
[roslaunch][INFO] 2026-08-30 08:34:31,812: process[mission_manager-4]: start w/ args [['/root/catkin_ws/devel/lib/drone_control/mission_manager.py', '__name:=mission_manager', '__log:=/root/.ros/log/9d7f8244-a44d-11f1-a161-1a78306416a9/mission_manager-4.log']]
[roslaunch][INFO] 2026-08-30 08:34:31,812: process[mission_manager-4]: cwd will be [/root/.ros]
[roslaunch][INFO] 2026-08-30 08:34:31,821: process[mission_manager-4]: started with pid [91]
[roslaunch][INFO] 2026-08-30 08:34:31,821: ... successfully launched [mission_manager-4]
[roslaunch][INFO] 2026-08-30 08:34:31,822: ... preparing to launch node of type [drone_control/camera_calibration.py]
[roslaunch][INFO] 2026-08-30 08:34:31,822: create_node_process: package[drone_control] type[camera_calibration.py] machine[Machine(name[] env_loader[None] address[localhost] ssh_port[22] user[None] assignable[True] timeout[10.0])] master_uri[http://localhost:11311]
[roslaunch][INFO] 2026-08-30 08:34:31,822: process[camera_calibration-5]: env[{'ROS_VERSION': '1', 'PYTHONUNBUFFERED': '1', 'PKG_CONFIG_PATH': '/root/catkin_ws/devel/lib/pkgconfig:/opt/ros/noetic/lib/pkgconfig', 'ROS_PYTHON_VERSION': '3', 'HOSTNAME': 'kamikaze', 'ROS_PACKAGE_PATH': '/root/catkin_ws/src:/opt/ros/noetic/share', 'ROSLISP_PACKAGE_DIRECTORIES': '/root/catkin_ws/devel/share/common-lisp', 'PWD': '/root/catkin_ws', 'ENABLE_SIMULATION': 'false', 'ROS_IP': '127.0.0.1', 'HOME': '/root', 'LANG': 'C.UTF-8', 'ROS_ETC_DIR': '/opt/ros/noetic/etc/ros', 'CMAKE_PREFIX_PATH': '/root/catkin_ws/devel:/opt/ros/noetic', 'PYTHONPATH': '/root/catkin_ws/devel/lib/python3/dist-packages:/root/catkin_ws/devel/lib/python3/dist-packages:/opt/ros/noetic/lib/python3/dist-packages', 'DISPLAY': ':0', 'SHLVL': '0', 'ROS_MASTER_URI': 'http://localhost:11311', 'ROS_HOSTNAME': 'localhost', 'LD_LIBRARY_PATH': '/root/catkin_ws/devel/lib:/opt/ros/noetic/lib', 'ENABLE_PERFORMANCE_MONITORING': 'true', 'LC_ALL': 'C.UTF-8', 'PATH': '/opt/ros/noetic/bin:/usr/local/sbin:/usr/local/bin:/usr/sbin:/usr/bin:/sbin:/bin', 'DEBIAN_FRONTEND': 'noninteractive', 'ROS_ROOT': '/opt/ros/noetic/share/ros', 'ROS_DISTRO': 'noetic', 'QT_X11_NO_MITSHM': '1', 'ENABLE_GUI': 'false', 'ROS_LOG_FILENAME': '/root/.ros/log/9d7f8244-a44d-11f1-a161-1a78306416a9/roslaunch-kamikaze-1.log'}]
[roslaunch][INFO] 2026-08-30 08:34:31,826: process[camera_calibration-5]: args[['/root/catkin_ws/devel/lib/drone_control/camera_calibration.py', '__name:=camera_calibration']]
[roslaunch][INFO] 2026-08-30 08:34:31,827: ... created process [camera_calibration-5]
[roslaunch.pmon][INFO] 2026-08-30 08:34:31,827: ProcessMonitor.register[camera_calibration-5]
[roslaunch.pmon][INFO] 2026-08-30 08:34:31,828: ProcessMonitor.register[camera_calibration-5] complete
[roslaunch][INFO] 2026-08-30 08:34:31,828: ... registered process [camera_calibration-5]
[roslaunch][INFO] 2026-08-30 08:34:31,828: process[camera_calibration-5]: starting os process
[roslaunch][INFO] 2026-08-30 08:34:31,829: process[camera_calibration-5]: start w/ args [['/root/catkin_ws/devel/lib/drone_control/camera_calibration.py', '__name:=camera_calibration', '__log:=/root/.ros/log/9d7f8244-a44d-11f1-a161-1a78306416a9/camera_calibration-5.log']]
[roslaunch][INFO] 2026-08-30 08:34:31,829: process[camera_calibration-5]: cwd will be [/root/.ros]
[roslaunch][INFO] 2026-08-30 08:34:31,838: process[camera_calibration-5]: started with pid [92]
[roslaunch][INFO] 2026-08-30 08:34:31,839: ... successfully launched [camera_calibration-5]
[roslaunch][INFO] 2026-08-30 08:34:31,840: ... preparing to launch node of type [drone_control/yolo_detector.py]
[roslaunch][INFO] 2026-08-30 08:34:31,840: create_node_process: package[drone_control] type[yolo_detector.py] machine[Machine(name[] env_loader[None] address[localhost] ssh_port[22] user[None] assignable[True] timeout[10.0])] master_uri[http://localhost:11311]
[roslaunch][INFO] 2026-08-30 08:34:31,841: process[yolo_detector-6]: env[{'ROS_VERSION': '1', 'PYTHONUNBUFFERED': '1', 'PKG_CONFIG_PATH': '/root/catkin_ws/devel/lib/pkgconfig:/opt/ros/noetic/lib/pkgconfig', 'ROS_PYTHON_VERSION': '3', 'HOSTNAME': 'kamikaze', 'ROS_PACKAGE_PATH': '/root/catkin_ws/src:/opt/ros/noetic/share', 'ROSLISP_PACKAGE_DIRECTORIES': '/root/catkin_ws/devel/share/common-lisp', 'PWD': '/root/catkin_ws', 'ENABLE_SIMULATION': 'false', 'ROS_IP': '127.0.0.1', 'HOME': '/root', 'LANG': 'C.UTF-8', 'ROS_ETC_DIR': '/opt/ros/noetic/etc/ros', 'CMAKE_PREFIX_PATH': '/root/catkin_ws/devel:/opt/ros/noetic', 'PYTHONPATH': '/root/catkin_ws/devel/lib/python3/dist-packages:/root/catkin_ws/devel/lib/python3/dist-packages:/opt/ros/noetic/lib/python3/dist-packages', 'DISPLAY': ':0', 'SHLVL': '0', 'ROS_MASTER_URI': 'http://localhost:11311', 'ROS_HOSTNAME': 'localhost', 'LD_LIBRARY_PATH': '/root/catkin_ws/devel/lib:/opt/ros/noetic/lib', 'ENABLE_PERFORMANCE_MONITORING': 'true', 'LC_ALL': 'C.UTF-8', 'PATH': '/opt/ros/noetic/bin:/usr/local/sbin:/usr/local/bin:/usr/sbin:/usr/bin:/sbin:/bin', 'DEBIAN_FRONTEND': 'noninteractive', 'ROS_ROOT': '/opt/ros/noetic/share/ros', 'ROS_DISTRO': 'noetic', 'QT_X11_NO_MITSHM': '1', 'ENABLE_GUI': 'false', 'ROS_LOG_FILENAME': '/root/.ros/log/9d7f8244-a44d-11f1-a161-1a78306416a9/roslaunch-kamikaze-1.log'}]
[roslaunch][INFO] 2026-08-30 08:34:31,844: process[yolo_detector-6]: args[['/root/catkin_ws/devel/lib/drone_control/yolo_detector.py', '__name:=yolo_detector']]
[roslaunch][INFO] 2026-08-30 08:34:31,844: ... created process [yolo_detector-6]
[roslaunch.pmon][INFO] 2026-08-30 08:34:31,844: ProcessMonitor.register[yolo_detector-6]
[roslaunch.pmon][INFO] 2026-08-30 08:34:31,844: ProcessMonitor.register[yolo_detector-6] complete
[roslaunch][INFO] 2026-08-30 08:34:31,844: ... registered process [yolo_detector-6]
[roslaunch][INFO] 2026-08-30 08:34:31,845: process[yolo_detector-6]: starting os process
[roslaunch][INFO] 2026-08-30 08:34:31,845: process[yolo_detector-6]: start w/ args [['/root/catkin_ws/devel/lib/drone_control/yolo_detector.py', '__name:=yolo_detector', '__log:=/root/.ros/log/9d7f8244-a44d-11f1-a161-1a78306416a9/yolo_detector-6.log']]
[roslaunch][INFO] 2026-08-30 08:34:31,845: process[yolo_detector-6]: cwd will be [/root/.ros]
[roslaunch][INFO] 2026-08-30 08:34:31,853: process[yolo_detector-6]: started with pid [93]
[roslaunch][INFO] 2026-08-30 08:34:31,855: ... successfully launched [yolo_detector-6]
[roslaunch][INFO] 2026-08-30 08:34:31,855: ... preparing to launch node of type [drone_control/sensor_fusion.py]
[roslaunch][INFO] 2026-08-30 08:34:31,856: create_node_process: package[drone_control] type[sensor_fusion.py] machine[Machine(name[] env_loader[None] address[localhost] ssh_port[22] user[None] assignable[True] timeout[10.0])] master_uri[http://localhost:11311]
[roslaunch][INFO] 2026-08-30 08:34:31,856: process[sensor_fusion-7]: env[{'ROS_VERSION': '1', 'PYTHONUNBUFFERED': '1', 'PKG_CONFIG_PATH': '/root/catkin_ws/devel/lib/pkgconfig:/opt/ros/noetic/lib/pkgconfig', 'ROS_PYTHON_VERSION': '3', 'HOSTNAME': 'kamikaze', 'ROS_PACKAGE_PATH': '/root/catkin_ws/src:/opt/ros/noetic/share', 'ROSLISP_PACKAGE_DIRECTORIES': '/root/catkin_ws/devel/share/common-lisp', 'PWD': '/root/catkin_ws', 'ENABLE_SIMULATION': 'false', 'ROS_IP': '127.0.0.1', 'HOME': '/root', 'LANG': 'C.UTF-8', 'ROS_ETC_DIR': '/opt/ros/noetic/etc/ros', 'CMAKE_PREFIX_PATH': '/root/catkin_ws/devel:/opt/ros/noetic', 'PYTHONPATH': '/root/catkin_ws/devel/lib/python3/dist-packages:/root/catkin_ws/devel/lib/python3/dist-packages:/opt/ros/noetic/lib/python3/dist-packages', 'DISPLAY': ':0', 'SHLVL': '0', 'ROS_MASTER_URI': 'http://localhost:11311', 'ROS_HOSTNAME': 'localhost', 'LD_LIBRARY_PATH': '/root/catkin_ws/devel/lib:/opt/ros/noetic/lib', 'ENABLE_PERFORMANCE_MONITORING': 'true', 'LC_ALL': 'C.UTF-8', 'PATH': '/opt/ros/noetic/bin:/usr/local/sbin:/usr/local/bin:/usr/sbin:/usr/bin:/sbin:/bin', 'DEBIAN_FRONTEND': 'noninteractive', 'ROS_ROOT': '/opt/ros/noetic/share/ros', 'ROS_DISTRO': 'noetic', 'QT_X11_NO_MITSHM': '1', 'ENABLE_GUI': 'false', 'ROS_LOG_FILENAME': '/root/.ros/log/9d7f8244-a44d-11f1-a161-1a78306416a9/roslaunch-kamikaze-1.log'}]
[roslaunch][INFO] 2026-08-30 08:34:31,859: process[sensor_fusion-7]: args[['/root/catkin_ws/devel/lib/drone_control/sensor_fusion.py', '__name:=sensor_fusion']]
[roslaunch][INFO] 2026-08-30 08:34:31,860: ... created process [sensor_fusion-7]
[roslaunch.pmon][INFO] 2026-08-30 08:34:31,860: ProcessMonitor.register[sensor_fusion-7]
[roslaunch.pmon][INFO] 2026-08-30 08:34:31,861: ProcessMonitor.register[sensor_fusion-7] complete
[roslaunch][INFO] 2026-08-30 08:34:31,861: ... registered process [sensor_fusion-7]
[roslaunch][INFO] 2026-08-30 08:34:31,861: process[sensor_fusion-7]: starting os process
[roslaunch][INFO] 2026-08-30 08:34:31,861: process[sensor_fusion-7]: start w/ args [['/root/catkin_ws/devel/lib/drone_control/sensor_fusion.py', '__name:=sensor_fusion', '__log:=/root/.ros/log/9d7f8244-a44d-11f1-a161-1a78306416a9/sensor_fusion-7.log']]
[roslaunch][INFO] 2026-08-30 08:34:31,862: process[sensor_fusion-7]: cwd will be [/root/.ros]
[roslaunch][INFO] 2026-08-30 08:34:31,876: process[sensor_fusion-7]: started with pid [94]
[roslaunch][INFO] 2026-08-30 08:34:31,877: ... successfully launched [sensor_fusion-7]
[roslaunch][INFO] 2026-08-30 08:34:31,877: ... preparing to launch node of type [drone_control/target_tracking_controller.py]
[roslaunch][INFO] 2026-08-30 08:34:31,878: create_node_process: package[drone_control] type[target_tracking_controller.py] machine[Machine(name[] env_loader[None] address[localhost] ssh_port[22] user[None] assignable[True] timeout[10.0])] master_uri[http://localhost:11311]
[roslaunch][INFO] 2026-08-30 08:34:31,879: process[target_tracking_controller-8]: env[{'ROS_VERSION': '1', 'PYTHONUNBUFFERED': '1', 'PKG_CONFIG_PATH': '/root/catkin_ws/devel/lib/pkgconfig:/opt/ros/noetic/lib/pkgconfig', 'ROS_PYTHON_VERSION': '3', 'HOSTNAME': 'kamikaze', 'ROS_PACKAGE_PATH': '/root/catkin_ws/src:/opt/ros/noetic/share', 'ROSLISP_PACKAGE_DIRECTORIES': '/root/catkin_ws/devel/share/common-lisp', 'PWD': '/root/catkin_ws', 'ENABLE_SIMULATION': 'false', 'ROS_IP': '127.0.0.1', 'HOME': '/root', 'LANG': 'C.UTF-8', 'ROS_ETC_DIR': '/opt/ros/noetic/etc/ros', 'CMAKE_PREFIX_PATH': '/root/catkin_ws/devel:/opt/ros/noetic', 'PYTHONPATH': '/root/catkin_ws/devel/lib/python3/dist-packages:/root/catkin_ws/devel/lib/python3/dist-packages:/opt/ros/noetic/lib/python3/dist-packages', 'DISPLAY': ':0', 'SHLVL': '0', 'ROS_MASTER_URI': 'http://localhost:11311', 'ROS_HOSTNAME': 'localhost', 'LD_LIBRARY_PATH': '/root/catkin_ws/devel/lib:/opt/ros/noetic/lib', 'ENABLE_PERFORMANCE_MONITORING': 'true', 'LC_ALL': 'C.UTF-8', 'PATH': '/opt/ros/noetic/bin:/usr/local/sbin:/usr/local/bin:/usr/sbin:/usr/bin:/sbin:/bin', 'DEBIAN_FRONTEND': 'noninteractive', 'ROS_ROOT': '/opt/ros/noetic/share/ros', 'ROS_DISTRO': 'noetic', 'QT_X11_NO_MITSHM': '1', 'ENABLE_GUI': 'false', 'ROS_LOG_FILENAME': '/root/.ros/log/9d7f8244-a44d-11f1-a161-1a78306416a9/roslaunch-kamikaze-1.log'}]
[roslaunch][INFO] 2026-08-30 08:34:31,882: process[target_tracking_controller-8]: args[['/root/catkin_ws/devel/lib/drone_control/target_tracking_controller.py', '__name:=target_tracking_controller']]
[roslaunch][INFO] 2026-08-30 08:34:31,883: ... created process [target_tracking_controller-8]
[roslaunch.pmon][INFO] 2026-08-30 08:34:31,883: ProcessMonitor.register[target_tracking_controller-8]
[roslaunch.pmon][INFO] 2026-08-30 08:34:31,883: ProcessMonitor.register[target_tracking_controller-8] complete
[roslaunch][INFO] 2026-08-30 08:34:31,886: ... registered process [target_tracking_controller-8]
[roslaunch][INFO] 2026-08-30 08:34:31,886: process[target_tracking_controller-8]: starting os process
[roslaunch][INFO] 2026-08-30 08:34:31,886: process[target_tracking_controller-8]: start w/ args [['/root/catkin_ws/devel/lib/drone_control/target_tracking_controller.py', '__name:=target_tracking_controller', '__log:=/root/.ros/log/9d7f8244-a44d-11f1-a161-1a78306416a9/target_tracking_controller-8.log']]
[roslaunch][INFO] 2026-08-30 08:34:31,887: process[target_tracking_controller-8]: cwd will be [/root/.ros]
[roslaunch][INFO] 2026-08-30 08:34:31,925: process[target_tracking_controller-8]: started with pid [95]
[roslaunch][INFO] 2026-08-30 08:34:31,926: ... successfully launched [target_tracking_controller-8]
[roslaunch][INFO] 2026-08-30 08:34:31,926: ... preparing to launch node of type [drone_control/vehicle_state_monitor.py]
[roslaunch][INFO] 2026-08-30 08:34:31,926: create_node_process: package[drone_control] type[vehicle_state_monitor.py] machine[Machine(name[] env_loader[None] address[localhost] ssh_port[22] user[None] assignable[True] timeout[10.0])] master_uri[http://localhost:11311]
[roslaunch][INFO] 2026-08-30 08:34:31,927: process[vehicle_state_monitor-9]: env[{'ROS_VERSION': '1', 'PYTHONUNBUFFERED': '1', 'PKG_CONFIG_PATH': '/root/catkin_ws/devel/lib/pkgconfig:/opt/ros/noetic/lib/pkgconfig', 'ROS_PYTHON_VERSION': '3', 'HOSTNAME': 'kamikaze', 'ROS_PACKAGE_PATH': '/root/catkin_ws/src:/opt/ros/noetic/share', 'ROSLISP_PACKAGE_DIRECTORIES': '/root/catkin_ws/devel/share/common-lisp', 'PWD': '/root/catkin_ws', 'ENABLE_SIMULATION': 'false', 'ROS_IP': '127.0.0.1', 'HOME': '/root', 'LANG': 'C.UTF-8', 'ROS_ETC_DIR': '/opt/ros/noetic/etc/ros', 'CMAKE_PREFIX_PATH': '/root/catkin_ws/devel:/opt/ros/noetic', 'PYTHONPATH': '/root/catkin_ws/devel/lib/python3/dist-packages:/root/catkin_ws/devel/lib/python3/dist-packages:/opt/ros/noetic/lib/python3/dist-packages', 'DISPLAY': ':0', 'SHLVL': '0', 'ROS_MASTER_URI': 'http://localhost:11311', 'ROS_HOSTNAME': 'localhost', 'LD_LIBRARY_PATH': '/root/catkin_ws/devel/lib:/opt/ros/noetic/lib', 'ENABLE_PERFORMANCE_MONITORING': 'true', 'LC_ALL': 'C.UTF-8', 'PATH': '/opt/ros/noetic/bin:/usr/local/sbin:/usr/local/bin:/usr/sbin:/usr/bin:/sbin:/bin', 'DEBIAN_FRONTEND': 'noninteractive', 'ROS_ROOT': '/opt/ros/noetic/share/ros', 'ROS_DISTRO': 'noetic', 'QT_X11_NO_MITSHM': '1', 'ENABLE_GUI': 'false', 'ROS_LOG_FILENAME': '/root/.ros/log/9d7f8244-a44d-11f1-a161-1a78306416a9/roslaunch-kamikaze-1.log'}]
[roslaunch][INFO] 2026-08-30 08:34:31,932: process[vehicle_state_monitor-9]: args[['/root/catkin_ws/devel/lib/drone_control/vehicle_state_monitor.py', '__name:=vehicle_state_monitor']]
[roslaunch][INFO] 2026-08-30 08:34:31,933: ... created process [vehicle_state_monitor-9]
[roslaunch.pmon][INFO] 2026-08-30 08:34:31,933: ProcessMonitor.register[vehicle_state_monitor-9]
[roslaunch.pmon][INFO] 2026-08-30 08:34:31,933: ProcessMonitor.register[vehicle_state_monitor-9] complete
[roslaunch][INFO] 2026-08-30 08:34:31,934: ... registered process [vehicle_state_monitor-9]
[roslaunch][INFO] 2026-08-30 08:34:31,934: process[vehicle_state_monitor-9]: starting os process
[roslaunch][INFO] 2026-08-30 08:34:31,934: process[vehicle_state_monitor-9]: start w/ args [['/root/catkin_ws/devel/lib/drone_control/vehicle_state_monitor.py', '__name:=vehicle_state_monitor', '__log:=/root/.ros/log/9d7f8244-a44d-11f1-a161-1a78306416a9/vehicle_state_monitor-9.log']]
[roslaunch][INFO] 2026-08-30 08:34:31,934: process[vehicle_state_monitor-9]: cwd will be [/root/.ros]
[roslaunch][INFO] 2026-08-30 08:34:31,946: process[vehicle_state_monitor-9]: started with pid [96]
[roslaunch][INFO] 2026-08-30 08:34:31,946: ... successfully launched [vehicle_state_monitor-9]
[roslaunch][INFO] 2026-08-30 08:34:31,947: ... preparing to launch node of type [drone_control/safety_monitor.py]
[roslaunch][INFO] 2026-08-30 08:34:31,947: create_node_process: package[drone_control] type[safety_monitor.py] machine[Machine(name[] env_loader[None] address[localhost] ssh_port[22] user[None] assignable[True] timeout[10.0])] master_uri[http://localhost:11311]
[roslaunch][INFO] 2026-08-30 08:34:31,947: process[safety_monitor-10]: env[{'ROS_VERSION': '1', 'PYTHONUNBUFFERED': '1', 'PKG_CONFIG_PATH': '/root/catkin_ws/devel/lib/pkgconfig:/opt/ros/noetic/lib/pkgconfig', 'ROS_PYTHON_VERSION': '3', 'HOSTNAME': 'kamikaze', 'ROS_PACKAGE_PATH': '/root/catkin_ws/src:/opt/ros/noetic/share', 'ROSLISP_PACKAGE_DIRECTORIES': '/root/catkin_ws/devel/share/common-lisp', 'PWD': '/root/catkin_ws', 'ENABLE_SIMULATION': 'false', 'ROS_IP': '127.0.0.1', 'HOME': '/root', 'LANG': 'C.UTF-8', 'ROS_ETC_DIR': '/opt/ros/noetic/etc/ros', 'CMAKE_PREFIX_PATH': '/root/catkin_ws/devel:/opt/ros/noetic', 'PYTHONPATH': '/root/catkin_ws/devel/lib/python3/dist-packages:/root/catkin_ws/devel/lib/python3/dist-packages:/opt/ros/noetic/lib/python3/dist-packages', 'DISPLAY': ':0', 'SHLVL': '0', 'ROS_MASTER_URI': 'http://localhost:11311', 'ROS_HOSTNAME': 'localhost', 'LD_LIBRARY_PATH': '/root/catkin_ws/devel/lib:/opt/ros/noetic/lib', 'ENABLE_PERFORMANCE_MONITORING': 'true', 'LC_ALL': 'C.UTF-8', 'PATH': '/opt/ros/noetic/bin:/usr/local/sbin:/usr/local/bin:/usr/sbin:/usr/bin:/sbin:/bin', 'DEBIAN_FRONTEND': 'noninteractive', 'ROS_ROOT': '/opt/ros/noetic/share/ros', 'ROS_DISTRO': 'noetic', 'QT_X11_NO_MITSHM': '1', 'ENABLE_GUI': 'false', 'ROS_LOG_FILENAME': '/root/.ros/log/9d7f8244-a44d-11f1-a161-1a78306416a9/roslaunch-kamikaze-1.log'}]
[roslaunch][INFO] 2026-08-30 08:34:32,026: process[safety_monitor-10]: args[['/root/catkin_ws/devel/lib/drone_control/safety_monitor.py', '__name:=safety_monitor']]
[roslaunch][INFO] 2026-08-30 08:34:32,027: ... created process [safety_monitor-10]
[roslaunch.pmon][INFO] 2026-08-30 08:34:32,031: ProcessMonitor.register[safety_monitor-10]
[roslaunch.pmon][INFO] 2026-08-30 08:34:32,032: ProcessMonitor.register[safety_monitor-10] complete
[roslaunch][INFO] 2026-08-30 08:34:32,032: ... registered process [safety_monitor-10]
[roslaunch][INFO] 2026-08-30 08:34:32,032: process[safety_monitor-10]: starting os process
[roslaunch][INFO] 2026-08-30 08:34:32,033: process[safety_monitor-10]: start w/ args [['/root/catkin_ws/devel/lib/drone_control/safety_monitor.py', '__name:=safety_monitor', '__log:=/root/.ros/log/9d7f8244-a44d-11f1-a161-1a78306416a9/safety_monitor-10.log']]
[roslaunch][INFO] 2026-08-30 08:34:32,033: process[safety_monitor-10]: cwd will be [/root/.ros]
[roslaunch][INFO] 2026-08-30 08:34:32,067: process[safety_monitor-10]: started with pid [97]
[roslaunch][INFO] 2026-08-30 08:34:32,070: ... successfully launched [safety_monitor-10]
[roslaunch][INFO] 2026-08-30 08:34:32,071: ... preparing to launch node of type [drone_control/system_health_monitor.py]
[roslaunch][INFO] 2026-08-30 08:34:32,071: create_node_process: package[drone_control] type[system_health_monitor.py] machine[Machine(name[] env_loader[None] address[localhost] ssh_port[22] user[None] assignable[True] timeout[10.0])] master_uri[http://localhost:11311]
[roslaunch][INFO] 2026-08-30 08:34:32,071: process[system_health_monitor-11]: env[{'ROS_VERSION': '1', 'PYTHONUNBUFFERED': '1', 'PKG_CONFIG_PATH': '/root/catkin_ws/devel/lib/pkgconfig:/opt/ros/noetic/lib/pkgconfig', 'ROS_PYTHON_VERSION': '3', 'HOSTNAME': 'kamikaze', 'ROS_PACKAGE_PATH': '/root/catkin_ws/src:/opt/ros/noetic/share', 'ROSLISP_PACKAGE_DIRECTORIES': '/root/catkin_ws/devel/share/common-lisp', 'PWD': '/root/catkin_ws', 'ENABLE_SIMULATION': 'false', 'ROS_IP': '127.0.0.1', 'HOME': '/root', 'LANG': 'C.UTF-8', 'ROS_ETC_DIR': '/opt/ros/noetic/etc/ros', 'CMAKE_PREFIX_PATH': '/root/catkin_ws/devel:/opt/ros/noetic', 'PYTHONPATH': '/root/catkin_ws/devel/lib/python3/dist-packages:/root/catkin_ws/devel/lib/python3/dist-packages:/opt/ros/noetic/lib/python3/dist-packages', 'DISPLAY': ':0', 'SHLVL': '0', 'ROS_MASTER_URI': 'http://localhost:11311', 'ROS_HOSTNAME': 'localhost', 'LD_LIBRARY_PATH': '/root/catkin_ws/devel/lib:/opt/ros/noetic/lib', 'ENABLE_PERFORMANCE_MONITORING': 'true', 'LC_ALL': 'C.UTF-8', 'PATH': '/opt/ros/noetic/bin:/usr/local/sbin:/usr/local/bin:/usr/sbin:/usr/bin:/sbin:/bin', 'DEBIAN_FRONTEND': 'noninteractive', 'ROS_ROOT': '/opt/ros/noetic/share/ros', 'ROS_DISTRO': 'noetic', 'QT_X11_NO_MITSHM': '1', 'ENABLE_GUI': 'false', 'ROS_LOG_FILENAME': '/root/.ros/log/9d7f8244-a44d-11f1-a161-1a78306416a9/roslaunch-kamikaze-1.log'}]
[roslaunch][INFO] 2026-08-30 08:34:32,131: process[system_health_monitor-11]: args[['/root/catkin_ws/devel/lib/drone_control/system_health_monitor.py', '__name:=system_health_monitor']]
[roslaunch][INFO] 2026-08-30 08:34:32,132: ... created process [system_health_monitor-11]
[roslaunch.pmon][INFO] 2026-08-30 08:34:32,132: ProcessMonitor.register[system_health_monitor-11]
[roslaunch.pmon][INFO] 2026-08-30 08:34:32,132: ProcessMonitor.register[system_health_monitor-11] complete
[roslaunch][INFO] 2026-08-30 08:34:32,132: ... registered process [system_health_monitor-11]
[roslaunch][INFO] 2026-08-30 08:34:32,132: process[system_health_monitor-11]: starting os process
[roslaunch][INFO] 2026-08-30 08:34:32,136: process[system_health_monitor-11]: start w/ args [['/root/catkin_ws/devel/lib/drone_control/system_health_monitor.py', '__name:=system_health_monitor', '__log:=/root/.ros/log/9d7f8244-a44d-11f1-a161-1a78306416a9/system_health_monitor-11.log']]
[roslaunch][INFO] 2026-08-30 08:34:32,136: process[system_health_monitor-11]: cwd will be [/root/.ros]
[roslaunch][INFO] 2026-08-30 08:34:32,156: process[system_health_monitor-11]: started with pid [98]
[roslaunch][INFO] 2026-08-30 08:34:32,157: ... successfully launched [system_health_monitor-11]
[roslaunch][INFO] 2026-08-30 08:34:32,158: ... preparing to launch node of type [drone_control/health_checker.py]
[roslaunch][INFO] 2026-08-30 08:34:32,158: create_node_process: package[drone_control] type[health_checker.py] machine[Machine(name[] env_loader[None] address[localhost] ssh_port[22] user[None] assignable[True] timeout[10.0])] master_uri[http://localhost:11311]
[roslaunch][INFO] 2026-08-30 08:34:32,158: process[health_checker-12]: env[{'ROS_VERSION': '1', 'PYTHONUNBUFFERED': '1', 'PKG_CONFIG_PATH': '/root/catkin_ws/devel/lib/pkgconfig:/opt/ros/noetic/lib/pkgconfig', 'ROS_PYTHON_VERSION': '3', 'HOSTNAME': 'kamikaze', 'ROS_PACKAGE_PATH': '/root/catkin_ws/src:/opt/ros/noetic/share', 'ROSLISP_PACKAGE_DIRECTORIES': '/root/catkin_ws/devel/share/common-lisp', 'PWD': '/root/catkin_ws', 'ENABLE_SIMULATION': 'false', 'ROS_IP': '127.0.0.1', 'HOME': '/root', 'LANG': 'C.UTF-8', 'ROS_ETC_DIR': '/opt/ros/noetic/etc/ros', 'CMAKE_PREFIX_PATH': '/root/catkin_ws/devel:/opt/ros/noetic', 'PYTHONPATH': '/root/catkin_ws/devel/lib/python3/dist-packages:/root/catkin_ws/devel/lib/python3/dist-packages:/opt/ros/noetic/lib/python3/dist-packages', 'DISPLAY': ':0', 'SHLVL': '0', 'ROS_MASTER_URI': 'http://localhost:11311', 'ROS_HOSTNAME': 'localhost', 'LD_LIBRARY_PATH': '/root/catkin_ws/devel/lib:/opt/ros/noetic/lib', 'ENABLE_PERFORMANCE_MONITORING': 'true', 'LC_ALL': 'C.UTF-8', 'PATH': '/opt/ros/noetic/bin:/usr/local/sbin:/usr/local/bin:/usr/sbin:/usr/bin:/sbin:/bin', 'DEBIAN_FRONTEND': 'noninteractive', 'ROS_ROOT': '/opt/ros/noetic/share/ros', 'ROS_DISTRO': 'noetic', 'QT_X11_NO_MITSHM': '1', 'ENABLE_GUI': 'false', 'ROS_LOG_FILENAME': '/root/.ros/log/9d7f8244-a44d-11f1-a161-1a78306416a9/roslaunch-kamikaze-1.log'}]
[roslaunch][INFO] 2026-08-30 08:34:32,164: process[health_checker-12]: args[['/root/catkin_ws/devel/lib/drone_control/health_checker.py', '__name:=health_checker']]
[roslaunch][INFO] 2026-08-30 08:34:32,164: ... created process [health_checker-12]
[roslaunch.pmon][INFO] 2026-08-30 08:34:32,165: ProcessMonitor.register[health_checker-12]
[roslaunch.pmon][INFO] 2026-08-30 08:34:32,165: ProcessMonitor.register[health_checker-12] complete
[roslaunch][INFO] 2026-08-30 08:34:32,165: ... registered process [health_checker-12]
[roslaunch][INFO] 2026-08-30 08:34:32,172: process[health_checker-12]: starting os process
[roslaunch][INFO] 2026-08-30 08:34:32,173: process[health_checker-12]: start w/ args [['/root/catkin_ws/devel/lib/drone_control/health_checker.py', '__name:=health_checker', '__log:=/root/.ros/log/9d7f8244-a44d-11f1-a161-1a78306416a9/health_checker-12.log']]
[roslaunch][INFO] 2026-08-30 08:34:32,178: process[health_checker-12]: cwd will be [/root/.ros]
[roslaunch][INFO] 2026-08-30 08:34:32,255: process[health_checker-12]: started with pid [99]
[roslaunch][INFO] 2026-08-30 08:34:32,257: ... successfully launched [health_checker-12]
[roslaunch][INFO] 2026-08-30 08:34:32,257: ... launch_nodes complete
[roslaunch.pmon][INFO] 2026-08-30 08:34:32,257: registrations completed <ProcessMonitor(ProcessMonitor-1, started daemon 140737361721088)>
[roslaunch.parent][INFO] 2026-08-30 08:34:32,257: ... roslaunch parent running, waiting for process exit
[roslaunch][INFO] 2026-08-30 08:34:32,257: spin
[roslaunch.pmon][INFO] 2026-08-30 08:37:32,127: ProcessMonitor.shutdown <ProcessMonitor(ProcessMonitor-1, started daemon 140737361721088)>
[roslaunch.pmon][INFO] 2026-08-30 08:37:32,145: ProcessMonitor._post_run <ProcessMonitor(ProcessMonitor-1, started daemon 140737361721088)>
[roslaunch.pmon][INFO] 2026-08-30 08:37:32,146: ProcessMonitor._post_run <ProcessMonitor(ProcessMonitor-1, started daemon 140737361721088)>: remaining procs are [<roslaunch.nodeprocess.LocalProcess object at 0x7ffffb734dc0>, <roslaunch.nodeprocess.LocalProcess object at 0x7ffffb734b20>, <roslaunch.nodeprocess.LocalProcess object at 0x7fffe95bbac0>, <roslaunch.nodeprocess.LocalProcess object at 0x7ffffb7348b0>, <roslaunch.nodeprocess.LocalProcess object at 0x7ffffb734c10>, <roslaunch.nodeprocess.LocalProcess object at 0x7ffffb734d60>, <roslaunch.nodeprocess.LocalProcess object at 0x7ffffb6cd5e0>, <roslaunch.nodeprocess.LocalProcess object at 0x7ffffb6cdd00>, <roslaunch.nodeprocess.LocalProcess object at 0x7ffffb6cd6d0>, <roslaunch.nodeprocess.LocalProcess object at 0x7ffffb6cd820>, <roslaunch.nodeprocess.LocalProcess object at 0x7ffffb6cda30>, <roslaunch.nodeprocess.LocalProcess object at 0x7ffffb6cdf10>, <roslaunch.nodeprocess.LocalProcess object at 0x7ffffb6cdca0>]
[roslaunch.pmon][INFO] 2026-08-30 08:37:32,146: ProcessMonitor exit: killing health_checker-12
[roslaunch.pmon][INFO] 2026-08-30 08:37:32,147: ProcessMonitor exit: killing system_health_monitor-11
[roslaunch][INFO] 2026-08-30 08:37:32,147: [health_checker-12] killing on exit
[roslaunch.pmon][INFO] 2026-08-30 08:37:32,147: ProcessMonitor exit: killing safety_monitor-10
[roslaunch][INFO] 2026-08-30 08:37:32,147: [system_health_monitor-11] killing on exit
[roslaunch.pmon][INFO] 2026-08-30 08:37:32,147: ProcessMonitor exit: killing vehicle_state_monitor-9
[roslaunch.pmon][INFO] 2026-08-30 08:37:32,148: ProcessMonitor exit: killing target_tracking_controller-8
[roslaunch][INFO] 2026-08-30 08:37:32,148: process[health_checker-12]: killing os process with pid[99] pgid[99]
[roslaunch][INFO] 2026-08-30 08:37:32,148: [safety_monitor-10] killing on exit
[roslaunch.pmon][INFO] 2026-08-30 08:37:32,149: ProcessMonitor exit: killing sensor_fusion-7
[roslaunch][INFO] 2026-08-30 08:37:32,149: process[system_health_monitor-11]: killing os process with pid[98] pgid[98]
[roslaunch][INFO] 2026-08-30 08:37:32,150: [system_health_monitor-11] sending SIGINT to pgid [98]
[roslaunch][INFO] 2026-08-30 08:37:32,151: [system_health_monitor-11] sent SIGINT to pgid [98]
[roslaunch][INFO] 2026-08-30 08:37:32,149: [vehicle_state_monitor-9] killing on exit
[roslaunch.pmon][INFO] 2026-08-30 08:37:32,149: ProcessMonitor exit: killing yolo_detector-6
[roslaunch.pmon][INFO] 2026-08-30 08:37:32,150: ProcessMonitor exit: killing camera_calibration-5
[roslaunch][INFO] 2026-08-30 08:37:32,150: process[safety_monitor-10]: killing os process with pid[97] pgid[97]
[roslaunch][INFO] 2026-08-30 08:37:32,151: [safety_monitor-10] sending SIGINT to pgid [97]
[roslaunch][INFO] 2026-08-30 08:37:32,151: [safety_monitor-10] sent SIGINT to pgid [97]
[roslaunch][INFO] 2026-08-30 08:37:32,150: [sensor_fusion-7] killing on exit
[roslaunch][INFO] 2026-08-30 08:37:32,149: [health_checker-12] sending SIGINT to pgid [99]
[roslaunch][INFO] 2026-08-30 08:37:32,149: [target_tracking_controller-8] killing on exit
[roslaunch][INFO] 2026-08-30 08:37:32,151: process[vehicle_state_monitor-9]: killing os process with pid[96] pgid[96]
[roslaunch][INFO] 2026-08-30 08:37:32,152: [vehicle_state_monitor-9] sending SIGINT to pgid [96]
[roslaunch][INFO] 2026-08-30 08:37:32,152: [vehicle_state_monitor-9] sent SIGINT to pgid [96]
[roslaunch.pmon][INFO] 2026-08-30 08:37:32,150: ProcessMonitor exit: killing mission_manager-4
[roslaunch.pmon][INFO] 2026-08-30 08:37:32,150: ProcessMonitor exit: killing command_interpreter-3
[roslaunch][INFO] 2026-08-30 08:37:32,152: process[sensor_fusion-7]: killing os process with pid[94] pgid[94]
[roslaunch][INFO] 2026-08-30 08:37:32,152: [health_checker-12] sent SIGINT to pgid [99]
[roslaunch][INFO] 2026-08-30 08:37:32,151: [camera_calibration-5] killing on exit
[roslaunch][INFO] 2026-08-30 08:37:32,151: [yolo_detector-6] killing on exit
[roslaunch][INFO] 2026-08-30 08:37:32,153: process[target_tracking_controller-8]: killing os process with pid[95] pgid[95]
[roslaunch][INFO] 2026-08-30 08:37:32,154: [mission_manager-4] killing on exit
[roslaunch][INFO] 2026-08-30 08:37:32,155: process[mission_manager-4]: killing os process with pid[91] pgid[91]
[roslaunch][INFO] 2026-08-30 08:37:32,155: [sensor_fusion-7] sending SIGINT to pgid [94]
[roslaunch][INFO] 2026-08-30 08:37:32,155: process[yolo_detector-6]: killing os process with pid[93] pgid[93]
[roslaunch][INFO] 2026-08-30 08:37:32,155: process[camera_calibration-5]: killing os process with pid[92] pgid[92]
[roslaunch][INFO] 2026-08-30 08:37:32,155: [target_tracking_controller-8] sending SIGINT to pgid [95]
[roslaunch][INFO] 2026-08-30 08:37:32,156: [target_tracking_controller-8] sent SIGINT to pgid [95]
[roslaunch][INFO] 2026-08-30 08:37:32,154: [command_interpreter-3] killing on exit
[roslaunch][INFO] 2026-08-30 08:37:32,156: [sensor_fusion-7] sent SIGINT to pgid [94]
[roslaunch][INFO] 2026-08-30 08:37:32,156: [camera_calibration-5] sending SIGINT to pgid [92]
[roslaunch][INFO] 2026-08-30 08:37:32,158: [camera_calibration-5] sent SIGINT to pgid [92]
[roslaunch][INFO] 2026-08-30 08:37:32,155: [mission_manager-4] sending SIGINT to pgid [91]
[roslaunch][INFO] 2026-08-30 08:37:32,158: process[command_interpreter-3]: killing os process with pid[90] pgid[90]
[roslaunch][INFO] 2026-08-30 08:37:32,159: [command_interpreter-3] sending SIGINT to pgid [90]
[roslaunch][INFO] 2026-08-30 08:37:32,159: [command_interpreter-3] sent SIGINT to pgid [90]
[roslaunch][INFO] 2026-08-30 08:37:32,156: [yolo_detector-6] sending SIGINT to pgid [93]
[roslaunch][INFO] 2026-08-30 08:37:32,159: [yolo_detector-6] sent SIGINT to pgid [93]
[roslaunch][INFO] 2026-08-30 08:37:32,159: [mission_manager-4] sent SIGINT to pgid [91]
[roslaunch][INFO] 2026-08-30 08:37:33,054: process[system_health_monitor-11]: SIGINT killed with return value 0
[roslaunch.pmon][INFO] 2026-08-30 08:37:33,055: ProcessMonitor exit: killing parameter_validator-2
[roslaunch][INFO] 2026-08-30 08:37:33,055: [parameter_validator-2] killing on exit
[roslaunch][INFO] 2026-08-30 08:37:33,056: process[vehicle_state_monitor-9]: SIGINT killed with return value 0
[roslaunch][INFO] 2026-08-30 08:37:33,056: process[parameter_validator-2]: killing os process with pid[89] pgid[89]
[roslaunch][INFO] 2026-08-30 08:37:33,060: [parameter_validator-2] sending SIGINT to pgid [89]
[roslaunch][INFO] 2026-08-30 08:37:33,060: [parameter_validator-2] sent SIGINT to pgid [89]
[roslaunch][INFO] 2026-08-30 08:37:33,065: process[mission_manager-4]: SIGINT killed with return value 0
[roslaunch][INFO] 2026-08-30 08:37:33,066: process[sensor_fusion-7]: SIGINT killed with return value 0
[roslaunch][INFO] 2026-08-30 08:37:33,067: process[command_interpreter-3]: SIGINT killed with return value 0
[roslaunch][INFO] 2026-08-30 08:37:33,067: process[health_checker-12]: SIGINT killed with return value 0
[roslaunch][INFO] 2026-08-30 08:37:33,067: process[camera_calibration-5]: SIGINT killed with return value 0
[roslaunch][INFO] 2026-08-30 08:37:33,068: process[safety_monitor-10]: SIGINT killed with return value 0
[roslaunch][INFO] 2026-08-30 08:37:33,176: process[target_tracking_controller-8]: SIGINT killed with return value 0
[roslaunch][INFO] 2026-08-30 08:37:33,586: process[yolo_detector-6]: SIGINT killed with return value 0
[roslaunch][INFO] 2026-08-30 08:37:33,771: process[parameter_validator-2]: SIGINT killed with return value 0
[roslaunch.pmon][INFO] 2026-08-30 08:37:33,771: ProcessMonitor exit: killing rosout-1
[roslaunch][INFO] 2026-08-30 08:37:33,771: [rosout-1] killing on exit
[roslaunch][INFO] 2026-08-30 08:37:33,772: process[rosout-1]: killing os process with pid[82] pgid[82]
[roslaunch][INFO] 2026-08-30 08:37:33,772: [rosout-1] sending SIGINT to pgid [82]
[roslaunch][INFO] 2026-08-30 08:37:33,772: [rosout-1] sent SIGINT to pgid [82]
[roslaunch][INFO] 2026-08-30 08:37:33,973: process[rosout-1]: SIGINT killed with return value 0
[roslaunch.pmon][INFO] 2026-08-30 08:37:33,974: ProcessMonitor exit: killing master
[roslaunch][INFO] 2026-08-30 08:37:33,974: [master] killing on exit
[roslaunch][INFO] 2026-08-30 08:37:33,974: process[master]: killing os process with pid[59] pgid[59]
[roslaunch][INFO] 2026-08-30 08:37:33,974: [master] sending SIGINT to pgid [59]
[roslaunch][INFO] 2026-08-30 08:37:33,974: [master] sent SIGINT to pgid [59]
[roslaunch][INFO] 2026-08-30 08:37:34,184: process[master]: SIGINT killed with return value 0
[roslaunch.pmon][INFO] 2026-08-30 08:37:34,184: ProcessMonitor exit: cleaning up data structures and signals
[roslaunch.pmon][INFO] 2026-08-30 08:37:34,185: ProcessMonitor exit: pmon has shutdown
[roslaunch][INFO] 2026-08-30 08:37:34,185: process monitor is done spinning, initiating full shutdown
[roslaunch][INFO] 2026-08-30 08:37:34,185: runner.stop()
[roslaunch][INFO] 2026-08-30 08:37:34,185: shutting down processing monitor...
[roslaunch][INFO] 2026-08-30 08:37:34,185: shutting down processing monitor <ProcessMonitor(ProcessMonitor-1, stopped daemon 140737361721088)>
[roslaunch.pmon][INFO] 2026-08-30 08:37:34,185: ProcessMonitor.shutdown <ProcessMonitor(ProcessMonitor-1, stopped daemon 140737361721088)>
[roslaunch][INFO] 2026-08-30 08:37:34,185: ... shutting down processing monitor complete
[roslaunch][INFO] 2026-08-30 08:37:34,186: done
[roslaunch.pmon][INFO] 2026-08-30 08:37:34,186: ProcessMonitor.shutdown <ProcessMonitor(ProcessMonitor-1, stopped daemon 140737361721088)>
[rospy.core][INFO] 2026-08-30 08:37:34,186: signal_shutdown [atexit]
