

1788078871.781536068  Node Startup
1788078874.872022628 INFO /parameter_validator [parameter_validator.py:358(ParameterValidator.validate_all_parameters)] [topics: /rosout] All parameters validated successfully
1788078874.930756807 INFO /parameter_validator [parameter_validator.py:65(ParameterValidator.__init__)] [topics: /rosout] Parameter validator initialized successfully
1788078876.070397853 INFO /sensor_fusion [sensor_fusion.py:40(SensorFusion.__init__)] [topics: /rosout, /sensor_fusion/node_health, /mavros/local_position/pose, /mavros/global_position/global, /mavros/imu/data] Sensor Fusion initialized
1788078876.039544105 INFO /camera_calibration [camera_calibration.py:29(CameraCalibration.__init__)] [topics: /tf, /rosout, /camera/camera_info] Camera calibration node started
1788078876.290841579 INFO /safety_monitor [safety_monitor.py:78(SafetyMonitor.__init__)] [topics: /mavros/local_position/velocity, /safety_monitor/node_health, /mavros/state, /safety_status, /rosout, /mavros/local_position/pose, /emergency_triggered] Health publisher: /safety_monitor/node_health
1788078876.181156635 INFO /command_interpreter [command_interpreter.py:65(CommandInterpreter.__init__)] [topics: /rosout, /drone_control/command, /command_interpreter/node_health, /drone_control/command_response] Command Interpreter initialized
1788078876.364589214 INFO /mission_manager [mission_manager.py:115(MissionManager.__init__)] [topics: /rosout, /tracked_targets, /mission_status, /mission_manager/node_health, /drone_control/command, /safety_status] Mission Manager initialized
1788078876.457475423 INFO /system_health_monitor [system_health_monitor.py:77(SystemHealthMonitor.__init__)] [topics: /system_health, /system_alert, /rosout, /performance_metrics, /diagnostic_status, /health/check_all] System Health Monitor initialized
1788078876.623839378 INFO /vehicle_state_monitor [vehicle_state_monitor.py:83(VehicleStateMonitor.__init__)] [topics: /battery_percentage, /drone_status, /vehicle_state_monitor/node_health, /mavros/state, /rosout, /mavros/battery, /mavros/local_position/velocity, /diagnostic_status] Vehicle State Monitor started
1788078876.697583675 INFO /health_checker [health_checker.py:58(HealthChecker.__init__)] [topics: /command_interpreter/node_health, /safety_monitor/node_health, /vehicle_state_monitor/node_health, /system_health, /mission_manager/node_health, /rosout, /target_tracking_controller/node_health, /yolo_detector/node_health] Health Checker initialized
1788078879.368621349 WARN /target_tracking_controller [target_tracking_controller.py:103(TargetTrackingController.__init__)] [topics: /detected_objects, /target_tracking_controller/node_health, /mavros/local_position/odom, /tracked_targets, /mission_status, /mavros/state, /mavros/setpoint_raw/local, /mavros/setpoint_velocity/cmd_vel_unstamped, /rosout] MAVROS set_mode service not available: timeout exceeded while waiting for service /mavros/set_mode
1788078880.214066028 INFO /yolo_detector [yolo_detector.py:97(YOLODetector.__init__)] [topics: /drone_control/command, /mission_status, /command_response, /yolo_detector/node_health, /detected_objects, /rosout, /camera/color/image_raw] Vehicle classes: [2, 3, 5, 6, 7]
1788078881.497192859 WARN /target_tracking_controller [target_tracking_controller.py:110(TargetTrackingController.__init__)] [topics: /detected_objects, /target_tracking_controller/node_health, /mavros/local_position/odom, /tracked_targets, /mission_status, /mavros/state, /mavros/setpoint_raw/local, /mavros/setpoint_velocity/cmd_vel_unstamped, /rosout] MAVROS arming service not available: timeout exceeded while waiting for service /mavros/cmd/arming
1788078881.502569437 INFO /target_tracking_controller [target_tracking_controller.py:126(TargetTrackingController.__init__)] [topics: /detected_objects, /target_tracking_controller/node_health, /mavros/local_position/odom, /tracked_targets, /mission_status, /mavros/state, /mavros/setpoint_raw/local, /mavros/setpoint_velocity/cmd_vel_unstamped, /rosout] Target Tracking Controller started in SEARCHING mode
1788078881.701245069 WARN /health_checker [health_checker.py:90(HealthChecker._check_health)] [topics: /command_interpreter/node_health, /safety_monitor/node_health, /vehicle_state_monitor/node_health, /system_health, /mission_manager/node_health, /rosout, /target_tracking_controller/node_health, /yolo_detector/node_health] Unhealthy nodes: 1
1788078881.704832792 WARN /health_checker [health_checker.py:92(HealthChecker._check_health)] [topics: /command_interpreter/node_health, /safety_monitor/node_health, /vehicle_state_monitor/node_health, /system_health, /mission_manager/node_health, /rosout, /target_tracking_controller/node_health, /yolo_detector/node_health]   target_tracking_controller: No health report
1788078904.401480913 INFO /performance_monitor [performance_monitor.py:100(PerformanceMonitor.__init__)] [topics: /diagnostic_status, /performance/benchmark_results, /performance/metrics, /performance/alert, /performance/benchmark, /performance/command, /rosout] Performance Monitor initialized
1788078906.412125587 INFO /performance_monitor [performance_monitor.py:113(PerformanceMonitor.start_monitoring)] [topics: /diagnostic_status, /performance/benchmark_results, /performance/metrics, /performance/alert, /performance/benchmark, /performance/command, /rosout] Performance monitoring started
1788078908.411340951 INFO /performance_monitor [performance_monitor.py:113(PerformanceMonitor.start_monitoring)] [topics: /diagnostic_status, /performance/benchmark_results, /performance/metrics, /performance/alert, /performance/benchmark, /performance/command, /rosout] Performance monitoring started
1788078910.414435625 INFO /performance_monitor [performance_monitor.py:113(PerformanceMonitor.start_monitoring)] [topics: /diagnostic_status, /performance/benchmark_results, /performance/metrics, /performance/alert, /performance/benchmark, /performance/command, /rosout] Performance monitoring started
1788078911.420943498 INFO /performance_monitor [performance_monitor.py:368(PerformanceMonitor.benchmark_fps)] [topics: /diagnostic_status, /performance/benchmark_results, /performance/metrics, /performance/alert, /performance/benchmark, /performance/command, /rosout] Running FPS benchmark...
1788078912.408407211 INFO /performance_monitor [performance_monitor.py:113(PerformanceMonitor.start_monitoring)] [topics: /diagnostic_status, /performance/benchmark_results, /performance/metrics, /performance/alert, /performance/benchmark, /performance/command, /rosout] Performance monitoring started
1788078913.418539285 INFO /performance_monitor [performance_monitor.py:368(PerformanceMonitor.benchmark_fps)] [topics: /diagnostic_status, /performance/benchmark_results, /performance/metrics, /performance/alert, /performance/benchmark, /performance/command, /rosout] Running FPS benchmark...
1788078914.409176826 INFO /performance_monitor [performance_monitor.py:113(PerformanceMonitor.start_monitoring)] [topics: /diagnostic_status, /performance/benchmark_results, /performance/metrics, /performance/alert, /performance/benchmark, /performance/command, /rosout] Performance monitoring started
1788078915.420135498 INFO /performance_monitor [performance_monitor.py:368(PerformanceMonitor.benchmark_fps)] [topics: /diagnostic_status, /performance/benchmark_results, /performance/metrics, /performance/alert, /performance/benchmark, /performance/command, /rosout] Running FPS benchmark...
1788078916.407018899 INFO /performance_monitor [performance_monitor.py:113(PerformanceMonitor.start_monitoring)] [topics: /diagnostic_status, /performance/benchmark_results, /performance/metrics, /performance/alert, /performance/benchmark, /performance/command, /rosout] Performance monitoring started
1788078916.426105737 INFO /performance_monitor [performance_monitor.py:401(PerformanceMonitor.benchmark_cpu)] [topics: /diagnostic_status, /performance/benchmark_results, /performance/metrics, /performance/alert, /performance/benchmark, /performance/command, /rosout] Running CPU benchmark...
1788078917.417493104 INFO /performance_monitor [performance_monitor.py:368(PerformanceMonitor.benchmark_fps)] [topics: /diagnostic_status, /performance/benchmark_results, /performance/metrics, /performance/alert, /performance/benchmark, /performance/command, /rosout] Running FPS benchmark...
1788078917.660503864 INFO /performance_monitor [performance_monitor.py:425(PerformanceMonitor.benchmark_memory)] [topics: /diagnostic_status, /performance/benchmark_results, /performance/metrics, /performance/alert, /performance/benchmark, /performance/command, /rosout] Running memory benchmark...
1788078918.400574922 INFO /performance_monitor [performance_monitor.py:461(PerformanceMonitor.benchmark_network)] [topics: /diagnostic_status, /performance/benchmark_results, /performance/metrics, /performance/alert, /performance/benchmark, /performance/command, /rosout] Running network benchmark...
1788078918.404124736 INFO /performance_monitor [performance_monitor.py:113(PerformanceMonitor.start_monitoring)] [topics: /diagnostic_status, /performance/benchmark_results, /performance/metrics, /performance/alert, /performance/benchmark, /performance/command, /rosout] Performance monitoring started
1788078918.420712709 INFO /performance_monitor [performance_monitor.py:401(PerformanceMonitor.benchmark_cpu)] [topics: /diagnostic_status, /performance/benchmark_results, /performance/metrics, /performance/alert, /performance/benchmark, /performance/command, /rosout] Running CPU benchmark...
1788078919.426203727 INFO /performance_monitor [performance_monitor.py:368(PerformanceMonitor.benchmark_fps)] [topics: /diagnostic_status, /performance/benchmark_results, /performance/metrics, /performance/alert, /performance/benchmark, /performance/command, /rosout] Running FPS benchmark...
1788078919.676685333 INFO /performance_monitor [performance_monitor.py:425(PerformanceMonitor.benchmark_memory)] [topics: /diagnostic_status, /performance/benchmark_results, /performance/metrics, /performance/alert, /performance/benchmark, /performance/command, /rosout] Running memory benchmark...
1788078920.383603572 INFO /performance_monitor [performance_monitor.py:461(PerformanceMonitor.benchmark_network)] [topics: /diagnostic_status, /performance/benchmark_results, /performance/metrics, /performance/alert, /performance/benchmark, /performance/command, /rosout] Running network benchmark...
1788078920.409895896 INFO /performance_monitor [performance_monitor.py:113(PerformanceMonitor.start_monitoring)] [topics: /diagnostic_status, /performance/benchmark_results, /performance/metrics, /performance/alert, /performance/benchmark, /performance/command, /rosout] Performance monitoring started
1788078920.424248456 INFO /performance_monitor [performance_monitor.py:401(PerformanceMonitor.benchmark_cpu)] [topics: /diagnostic_status, /performance/benchmark_results, /performance/metrics, /performance/alert, /performance/benchmark, /performance/command, /rosout] Running CPU benchmark...
1788078920.970405101 INFO /performance_monitor [performance_monitor.py:507(PerformanceMonitor.benchmark_application)] [topics: /diagnostic_status, /performance/benchmark_results, /performance/metrics, /performance/alert, /performance/benchmark, /performance/command, /rosout] Running application benchmark...
1788078921.087955951 INFO /performance_monitor [performance_monitor.py:360(PerformanceMonitor.run_benchmark)] [topics: /diagnostic_status, /performance/benchmark_results, /performance/metrics, /performance/alert, /performance/benchmark, /performance/command, /rosout] Benchmark completed with overall score: 0.62
1788078921.127847433 INFO /performance_monitor [performance_monitor.py:368(PerformanceMonitor.benchmark_fps)] [topics: /diagnostic_status, /performance/benchmark_results, /performance/metrics, /performance/alert, /performance/benchmark, /performance/command, /rosout] Running FPS benchmark...
1788078921.426634073 INFO /performance_monitor [performance_monitor.py:368(PerformanceMonitor.benchmark_fps)] [topics: /diagnostic_status, /performance/benchmark_results, /performance/metrics, /performance/alert, /performance/benchmark, /performance/command, /rosout] Running FPS benchmark...
1788078921.769752740 INFO /performance_monitor [performance_monitor.py:425(PerformanceMonitor.benchmark_memory)] [topics: /diagnostic_status, /performance/benchmark_results, /performance/metrics, /performance/alert, /performance/benchmark, /performance/command, /rosout] Running memory benchmark...
1788078922.428912162 INFO /performance_monitor [performance_monitor.py:401(PerformanceMonitor.benchmark_cpu)] [topics: /diagnostic_status, /performance/benchmark_results, /performance/metrics, /performance/alert, /performance/benchmark, /performance/command, /rosout] Running CPU benchmark...
1788078922.451531887 INFO /performance_monitor [performance_monitor.py:113(PerformanceMonitor.start_monitoring)] [topics: /diagnostic_status, /performance/benchmark_results, /performance/metrics, /performance/alert, /performance/benchmark, /performance/command, /rosout] Performance monitoring started
1788078922.577043533 INFO /performance_monitor [performance_monitor.py:461(PerformanceMonitor.benchmark_network)] [topics: /diagnostic_status, /performance/benchmark_results, /performance/metrics, /performance/alert, /performance/benchmark, /performance/command, /rosout] Running network benchmark...
1788078922.925688982 INFO /performance_monitor [performance_monitor.py:507(PerformanceMonitor.benchmark_application)] [topics: /diagnostic_status, /performance/benchmark_results, /performance/metrics, /performance/alert, /performance/benchmark, /performance/command, /rosout] Running application benchmark...
1788078923.034251689 INFO /performance_monitor [performance_monitor.py:360(PerformanceMonitor.run_benchmark)] [topics: /diagnostic_status, /performance/benchmark_results, /performance/metrics, /performance/alert, /performance/benchmark, /performance/command, /rosout] Benchmark completed with overall score: 0.62
1788078923.042206764 INFO /performance_monitor [performance_monitor.py:368(PerformanceMonitor.benchmark_fps)] [topics: /diagnostic_status, /performance/benchmark_results, /performance/metrics, /performance/alert, /performance/benchmark, /performance/command, /rosout] Running FPS benchmark...
1788078923.414993762 INFO /performance_monitor [performance_monitor.py:368(PerformanceMonitor.benchmark_fps)] [topics: /diagnostic_status, /performance/benchmark_results, /performance/metrics, /performance/alert, /performance/benchmark, /performance/command, /rosout] Running FPS benchmark...
1788078923.862203121 INFO /performance_monitor [performance_monitor.py:425(PerformanceMonitor.benchmark_memory)] [topics: /diagnostic_status, /performance/benchmark_results, /performance/metrics, /performance/alert, /performance/benchmark, /performance/command, /rosout] Running memory benchmark...
1788078924.441813707 INFO /performance_monitor [performance_monitor.py:401(PerformanceMonitor.benchmark_cpu)] [topics: /diagnostic_status, /performance/benchmark_results, /performance/metrics, /performance/alert, /performance/benchmark, /performance/command, /rosout] Running CPU benchmark...
1788078924.468887329 INFO /performance_monitor [performance_monitor.py:113(PerformanceMonitor.start_monitoring)] [topics: /diagnostic_status, /performance/benchmark_results, /performance/metrics, /performance/alert, /performance/benchmark, /performance/command, /rosout] Performance monitoring started
1788078924.740209579 INFO /performance_monitor [performance_monitor.py:461(PerformanceMonitor.benchmark_network)] [topics: /diagnostic_status, /performance/benchmark_results, /performance/metrics, /performance/alert, /performance/benchmark, /performance/command, /rosout] Running network benchmark...
1788078925.096235752 INFO /performance_monitor [performance_monitor.py:507(PerformanceMonitor.benchmark_application)] [topics: /diagnostic_status, /performance/benchmark_results, /performance/metrics, /performance/alert, /performance/benchmark, /performance/command, /rosout] Running application benchmark...
1788078925.174577951 INFO /performance_monitor [performance_monitor.py:360(PerformanceMonitor.run_benchmark)] [topics: /diagnostic_status, /performance/benchmark_results, /performance/metrics, /performance/alert, /performance/benchmark, /performance/command, /rosout] Benchmark completed with overall score: 0.62
1788078925.200677156 INFO /performance_monitor [performance_monitor.py:368(PerformanceMonitor.benchmark_fps)] [topics: /diagnostic_status, /performance/benchmark_results, /performance/metrics, /performance/alert, /performance/benchmark, /performance/command, /rosout] Running FPS benchmark...
1788078925.430436372 INFO /performance_monitor [performance_monitor.py:368(PerformanceMonitor.benchmark_fps)] [topics: /diagnostic_status, /performance/benchmark_results, /performance/metrics, /performance/alert, /performance/benchmark, /performance/command, /rosout] Running FPS benchmark...
1788078925.958662986 INFO /performance_monitor [performance_monitor.py:425(PerformanceMonitor.benchmark_memory)] [topics: /diagnostic_status, /performance/benchmark_results, /performance/metrics, /performance/alert, /performance/benchmark, /performance/command, /rosout] Running memory benchmark...
1788078926.165756702 INFO /performance_monitor [performance_monitor.py:401(PerformanceMonitor.benchmark_cpu)] [topics: /diagnostic_status, /performance/benchmark_results, /performance/metrics, /performance/alert, /performance/benchmark, /performance/command, /rosout] Running CPU benchmark...
1788078926.454255342 INFO /performance_monitor [performance_monitor.py:113(PerformanceMonitor.start_monitoring)] [topics: /diagnostic_status, /performance/benchmark_results, /performance/metrics, /performance/alert, /performance/benchmark, /performance/command, /rosout] Performance monitoring started
1788078926.471345424 INFO /performance_monitor [performance_monitor.py:401(PerformanceMonitor.benchmark_cpu)] [topics: /diagnostic_status, /performance/benchmark_results, /performance/metrics, /performance/alert, /performance/benchmark, /performance/command, /rosout] Running CPU benchmark...
1788078927.355404853 INFO /performance_monitor [performance_monitor.py:461(PerformanceMonitor.benchmark_network)] [topics: /diagnostic_status, /performance/benchmark_results, /performance/metrics, /performance/alert, /performance/benchmark, /performance/command, /rosout] Running network benchmark...
1788078927.429942131 INFO /performance_monitor [performance_monitor.py:368(PerformanceMonitor.benchmark_fps)] [topics: /diagnostic_status, /performance/benchmark_results, /performance/metrics, /performance/alert, /performance/benchmark, /performance/command, /rosout] Running FPS benchmark...
1788078928.003230810 INFO /performance_monitor [performance_monitor.py:507(PerformanceMonitor.benchmark_application)] [topics: /diagnostic_status, /performance/benchmark_results, /performance/metrics, /performance/alert, /performance/benchmark, /performance/command, /rosout] Running application benchmark...
1788078928.085921764 INFO /performance_monitor [performance_monitor.py:360(PerformanceMonitor.run_benchmark)] [topics: /diagnostic_status, /performance/benchmark_results, /performance/metrics, /performance/alert, /performance/benchmark, /performance/command, /rosout] Benchmark completed with overall score: 0.62
1788078928.111692190 INFO /performance_monitor [performance_monitor.py:401(PerformanceMonitor.benchmark_cpu)] [topics: /diagnostic_status, /performance/benchmark_results, /performance/metrics, /performance/alert, /performance/benchmark, /performance/command, /rosout] Running CPU benchmark...
1788078928.168488502 INFO /performance_monitor [performance_monitor.py:368(PerformanceMonitor.benchmark_fps)] [topics: /diagnostic_status, /performance/benchmark_results, /performance/metrics, /performance/alert, /performance/benchmark, /performance/command, /rosout] Running FPS benchmark...
1788078928.472985267 INFO /performance_monitor [performance_monitor.py:401(PerformanceMonitor.benchmark_cpu)] [topics: /diagnostic_status, /performance/benchmark_results, /performance/metrics, /performance/alert, /performance/benchmark, /performance/command, /rosout] Running CPU benchmark...
1788078928.615481615 INFO /performance_monitor [performance_monitor.py:113(PerformanceMonitor.start_monitoring)] [topics: /diagnostic_status, /performance/benchmark_results, /performance/metrics, /performance/alert, /performance/benchmark, /performance/command, /rosout] Performance monitoring started
1788078929.493446111 INFO /performance_monitor [performance_monitor.py:368(PerformanceMonitor.benchmark_fps)] [topics: /diagnostic_status, /performance/benchmark_results, /performance/metrics, /performance/alert, /performance/benchmark, /performance/command, /rosout] Running FPS benchmark...
1788078930.173798322 INFO /performance_monitor [performance_monitor.py:425(PerformanceMonitor.benchmark_memory)] [topics: /diagnostic_status, /performance/benchmark_results, /performance/metrics, /performance/alert, /performance/benchmark, /performance/command, /rosout] Running memory benchmark...
1788078930.301115751 INFO /performance_monitor [performance_monitor.py:401(PerformanceMonitor.benchmark_cpu)] [topics: /diagnostic_status, /performance/benchmark_results, /performance/metrics, /performance/alert, /performance/benchmark, /performance/command, /rosout] Running CPU benchmark...
1788078930.633696556 INFO /performance_monitor [performance_monitor.py:401(PerformanceMonitor.benchmark_cpu)] [topics: /diagnostic_status, /performance/benchmark_results, /performance/metrics, /performance/alert, /performance/benchmark, /performance/command, /rosout] Running CPU benchmark...
1788078930.828957080 INFO /performance_monitor [performance_monitor.py:425(PerformanceMonitor.benchmark_memory)] [topics: /diagnostic_status, /performance/benchmark_results, /performance/metrics, /performance/alert, /performance/benchmark, /performance/command, /rosout] Running memory benchmark...
1788078931.045361042 INFO /performance_monitor [performance_monitor.py:113(PerformanceMonitor.start_monitoring)] [topics: /diagnostic_status, /performance/benchmark_results, /performance/metrics, /performance/alert, /performance/benchmark, /performance/command, /rosout] Performance monitoring started
1788078932.017314195 INFO /performance_monitor [performance_monitor.py:368(PerformanceMonitor.benchmark_fps)] [topics: /diagnostic_status, /performance/benchmark_results, /performance/metrics, /performance/alert, /performance/benchmark, /performance/command, /rosout] Running FPS benchmark...
1788078932.740597486 INFO /performance_monitor [performance_monitor.py:401(PerformanceMonitor.benchmark_cpu)] [topics: /diagnostic_status, /performance/benchmark_results, /performance/metrics, /performance/alert, /performance/benchmark, /performance/command, /rosout] Running CPU benchmark...
1788078932.824261665 INFO /performance_monitor [performance_monitor.py:113(PerformanceMonitor.start_monitoring)] [topics: /diagnostic_status, /performance/benchmark_results, /performance/metrics, /performance/alert, /performance/benchmark, /performance/command, /rosout] Performance monitoring started
1788078933.283696651 INFO /performance_monitor [performance_monitor.py:461(PerformanceMonitor.benchmark_network)] [topics: /diagnostic_status, /performance/benchmark_results, /performance/metrics, /performance/alert, /performance/benchmark, /performance/command, /rosout] Running network benchmark...
1788078933.535901546 INFO /performance_monitor [performance_monitor.py:401(PerformanceMonitor.benchmark_cpu)] [topics: /diagnostic_status, /performance/benchmark_results, /performance/metrics, /performance/alert, /performance/benchmark, /performance/command, /rosout] Running CPU benchmark...
1788078933.582057476 INFO /performance_monitor [performance_monitor.py:368(PerformanceMonitor.benchmark_fps)] [topics: /diagnostic_status, /performance/benchmark_results, /performance/metrics, /performance/alert, /performance/benchmark, /performance/command, /rosout] Running FPS benchmark...
1788078933.977363824 INFO /performance_monitor [performance_monitor.py:461(PerformanceMonitor.benchmark_network)] [topics: /diagnostic_status, /performance/benchmark_results, /performance/metrics, /performance/alert, /performance/benchmark, /performance/command, /rosout] Running network benchmark...
1788078934.508873224 INFO /performance_monitor [performance_monitor.py:401(PerformanceMonitor.benchmark_cpu)] [topics: /diagnostic_status, /performance/benchmark_results, /performance/metrics, /performance/alert, /performance/benchmark, /performance/command, /rosout] Running CPU benchmark...
1788078934.534266710 INFO /performance_monitor [performance_monitor.py:113(PerformanceMonitor.start_monitoring)] [topics: /diagnostic_status, /performance/benchmark_results, /performance/metrics, /performance/alert, /performance/benchmark, /performance/command, /rosout] Performance monitoring started
1788078934.876121044 INFO /performance_monitor [performance_monitor.py:425(PerformanceMonitor.benchmark_memory)] [topics: /diagnostic_status, /performance/benchmark_results, /performance/metrics, /performance/alert, /performance/benchmark, /performance/command, /rosout] Running memory benchmark...
1788078935.727771759 INFO /performance_monitor [performance_monitor.py:368(PerformanceMonitor.benchmark_fps)] [topics: /diagnostic_status, /performance/benchmark_results, /performance/metrics, /performance/alert, /performance/benchmark, /performance/command, /rosout] Running FPS benchmark...
1788078936.483653068 INFO /performance_monitor [performance_monitor.py:425(PerformanceMonitor.benchmark_memory)] [topics: /diagnostic_status, /performance/benchmark_results, /performance/metrics, /performance/alert, /performance/benchmark, /performance/command, /rosout] Running memory benchmark...
1788078937.005882263 INFO /performance_monitor [performance_monitor.py:113(PerformanceMonitor.start_monitoring)] [topics: /diagnostic_status, /performance/benchmark_results, /performance/metrics, /performance/alert, /performance/benchmark, /performance/command, /rosout] Performance monitoring started
1788078937.125631809 INFO /performance_monitor [performance_monitor.py:401(PerformanceMonitor.benchmark_cpu)] [topics: /diagnostic_status, /performance/benchmark_results, /performance/metrics, /performance/alert, /performance/benchmark, /performance/command, /rosout] Running CPU benchmark...
1788078937.632578134 INFO /performance_monitor [performance_monitor.py:368(PerformanceMonitor.benchmark_fps)] [topics: /diagnostic_status, /performance/benchmark_results, /performance/metrics, /performance/alert, /performance/benchmark, /performance/command, /rosout] Running FPS benchmark...
1788078938.069602727 INFO /performance_monitor [performance_monitor.py:461(PerformanceMonitor.benchmark_network)] [topics: /diagnostic_status, /performance/benchmark_results, /performance/metrics, /performance/alert, /performance/benchmark, /performance/command, /rosout] Running network benchmark...
1788078938.182035446 INFO /performance_monitor [performance_monitor.py:507(PerformanceMonitor.benchmark_application)] [topics: /diagnostic_status, /performance/benchmark_results, /performance/metrics, /performance/alert, /performance/benchmark, /performance/command, /rosout] Running application benchmark...
1788078938.677567720 INFO /performance_monitor [performance_monitor.py:401(PerformanceMonitor.benchmark_cpu)] [topics: /diagnostic_status, /performance/benchmark_results, /performance/metrics, /performance/alert, /performance/benchmark, /performance/command, /rosout] Running CPU benchmark...
1788078938.823614835 INFO /performance_monitor [performance_monitor.py:113(PerformanceMonitor.start_monitoring)] [topics: /diagnostic_status, /performance/benchmark_results, /performance/metrics, /performance/alert, /performance/benchmark, /performance/command, /rosout] Performance monitoring started
1788078939.738655805 INFO /performance_monitor [performance_monitor.py:368(PerformanceMonitor.benchmark_fps)] [topics: /diagnostic_status, /performance/benchmark_results, /performance/metrics, /performance/alert, /performance/benchmark, /performance/command, /rosout] Running FPS benchmark...
1788078940.090843439 INFO /performance_monitor [performance_monitor.py:425(PerformanceMonitor.benchmark_memory)] [topics: /diagnostic_status, /performance/benchmark_results, /performance/metrics, /performance/alert, /performance/benchmark, /performance/command, /rosout] Running memory benchmark...
1788078940.542487621 INFO /performance_monitor [performance_monitor.py:461(PerformanceMonitor.benchmark_network)] [topics: /diagnostic_status, /performance/benchmark_results, /performance/metrics, /performance/alert, /performance/benchmark, /performance/command, /rosout] Running network benchmark...
1788078940.565032958 INFO /performance_monitor [performance_monitor.py:425(PerformanceMonitor.benchmark_memory)] [topics: /diagnostic_status, /performance/benchmark_results, /performance/metrics, /performance/alert, /performance/benchmark, /performance/command, /rosout] Running memory benchmark...
1788078940.713448286 INFO /performance_monitor [performance_monitor.py:113(PerformanceMonitor.start_monitoring)] [topics: /diagnostic_status, /performance/benchmark_results, /performance/metrics, /performance/alert, /performance/benchmark, /performance/command, /rosout] Performance monitoring started
1788078940.978140830 INFO /performance_monitor [performance_monitor.py:401(PerformanceMonitor.benchmark_cpu)] [topics: /diagnostic_status, /performance/benchmark_results, /performance/metrics, /performance/alert, /performance/benchmark, /performance/command, /rosout] Running CPU benchmark...
1788078941.733450412 INFO /performance_monitor [performance_monitor.py:368(PerformanceMonitor.benchmark_fps)] [topics: /diagnostic_status, /performance/benchmark_results, /performance/metrics, /performance/alert, /performance/benchmark, /performance/command, /rosout] Running FPS benchmark...
1788078942.630132436 INFO /performance_monitor [performance_monitor.py:113(PerformanceMonitor.start_monitoring)] [topics: /diagnostic_status, /performance/benchmark_results, /performance/metrics, /performance/alert, /performance/benchmark, /performance/command, /rosout] Performance monitoring started
1788078942.802237033 INFO /performance_monitor [performance_monitor.py:401(PerformanceMonitor.benchmark_cpu)] [topics: /diagnostic_status, /performance/benchmark_results, /performance/metrics, /performance/alert, /performance/benchmark, /performance/command, /rosout] Running CPU benchmark...
1788078942.937439441 INFO /performance_monitor [performance_monitor.py:425(PerformanceMonitor.benchmark_memory)] [topics: /diagnostic_status, /performance/benchmark_results, /performance/metrics, /performance/alert, /performance/benchmark, /performance/command, /rosout] Running memory benchmark...
1788078943.611349344 INFO /performance_monitor [performance_monitor.py:368(PerformanceMonitor.benchmark_fps)] [topics: /diagnostic_status, /performance/benchmark_results, /performance/metrics, /performance/alert, /performance/benchmark, /performance/command, /rosout] Running FPS benchmark...
1788078943.663559675 INFO /performance_monitor [performance_monitor.py:360(PerformanceMonitor.run_benchmark)] [topics: /diagnostic_status, /performance/benchmark_results, /performance/metrics, /performance/alert, /performance/benchmark, /performance/command, /rosout] Benchmark completed with overall score: 0.45
1788078943.849822998 INFO /performance_monitor [performance_monitor.py:368(PerformanceMonitor.benchmark_fps)] [topics: /diagnostic_status, /performance/benchmark_results, /performance/metrics, /performance/alert, /performance/benchmark, /performance/command, /rosout] Running FPS benchmark...
1788078944.475034952 INFO /performance_monitor [performance_monitor.py:461(PerformanceMonitor.benchmark_network)] [topics: /diagnostic_status, /performance/benchmark_results, /performance/metrics, /performance/alert, /performance/benchmark, /performance/command, /rosout] Running network benchmark...
1788078944.780259609 INFO /performance_monitor [performance_monitor.py:461(PerformanceMonitor.benchmark_network)] [topics: /diagnostic_status, /performance/benchmark_results, /performance/metrics, /performance/alert, /performance/benchmark, /performance/command, /rosout] Running network benchmark...
1788078945.320901155 INFO /performance_monitor [performance_monitor.py:113(PerformanceMonitor.start_monitoring)] [topics: /diagnostic_status, /performance/benchmark_results, /performance/metrics, /performance/alert, /performance/benchmark, /performance/command, /rosout] Performance monitoring started
1788078945.420467615 INFO /performance_monitor [performance_monitor.py:401(PerformanceMonitor.benchmark_cpu)] [topics: /diagnostic_status, /performance/benchmark_results, /performance/metrics, /performance/alert, /performance/benchmark, /performance/command, /rosout] Running CPU benchmark...
1788078946.219475030 INFO /performance_monitor [performance_monitor.py:425(PerformanceMonitor.benchmark_memory)] [topics: /diagnostic_status, /performance/benchmark_results, /performance/metrics, /performance/alert, /performance/benchmark, /performance/command, /rosout] Running memory benchmark...
1788078946.239128589 INFO /performance_monitor [performance_monitor.py:368(PerformanceMonitor.benchmark_fps)] [topics: /diagnostic_status, /performance/benchmark_results, /performance/metrics, /performance/alert, /performance/benchmark, /performance/command, /rosout] Running FPS benchmark...
1788078946.702710628 INFO /performance_monitor [performance_monitor.py:113(PerformanceMonitor.start_monitoring)] [topics: /diagnostic_status, /performance/benchmark_results, /performance/metrics, /performance/alert, /performance/benchmark, /performance/command, /rosout] Performance monitoring started
1788078946.980775594 INFO /performance_monitor [performance_monitor.py:401(PerformanceMonitor.benchmark_cpu)] [topics: /diagnostic_status, /performance/benchmark_results, /performance/metrics, /performance/alert, /performance/benchmark, /performance/command, /rosout] Running CPU benchmark...
1788078947.775210857 INFO /performance_monitor [performance_monitor.py:368(PerformanceMonitor.benchmark_fps)] [topics: /diagnostic_status, /performance/benchmark_results, /performance/metrics, /performance/alert, /performance/benchmark, /performance/command, /rosout] Running FPS benchmark...
1788078947.851851701 INFO /performance_monitor [performance_monitor.py:425(PerformanceMonitor.benchmark_memory)] [topics: /diagnostic_status, /performance/benchmark_results, /performance/metrics, /performance/alert, /performance/benchmark, /performance/command, /rosout] Running memory benchmark...
1788078948.502882242 INFO /performance_monitor [performance_monitor.py:461(PerformanceMonitor.benchmark_network)] [topics: /diagnostic_status, /performance/benchmark_results, /performance/metrics, /performance/alert, /performance/benchmark, /performance/command, /rosout] Running network benchmark...
1788078948.516976356 INFO /performance_monitor [performance_monitor.py:507(PerformanceMonitor.benchmark_application)] [topics: /diagnostic_status, /performance/benchmark_results, /performance/metrics, /performance/alert, /performance/benchmark, /performance/command, /rosout] Running application benchmark...
1788078948.653093099 INFO /performance_monitor [performance_monitor.py:401(PerformanceMonitor.benchmark_cpu)] [topics: /diagnostic_status, /performance/benchmark_results, /performance/metrics, /performance/alert, /performance/benchmark, /performance/command, /rosout] Running CPU benchmark...
1788078948.813366889 INFO /performance_monitor [performance_monitor.py:113(PerformanceMonitor.start_monitoring)] [topics: /diagnostic_status, /performance/benchmark_results, /performance/metrics, /performance/alert, /performance/benchmark, /performance/command, /rosout] Performance monitoring started
1788078949.010783910 INFO /performance_monitor [performance_monitor.py:401(PerformanceMonitor.benchmark_cpu)] [topics: /diagnostic_status, /performance/benchmark_results, /performance/metrics, /performance/alert, /performance/benchmark, /performance/command, /rosout] Running CPU benchmark...
1788078949.693403244 INFO /performance_monitor [performance_monitor.py:368(PerformanceMonitor.benchmark_fps)] [topics: /diagnostic_status, /performance/benchmark_results, /performance/metrics, /performance/alert, /performance/benchmark, /performance/command, /rosout] Running FPS benchmark...
1788078950.657811641 INFO /performance_monitor [performance_monitor.py:425(PerformanceMonitor.benchmark_memory)] [topics: /diagnostic_status, /performance/benchmark_results, /performance/metrics, /performance/alert, /performance/benchmark, /performance/command, /rosout] Running memory benchmark...
1788078950.951459646 INFO /performance_monitor [performance_monitor.py:113(PerformanceMonitor.start_monitoring)] [topics: /diagnostic_status, /performance/benchmark_results, /performance/metrics, /performance/alert, /performance/benchmark, /performance/command, /rosout] Performance monitoring started
1788078951.096460342 INFO /performance_monitor [performance_monitor.py:461(PerformanceMonitor.benchmark_network)] [topics: /diagnostic_status, /performance/benchmark_results, /performance/metrics, /performance/alert, /performance/benchmark, /performance/command, /rosout] Running network benchmark...
1788078951.320134639 INFO /performance_monitor [performance_monitor.py:507(PerformanceMonitor.benchmark_application)] [topics: /diagnostic_status, /performance/benchmark_results, /performance/metrics, /performance/alert, /performance/benchmark, /performance/command, /rosout] Running application benchmark...
1788078951.563774824 INFO /performance_monitor [performance_monitor.py:401(PerformanceMonitor.benchmark_cpu)] [topics: /diagnostic_status, /performance/benchmark_results, /performance/metrics, /performance/alert, /performance/benchmark, /performance/command, /rosout] Running CPU benchmark...
1788078951.685549497 INFO /performance_monitor [performance_monitor.py:368(PerformanceMonitor.benchmark_fps)] [topics: /diagnostic_status, /performance/benchmark_results, /performance/metrics, /performance/alert, /performance/benchmark, /performance/command, /rosout] Running FPS benchmark...
1788078952.792619466 INFO /performance_monitor [performance_monitor.py:113(PerformanceMonitor.start_monitoring)] [topics: /diagnostic_status, /performance/benchmark_results, /performance/metrics, /performance/alert, /performance/benchmark, /performance/command, /rosout] Performance monitoring started
1788078952.995538234 INFO /performance_monitor [performance_monitor.py:425(PerformanceMonitor.benchmark_memory)] [topics: /diagnostic_status, /performance/benchmark_results, /performance/metrics, /performance/alert, /performance/benchmark, /performance/command, /rosout] Running memory benchmark...
1788078953.145393371 INFO /performance_monitor [performance_monitor.py:461(PerformanceMonitor.benchmark_network)] [topics: /diagnostic_status, /performance/benchmark_results, /performance/metrics, /performance/alert, /performance/benchmark, /performance/command, /rosout] Running network benchmark...
1788078953.151880502 INFO /performance_monitor [performance_monitor.py:401(PerformanceMonitor.benchmark_cpu)] [topics: /diagnostic_status, /performance/benchmark_results, /performance/metrics, /performance/alert, /performance/benchmark, /performance/command, /rosout] Running CPU benchmark...
1788078953.609553813 INFO /performance_monitor [performance_monitor.py:368(PerformanceMonitor.benchmark_fps)] [topics: /diagnostic_status, /performance/benchmark_results, /performance/metrics, /performance/alert, /performance/benchmark, /performance/command, /rosout] Running FPS benchmark...
1788078954.719107627 INFO /performance_monitor [performance_monitor.py:113(PerformanceMonitor.start_monitoring)] [topics: /diagnostic_status, /performance/benchmark_results, /performance/metrics, /performance/alert, /performance/benchmark, /performance/command, /rosout] Performance monitoring started
1788078954.865119457 INFO /performance_monitor [performance_monitor.py:401(PerformanceMonitor.benchmark_cpu)] [topics: /diagnostic_status, /performance/benchmark_results, /performance/metrics, /performance/alert, /performance/benchmark, /performance/command, /rosout] Running CPU benchmark...
1788078955.680394172 INFO /performance_monitor [performance_monitor.py:368(PerformanceMonitor.benchmark_fps)] [topics: /diagnostic_status, /performance/benchmark_results, /performance/metrics, /performance/alert, /performance/benchmark, /performance/command, /rosout] Running FPS benchmark...
1788078955.932280778 INFO /performance_monitor [performance_monitor.py:425(PerformanceMonitor.benchmark_memory)] [topics: /diagnostic_status, /performance/benchmark_results, /performance/metrics, /performance/alert, /performance/benchmark, /performance/command, /rosout] Running memory benchmark...
1788078956.084450960 INFO /performance_monitor [performance_monitor.py:461(PerformanceMonitor.benchmark_network)] [topics: /diagnostic_status, /performance/benchmark_results, /performance/metrics, /performance/alert, /performance/benchmark, /performance/command, /rosout] Running network benchmark...
1788078956.271623134 INFO /performance_monitor [performance_monitor.py:507(PerformanceMonitor.benchmark_application)] [topics: /diagnostic_status, /performance/benchmark_results, /performance/metrics, /performance/alert, /performance/benchmark, /performance/command, /rosout] Running application benchmark...
1788078956.622384548 INFO /performance_monitor [performance_monitor.py:113(PerformanceMonitor.start_monitoring)] [topics: /diagnostic_status, /performance/benchmark_results, /performance/metrics, /performance/alert, /performance/benchmark, /performance/command, /rosout] Performance monitoring started
1788078956.851170539 INFO /performance_monitor [performance_monitor.py:401(PerformanceMonitor.benchmark_cpu)] [topics: /diagnostic_status, /performance/benchmark_results, /performance/metrics, /performance/alert, /performance/benchmark, /performance/command, /rosout] Running CPU benchmark...
1788078957.532232284 INFO /performance_monitor [performance_monitor.py:425(PerformanceMonitor.benchmark_memory)] [topics: /diagnostic_status, /performance/benchmark_results, /performance/metrics, /performance/alert, /performance/benchmark, /performance/command, /rosout] Running memory benchmark...
1788078957.916692733 INFO /performance_monitor [performance_monitor.py:368(PerformanceMonitor.benchmark_fps)] [topics: /diagnostic_status, /performance/benchmark_results, /performance/metrics, /performance/alert, /performance/benchmark, /performance/command, /rosout] Running FPS benchmark...
1788078958.123344898 INFO /performance_monitor [performance_monitor.py:461(PerformanceMonitor.benchmark_network)] [topics: /diagnostic_status, /performance/benchmark_results, /performance/metrics, /performance/alert, /performance/benchmark, /performance/command, /rosout] Running network benchmark...
1788078958.828225612 INFO /performance_monitor [performance_monitor.py:401(PerformanceMonitor.benchmark_cpu)] [topics: /diagnostic_status, /performance/benchmark_results, /performance/metrics, /performance/alert, /performance/benchmark, /performance/command, /rosout] Running CPU benchmark...
1788078958.918511867 INFO /performance_monitor [performance_monitor.py:113(PerformanceMonitor.start_monitoring)] [topics: /diagnostic_status, /performance/benchmark_results, /performance/metrics, /performance/alert, /performance/benchmark, /performance/command, /rosout] Performance monitoring started
1788078959.983640909 INFO /performance_monitor [performance_monitor.py:368(PerformanceMonitor.benchmark_fps)] [topics: /diagnostic_status, /performance/benchmark_results, /performance/metrics, /performance/alert, /performance/benchmark, /performance/command, /rosout] Running FPS benchmark...
1788078960.660796165 INFO /performance_monitor [performance_monitor.py:507(PerformanceMonitor.benchmark_application)] [topics: /diagnostic_status, /performance/benchmark_results, /performance/metrics, /performance/alert, /performance/benchmark, /performance/command, /rosout] Running application benchmark...
1788078960.845221996 INFO /performance_monitor [performance_monitor.py:113(PerformanceMonitor.start_monitoring)] [topics: /diagnostic_status, /performance/benchmark_results, /performance/metrics, /performance/alert, /performance/benchmark, /performance/command, /rosout] Performance monitoring started
1788078960.905652046 INFO /performance_monitor [performance_monitor.py:401(PerformanceMonitor.benchmark_cpu)] [topics: /diagnostic_status, /performance/benchmark_results, /performance/metrics, /performance/alert, /performance/benchmark, /performance/command, /rosout] Running CPU benchmark...
1788078960.989181756 INFO /performance_monitor [performance_monitor.py:425(PerformanceMonitor.benchmark_memory)] [topics: /diagnostic_status, /performance/benchmark_results, /performance/metrics, /performance/alert, /performance/benchmark, /performance/command, /rosout] Running memory benchmark...
1788078961.106201171 INFO /performance_monitor [performance_monitor.py:425(PerformanceMonitor.benchmark_memory)] [topics: /diagnostic_status, /performance/benchmark_results, /performance/metrics, /performance/alert, /performance/benchmark, /performance/command, /rosout] Running memory benchmark...
1788078961.603460311 INFO /performance_monitor [performance_monitor.py:461(PerformanceMonitor.benchmark_network)] [topics: /diagnostic_status, /performance/benchmark_results, /performance/metrics, /performance/alert, /performance/benchmark, /performance/command, /rosout] Running network benchmark...
1788078961.743394136 INFO /performance_monitor [performance_monitor.py:368(PerformanceMonitor.benchmark_fps)] [topics: /diagnostic_status, /performance/benchmark_results, /performance/metrics, /performance/alert, /performance/benchmark, /performance/command, /rosout] Running FPS benchmark...
1788078962.299635887 INFO /performance_monitor [performance_monitor.py:461(PerformanceMonitor.benchmark_network)] [topics: /diagnostic_status, /performance/benchmark_results, /performance/metrics, /performance/alert, /performance/benchmark, /performance/command, /rosout] Running network benchmark...
1788078963.512169122 INFO /performance_monitor [performance_monitor.py:113(PerformanceMonitor.start_monitoring)] [topics: /diagnostic_status, /performance/benchmark_results, /performance/metrics, /performance/alert, /performance/benchmark, /performance/command, /rosout] Performance monitoring started
1788078963.841903209 INFO /performance_monitor [performance_monitor.py:401(PerformanceMonitor.benchmark_cpu)] [topics: /diagnostic_status, /performance/benchmark_results, /performance/metrics, /performance/alert, /performance/benchmark, /performance/command, /rosout] Running CPU benchmark...
1788078963.933317661 INFO /performance_monitor [performance_monitor.py:507(PerformanceMonitor.benchmark_application)] [topics: /diagnostic_status, /performance/benchmark_results, /performance/metrics, /performance/alert, /performance/benchmark, /performance/command, /rosout] Running application benchmark...
1788078964.075284481 INFO /performance_monitor [performance_monitor.py:368(PerformanceMonitor.benchmark_fps)] [topics: /diagnostic_status, /performance/benchmark_results, /performance/metrics, /performance/alert, /performance/benchmark, /performance/command, /rosout] Running FPS benchmark...
1788078964.517116069 INFO /performance_monitor [performance_monitor.py:507(PerformanceMonitor.benchmark_application)] [topics: /diagnostic_status, /performance/benchmark_results, /performance/metrics, /performance/alert, /performance/benchmark, /performance/command, /rosout] Running application benchmark...
1788078964.804850101 INFO /performance_monitor [performance_monitor.py:425(PerformanceMonitor.benchmark_memory)] [topics: /diagnostic_status, /performance/benchmark_results, /performance/metrics, /performance/alert, /performance/benchmark, /performance/command, /rosout] Running memory benchmark...
1788078965.018633127 INFO /performance_monitor [performance_monitor.py:113(PerformanceMonitor.start_monitoring)] [topics: /diagnostic_status, /performance/benchmark_results, /performance/metrics, /performance/alert, /performance/benchmark, /performance/command, /rosout] Performance monitoring started
1788078965.208922863 INFO /performance_monitor [performance_monitor.py:425(PerformanceMonitor.benchmark_memory)] [topics: /diagnostic_status, /performance/benchmark_results, /performance/metrics, /performance/alert, /performance/benchmark, /performance/command, /rosout] Running memory benchmark...
1788078965.459954738 INFO /performance_monitor [performance_monitor.py:401(PerformanceMonitor.benchmark_cpu)] [topics: /diagnostic_status, /performance/benchmark_results, /performance/metrics, /performance/alert, /performance/benchmark, /performance/command, /rosout] Running CPU benchmark...
1788078965.481693744 INFO /performance_monitor [performance_monitor.py:461(PerformanceMonitor.benchmark_network)] [topics: /diagnostic_status, /performance/benchmark_results, /performance/metrics, /performance/alert, /performance/benchmark, /performance/command, /rosout] Running network benchmark...
1788078966.004581689 INFO /performance_monitor [performance_monitor.py:368(PerformanceMonitor.benchmark_fps)] [topics: /diagnostic_status, /performance/benchmark_results, /performance/metrics, /performance/alert, /performance/benchmark, /performance/command, /rosout] Running FPS benchmark...
1788078967.133857965 INFO /performance_monitor [performance_monitor.py:113(PerformanceMonitor.start_monitoring)] [topics: /diagnostic_status, /performance/benchmark_results, /performance/metrics, /performance/alert, /performance/benchmark, /performance/command, /rosout] Performance monitoring started
1788078967.223447561 INFO /performance_monitor [performance_monitor.py:461(PerformanceMonitor.benchmark_network)] [topics: /diagnostic_status, /performance/benchmark_results, /performance/metrics, /performance/alert, /performance/benchmark, /performance/command, /rosout] Running network benchmark...
1788078967.278957128 INFO /performance_monitor [performance_monitor.py:401(PerformanceMonitor.benchmark_cpu)] [topics: /diagnostic_status, /performance/benchmark_results, /performance/metrics, /performance/alert, /performance/benchmark, /performance/command, /rosout] Running CPU benchmark...
1788078967.446651697 INFO /performance_monitor [performance_monitor.py:425(PerformanceMonitor.benchmark_memory)] [topics: /diagnostic_status, /performance/benchmark_results, /performance/metrics, /performance/alert, /performance/benchmark, /performance/command, /rosout] Running memory benchmark...
1788078967.932618379 INFO /performance_monitor [performance_monitor.py:368(PerformanceMonitor.benchmark_fps)] [topics: /diagnostic_status, /performance/benchmark_results, /performance/metrics, /performance/alert, /performance/benchmark, /performance/command, /rosout] Running FPS benchmark...
1788078968.635482788 INFO /performance_monitor [performance_monitor.py:113(PerformanceMonitor.start_monitoring)] [topics: /diagnostic_status, /performance/benchmark_results, /performance/metrics, /performance/alert, /performance/benchmark, /performance/command, /rosout] Performance monitoring started
1788078969.345778703 INFO /performance_monitor [performance_monitor.py:401(PerformanceMonitor.benchmark_cpu)] [topics: /diagnostic_status, /performance/benchmark_results, /performance/metrics, /performance/alert, /performance/benchmark, /performance/command, /rosout] Running CPU benchmark...
1788078970.391294240 INFO /performance_monitor [performance_monitor.py:425(PerformanceMonitor.benchmark_memory)] [topics: /diagnostic_status, /performance/benchmark_results, /performance/metrics, /performance/alert, /performance/benchmark, /performance/command, /rosout] Running memory benchmark...
1788078970.841832637 INFO /performance_monitor [performance_monitor.py:368(PerformanceMonitor.benchmark_fps)] [topics: /diagnostic_status, /performance/benchmark_results, /performance/metrics, /performance/alert, /performance/benchmark, /performance/command, /rosout] Running FPS benchmark...
1788078971.035137891 INFO /performance_monitor [performance_monitor.py:461(PerformanceMonitor.benchmark_network)] [topics: /diagnostic_status, /performance/benchmark_results, /performance/metrics, /performance/alert, /performance/benchmark, /performance/command, /rosout] Running network benchmark...
1788078971.057781219 INFO /performance_monitor [performance_monitor.py:113(PerformanceMonitor.start_monitoring)] [topics: /diagnostic_status, /performance/benchmark_results, /performance/metrics, /performance/alert, /performance/benchmark, /performance/command, /rosout] Performance monitoring started
1788078971.287088871 INFO /performance_monitor [performance_monitor.py:425(PerformanceMonitor.benchmark_memory)] [topics: /diagnostic_status, /performance/benchmark_results, /performance/metrics, /performance/alert, /performance/benchmark, /performance/command, /rosout] Running memory benchmark...
1788078971.845500946 INFO /performance_monitor [performance_monitor.py:401(PerformanceMonitor.benchmark_cpu)] [topics: /diagnostic_status, /performance/benchmark_results, /performance/metrics, /performance/alert, /performance/benchmark, /performance/command, /rosout] Running CPU benchmark...
1788078972.136611938 INFO /performance_monitor [performance_monitor.py:368(PerformanceMonitor.benchmark_fps)] [topics: /diagnostic_status, /performance/benchmark_results, /performance/metrics, /performance/alert, /performance/benchmark, /performance/command, /rosout] Running FPS benchmark...
1788078972.221399307 INFO /performance_monitor [performance_monitor.py:461(PerformanceMonitor.benchmark_network)] [topics: /diagnostic_status, /performance/benchmark_results, /performance/metrics, /performance/alert, /performance/benchmark, /performance/command, /rosout] Running network benchmark...
1788078972.854385375 INFO /performance_monitor [performance_monitor.py:113(PerformanceMonitor.start_monitoring)] [topics: /diagnostic_status, /performance/benchmark_results, /performance/metrics, /performance/alert, /performance/benchmark, /performance/command, /rosout] Performance monitoring started
1788078973.003712415 INFO /performance_monitor [performance_monitor.py:401(PerformanceMonitor.benchmark_cpu)] [topics: /diagnostic_status, /performance/benchmark_results, /performance/metrics, /performance/alert, /performance/benchmark, /performance/command, /rosout] Running CPU benchmark...
1788078973.377210140 INFO /performance_monitor [performance_monitor.py:425(PerformanceMonitor.benchmark_memory)] [topics: /diagnostic_status, /performance/benchmark_results, /performance/metrics, /performance/alert, /performance/benchmark, /performance/command, /rosout] Running memory benchmark...
1788078974.048368930 INFO /performance_monitor [performance_monitor.py:507(PerformanceMonitor.benchmark_application)] [topics: /diagnostic_status, /performance/benchmark_results, /performance/metrics, /performance/alert, /performance/benchmark, /performance/command, /rosout] Running application benchmark...
1788078974.194733619 INFO /performance_monitor [performance_monitor.py:368(PerformanceMonitor.benchmark_fps)] [topics: /diagnostic_status, /performance/benchmark_results, /performance/metrics, /performance/alert, /performance/benchmark, /performance/command, /rosout] Running FPS benchmark...
1788078974.247747182 INFO /performance_monitor [performance_monitor.py:461(PerformanceMonitor.benchmark_network)] [topics: /diagnostic_status, /performance/benchmark_results, /performance/metrics, /performance/alert, /performance/benchmark, /performance/command, /rosout] Running network benchmark...
1788078974.642903566 INFO /performance_monitor [performance_monitor.py:113(PerformanceMonitor.start_monitoring)] [topics: /diagnostic_status, /performance/benchmark_results, /performance/metrics, /performance/alert, /performance/benchmark, /performance/command, /rosout] Performance monitoring started
1788078974.724645376 INFO /performance_monitor [performance_monitor.py:425(PerformanceMonitor.benchmark_memory)] [topics: /diagnostic_status, /performance/benchmark_results, /performance/metrics, /performance/alert, /performance/benchmark, /performance/command, /rosout] Running memory benchmark...
1788078975.999878883 INFO /performance_monitor [performance_monitor.py:368(PerformanceMonitor.benchmark_fps)] [topics: /diagnostic_status, /performance/benchmark_results, /performance/metrics, /performance/alert, /performance/benchmark, /performance/command, /rosout] Running FPS benchmark...
1788078976.233235359 INFO /performance_monitor [performance_monitor.py:401(PerformanceMonitor.benchmark_cpu)] [topics: /diagnostic_status, /performance/benchmark_results, /performance/metrics, /performance/alert, /performance/benchmark, /performance/command, /rosout] Running CPU benchmark...
1788078976.490071535 INFO /performance_monitor [performance_monitor.py:425(PerformanceMonitor.benchmark_memory)] [topics: /diagnostic_status, /performance/benchmark_results, /performance/metrics, /performance/alert, /performance/benchmark, /performance/command, /rosout] Running memory benchmark...
1788078976.573143005 INFO /performance_monitor [performance_monitor.py:113(PerformanceMonitor.start_monitoring)] [topics: /diagnostic_status, /performance/benchmark_results, /performance/metrics, /performance/alert, /performance/benchmark, /performance/command, /rosout] Performance monitoring started
1788078977.167470932 INFO /performance_monitor [performance_monitor.py:461(PerformanceMonitor.benchmark_network)] [topics: /diagnostic_status, /performance/benchmark_results, /performance/metrics, /performance/alert, /performance/benchmark, /performance/command, /rosout] Running network benchmark...
1788078977.380708456 INFO /performance_monitor [performance_monitor.py:507(PerformanceMonitor.benchmark_application)] [topics: /diagnostic_status, /performance/benchmark_results, /performance/metrics, /performance/alert, /performance/benchmark, /performance/command, /rosout] Running application benchmark...
1788078977.604229688 INFO /performance_monitor [performance_monitor.py:461(PerformanceMonitor.benchmark_network)] [topics: /diagnostic_status, /performance/benchmark_results, /performance/metrics, /performance/alert, /performance/benchmark, /performance/command, /rosout] Running network benchmark...
1788078977.701324939 INFO /performance_monitor [performance_monitor.py:507(PerformanceMonitor.benchmark_application)] [topics: /diagnostic_status, /performance/benchmark_results, /performance/metrics, /performance/alert, /performance/benchmark, /performance/command, /rosout] Running application benchmark...
1788078977.900636196 INFO /performance_monitor [performance_monitor.py:401(PerformanceMonitor.benchmark_cpu)] [topics: /diagnostic_status, /performance/benchmark_results, /performance/metrics, /performance/alert, /performance/benchmark, /performance/command, /rosout] Running CPU benchmark...
1788078978.028023958 INFO /performance_monitor [performance_monitor.py:368(PerformanceMonitor.benchmark_fps)] [topics: /diagnostic_status, /performance/benchmark_results, /performance/metrics, /performance/alert, /performance/benchmark, /performance/command, /rosout] Running FPS benchmark...
1788078978.489715099 INFO /performance_monitor [performance_monitor.py:507(PerformanceMonitor.benchmark_application)] [topics: /diagnostic_status, /performance/benchmark_results, /performance/metrics, /performance/alert, /performance/benchmark, /performance/command, /rosout] Running application benchmark...
1788078978.657654762 INFO /performance_monitor [performance_monitor.py:113(PerformanceMonitor.start_monitoring)] [topics: /diagnostic_status, /performance/benchmark_results, /performance/metrics, /performance/alert, /performance/benchmark, /performance/command, /rosout] Performance monitoring started
1788078978.937247514 INFO /performance_monitor [performance_monitor.py:461(PerformanceMonitor.benchmark_network)] [topics: /diagnostic_status, /performance/benchmark_results, /performance/metrics, /performance/alert, /performance/benchmark, /performance/command, /rosout] Running network benchmark...
1788078979.380700349 INFO /performance_monitor [performance_monitor.py:401(PerformanceMonitor.benchmark_cpu)] [topics: /diagnostic_status, /performance/benchmark_results, /performance/metrics, /performance/alert, /performance/benchmark, /performance/command, /rosout] Running CPU benchmark...
1788078979.468868255 INFO /performance_monitor [performance_monitor.py:368(PerformanceMonitor.benchmark_fps)] [topics: /diagnostic_status, /performance/benchmark_results, /performance/metrics, /performance/alert, /performance/benchmark, /performance/command, /rosout] Running FPS benchmark...
1788078980.175233602 INFO /performance_monitor [performance_monitor.py:461(PerformanceMonitor.benchmark_network)] [topics: /diagnostic_status, /performance/benchmark_results, /performance/metrics, /performance/alert, /performance/benchmark, /performance/command, /rosout] Running network benchmark...
1788078980.758275747 INFO /performance_monitor [performance_monitor.py:461(PerformanceMonitor.benchmark_network)] [topics: /diagnostic_status, /performance/benchmark_results, /performance/metrics, /performance/alert, /performance/benchmark, /performance/command, /rosout] Running network benchmark...
1788078981.071239471 INFO /performance_monitor [performance_monitor.py:113(PerformanceMonitor.start_monitoring)] [topics: /diagnostic_status, /performance/benchmark_results, /performance/metrics, /performance/alert, /performance/benchmark, /performance/command, /rosout] Performance monitoring started
1788078981.163136243 INFO /performance_monitor [performance_monitor.py:401(PerformanceMonitor.benchmark_cpu)] [topics: /diagnostic_status, /performance/benchmark_results, /performance/metrics, /performance/alert, /performance/benchmark, /performance/command, /rosout] Running CPU benchmark...
1788078981.210562229 INFO /performance_monitor [performance_monitor.py:425(PerformanceMonitor.benchmark_memory)] [topics: /diagnostic_status, /performance/benchmark_results, /performance/metrics, /performance/alert, /performance/benchmark, /performance/command, /rosout] Running memory benchmark...
1788078981.700450420 INFO /performance_monitor [performance_monitor.py:368(PerformanceMonitor.benchmark_fps)] [topics: /diagnostic_status, /performance/benchmark_results, /performance/metrics, /performance/alert, /performance/benchmark, /performance/command, /rosout] Running FPS benchmark...
1788078983.073091030 INFO /performance_monitor [performance_monitor.py:113(PerformanceMonitor.start_monitoring)] [topics: /diagnostic_status, /performance/benchmark_results, /performance/metrics, /performance/alert, /performance/benchmark, /performance/command, /rosout] Performance monitoring started
1788078983.359352827 INFO /performance_monitor [performance_monitor.py:425(PerformanceMonitor.benchmark_memory)] [topics: /diagnostic_status, /performance/benchmark_results, /performance/metrics, /performance/alert, /performance/benchmark, /performance/command, /rosout] Running memory benchmark...
1788078983.549538612 INFO /performance_monitor [performance_monitor.py:401(PerformanceMonitor.benchmark_cpu)] [topics: /diagnostic_status, /performance/benchmark_results, /performance/metrics, /performance/alert, /performance/benchmark, /performance/command, /rosout] Running CPU benchmark...
1788078983.592778921 INFO /performance_monitor [performance_monitor.py:368(PerformanceMonitor.benchmark_fps)] [topics: /diagnostic_status, /performance/benchmark_results, /performance/metrics, /performance/alert, /performance/benchmark, /performance/command, /rosout] Running FPS benchmark...
1788078984.133677244 INFO /performance_monitor [performance_monitor.py:425(PerformanceMonitor.benchmark_memory)] [topics: /diagnostic_status, /performance/benchmark_results, /performance/metrics, /performance/alert, /performance/benchmark, /performance/command, /rosout] Running memory benchmark...
1788078984.519098997 INFO /performance_monitor [performance_monitor.py:401(PerformanceMonitor.benchmark_cpu)] [topics: /diagnostic_status, /performance/benchmark_results, /performance/metrics, /performance/alert, /performance/benchmark, /performance/command, /rosout] Running CPU benchmark...
1788078984.860737323 INFO /performance_monitor [performance_monitor.py:113(PerformanceMonitor.start_monitoring)] [topics: /diagnostic_status, /performance/benchmark_results, /performance/metrics, /performance/alert, /performance/benchmark, /performance/command, /rosout] Performance monitoring started
1788078985.089490890 INFO /performance_monitor [performance_monitor.py:507(PerformanceMonitor.benchmark_application)] [topics: /diagnostic_status, /performance/benchmark_results, /performance/metrics, /performance/alert, /performance/benchmark, /performance/command, /rosout] Running application benchmark...
1788078985.107160091 INFO /performance_monitor [performance_monitor.py:507(PerformanceMonitor.benchmark_application)] [topics: /diagnostic_status, /performance/benchmark_results, /performance/metrics, /performance/alert, /performance/benchmark, /performance/command, /rosout] Running application benchmark...
1788078985.729320526 INFO /performance_monitor [performance_monitor.py:507(PerformanceMonitor.benchmark_application)] [topics: /diagnostic_status, /performance/benchmark_results, /performance/metrics, /performance/alert, /performance/benchmark, /performance/command, /rosout] Running application benchmark...
1788078986.016691684 INFO /performance_monitor [performance_monitor.py:368(PerformanceMonitor.benchmark_fps)] [topics: /diagnostic_status, /performance/benchmark_results, /performance/metrics, /performance/alert, /performance/benchmark, /performance/command, /rosout] Running FPS benchmark...
1788078986.444716691 INFO /performance_monitor [performance_monitor.py:461(PerformanceMonitor.benchmark_network)] [topics: /diagnostic_status, /performance/benchmark_results, /performance/metrics, /performance/alert, /performance/benchmark, /performance/command, /rosout] Running network benchmark...
1788078986.817194938 INFO /performance_monitor [performance_monitor.py:401(PerformanceMonitor.benchmark_cpu)] [topics: /diagnostic_status, /performance/benchmark_results, /performance/metrics, /performance/alert, /performance/benchmark, /performance/command, /rosout] Running CPU benchmark...
1788078986.949645996 INFO /performance_monitor [performance_monitor.py:113(PerformanceMonitor.start_monitoring)] [topics: /diagnostic_status, /performance/benchmark_results, /performance/metrics, /performance/alert, /performance/benchmark, /performance/command, /rosout] Performance monitoring started
1788078987.872759103 INFO /performance_monitor [performance_monitor.py:368(PerformanceMonitor.benchmark_fps)] [topics: /diagnostic_status, /performance/benchmark_results, /performance/metrics, /performance/alert, /performance/benchmark, /performance/command, /rosout] Running FPS benchmark...
1788078988.247471570 INFO /performance_monitor [performance_monitor.py:425(PerformanceMonitor.benchmark_memory)] [topics: /diagnostic_status, /performance/benchmark_results, /performance/metrics, /performance/alert, /performance/benchmark, /performance/command, /rosout] Running memory benchmark...
1788078988.626670360 INFO /performance_monitor [performance_monitor.py:425(PerformanceMonitor.benchmark_memory)] [topics: /diagnostic_status, /performance/benchmark_results, /performance/metrics, /performance/alert, /performance/benchmark, /performance/command, /rosout] Running memory benchmark...
1788078988.783936262 INFO /performance_monitor [performance_monitor.py:401(PerformanceMonitor.benchmark_cpu)] [topics: /diagnostic_status, /performance/benchmark_results, /performance/metrics, /performance/alert, /performance/benchmark, /performance/command, /rosout] Running CPU benchmark...
1788078989.032044649 INFO /performance_monitor [performance_monitor.py:507(PerformanceMonitor.benchmark_application)] [topics: /diagnostic_status, /performance/benchmark_results, /performance/metrics, /performance/alert, /performance/benchmark, /performance/command, /rosout] Running application benchmark...
1788078989.091723680 INFO /performance_monitor [performance_monitor.py:425(PerformanceMonitor.benchmark_memory)] [topics: /diagnostic_status, /performance/benchmark_results, /performance/metrics, /performance/alert, /performance/benchmark, /performance/command, /rosout] Running memory benchmark...
1788078989.331631183 INFO /performance_monitor [performance_monitor.py:113(PerformanceMonitor.start_monitoring)] [topics: /diagnostic_status, /performance/benchmark_results, /performance/metrics, /performance/alert, /performance/benchmark, /performance/command, /rosout] Performance monitoring started
1788078989.779533624 INFO /performance_monitor [performance_monitor.py:368(PerformanceMonitor.benchmark_fps)] [topics: /diagnostic_status, /performance/benchmark_results, /performance/metrics, /performance/alert, /performance/benchmark, /performance/command, /rosout] Running FPS benchmark...
1788078989.871257543 INFO /performance_monitor [performance_monitor.py:461(PerformanceMonitor.benchmark_network)] [topics: /diagnostic_status, /performance/benchmark_results, /performance/metrics, /performance/alert, /performance/benchmark, /performance/command, /rosout] Running network benchmark...
1788078990.591104984 INFO /performance_monitor [performance_monitor.py:507(PerformanceMonitor.benchmark_application)] [topics: /diagnostic_status, /performance/benchmark_results, /performance/metrics, /performance/alert, /performance/benchmark, /performance/command, /rosout] Running application benchmark...
1788078990.967811346 INFO /performance_monitor [performance_monitor.py:461(PerformanceMonitor.benchmark_network)] [topics: /diagnostic_status, /performance/benchmark_results, /performance/metrics, /performance/alert, /performance/benchmark, /performance/command, /rosout] Running network benchmark...
1788078991.058993577 INFO /performance_monitor [performance_monitor.py:113(PerformanceMonitor.start_monitoring)] [topics: /diagnostic_status, /performance/benchmark_results, /performance/metrics, /performance/alert, /performance/benchmark, /performance/command, /rosout] Performance monitoring started
1788078991.077773809 INFO /performance_monitor [performance_monitor.py:401(PerformanceMonitor.benchmark_cpu)] [topics: /diagnostic_status, /performance/benchmark_results, /performance/metrics, /performance/alert, /performance/benchmark, /performance/command, /rosout] Running CPU benchmark...
1788078991.580134868 INFO /performance_monitor [performance_monitor.py:368(PerformanceMonitor.benchmark_fps)] [topics: /diagnostic_status, /performance/benchmark_results, /performance/metrics, /performance/alert, /performance/benchmark, /performance/command, /rosout] Running FPS benchmark...
1788078992.991601228 INFO /performance_monitor [performance_monitor.py:401(PerformanceMonitor.benchmark_cpu)] [topics: /diagnostic_status, /performance/benchmark_results, /performance/metrics, /performance/alert, /performance/benchmark, /performance/command, /rosout] Running CPU benchmark...
1788078993.511568546 INFO /performance_monitor [performance_monitor.py:113(PerformanceMonitor.start_monitoring)] [topics: /diagnostic_status, /performance/benchmark_results, /performance/metrics, /performance/alert, /performance/benchmark, /performance/command, /rosout] Performance monitoring started
1788078993.623606204 INFO /performance_monitor [performance_monitor.py:368(PerformanceMonitor.benchmark_fps)] [topics: /diagnostic_status, /performance/benchmark_results, /performance/metrics, /performance/alert, /performance/benchmark, /performance/command, /rosout] Running FPS benchmark...
1788078994.022635698 INFO /performance_monitor [performance_monitor.py:461(PerformanceMonitor.benchmark_network)] [topics: /diagnostic_status, /performance/benchmark_results, /performance/metrics, /performance/alert, /performance/benchmark, /performance/command, /rosout] Running network benchmark...
1788078994.751352071 INFO /performance_monitor [performance_monitor.py:507(PerformanceMonitor.benchmark_application)] [topics: /diagnostic_status, /performance/benchmark_results, /performance/metrics, /performance/alert, /performance/benchmark, /performance/command, /rosout] Running application benchmark...
1788078995.522449493 INFO /performance_monitor [performance_monitor.py:461(PerformanceMonitor.benchmark_network)] [topics: /diagnostic_status, /performance/benchmark_results, /performance/metrics, /performance/alert, /performance/benchmark, /performance/command, /rosout] Running network benchmark...
1788078995.677585363 INFO /performance_monitor [performance_monitor.py:113(PerformanceMonitor.start_monitoring)] [topics: /diagnostic_status, /performance/benchmark_results, /performance/metrics, /performance/alert, /performance/benchmark, /performance/command, /rosout] Performance monitoring started
1788078995.757755994 INFO /performance_monitor [performance_monitor.py:401(PerformanceMonitor.benchmark_cpu)] [topics: /diagnostic_status, /performance/benchmark_results, /performance/metrics, /performance/alert, /performance/benchmark, /performance/command, /rosout] Running CPU benchmark...
1788078995.963633775 INFO /performance_monitor [performance_monitor.py:425(PerformanceMonitor.benchmark_memory)] [topics: /diagnostic_status, /performance/benchmark_results, /performance/metrics, /performance/alert, /performance/benchmark, /performance/command, /rosout] Running memory benchmark...
1788078996.168812751 INFO /performance_monitor [performance_monitor.py:425(PerformanceMonitor.benchmark_memory)] [topics: /diagnostic_status, /performance/benchmark_results, /performance/metrics, /performance/alert, /performance/benchmark, /performance/command, /rosout] Running memory benchmark...
1788078996.763777017 INFO /performance_monitor [performance_monitor.py:461(PerformanceMonitor.benchmark_network)] [topics: /diagnostic_status, /performance/benchmark_results, /performance/metrics, /performance/alert, /performance/benchmark, /performance/command, /rosout] Running network benchmark...
1788078997.172751665 INFO /performance_monitor [performance_monitor.py:507(PerformanceMonitor.benchmark_application)] [topics: /diagnostic_status, /performance/benchmark_results, /performance/metrics, /performance/alert, /performance/benchmark, /performance/command, /rosout] Running application benchmark...
1788079001.887075901 INFO /performance_monitor [performance_monitor.py:100(PerformanceMonitor.__init__)] [topics: /rosout, /performance/alert, /performance/benchmark, /performance/benchmark_results, /performance/metrics, /diagnostic_status, /performance/command] Performance Monitor initialized
1788079003.900479078 INFO /performance_monitor [performance_monitor.py:113(PerformanceMonitor.start_monitoring)] [topics: /rosout, /performance/alert, /performance/benchmark, /performance/benchmark_results, /performance/metrics, /diagnostic_status, /performance/command] Performance monitoring started
1788079005.902222871 INFO /performance_monitor [performance_monitor.py:113(PerformanceMonitor.start_monitoring)] [topics: /rosout, /performance/alert, /performance/benchmark, /performance/benchmark_results, /performance/metrics, /diagnostic_status, /performance/command] Performance monitoring started
1788079007.902786016 INFO /performance_monitor [performance_monitor.py:113(PerformanceMonitor.start_monitoring)] [topics: /rosout, /performance/alert, /performance/benchmark, /performance/benchmark_results, /performance/metrics, /diagnostic_status, /performance/command] Performance monitoring started
1788079008.902630567 INFO /performance_monitor [performance_monitor.py:368(PerformanceMonitor.benchmark_fps)] [topics: /rosout, /performance/alert, /performance/benchmark, /performance/benchmark_results, /performance/metrics, /diagnostic_status, /performance/command] Running FPS benchmark...
1788079009.901568412 INFO /performance_monitor [performance_monitor.py:113(PerformanceMonitor.start_monitoring)] [topics: /rosout, /performance/alert, /performance/benchmark, /performance/benchmark_results, /performance/metrics, /diagnostic_status, /performance/command] Performance monitoring started
1788079010.898859262 INFO /performance_monitor [performance_monitor.py:368(PerformanceMonitor.benchmark_fps)] [topics: /rosout, /performance/alert, /performance/benchmark, /performance/benchmark_results, /performance/metrics, /diagnostic_status, /performance/command] Running FPS benchmark...
1788079011.895574569 INFO /performance_monitor [performance_monitor.py:113(PerformanceMonitor.start_monitoring)] [topics: /rosout, /performance/alert, /performance/benchmark, /performance/benchmark_results, /performance/metrics, /diagnostic_status, /performance/command] Performance monitoring started
1788079012.905198097 INFO /performance_monitor [performance_monitor.py:368(PerformanceMonitor.benchmark_fps)] [topics: /rosout, /performance/alert, /performance/benchmark, /performance/benchmark_results, /performance/metrics, /diagnostic_status, /performance/command] Running FPS benchmark...
1788079013.902974128 INFO /performance_monitor [performance_monitor.py:113(PerformanceMonitor.start_monitoring)] [topics: /rosout, /performance/alert, /performance/benchmark, /performance/benchmark_results, /performance/metrics, /diagnostic_status, /performance/command] Performance monitoring started
1788079013.910972595 INFO /performance_monitor [performance_monitor.py:401(PerformanceMonitor.benchmark_cpu)] [topics: /rosout, /performance/alert, /performance/benchmark, /performance/benchmark_results, /performance/metrics, /diagnostic_status, /performance/command] Running CPU benchmark...
1788079014.917702198 INFO /performance_monitor [performance_monitor.py:368(PerformanceMonitor.benchmark_fps)] [topics: /rosout, /performance/alert, /performance/benchmark, /performance/benchmark_results, /performance/metrics, /diagnostic_status, /performance/command] Running FPS benchmark...
1788079015.147156715 INFO /performance_monitor [performance_monitor.py:425(PerformanceMonitor.benchmark_memory)] [topics: /rosout, /performance/alert, /performance/benchmark, /performance/benchmark_results, /performance/metrics, /diagnostic_status, /performance/command] Running memory benchmark...
1788079015.900293111 INFO /performance_monitor [performance_monitor.py:461(PerformanceMonitor.benchmark_network)] [topics: /rosout, /performance/alert, /performance/benchmark, /performance/benchmark_results, /performance/metrics, /diagnostic_status, /performance/command] Running network benchmark...
1788079015.902689456 INFO /performance_monitor [performance_monitor.py:113(PerformanceMonitor.start_monitoring)] [topics: /rosout, /performance/alert, /performance/benchmark, /performance/benchmark_results, /performance/metrics, /diagnostic_status, /performance/command] Performance monitoring started
1788079015.905042171 INFO /performance_monitor [performance_monitor.py:401(PerformanceMonitor.benchmark_cpu)] [topics: /rosout, /performance/alert, /performance/benchmark, /performance/benchmark_results, /performance/metrics, /diagnostic_status, /performance/command] Running CPU benchmark...
1788079016.907932996 INFO /performance_monitor [performance_monitor.py:368(PerformanceMonitor.benchmark_fps)] [topics: /rosout, /performance/alert, /performance/benchmark, /performance/benchmark_results, /performance/metrics, /diagnostic_status, /performance/command] Running FPS benchmark...
1788079017.132670402 INFO /performance_monitor [performance_monitor.py:425(PerformanceMonitor.benchmark_memory)] [topics: /rosout, /performance/alert, /performance/benchmark, /performance/benchmark_results, /performance/metrics, /diagnostic_status, /performance/command] Running memory benchmark...
1788079017.855050325 INFO /performance_monitor [performance_monitor.py:461(PerformanceMonitor.benchmark_network)] [topics: /rosout, /performance/alert, /performance/benchmark, /performance/benchmark_results, /performance/metrics, /diagnostic_status, /performance/command] Running network benchmark...
1788079017.892257213 INFO /performance_monitor [performance_monitor.py:113(PerformanceMonitor.start_monitoring)] [topics: /rosout, /performance/alert, /performance/benchmark, /performance/benchmark_results, /performance/metrics, /diagnostic_status, /performance/command] Performance monitoring started
1788079017.909420728 INFO /performance_monitor [performance_monitor.py:401(PerformanceMonitor.benchmark_cpu)] [topics: /rosout, /performance/alert, /performance/benchmark, /performance/benchmark_results, /performance/metrics, /diagnostic_status, /performance/command] Running CPU benchmark...
1788079018.316736221 INFO /performance_monitor [performance_monitor.py:507(PerformanceMonitor.benchmark_application)] [topics: /rosout, /performance/alert, /performance/benchmark, /performance/benchmark_results, /performance/metrics, /diagnostic_status, /performance/command] Running application benchmark...
1788079018.449785709 INFO /performance_monitor [performance_monitor.py:360(PerformanceMonitor.run_benchmark)] [topics: /rosout, /performance/alert, /performance/benchmark, /performance/benchmark_results, /performance/metrics, /diagnostic_status, /performance/command] Benchmark completed with overall score: 0.62
1788079018.486592054 INFO /performance_monitor [performance_monitor.py:368(PerformanceMonitor.benchmark_fps)] [topics: /rosout, /performance/alert, /performance/benchmark, /performance/benchmark_results, /performance/metrics, /diagnostic_status, /performance/command] Running FPS benchmark...
1788079018.916595458 INFO /performance_monitor [performance_monitor.py:368(PerformanceMonitor.benchmark_fps)] [topics: /rosout, /performance/alert, /performance/benchmark, /performance/benchmark_results, /performance/metrics, /diagnostic_status, /performance/command] Running FPS benchmark...
1788079019.227873802 INFO /performance_monitor [performance_monitor.py:425(PerformanceMonitor.benchmark_memory)] [topics: /rosout, /performance/alert, /performance/benchmark, /performance/benchmark_results, /performance/metrics, /diagnostic_status, /performance/command] Running memory benchmark...
1788079019.978480100 INFO /performance_monitor [performance_monitor.py:113(PerformanceMonitor.start_monitoring)] [topics: /rosout, /performance/alert, /performance/benchmark, /performance/benchmark_results, /performance/metrics, /diagnostic_status, /performance/command] Performance monitoring started
1788079019.983099222 INFO /performance_monitor [performance_monitor.py:401(PerformanceMonitor.benchmark_cpu)] [topics: /rosout, /performance/alert, /performance/benchmark, /performance/benchmark_results, /performance/metrics, /diagnostic_status, /performance/command] Running CPU benchmark...
1788079019.996437549 INFO /performance_monitor [performance_monitor.py:461(PerformanceMonitor.benchmark_network)] [topics: /rosout, /performance/alert, /performance/benchmark, /performance/benchmark_results, /performance/metrics, /diagnostic_status, /performance/command] Running network benchmark...
1788079023.542524814 INFO /performance_monitor [performance_monitor.py:100(PerformanceMonitor.__init__)] [topics: /performance/benchmark_results, /performance/command, /rosout, /performance/alert, /diagnostic_status, /performance/metrics, /performance/benchmark] Performance Monitor initialized
1788079025.555381536 INFO /performance_monitor [performance_monitor.py:113(PerformanceMonitor.start_monitoring)] [topics: /performance/benchmark_results, /performance/command, /rosout, /performance/alert, /diagnostic_status, /performance/metrics, /performance/benchmark] Performance monitoring started
1788079027.547492265 INFO /performance_monitor [performance_monitor.py:113(PerformanceMonitor.start_monitoring)] [topics: /performance/benchmark_results, /performance/command, /rosout, /performance/alert, /diagnostic_status, /performance/metrics, /performance/benchmark] Performance monitoring started
1788079033.785638809 INFO /performance_monitor [performance_monitor.py:100(PerformanceMonitor.__init__)] [topics: /performance/metrics, /rosout, /performance/alert, /diagnostic_status, /performance/benchmark_results, /performance/benchmark, /performance/command] Performance Monitor initialized
1788079035.796849012 INFO /performance_monitor [performance_monitor.py:113(PerformanceMonitor.start_monitoring)] [topics: /performance/metrics, /rosout, /performance/alert, /diagnostic_status, /performance/benchmark_results, /performance/benchmark, /performance/command] Performance monitoring started
1788079037.795756340 INFO /performance_monitor [performance_monitor.py:113(PerformanceMonitor.start_monitoring)] [topics: /performance/metrics, /rosout, /performance/alert, /diagnostic_status, /performance/benchmark_results, /performance/benchmark, /performance/command] Performance monitoring started
1788079039.799317598 INFO /performance_monitor [performance_monitor.py:113(PerformanceMonitor.start_monitoring)] [topics: /performance/metrics, /rosout, /performance/alert, /diagnostic_status, /performance/benchmark_results, /performance/benchmark, /performance/command] Performance monitoring started
1788079040.803296327 INFO /performance_monitor [performance_monitor.py:368(PerformanceMonitor.benchmark_fps)] [topics: /performance/metrics, /rosout, /performance/alert, /diagnostic_status, /performance/benchmark_results, /performance/benchmark, /performance/command] Running FPS benchmark...
1788079041.792541980 INFO /performance_monitor [performance_monitor.py:113(PerformanceMonitor.start_monitoring)] [topics: /performance/metrics, /rosout, /performance/alert, /diagnostic_status, /performance/benchmark_results, /performance/benchmark, /performance/command] Performance monitoring started
1788079042.802830696 INFO /performance_monitor [performance_monitor.py:368(PerformanceMonitor.benchmark_fps)] [topics: /performance/metrics, /rosout, /performance/alert, /diagnostic_status, /performance/benchmark_results, /performance/benchmark, /performance/command] Running FPS benchmark...
1788079043.794710636 INFO /performance_monitor [performance_monitor.py:113(PerformanceMonitor.start_monitoring)] [topics: /performance/metrics, /rosout, /performance/alert, /diagnostic_status, /performance/benchmark_results, /performance/benchmark, /performance/command] Performance monitoring started
1788079044.801717996 INFO /performance_monitor [performance_monitor.py:368(PerformanceMonitor.benchmark_fps)] [topics: /performance/metrics, /rosout, /performance/alert, /diagnostic_status, /performance/benchmark_results, /performance/benchmark, /performance/command] Running FPS benchmark...
