[rospy.client][INFO] 2026-08-30 08:34:35,865: init_node, name[/safety_monitor], pid[97]
[xmlrpc][INFO] 2026-08-30 08:34:35,880: XML-RPC server binding to 127.0.0.1:0
[xmlrpc][INFO] 2026-08-30 08:34:35,929: Started XML-RPC server [http://localhost:33109/]
[rospy.impl.masterslave][INFO] 2026-08-30 08:34:35,929: _ready: http://localhost:33109/
[rospy.init][INFO] 2026-08-30 08:34:35,929: ROS Slave URI: [http://localhost:33109/]
[rospy.registration][INFO] 2026-08-30 08:34:35,937: Registering with master node http://localhost:11311
[xmlrpc][INFO] 2026-08-30 08:34:35,938: xml rpc node: starting XML-RPC server
[rospy.init][INFO] 2026-08-30 08:34:36,035: registered with master
[rospy.rosout][INFO] 2026-08-30 08:34:36,036: initializing /rosout core topic
[rospy.rosout][INFO] 2026-08-30 08:34:36,072: connected to core topic /rosout
[rospy.simtime][INFO] 2026-08-30 08:34:36,075: /use_sim_time is not set, will not subscribe to simulated time [/clock] topic
[rosout][INFO] 2026-08-30 08:34:36,275: Safety Monitor initialized
[rosout][INFO] 2026-08-30 08:34:36,281: Health publisher: /safety_monitor/node_health
[rospy.internal][INFO] 2026-08-30 08:34:36,389: topic[/rosout] adding connection to [/rosout], count 0
[rospy.internal][INFO] 2026-08-30 08:34:36,392: topic[/safety_status] adding connection to [/mission_manager], count 0
[rospy.internal][INFO] 2026-08-30 08:34:36,698: topic[/safety_monitor/node_health] adding connection to [/health_checker], count 0
[rospy.core][INFO] 2026-08-30 08:37:32,152: signal_shutdown [signal-2]
[rospy.internal][INFO] 2026-08-30 08:37:32,175: topic[/rosout] removing connection to /rosout
[rospy.internal][INFO] 2026-08-30 08:37:32,176: topic[/safety_status] removing connection to /mission_manager
[rospy.internal][INFO] 2026-08-30 08:37:32,177: topic[/safety_monitor/node_health] removing connection to /health_checker
[rospy.impl.masterslave][INFO] 2026-08-30 08:37:32,178: signal-2
[rospy.core][INFO] 2026-08-30 08:37:32,755: signal_shutdown [atexit]
