[rosmaster.main][INFO] 2026-08-30 17:29:54,725: initialization complete, waiting for shutdown
[rosmaster.main][INFO] 2026-08-30 17:29:54,729: Starting ROS Master Node
[xmlrpc][INFO] 2026-08-30 17:29:54,737: XML-RPC server binding to 0.0.0.0:11311
[xmlrpc][INFO] 2026-08-30 17:29:54,742: Started XML-RPC server [http://kamikaze:11311/]
[rosmaster.master][INFO] 2026-08-30 17:29:54,742: Master initialized: port[11311], uri[http://kamikaze:11311/]
[xmlrpc][INFO] 2026-08-30 17:29:54,743: xml rpc node: starting XML-RPC server
[rosmaster.master][INFO] 2026-08-30 17:29:54,799: +PARAM [/run_id] by /roslaunch
[rosmaster.master][INFO] 2026-08-30 17:29:54,804: +PARAM [/roslaunch/uris/host_kamikaze__40453] by /roslaunch
[rosmaster.master][INFO] 2026-08-30 17:29:55,021: +PARAM [/rosversion] by /roslaunch
[rosmaster.master][INFO] 2026-08-30 17:29:55,021: +PARAM [/rosdistro] by /roslaunch
[rosmaster.master][INFO] 2026-08-30 17:29:55,022: +PARAM [/target_params/detection/model/path] by /roslaunch
[rosmaster.master][INFO] 2026-08-30 17:29:55,022: +PARAM [/target_params/detection/model/device] by /roslaunch
[rosmaster.master][INFO] 2026-08-30 17:29:55,022: +PARAM [/target_params/detection/model/input_size] by /roslaunch
[rosmaster.master][INFO] 2026-08-30 17:29:55,022: +PARAM [/target_params/detection/model/batch_size] by /roslaunch
[rosmaster.master][INFO] 2026-08-30 17:29:55,022: +PARAM [/target_params/detection/confidence_threshold] by /roslaunch
[rosmaster.master][INFO] 2026-08-30 17:29:55,023: +PARAM [/target_params/detection/nms_threshold] by /roslaunch
[rosmaster.master][INFO] 2026-08-30 17:29:55,023: +PARAM [/target_params/detection/max_detections] by /roslaunch
[rosmaster.master][INFO] 2026-08-30 17:29:55,023: +PARAM [/target_params/detection/vehicle_classes] by /roslaunch
[rosmaster.master][INFO] 2026-08-30 17:29:55,023: +PARAM [/target_params/detection/class_thresholds/class_1] by /roslaunch
[rosmaster.master][INFO] 2026-08-30 17:29:55,023: +PARAM [/target_params/detection/class_thresholds/class_2] by /roslaunch
[rosmaster.master][INFO] 2026-08-30 17:29:55,023: +PARAM [/target_params/detection/class_thresholds/class_3] by /roslaunch
[rosmaster.master][INFO] 2026-08-30 17:29:55,024: +PARAM [/target_params/detection/class_thresholds/class_5] by /roslaunch
[rosmaster.master][INFO] 2026-08-30 17:29:55,024: +PARAM [/target_params/detection/class_thresholds/class_6] by /roslaunch
[rosmaster.master][INFO] 2026-08-30 17:29:55,024: +PARAM [/target_params/detection/class_thresholds/class_7] by /roslaunch
[rosmaster.master][INFO] 2026-08-30 17:29:55,024: +PARAM [/target_params/detection/class_thresholds/class_8] by /roslaunch
[rosmaster.master][INFO] 2026-08-30 17:29:55,025: +PARAM [/target_params/detection/performance/max_fps] by /roslaunch
[rosmaster.master][INFO] 2026-08-30 17:29:55,025: +PARAM [/target_params/detection/performance/frame_skip] by /roslaunch
[rosmaster.master][INFO] 2026-08-30 17:29:55,026: +PARAM [/target_params/detection/performance/parallel_inference] by /roslaunch
[rosmaster.master][INFO] 2026-08-30 17:29:55,026: +PARAM [/target_params/detection/performance/gpu_memory_limit] by /roslaunch
[rosmaster.master][INFO] 2026-08-30 17:29:55,026: +PARAM [/target_params/tracking/engagement_distance] by /roslaunch
[rosmaster.master][INFO] 2026-08-30 17:29:55,026: +PARAM [/target_params/tracking/attack_distance] by /roslaunch
[rosmaster.master][INFO] 2026-08-30 17:29:55,026: +PARAM [/target_params/tracking/disengagement_distance] by /roslaunch
[rosmaster.master][INFO] 2026-08-30 17:29:55,027: +PARAM [/target_params/tracking/max_tracks] by /roslaunch
[rosmaster.master][INFO] 2026-08-30 17:29:55,027: +PARAM [/target_params/tracking/max_lost_frames] by /roslaunch
[rosmaster.master][INFO] 2026-08-30 17:29:55,028: +PARAM [/target_params/tracking/min_track_length] by /roslaunch
[rosmaster.master][INFO] 2026-08-30 17:29:55,030: +PARAM [/target_params/tracking/track_confidence_threshold] by /roslaunch
[rosmaster.master][INFO] 2026-08-30 17:29:55,031: +PARAM [/target_params/tracking/association/iou_threshold] by /roslaunch
[rosmaster.master][INFO] 2026-08-30 17:29:55,031: +PARAM [/target_params/tracking/association/distance_threshold] by /roslaunch
[rosmaster.master][INFO] 2026-08-30 17:29:55,032: +PARAM [/target_params/tracking/association/appearance_weight] by /roslaunch
[rosmaster.master][INFO] 2026-08-30 17:29:55,033: +PARAM [/target_params/tracking/association/motion_weight] by /roslaunch
[rosmaster.master][INFO] 2026-08-30 17:29:55,033: +PARAM [/target_params/tracking/kalman/dt] by /roslaunch
[rosmaster.master][INFO] 2026-08-30 17:29:55,034: +PARAM [/target_params/tracking/kalman/process_noise] by /roslaunch
[rosmaster.master][INFO] 2026-08-30 17:29:55,034: +PARAM [/target_params/tracking/kalman/measurement_noise] by /roslaunch
[rosmaster.master][INFO] 2026-08-30 17:29:55,035: +PARAM [/target_params/tracking/kalman/initial_velocity] by /roslaunch
[rosmaster.master][INFO] 2026-08-30 17:29:55,035: +PARAM [/target_params/tracking/kalman/state_dim] by /roslaunch
[rosmaster.master][INFO] 2026-08-30 17:29:55,036: +PARAM [/target_params/tracking/kalman/measurement_dim] by /roslaunch
[rosmaster.master][INFO] 2026-08-30 17:29:55,036: +PARAM [/target_params/behavior/speed_classes/stationary] by /roslaunch
[rosmaster.master][INFO] 2026-08-30 17:29:55,036: +PARAM [/target_params/behavior/speed_classes/slow] by /roslaunch
[rosmaster.master][INFO] 2026-08-30 17:29:55,037: +PARAM [/target_params/behavior/speed_classes/medium] by /roslaunch
[rosmaster.master][INFO] 2026-08-30 17:29:55,037: +PARAM [/target_params/behavior/speed_classes/fast] by /roslaunch
[rosmaster.master][INFO] 2026-08-30 17:29:55,038: +PARAM [/target_params/behavior/speed_classes/extreme] by /roslaunch
[rosmaster.master][INFO] 2026-08-30 17:29:55,038: +PARAM [/target_params/behavior/models/random_walk/noise_scale] by /roslaunch
[rosmaster.master][INFO] 2026-08-30 17:29:55,038: +PARAM [/target_params/behavior/models/random_walk/persistence] by /roslaunch
[rosmaster.master][INFO] 2026-08-30 17:29:55,039: +PARAM [/target_params/behavior/models/pursuit/max_acceleration] by /roslaunch
[rosmaster.master][INFO] 2026-08-30 17:29:55,039: +PARAM [/target_params/behavior/models/pursuit/max_turn_rate] by /roslaunch
[rosmaster.master][INFO] 2026-08-30 17:29:55,039: +PARAM [/target_params/behavior/models/evasion/max_acceleration] by /roslaunch
[rosmaster.master][INFO] 2026-08-30 17:29:55,040: +PARAM [/target_params/behavior/models/evasion/max_turn_rate] by /roslaunch
[rosmaster.master][INFO] 2026-08-30 17:29:55,040: +PARAM [/target_params/behavior/threat/distance_weights] by /roslaunch
[rosmaster.master][INFO] 2026-08-30 17:29:55,040: +PARAM [/target_params/behavior/threat/speed_thresholds/low] by /roslaunch
[rosmaster.master][INFO] 2026-08-30 17:29:55,041: +PARAM [/target_params/behavior/threat/speed_thresholds/medium] by /roslaunch
[rosmaster.master][INFO] 2026-08-30 17:29:55,041: +PARAM [/target_params/behavior/threat/speed_thresholds/high] by /roslaunch
[rosmaster.master][INFO] 2026-08-30 17:29:55,042: +PARAM [/target_params/behavior/threat/priority_boost] by /roslaunch
[rosmaster.master][INFO] 2026-08-30 17:29:55,042: +PARAM [/target_params/performance/update_rates/detection] by /roslaunch
[rosmaster.master][INFO] 2026-08-30 17:29:55,042: +PARAM [/target_params/performance/update_rates/tracking] by /roslaunch
[rosmaster.master][INFO] 2026-08-30 17:29:55,042: +PARAM [/target_params/performance/update_rates/control] by /roslaunch
[rosmaster.master][INFO] 2026-08-30 17:29:55,043: +PARAM [/target_params/performance/update_rates/state] by /roslaunch
[rosmaster.master][INFO] 2026-08-30 17:29:55,043: +PARAM [/target_params/performance/latency/max_detection] by /roslaunch
[rosmaster.master][INFO] 2026-08-30 17:29:55,044: +PARAM [/target_params/performance/latency/max_tracking] by /roslaunch
[rosmaster.master][INFO] 2026-08-30 17:29:55,044: +PARAM [/target_params/performance/latency/max_control] by /roslaunch
[rosmaster.master][INFO] 2026-08-30 17:29:55,044: +PARAM [/target_params/performance/resources/max_memory_mb] by /roslaunch
[rosmaster.master][INFO] 2026-08-30 17:29:55,045: +PARAM [/target_params/performance/resources/max_cpu_percent] by /roslaunch
[rosmaster.master][INFO] 2026-08-30 17:29:55,045: +PARAM [/target_params/performance/resources/max_gpu_memory_mb] by /roslaunch
[rosmaster.master][INFO] 2026-08-30 17:29:55,045: +PARAM [/target_params/camera/fx] by /roslaunch
[rosmaster.master][INFO] 2026-08-30 17:29:55,046: +PARAM [/target_params/camera/fy] by /roslaunch
[rosmaster.master][INFO] 2026-08-30 17:29:55,046: +PARAM [/target_params/camera/cx] by /roslaunch
[rosmaster.master][INFO] 2026-08-30 17:29:55,046: +PARAM [/target_params/camera/cy] by /roslaunch
[rosmaster.master][INFO] 2026-08-30 17:29:55,047: +PARAM [/target_params/camera/width] by /roslaunch
[rosmaster.master][INFO] 2026-08-30 17:29:55,047: +PARAM [/target_params/camera/height] by /roslaunch
[rosmaster.master][INFO] 2026-08-30 17:29:55,048: +PARAM [/target_params/camera/fov] by /roslaunch
[rosmaster.master][INFO] 2026-08-30 17:29:55,048: +PARAM [/camera_calib/camera/id] by /roslaunch
[rosmaster.master][INFO] 2026-08-30 17:29:55,048: +PARAM [/camera_calib/camera/model] by /roslaunch
[rosmaster.master][INFO] 2026-08-30 17:29:55,049: +PARAM [/camera_calib/camera/width] by /roslaunch
[rosmaster.master][INFO] 2026-08-30 17:29:55,049: +PARAM [/camera_calib/camera/height] by /roslaunch
[rosmaster.master][INFO] 2026-08-30 17:29:55,049: +PARAM [/camera_calib/camera/intrinsic/fx] by /roslaunch
[rosmaster.master][INFO] 2026-08-30 17:29:55,049: +PARAM [/camera_calib/camera/intrinsic/fy] by /roslaunch
[rosmaster.master][INFO] 2026-08-30 17:29:55,050: +PARAM [/camera_calib/camera/intrinsic/cx] by /roslaunch
[rosmaster.master][INFO] 2026-08-30 17:29:55,050: +PARAM [/camera_calib/camera/intrinsic/cy] by /roslaunch
[rosmaster.master][INFO] 2026-08-30 17:29:55,050: +PARAM [/camera_calib/camera/intrinsic/fov] by /roslaunch
[rosmaster.master][INFO] 2026-08-30 17:29:55,051: +PARAM [/camera_calib/camera/distortion/model] by /roslaunch
[rosmaster.master][INFO] 2026-08-30 17:29:55,051: +PARAM [/camera_calib/camera/distortion/coefficients/k1] by /roslaunch
[rosmaster.master][INFO] 2026-08-30 17:29:55,051: +PARAM [/camera_calib/camera/distortion/coefficients/k2] by /roslaunch
[rosmaster.master][INFO] 2026-08-30 17:29:55,052: +PARAM [/camera_calib/camera/distortion/coefficients/p1] by /roslaunch
[rosmaster.master][INFO] 2026-08-30 17:29:55,052: +PARAM [/camera_calib/camera/distortion/coefficients/p2] by /roslaunch
[rosmaster.master][INFO] 2026-08-30 17:29:55,052: +PARAM [/camera_calib/camera/distortion/coefficients/k3] by /roslaunch
[rosmaster.master][INFO] 2026-08-30 17:29:55,052: +PARAM [/camera_calib/camera/projection/P] by /roslaunch
[rosmaster.master][INFO] 2026-08-30 17:29:55,052: +PARAM [/camera_calib/camera/rectification/R] by /roslaunch
[rosmaster.master][INFO] 2026-08-30 17:29:55,053: +PARAM [/camera_calib/camera/extrinsic/translation] by /roslaunch
[rosmaster.master][INFO] 2026-08-30 17:29:55,053: +PARAM [/camera_calib/camera/extrinsic/rotation] by /roslaunch
[rosmaster.master][INFO] 2026-08-30 17:29:55,054: +PARAM [/camera_calib/camera/extrinsic/rotation_matrix] by /roslaunch
[rosmaster.master][INFO] 2026-08-30 17:29:55,055: +PARAM [/camera_calib/camera/calibration/date] by /roslaunch
[rosmaster.master][INFO] 2026-08-30 17:29:55,055: +PARAM [/camera_calib/camera/calibration/method] by /roslaunch
[rosmaster.master][INFO] 2026-08-30 17:29:55,056: +PARAM [/camera_calib/camera/calibration/reprojection_error] by /roslaunch
[rosmaster.master][INFO] 2026-08-30 17:29:55,056: +PARAM [/camera_calib/camera/calibration/status] by /roslaunch
[rosmaster.master][INFO] 2026-08-30 17:29:55,056: +PARAM [/camera_calib/image_processing/preprocessing/resize] by /roslaunch
[rosmaster.master][INFO] 2026-08-30 17:29:55,057: +PARAM [/camera_calib/image_processing/preprocessing/normalize] by /roslaunch
[rosmaster.master][INFO] 2026-08-30 17:29:55,057: +PARAM [/camera_calib/image_processing/preprocessing/mean] by /roslaunch
[rosmaster.master][INFO] 2026-08-30 17:29:55,057: +PARAM [/camera_calib/image_processing/preprocessing/std] by /roslaunch
[rosmaster.master][INFO] 2026-08-30 17:29:55,057: +PARAM [/camera_calib/image_processing/color_space] by /roslaunch
[rosmaster.master][INFO] 2026-08-30 17:29:55,058: +PARAM [/camera_calib/image_processing/roi/enabled] by /roslaunch
[rosmaster.master][INFO] 2026-08-30 17:29:55,058: +PARAM [/camera_calib/image_processing/roi/x] by /roslaunch
[rosmaster.master][INFO] 2026-08-30 17:29:55,070: +PARAM [/camera_calib/image_processing/roi/y] by /roslaunch
[rosmaster.master][INFO] 2026-08-30 17:29:55,071: +PARAM [/camera_calib/image_processing/roi/width] by /roslaunch
[rosmaster.master][INFO] 2026-08-30 17:29:55,071: +PARAM [/camera_calib/image_processing/roi/height] by /roslaunch
[rosmaster.master][INFO] 2026-08-30 17:29:55,071: +PARAM [/camera_calib/image_processing/augmentation/horizontal_flip] by /roslaunch
[rosmaster.master][INFO] 2026-08-30 17:29:55,072: +PARAM [/camera_calib/image_processing/augmentation/rotation] by /roslaunch
[rosmaster.master][INFO] 2026-08-30 17:29:55,072: +PARAM [/camera_calib/image_processing/augmentation/scale] by /roslaunch
[rosmaster.master][INFO] 2026-08-30 17:29:55,073: +PARAM [/camera_calib/image_processing/augmentation/brightness] by /roslaunch
[rosmaster.master][INFO] 2026-08-30 17:29:55,073: +PARAM [/camera_calib/stereo/enabled] by /roslaunch
[rosmaster.master][INFO] 2026-08-30 17:29:55,074: +PARAM [/camera_calib/stereo/baseline] by /roslaunch
[rosmaster.master][INFO] 2026-08-30 17:29:55,074: +PARAM [/camera_calib/stereo/depth/min_distance] by /roslaunch
[rosmaster.master][INFO] 2026-08-30 17:29:55,074: +PARAM [/camera_calib/stereo/depth/max_distance] by /roslaunch
[rosmaster.master][INFO] 2026-08-30 17:29:55,074: +PARAM [/camera_calib/stereo/depth/disparity_range] by /roslaunch
[rosmaster.master][INFO] 2026-08-30 17:29:55,075: +PARAM [/camera_calib/stereo/matching/algorithm] by /roslaunch
[rosmaster.master][INFO] 2026-08-30 17:29:55,075: +PARAM [/camera_calib/stereo/matching/num_disparities] by /roslaunch
[rosmaster.master][INFO] 2026-08-30 17:29:55,075: +PARAM [/camera_calib/stereo/matching/block_size] by /roslaunch
[rosmaster.master][INFO] 2026-08-30 17:29:55,075: +PARAM [/camera_calib/stereo/matching/p1] by /roslaunch
[rosmaster.master][INFO] 2026-08-30 17:29:55,075: +PARAM [/camera_calib/stereo/matching/p2] by /roslaunch
[rosmaster.master][INFO] 2026-08-30 17:29:55,076: +PARAM [/flight_control/pid/position/x/p] by /roslaunch
[rosmaster.master][INFO] 2026-08-30 17:29:55,076: +PARAM [/flight_control/pid/position/x/i] by /roslaunch
[rosmaster.master][INFO] 2026-08-30 17:29:55,076: +PARAM [/flight_control/pid/position/x/d] by /roslaunch
[rosmaster.master][INFO] 2026-08-30 17:29:55,076: +PARAM [/flight_control/pid/position/x/integral_clamp] by /roslaunch
[rosmaster.master][INFO] 2026-08-30 17:29:55,077: +PARAM [/flight_control/pid/position/y/p] by /roslaunch
[rosmaster.master][INFO] 2026-08-30 17:29:55,077: +PARAM [/flight_control/pid/position/y/i] by /roslaunch
[rosmaster.master][INFO] 2026-08-30 17:29:55,081: +PARAM [/flight_control/pid/position/y/d] by /roslaunch
[rosmaster.master][INFO] 2026-08-30 17:29:55,081: +PARAM [/flight_control/pid/position/y/integral_clamp] by /roslaunch
[rosmaster.master][INFO] 2026-08-30 17:29:55,081: +PARAM [/flight_control/pid/position/z/p] by /roslaunch
[rosmaster.master][INFO] 2026-08-30 17:29:55,082: +PARAM [/flight_control/pid/position/z/i] by /roslaunch
[rosmaster.master][INFO] 2026-08-30 17:29:55,082: +PARAM [/flight_control/pid/position/z/d] by /roslaunch
[rosmaster.master][INFO] 2026-08-30 17:29:55,083: +PARAM [/flight_control/pid/position/z/integral_clamp] by /roslaunch
[rosmaster.master][INFO] 2026-08-30 17:29:55,084: +PARAM [/flight_control/pid/velocity/x/p] by /roslaunch
[rosmaster.master][INFO] 2026-08-30 17:29:55,084: +PARAM [/flight_control/pid/velocity/x/i] by /roslaunch
[rosmaster.master][INFO] 2026-08-30 17:29:55,084: +PARAM [/flight_control/pid/velocity/x/d] by /roslaunch
[rosmaster.master][INFO] 2026-08-30 17:29:55,085: +PARAM [/flight_control/pid/velocity/y/p] by /roslaunch
[rosmaster.master][INFO] 2026-08-30 17:29:55,085: +PARAM [/flight_control/pid/velocity/y/i] by /roslaunch
[rosmaster.master][INFO] 2026-08-30 17:29:55,085: +PARAM [/flight_control/pid/velocity/y/d] by /roslaunch
[rosmaster.master][INFO] 2026-08-30 17:29:55,086: +PARAM [/flight_control/pid/velocity/z/p] by /roslaunch
[rosmaster.master][INFO] 2026-08-30 17:29:55,087: +PARAM [/flight_control/pid/velocity/z/i] by /roslaunch
[rosmaster.master][INFO] 2026-08-30 17:29:55,088: +PARAM [/flight_control/pid/velocity/z/d] by /roslaunch
[rosmaster.master][INFO] 2026-08-30 17:29:55,088: +PARAM [/flight_control/pid/attitude/roll/p] by /roslaunch
[rosmaster.master][INFO] 2026-08-30 17:29:55,089: +PARAM [/flight_control/pid/attitude/roll/i] by /roslaunch
[rosmaster.master][INFO] 2026-08-30 17:29:55,089: +PARAM [/flight_control/pid/attitude/roll/d] by /roslaunch
[rosmaster.master][INFO] 2026-08-30 17:29:55,089: +PARAM [/flight_control/pid/attitude/pitch/p] by /roslaunch
[rosmaster.master][INFO] 2026-08-30 17:29:55,089: +PARAM [/flight_control/pid/attitude/pitch/i] by /roslaunch
[rosmaster.master][INFO] 2026-08-30 17:29:55,089: +PARAM [/flight_control/pid/attitude/pitch/d] by /roslaunch
[rosmaster.master][INFO] 2026-08-30 17:29:55,090: +PARAM [/flight_control/pid/attitude/yaw/p] by /roslaunch
[rosmaster.master][INFO] 2026-08-30 17:29:55,090: +PARAM [/flight_control/pid/attitude/yaw/i] by /roslaunch
[rosmaster.master][INFO] 2026-08-30 17:29:55,090: +PARAM [/flight_control/pid/attitude/yaw/d] by /roslaunch
[rosmaster.master][INFO] 2026-08-30 17:29:55,091: +PARAM [/flight_control/pid/rate/roll/p] by /roslaunch
[rosmaster.master][INFO] 2026-08-30 17:29:55,092: +PARAM [/flight_control/pid/rate/roll/i] by /roslaunch
[rosmaster.master][INFO] 2026-08-30 17:29:55,093: +PARAM [/flight_control/pid/rate/roll/d] by /roslaunch
[rosmaster.master][INFO] 2026-08-30 17:29:55,094: +PARAM [/flight_control/pid/rate/pitch/p] by /roslaunch
[rosmaster.master][INFO] 2026-08-30 17:29:55,094: +PARAM [/flight_control/pid/rate/pitch/i] by /roslaunch
[rosmaster.master][INFO] 2026-08-30 17:29:55,094: +PARAM [/flight_control/pid/rate/pitch/d] by /roslaunch
[rosmaster.master][INFO] 2026-08-30 17:29:55,094: +PARAM [/flight_control/pid/rate/yaw/p] by /roslaunch
[rosmaster.master][INFO] 2026-08-30 17:29:55,095: +PARAM [/flight_control/pid/rate/yaw/i] by /roslaunch
[rosmaster.master][INFO] 2026-08-30 17:29:55,095: +PARAM [/flight_control/pid/rate/yaw/d] by /roslaunch
[rosmaster.master][INFO] 2026-08-30 17:29:55,095: +PARAM [/flight_control/dynamics/constraints/max_velocity] by /roslaunch
[rosmaster.master][INFO] 2026-08-30 17:29:55,096: +PARAM [/flight_control/dynamics/constraints/max_acceleration] by /roslaunch
[rosmaster.master][INFO] 2026-08-30 17:29:55,096: +PARAM [/flight_control/dynamics/constraints/max_yaw_rate] by /roslaunch
[rosmaster.master][INFO] 2026-08-30 17:29:55,096: +PARAM [/flight_control/dynamics/safety_margins/min_altitude] by /roslaunch
[rosmaster.master][INFO] 2026-08-30 17:29:55,098: +PARAM [/flight_control/dynamics/safety_margins/max_altitude] by /roslaunch
[rosmaster.master][INFO] 2026-08-30 17:29:55,099: +PARAM [/flight_control/dynamics/safety_margins/max_tilt] by /roslaunch
[rosmaster.master][INFO] 2026-08-30 17:29:55,099: +PARAM [/flight_control/dynamics/safety_margins/max_rotation_rate] by /roslaunch
[rosmaster.master][INFO] 2026-08-30 17:29:55,100: +PARAM [/flight_control/dynamics/vehicle/mass] by /roslaunch
[rosmaster.master][INFO] 2026-08-30 17:29:55,101: +PARAM [/flight_control/dynamics/vehicle/moment_of_inertia] by /roslaunch
[rosmaster.master][INFO] 2026-08-30 17:29:55,102: +PARAM [/flight_control/dynamics/vehicle/thrust_to_weight] by /roslaunch
[rosmaster.master][INFO] 2026-08-30 17:29:55,102: +PARAM [/flight_control/dynamics/vehicle/max_thrust] by /roslaunch
[rosmaster.master][INFO] 2026-08-30 17:29:55,103: +PARAM [/flight_control/mission/search_patterns/type] by /roslaunch
[rosmaster.master][INFO] 2026-08-30 17:29:55,103: +PARAM [/flight_control/mission/search_patterns/params/radius] by /roslaunch
[rosmaster.master][INFO] 2026-08-30 17:29:55,103: +PARAM [/flight_control/mission/search_patterns/params/spacing] by /roslaunch
[rosmaster.master][INFO] 2026-08-30 17:29:55,104: +PARAM [/flight_control/mission/search_patterns/params/altitude] by /roslaunch
[rosmaster.master][INFO] 2026-08-30 17:29:55,105: +PARAM [/flight_control/mission/engagement/mode] by /roslaunch
[rosmaster.master][INFO] 2026-08-30 17:29:55,105: +PARAM [/flight_control/mission/engagement/priority_high] by /roslaunch
[rosmaster.master][INFO] 2026-08-30 17:29:55,106: +PARAM [/flight_control/mission/engagement/priority_low] by /roslaunch
[rosmaster.master][INFO] 2026-08-30 17:29:55,106: +PARAM [/flight_control/mission/collision_avoidance/enable] by /roslaunch
[rosmaster.master][INFO] 2026-08-30 17:29:55,107: +PARAM [/flight_control/mission/collision_avoidance/min_distance] by /roslaunch
[rosmaster.master][INFO] 2026-08-30 17:29:55,108: +PARAM [/flight_control/mission/collision_avoidance/safety_margin] by /roslaunch
[rosmaster.master][INFO] 2026-08-30 17:29:55,108: +PARAM [/flight_control/mission/collision_avoidance/avoidance_method] by /roslaunch
[rosmaster.master][INFO] 2026-08-30 17:29:55,109: +PARAM [/flight_control/mission/waypoints/tolerance] by /roslaunch
[rosmaster.master][INFO] 2026-08-30 17:29:55,109: +PARAM [/flight_control/mission/waypoints/loiter_time] by /roslaunch
[rosmaster.master][INFO] 2026-08-30 17:29:55,109: +PARAM [/flight_control/mission/waypoints/approach_speed] by /roslaunch
[rosmaster.master][INFO] 2026-08-30 17:29:55,109: +PARAM [/flight_control/simulation/physics/enable_gravity] by /roslaunch
[rosmaster.master][INFO] 2026-08-30 17:29:55,110: +PARAM [/flight_control/simulation/physics/enable_wind] by /roslaunch
[rosmaster.master][INFO] 2026-08-30 17:29:55,110: +PARAM [/flight_control/simulation/physics/enable_turbulence] by /roslaunch
[rosmaster.master][INFO] 2026-08-30 17:29:55,111: +PARAM [/flight_control/simulation/environment/wind_speed] by /roslaunch
[rosmaster.master][INFO] 2026-08-30 17:29:55,112: +PARAM [/flight_control/simulation/environment/wind_direction] by /roslaunch
[rosmaster.master][INFO] 2026-08-30 17:29:55,112: +PARAM [/flight_control/simulation/environment/turbulence_intensity] by /roslaunch
[rosmaster.master][INFO] 2026-08-30 17:29:55,112: +PARAM [/flight_control/simulation/noise/sensor_noise] by /roslaunch
[rosmaster.master][INFO] 2026-08-30 17:29:55,113: +PARAM [/flight_control/simulation/noise/actuator_noise] by /roslaunch
[rosmaster.master][INFO] 2026-08-30 17:29:55,113: +PARAM [/flight_control/simulation/noise/time_delay] by /roslaunch
[rosmaster.master][INFO] 2026-08-30 17:29:55,114: +PARAM [/flight_control/simulation/speed/simulation_speed] by /roslaunch
[rosmaster.master][INFO] 2026-08-30 17:29:55,114: +PARAM [/flight_control/simulation/speed/real_time_factor] by /roslaunch
[rosmaster.master][INFO] 2026-08-30 17:29:55,115: +PARAM [/kalman_filter/kalman_filter/type] by /roslaunch
[rosmaster.master][INFO] 2026-08-30 17:29:55,116: +PARAM [/kalman_filter/kalman_filter/state_dim] by /roslaunch
[rosmaster.master][INFO] 2026-08-30 17:29:55,116: +PARAM [/kalman_filter/kalman_filter/measurement_dim] by /roslaunch
[rosmaster.master][INFO] 2026-08-30 17:29:55,117: +PARAM [/kalman_filter/kalman_filter/noise/process/position] by /roslaunch
[rosmaster.master][INFO] 2026-08-30 17:29:55,117: +PARAM [/kalman_filter/kalman_filter/noise/process/velocity] by /roslaunch
[rosmaster.master][INFO] 2026-08-30 17:29:55,118: +PARAM [/kalman_filter/kalman_filter/noise/process/acceleration] by /roslaunch
[rosmaster.master][INFO] 2026-08-30 17:29:55,118: +PARAM [/kalman_filter/kalman_filter/noise/measurement/position] by /roslaunch
[rosmaster.master][INFO] 2026-08-30 17:29:55,119: +PARAM [/kalman_filter/kalman_filter/parameters/dt] by /roslaunch
[rosmaster.master][INFO] 2026-08-30 17:29:55,119: +PARAM [/kalman_filter/kalman_filter/parameters/adaptive/enabled] by /roslaunch
[rosmaster.master][INFO] 2026-08-30 17:29:55,119: +PARAM [/kalman_filter/kalman_filter/parameters/adaptive/update_rate] by /roslaunch
[rosmaster.master][INFO] 2026-08-30 17:29:55,120: +PARAM [/kalman_filter/kalman_filter/parameters/adaptive/innovation_threshold] by /roslaunch
[rosmaster.master][INFO] 2026-08-30 17:29:55,120: +PARAM [/kalman_filter/kalman_filter/parameters/outlier_rejection/enabled] by /roslaunch
[rosmaster.master][INFO] 2026-08-30 17:29:55,121: +PARAM [/kalman_filter/kalman_filter/parameters/outlier_rejection/mahalanobis_threshold] by /roslaunch
[rosmaster.master][INFO] 2026-08-30 17:29:55,121: +PARAM [/kalman_filter/kalman_filter/parameters/outlier_rejection/gating] by /roslaunch
[rosmaster.master][INFO] 2026-08-30 17:29:55,121: +PARAM [/kalman_filter/kalman_filter/parameters/initialization/max_measurements] by /roslaunch
[rosmaster.master][INFO] 2026-08-30 17:29:55,122: +PARAM [/kalman_filter/kalman_filter/parameters/initialization/min_velocity_samples] by /roslaunch
[rosmaster.master][INFO] 2026-08-30 17:29:55,122: +PARAM [/kalman_filter/kalman_filter/parameters/convergence/max_iterations] by /roslaunch
[rosmaster.master][INFO] 2026-08-30 17:29:55,123: +PARAM [/kalman_filter/kalman_filter/parameters/convergence/epsilon] by /roslaunch
[rosmaster.master][INFO] 2026-08-30 17:29:55,126: +PARAM [/kalman_filter/kalman_filter/multi_target/enabled] by /roslaunch
[rosmaster.master][INFO] 2026-08-30 17:29:55,127: +PARAM [/kalman_filter/kalman_filter/multi_target/max_targets] by /roslaunch
[rosmaster.master][INFO] 2026-08-30 17:29:55,128: +PARAM [/kalman_filter/kalman_filter/multi_target/association/method] by /roslaunch
[rosmaster.master][INFO] 2026-08-30 17:29:55,128: +PARAM [/kalman_filter/kalman_filter/multi_target/association/gating/enabled] by /roslaunch
[rosmaster.master][INFO] 2026-08-30 17:29:55,128: +PARAM [/kalman_filter/kalman_filter/multi_target/association/gating/gate_size] by /roslaunch
[rosmaster.master][INFO] 2026-08-30 17:29:55,128: +PARAM [/kalman_filter/kalman_filter/multi_target/association/gating/dynamic_gating] by /roslaunch
[rosmaster.master][INFO] 2026-08-30 17:29:55,129: +PARAM [/kalman_filter/kalman_filter/multi_target/association/track_management/birth_probability] by /roslaunch
[rosmaster.master][INFO] 2026-08-30 17:29:55,129: +PARAM [/kalman_filter/kalman_filter/multi_target/association/track_management/death_threshold] by /roslaunch
[rosmaster.master][INFO] 2026-08-30 17:29:55,129: +PARAM [/kalman_filter/kalman_filter/multi_target/association/track_management/merge_threshold] by /roslaunch
[rosmaster.master][INFO] 2026-08-30 17:29:55,130: +PARAM [/kalman_filter/kalman_filter/multi_target/scoring/position_weight] by /roslaunch
[rosmaster.master][INFO] 2026-08-30 17:29:55,130: +PARAM [/kalman_filter/kalman_filter/multi_target/scoring/velocity_weight] by /roslaunch
[rosmaster.master][INFO] 2026-08-30 17:29:55,131: +PARAM [/kalman_filter/kalman_filter/multi_target/scoring/appearance_weight] by /roslaunch
[rosmaster.master][INFO] 2026-08-30 17:29:55,131: +PARAM [/kalman_filter/kalman_filter/multi_target/scoring/history_length] by /roslaunch
[rosmaster.master][INFO] 2026-08-30 17:29:55,131: +PARAM [/kalman_filter/sensor_fusion/sensors] by /roslaunch
[rosmaster.master][INFO] 2026-08-30 17:29:55,132: +PARAM [/kalman_filter/sensor_fusion/algorithms/type] by /roslaunch
[rosmaster.master][INFO] 2026-08-30 17:29:55,132: +PARAM [/kalman_filter/sensor_fusion/algorithms/centralized/measurement_dim] by /roslaunch
[rosmaster.master][INFO] 2026-08-30 17:29:55,132: +PARAM [/kalman_filter/sensor_fusion/algorithms/track_to_track/covariance_intersection] by /roslaunch
[rosmaster.master][INFO] 2026-08-30 17:29:55,133: +PARAM [/kalman_filter/sensor_fusion/algorithms/track_to_track/gamma] by /roslaunch
[rosmaster.master][INFO] 2026-08-30 17:29:55,134: +PARAM [/system_params/ros/master/uri] by /roslaunch
[rosmaster.master][INFO] 2026-08-30 17:29:55,134: +PARAM [/system_params/ros/master/timeout] by /roslaunch
[rosmaster.master][INFO] 2026-08-30 17:29:55,142: +PARAM [/system_params/ros/node/name] by /roslaunch
[rosmaster.master][INFO] 2026-08-30 17:29:55,144: +PARAM [/system_params/ros/node/namespace] by /roslaunch
[rosmaster.master][INFO] 2026-08-30 17:29:55,145: +PARAM [/system_params/ros/topics/camera_image] by /roslaunch
[rosmaster.master][INFO] 2026-08-30 17:29:55,145: +PARAM [/system_params/ros/topics/camera_info] by /roslaunch
[rosmaster.master][INFO] 2026-08-30 17:29:55,147: +PARAM [/system_params/ros/topics/vehicle_state] by /roslaunch
[rosmaster.master][INFO] 2026-08-30 17:29:55,148: +PARAM [/system_params/ros/topics/vehicle_position] by /roslaunch
[rosmaster.master][INFO] 2026-08-30 17:29:55,148: +PARAM [/system_params/ros/topics/vehicle_velocity] by /roslaunch
[rosmaster.master][INFO] 2026-08-30 17:29:55,149: +PARAM [/system_params/ros/topics/vehicle_attitude] by /roslaunch
[rosmaster.master][INFO] 2026-08-30 17:29:55,149: +PARAM [/system_params/ros/topics/battery_status] by /roslaunch
[rosmaster.master][INFO] 2026-08-30 17:29:55,150: +PARAM [/system_params/ros/topics/detection_output] by /roslaunch
[rosmaster.master][INFO] 2026-08-30 17:29:55,150: +PARAM [/system_params/ros/topics/tracked_targets] by /roslaunch
[rosmaster.master][INFO] 2026-08-30 17:29:55,151: +PARAM [/system_params/ros/topics/control_command] by /roslaunch
[rosmaster.master][INFO] 2026-08-30 17:29:55,151: +PARAM [/system_params/ros/topics/safety_status] by /roslaunch
[rosmaster.master][INFO] 2026-08-30 17:29:55,151: +PARAM [/system_params/ros/topics/diagnostic_status] by /roslaunch
[rosmaster.master][INFO] 2026-08-30 17:29:55,152: +PARAM [/system_params/ros/topics/debug_info] by /roslaunch
[rosmaster.master][INFO] 2026-08-30 17:29:55,152: +PARAM [/system_params/ros/topics/performance_metrics] by /roslaunch
[rosmaster.master][INFO] 2026-08-30 17:29:55,152: +PARAM [/system_params/ros/topics/test_results] by /roslaunch
[rosmaster.master][INFO] 2026-08-30 17:29:55,152: +PARAM [/system_params/ros/topics/test_status] by /roslaunch
[rosmaster.master][INFO] 2026-08-30 17:29:55,153: +PARAM [/system_params/logging/level] by /roslaunch
[rosmaster.master][INFO] 2026-08-30 17:29:55,153: +PARAM [/system_params/logging/outputs/console] by /roslaunch
[rosmaster.master][INFO] 2026-08-30 17:29:55,153: +PARAM [/system_params/logging/outputs/file] by /roslaunch
[rosmaster.master][INFO] 2026-08-30 17:29:55,153: +PARAM [/system_params/logging/outputs/rosout] by /roslaunch
[rosmaster.master][INFO] 2026-08-30 17:29:55,153: +PARAM [/system_params/logging/file/directory] by /roslaunch
[rosmaster.master][INFO] 2026-08-30 17:29:55,154: +PARAM [/system_params/logging/file/max_size] by /roslaunch
[rosmaster.master][INFO] 2026-08-30 17:29:55,154: +PARAM [/system_params/logging/file/max_files] by /roslaunch
[rosmaster.master][INFO] 2026-08-30 17:29:55,155: +PARAM [/system_params/logging/file/format] by /roslaunch
[rosmaster.master][INFO] 2026-08-30 17:29:55,155: +PARAM [/system_params/logging/performance/enabled] by /roslaunch
[rosmaster.master][INFO] 2026-08-30 17:29:55,156: +PARAM [/system_params/logging/performance/interval] by /roslaunch
[rosmaster.master][INFO] 2026-08-30 17:29:55,156: +PARAM [/system_params/logging/performance/metrics] by /roslaunch
[rosmaster.master][INFO] 2026-08-30 17:29:55,156: +PARAM [/system_params/logging/performance/output_file] by /roslaunch
[rosmaster.master][INFO] 2026-08-30 17:29:55,159: +PARAM [/system_params/safety/geofence/enabled] by /roslaunch
[rosmaster.master][INFO] 2026-08-30 17:29:55,160: +PARAM [/system_params/safety/geofence/shape] by /roslaunch
[rosmaster.master][INFO] 2026-08-30 17:29:55,160: +PARAM [/system_params/safety/geofence/radius] by /roslaunch
[rosmaster.master][INFO] 2026-08-30 17:29:55,165: +PARAM [/system_params/safety/geofence/height] by /roslaunch
[rosmaster.master][INFO] 2026-08-30 17:29:55,167: +PARAM [/system_params/safety/emergency/action] by /roslaunch
[rosmaster.master][INFO] 2026-08-30 17:29:55,168: +PARAM [/system_params/safety/emergency/altitude_min] by /roslaunch
[rosmaster.master][INFO] 2026-08-30 17:29:55,171: +PARAM [/system_params/safety/emergency/altitude_max] by /roslaunch
[rosmaster.master][INFO] 2026-08-30 17:29:55,172: +PARAM [/system_params/safety/failsafe/battery_critical] by /roslaunch
[rosmaster.master][INFO] 2026-08-30 17:29:55,172: +PARAM [/system_params/safety/failsafe/lost_connection] by /roslaunch
[rosmaster.master][INFO] 2026-08-30 17:29:55,173: +PARAM [/system_params/safety/failsafe/gps_failure] by /roslaunch
[rosmaster.master][INFO] 2026-08-30 17:29:55,173: +PARAM [/system_params/safety/failsafe/sensor_failure] by /roslaunch
[rosmaster.master][INFO] 2026-08-30 17:29:55,187: +PARAM [/system_params/safety/failsafe/exceeded_geofence] by /roslaunch
[rosmaster.master][INFO] 2026-08-30 17:29:55,189: +PARAM [/system_params/safety/health/check_interval] by /roslaunch
[rosmaster.master][INFO] 2026-08-30 17:29:55,189: +PARAM [/system_params/safety/health/restart_on_failure] by /roslaunch
[rosmaster.master][INFO] 2026-08-30 17:29:55,190: +PARAM [/system_params/safety/health/max_restarts] by /roslaunch
[rosmaster.master][INFO] 2026-08-30 17:29:55,190: +PARAM [/system_params/safety/health/restart_delay] by /roslaunch
[rosmaster.master][INFO] 2026-08-30 17:29:55,190: +PARAM [/system_params/performance/threads/detection_pool] by /roslaunch
[rosmaster.master][INFO] 2026-08-30 17:29:55,191: +PARAM [/system_params/performance/threads/control_pool] by /roslaunch
[rosmaster.master][INFO] 2026-08-30 17:29:55,191: +PARAM [/system_params/performance/queues/input_queue_size] by /roslaunch
[rosmaster.master][INFO] 2026-08-30 17:29:55,194: +PARAM [/system_params/performance/queues/output_queue_size] by /roslaunch
[rosmaster.master][INFO] 2026-08-30 17:29:55,194: +PARAM [/system_params/performance/memory/cache_images] by /roslaunch
[rosmaster.master][INFO] 2026-08-30 17:29:55,194: +PARAM [/system_params/performance/memory/max_cache_size] by /roslaunch
[rosmaster.master][INFO] 2026-08-30 17:29:55,194: +PARAM [/system_params/performance/memory/max_cached_messages] by /roslaunch
[rosmaster.master][INFO] 2026-08-30 17:29:55,195: +PARAM [/system_params/performance/timing/use_sim_time] by /roslaunch
[rosmaster.master][INFO] 2026-08-30 17:29:55,196: +PARAM [/system_params/performance/timing/publish_rate] by /roslaunch
[rosmaster.master][INFO] 2026-08-30 17:29:55,197: +PARAM [/system_params/performance/timing/control_rate] by /roslaunch
[rosmaster.master][INFO] 2026-08-30 17:29:55,197: +PARAM [/system_params/network/px4/udp_port] by /roslaunch
[rosmaster.master][INFO] 2026-08-30 17:29:55,198: +PARAM [/system_params/network/px4/tcp_port] by /roslaunch
[rosmaster.master][INFO] 2026-08-30 17:29:55,198: +PARAM [/system_params/network/px4/heartbeat_rate] by /roslaunch
[rosmaster.master][INFO] 2026-08-30 17:29:55,198: +PARAM [/system_params/network/mavros/fcu_url] by /roslaunch
[rosmaster.master][INFO] 2026-08-30 17:29:55,199: +PARAM [/system_params/network/mavros/gcs_url] by /roslaunch
[rosmaster.master][INFO] 2026-08-30 17:29:55,201: +PARAM [/system_params/network/timeout] by /roslaunch
[rosmaster.master][INFO] 2026-08-30 17:29:55,202: +PARAM [/system_params/network/reconnect_attempts] by /roslaunch
[rosmaster.master][INFO] 2026-08-30 17:29:55,203: +PARAM [/system_params/network/reconnect_delay] by /roslaunch
[rosmaster.master][INFO] 2026-08-30 17:29:55,206: +PARAM [/system_params/performance/publish_rate] by /roslaunch
[rosmaster.master][INFO] 2026-08-30 17:29:55,206: +PARAM [/use_simulation] by /roslaunch
[rosmaster.master][INFO] 2026-08-30 17:29:55,207: +PARAM [/parameter_validator/config_dir] by /roslaunch
[rosmaster.master][INFO] 2026-08-30 17:29:55,207: +PARAM [/parameter_validator/validate_on_startup] by /roslaunch
[rosmaster.master][INFO] 2026-08-30 17:29:55,207: +PARAM [/mission_manager/mission_config] by /roslaunch
[rosmaster.master][INFO] 2026-08-30 17:29:55,207: +PARAM [/camera_calibration/simulation_mode] by /roslaunch
[rosmaster.master][INFO] 2026-08-30 17:29:55,208: +PARAM [/yolo_detector/model_path] by /roslaunch
[rosmaster.master][INFO] 2026-08-30 17:29:55,208: +PARAM [/yolo_detector/device] by /roslaunch
[rosmaster.master][INFO] 2026-08-30 17:29:55,208: +PARAM [/sensor_fusion/publish_rate] by /roslaunch
[rosmaster.master][INFO] 2026-08-30 17:29:55,208: +PARAM [/sensor_fusion/simulation_mode] by /roslaunch
[rosmaster.master][INFO] 2026-08-30 17:29:55,208: +PARAM [/target_tracking_controller/simulation_mode] by /roslaunch
[rosmaster.master][INFO] 2026-08-30 17:29:55,209: +PARAM [/vehicle_state_monitor/simulation_mode] by /roslaunch
[rosmaster.master][INFO] 2026-08-30 17:29:55,209: +PARAM [/safety_monitor/enable_geofence] by /roslaunch
[rosmaster.master][INFO] 2026-08-30 17:29:55,210: +PARAM [/safety_monitor/simulation_mode] by /roslaunch
[rosmaster.master][INFO] 2026-08-30 17:29:55,210: +PARAM [/system_health_monitor/monitoring_interval] by /roslaunch
[rosmaster.master][INFO] 2026-08-30 17:29:55,210: +PARAM [/system_health_monitor/critical_threshold_cpu] by /roslaunch
[rosmaster.master][INFO] 2026-08-30 17:29:55,211: +PARAM [/system_health_monitor/critical_threshold_memory] by /roslaunch
[rosmaster.master][INFO] 2026-08-30 17:29:55,211: +PARAM [/system_health_monitor/warning_threshold_cpu] by /roslaunch
[rosmaster.master][INFO] 2026-08-30 17:29:55,211: +PARAM [/system_health_monitor/warning_threshold_memory] by /roslaunch
[rosmaster.master][INFO] 2026-08-30 17:29:55,211: +PARAM [/system_health_monitor/enable_network_monitoring] by /roslaunch
[rosmaster.master][INFO] 2026-08-30 17:29:55,211: +PARAM [/system_health_monitor/enable_disk_monitoring] by /roslaunch
[rosmaster.master][INFO] 2026-08-30 17:29:55,212: +PARAM [/system_health_monitor/enable_process_monitoring] by /roslaunch
[rosmaster.master][INFO] 2026-08-30 17:29:55,212: +PARAM [/health_checker/monitored_nodes] by /roslaunch
[rosmaster.master][INFO] 2026-08-30 17:29:55,212: +PARAM [/health_checker/check_interval] by /roslaunch
[rosmaster.master][INFO] 2026-08-30 17:29:55,212: +PARAM [/health_checker/timeout_threshold] by /roslaunch
[rosmaster.master][INFO] 2026-08-30 17:29:55,212: +PARAM [/health_checker/restart_on_failure] by /roslaunch
[rosmaster.master][INFO] 2026-08-30 17:29:55,215: +PARAM [/health_checker/max_restarts] by /roslaunch
[rosmaster.master][INFO] 2026-08-30 17:29:55,448: +SERVICE [/rosout/get_loggers] /rosout http://kamikaze:37843/
[rosmaster.master][INFO] 2026-08-30 17:29:55,458: +SERVICE [/rosout/set_logger_level] /rosout http://kamikaze:37843/
[rosmaster.master][INFO] 2026-08-30 17:29:55,483: +PUB [/rosout_agg] /rosout http://kamikaze:37843/
[rosmaster.master][INFO] 2026-08-30 17:29:55,543: +SUB [/rosout] /rosout http://kamikaze:37843/
[rosmaster.master][INFO] 2026-08-30 17:29:59,598: +PUB [/rosout] /camera_calibration http://kamikaze:35035/
[rosmaster.master][INFO] 2026-08-30 17:29:59,606: publisherUpdate[/rosout] -> http://kamikaze:37843/ ['http://kamikaze:35035/']
[rosmaster.master][INFO] 2026-08-30 17:29:59,662: +SERVICE [/camera_calibration/get_loggers] /camera_calibration http://kamikaze:35035/
[rosmaster.master][INFO] 2026-08-30 17:29:59,667: +SERVICE [/camera_calibration/set_logger_level] /camera_calibration http://kamikaze:35035/
[rosmaster.master][INFO] 2026-08-30 17:29:59,673: +PUB [/camera/camera_info] /camera_calibration http://kamikaze:35035/
[rosmaster.master][INFO] 2026-08-30 17:29:59,676: +PUB [/tf] /camera_calibration http://kamikaze:35035/
[rosmaster.master][INFO] 2026-08-30 17:29:59,685: +PUB [/rosout] /health_checker http://kamikaze:43877/
[rosmaster.master][INFO] 2026-08-30 17:29:59,690: +CACHEDPARAM [/rosout_disable_topics_generation] by /camera_calibration
[rosmaster.master][INFO] 2026-08-30 17:29:59,709: publisherUpdate[/rosout] -> http://kamikaze:37843/ ['http://kamikaze:35035/']: sec=0.10, result=[1, '', 0]
[rosmaster.master][INFO] 2026-08-30 17:29:59,711: publisherUpdate[/rosout] -> http://kamikaze:37843/ ['http://kamikaze:35035/', 'http://kamikaze:43877/']
[rosmaster.master][INFO] 2026-08-30 17:29:59,716: publisherUpdate[/rosout] -> http://kamikaze:37843/ ['http://kamikaze:35035/', 'http://kamikaze:43877/']: sec=0.00, result=[1, '', 0]
[rosmaster.master][INFO] 2026-08-30 17:29:59,728: +SERVICE [/health_checker/get_loggers] /health_checker http://kamikaze:43877/
[rosmaster.master][INFO] 2026-08-30 17:29:59,732: +SERVICE [/health_checker/set_logger_level] /health_checker http://kamikaze:43877/
[rosmaster.master][INFO] 2026-08-30 17:29:59,765: +PUB [/rosout] /vehicle_state_monitor http://kamikaze:36917/
[rosmaster.master][INFO] 2026-08-30 17:29:59,786: publisherUpdate[/rosout] -> http://kamikaze:37843/ ['http://kamikaze:35035/', 'http://kamikaze:43877/', 'http://kamikaze:36917/']
[rosmaster.master][INFO] 2026-08-30 17:29:59,794: +SUB [/yolo_detector/node_health] /health_checker http://kamikaze:43877/
[rosmaster.master][INFO] 2026-08-30 17:29:59,797: publisherUpdate[/rosout] -> http://kamikaze:37843/ ['http://kamikaze:35035/', 'http://kamikaze:43877/', 'http://kamikaze:36917/']: sec=0.01, result=[1, '', 0]
[rosmaster.master][INFO] 2026-08-30 17:29:59,807: +PUB [/rosout] /command_interpreter http://kamikaze:39787/
[rosmaster.master][INFO] 2026-08-30 17:29:59,817: +SERVICE [/vehicle_state_monitor/get_loggers] /vehicle_state_monitor http://kamikaze:36917/
[rosmaster.master][INFO] 2026-08-30 17:29:59,818: +SUB [/target_tracking_controller/node_health] /health_checker http://kamikaze:43877/
[rosmaster.master][INFO] 2026-08-30 17:29:59,821: publisherUpdate[/rosout] -> http://kamikaze:37843/ ['http://kamikaze:35035/', 'http://kamikaze:43877/', 'http://kamikaze:36917/', 'http://kamikaze:39787/']
[rosmaster.master][INFO] 2026-08-30 17:29:59,823: +SERVICE [/vehicle_state_monitor/set_logger_level] /vehicle_state_monitor http://kamikaze:36917/
[rosmaster.master][INFO] 2026-08-30 17:29:59,826: +SUB [/vehicle_state_monitor/node_health] /health_checker http://kamikaze:43877/
[rosmaster.master][INFO] 2026-08-30 17:29:59,827: publisherUpdate[/rosout] -> http://kamikaze:37843/ ['http://kamikaze:35035/', 'http://kamikaze:43877/', 'http://kamikaze:36917/', 'http://kamikaze:39787/']: sec=0.01, result=[1, '', 0]
[rosmaster.master][INFO] 2026-08-30 17:29:59,850: +SUB [/mavros/state] /vehicle_state_monitor http://kamikaze:36917/
[rosmaster.master][INFO] 2026-08-30 17:29:59,852: +SUB [/mission_manager/node_health] /health_checker http://kamikaze:43877/
[rosmaster.master][INFO] 2026-08-30 17:29:59,853: +SERVICE [/command_interpreter/get_loggers] /command_interpreter http://kamikaze:39787/
[rosmaster.master][INFO] 2026-08-30 17:29:59,862: +SERVICE [/command_interpreter/set_logger_level] /command_interpreter http://kamikaze:39787/
[rosmaster.master][INFO] 2026-08-30 17:29:59,868: +SUB [/safety_monitor/node_health] /health_checker http://kamikaze:43877/
[rosmaster.master][INFO] 2026-08-30 17:29:59,869: +SUB [/mavros/battery] /vehicle_state_monitor http://kamikaze:36917/
[rosmaster.master][INFO] 2026-08-30 17:29:59,874: +SUB [/drone_control/command] /command_interpreter http://kamikaze:39787/
[rosmaster.master][INFO] 2026-08-30 17:29:59,880: +SUB [/mavros/local_position/velocity] /vehicle_state_monitor http://kamikaze:36917/
[rosmaster.master][INFO] 2026-08-30 17:29:59,885: +PUB [/drone_control/command_response] /command_interpreter http://kamikaze:39787/
[rosmaster.master][INFO] 2026-08-30 17:29:59,887: +SUB [/command_interpreter/node_health] /health_checker http://kamikaze:43877/
[rosmaster.master][INFO] 2026-08-30 17:29:59,888: +PUB [/drone_status] /vehicle_state_monitor http://kamikaze:36917/
[rosmaster.master][INFO] 2026-08-30 17:29:59,893: +PUB [/command_interpreter/node_health] /command_interpreter http://kamikaze:39787/
[rosmaster.master][INFO] 2026-08-30 17:29:59,897: +PUB [/diagnostic_status] /vehicle_state_monitor http://kamikaze:36917/
[rosmaster.master][INFO] 2026-08-30 17:29:59,898: +PUB [/system_health] /health_checker http://kamikaze:43877/
[rosmaster.master][INFO] 2026-08-30 17:29:59,899: publisherUpdate[/command_interpreter/node_health] -> http://kamikaze:43877/ ['http://kamikaze:39787/']
[rosmaster.master][INFO] 2026-08-30 17:29:59,905: +SERVICE [/health/check_all] /health_checker http://kamikaze:43877/
[rosmaster.master][INFO] 2026-08-30 17:29:59,906: +PUB [/vehicle_state_monitor/node_health] /vehicle_state_monitor http://kamikaze:36917/
[rosmaster.master][INFO] 2026-08-30 17:29:59,909: +PUB [/battery_percentage] /vehicle_state_monitor http://kamikaze:36917/
[rosmaster.master][INFO] 2026-08-30 17:29:59,912: +SERVICE [/drone_emergency_stop] /vehicle_state_monitor http://kamikaze:36917/
[rosmaster.master][INFO] 2026-08-30 17:29:59,913: +SERVICE [/health/restart_node] /health_checker http://kamikaze:43877/
[rosmaster.master][INFO] 2026-08-30 17:29:59,914: publisherUpdate[/command_interpreter/node_health] -> http://kamikaze:43877/ ['http://kamikaze:39787/']: sec=0.02, result=[1, '', 0]
[rosmaster.master][INFO] 2026-08-30 17:29:59,917: publisherUpdate[/vehicle_state_monitor/node_health] -> http://kamikaze:43877/ ['http://kamikaze:36917/']
[rosmaster.master][INFO] 2026-08-30 17:29:59,919: +SERVICE [/drone_arm] /vehicle_state_monitor http://kamikaze:36917/
[rosmaster.master][INFO] 2026-08-30 17:29:59,924: publisherUpdate[/vehicle_state_monitor/node_health] -> http://kamikaze:43877/ ['http://kamikaze:36917/']: sec=0.01, result=[1, '', 0]
[rosmaster.master][INFO] 2026-08-30 17:29:59,928: +SERVICE [/drone_disarm] /vehicle_state_monitor http://kamikaze:36917/
[rosmaster.master][INFO] 2026-08-30 17:29:59,927: +CACHEDPARAM [/rosout_disable_topics_generation] by /health_checker
[rosmaster.master][INFO] 2026-08-30 17:29:59,944: +CACHEDPARAM [/rosout_disable_topics_generation] by /command_interpreter
[rosmaster.master][INFO] 2026-08-30 17:29:59,946: +SERVICE [/drone_get_status] /vehicle_state_monitor http://kamikaze:36917/
[rosmaster.master][INFO] 2026-08-30 17:29:59,969: +CACHEDPARAM [/rosout_disable_topics_generation] by /vehicle_state_monitor
[rosmaster.master][INFO] 2026-08-30 17:30:00,151: +PUB [/rosout] /parameter_validator http://kamikaze:40179/
[rosmaster.master][INFO] 2026-08-30 17:30:00,164: +CACHEDPARAM [/rosout/omit_topics] by /rosout
[rosmaster.master][INFO] 2026-08-30 17:30:00,175: +SERVICE [/parameter_validator/get_loggers] /parameter_validator http://kamikaze:40179/
[rosmaster.master][INFO] 2026-08-30 17:30:00,180: +SERVICE [/parameter_validator/set_logger_level] /parameter_validator http://kamikaze:40179/
[rosmaster.master][INFO] 2026-08-30 17:30:00,186: publisherUpdate[/rosout] -> http://kamikaze:37843/ ['http://kamikaze:35035/', 'http://kamikaze:43877/', 'http://kamikaze:36917/', 'http://kamikaze:39787/', 'http://kamikaze:40179/']
[rosmaster.master][INFO] 2026-08-30 17:30:00,192: publisherUpdate[/rosout] -> http://kamikaze:37843/ ['http://kamikaze:35035/', 'http://kamikaze:43877/', 'http://kamikaze:36917/', 'http://kamikaze:39787/', 'http://kamikaze:40179/']: sec=0.00, result=[1, '', 0]
[rosmaster.master][INFO] 2026-08-30 17:30:00,385: +CACHEDPARAM [/rosout_disable_topics_generation] by /parameter_validator
[rosmaster.master][INFO] 2026-08-30 17:30:00,395: +CACHEDPARAM [/rosout_disable_topics_generation] by /parameter_validator
[rosmaster.master][INFO] 2026-08-30 17:30:01,374: +PUB [/rosout] /safety_monitor http://kamikaze:42787/
[rosmaster.master][INFO] 2026-08-30 17:30:01,396: publisherUpdate[/rosout] -> http://kamikaze:37843/ ['http://kamikaze:35035/', 'http://kamikaze:43877/', 'http://kamikaze:36917/', 'http://kamikaze:39787/', 'http://kamikaze:40179/', 'http://kamikaze:42787/']
[rosmaster.master][INFO] 2026-08-30 17:30:01,401: publisherUpdate[/rosout] -> http://kamikaze:37843/ ['http://kamikaze:35035/', 'http://kamikaze:43877/', 'http://kamikaze:36917/', 'http://kamikaze:39787/', 'http://kamikaze:40179/', 'http://kamikaze:42787/']: sec=0.00, result=[1, '', 0]
[rosmaster.master][INFO] 2026-08-30 17:30:01,403: +SERVICE [/safety_monitor/get_loggers] /safety_monitor http://kamikaze:42787/
[rosmaster.master][INFO] 2026-08-30 17:30:01,408: +SERVICE [/safety_monitor/set_logger_level] /safety_monitor http://kamikaze:42787/
[rosmaster.master][INFO] 2026-08-30 17:30:01,449: +SUB [/mavros/local_position/pose] /safety_monitor http://kamikaze:42787/
[rosmaster.master][INFO] 2026-08-30 17:30:01,462: +SUB [/mavros/local_position/velocity] /safety_monitor http://kamikaze:42787/
[rosmaster.master][INFO] 2026-08-30 17:30:01,475: +SUB [/mavros/state] /safety_monitor http://kamikaze:42787/
[rosmaster.master][INFO] 2026-08-30 17:30:01,477: +PUB [/safety_status] /safety_monitor http://kamikaze:42787/
[rosmaster.master][INFO] 2026-08-30 17:30:01,480: +PUB [/safety_monitor/node_health] /safety_monitor http://kamikaze:42787/
[rosmaster.master][INFO] 2026-08-30 17:30:01,485: +PUB [/emergency_triggered] /safety_monitor http://kamikaze:42787/
[rosmaster.master][INFO] 2026-08-30 17:30:01,493: +SERVICE [/safety/geofence_enable] /safety_monitor http://kamikaze:42787/
[rosmaster.master][INFO] 2026-08-30 17:30:01,498: +PUB [/rosout] /mission_manager http://kamikaze:44621/
[rosmaster.master][INFO] 2026-08-30 17:30:01,518: publisherUpdate[/safety_monitor/node_health] -> http://kamikaze:43877/ ['http://kamikaze:42787/']
[rosmaster.master][INFO] 2026-08-30 17:30:01,520: +SERVICE [/safety/geofence_disable] /safety_monitor http://kamikaze:42787/
[rosmaster.master][INFO] 2026-08-30 17:30:01,522: +PUB [/rosout] /sensor_fusion http://kamikaze:39569/
[rosmaster.master][INFO] 2026-08-30 17:30:01,525: publisherUpdate[/safety_monitor/node_health] -> http://kamikaze:43877/ ['http://kamikaze:42787/']: sec=0.01, result=[1, '', 0]
[rosmaster.master][INFO] 2026-08-30 17:30:01,525: publisherUpdate[/rosout] -> http://kamikaze:37843/ ['http://kamikaze:35035/', 'http://kamikaze:43877/', 'http://kamikaze:36917/', 'http://kamikaze:39787/', 'http://kamikaze:40179/', 'http://kamikaze:42787/', 'http://kamikaze:44621/']
[rosmaster.master][INFO] 2026-08-30 17:30:01,541: publisherUpdate[/rosout] -> http://kamikaze:37843/ ['http://kamikaze:35035/', 'http://kamikaze:43877/', 'http://kamikaze:36917/', 'http://kamikaze:39787/', 'http://kamikaze:40179/', 'http://kamikaze:42787/', 'http://kamikaze:44621/']: sec=0.02, result=[1, '', 0]
[rosmaster.master][INFO] 2026-08-30 17:30:01,542: publisherUpdate[/rosout] -> http://kamikaze:37843/ ['http://kamikaze:35035/', 'http://kamikaze:43877/', 'http://kamikaze:36917/', 'http://kamikaze:39787/', 'http://kamikaze:40179/', 'http://kamikaze:42787/', 'http://kamikaze:44621/', 'http://kamikaze:39569/']
[rosmaster.master][INFO] 2026-08-30 17:30:01,544: publisherUpdate[/rosout] -> http://kamikaze:37843/ ['http://kamikaze:35035/', 'http://kamikaze:43877/', 'http://kamikaze:36917/', 'http://kamikaze:39787/', 'http://kamikaze:40179/', 'http://kamikaze:42787/', 'http://kamikaze:44621/', 'http://kamikaze:39569/']: sec=0.00, result=[1, '', 0]
[rosmaster.master][INFO] 2026-08-30 17:30:01,547: +SERVICE [/mission_manager/get_loggers] /mission_manager http://kamikaze:44621/
[rosmaster.master][INFO] 2026-08-30 17:30:01,555: +SERVICE [/mission_manager/set_logger_level] /mission_manager http://kamikaze:44621/
[rosmaster.master][INFO] 2026-08-30 17:30:01,569: +SERVICE [/safety/check] /safety_monitor http://kamikaze:42787/
[rosmaster.master][INFO] 2026-08-30 17:30:01,591: +PUB [/mission_status] /mission_manager http://kamikaze:44621/
[rosmaster.master][INFO] 2026-08-30 17:30:01,596: +PUB [/mission_manager/node_health] /mission_manager http://kamikaze:44621/
[rosmaster.master][INFO] 2026-08-30 17:30:01,601: +SERVICE [/sensor_fusion/get_loggers] /sensor_fusion http://kamikaze:39569/
[rosmaster.master][INFO] 2026-08-30 17:30:01,602: +SUB [/drone_control/command] /mission_manager http://kamikaze:44621/
[rosmaster.master][INFO] 2026-08-30 17:30:01,607: +SERVICE [/sensor_fusion/set_logger_level] /sensor_fusion http://kamikaze:39569/
[rosmaster.master][INFO] 2026-08-30 17:30:01,611: +SUB [/safety_status] /mission_manager http://kamikaze:44621/
[rosmaster.master][INFO] 2026-08-30 17:30:01,655: +SUB [/mavros/imu/data] /sensor_fusion http://kamikaze:39569/
[rosmaster.master][INFO] 2026-08-30 17:30:01,665: +SUB [/mavros/global_position/global] /sensor_fusion http://kamikaze:39569/
[rosmaster.master][INFO] 2026-08-30 17:30:01,672: +SUB [/mavros/local_position/pose] /sensor_fusion http://kamikaze:39569/
[rosmaster.master][INFO] 2026-08-30 17:30:01,675: +PUB [/sensor_fusion/node_health] /sensor_fusion http://kamikaze:39569/
[rosmaster.master][INFO] 2026-08-30 17:30:01,679: +PUB [/rosout] /system_health_monitor http://kamikaze:35755/
[rosmaster.master][INFO] 2026-08-30 17:30:01,680: publisherUpdate[/mission_manager/node_health] -> http://kamikaze:43877/ ['http://kamikaze:44621/']
[rosmaster.master][INFO] 2026-08-30 17:30:01,686: +SERVICE [/safety/status] /safety_monitor http://kamikaze:42787/
[rosmaster.master][INFO] 2026-08-30 17:30:01,683: +CACHEDPARAM [/rosout_disable_topics_generation] by /sensor_fusion
[rosmaster.master][INFO] 2026-08-30 17:30:01,692: publisherUpdate[/rosout] -> http://kamikaze:37843/ ['http://kamikaze:35035/', 'http://kamikaze:43877/', 'http://kamikaze:36917/', 'http://kamikaze:39787/', 'http://kamikaze:40179/', 'http://kamikaze:42787/', 'http://kamikaze:44621/', 'http://kamikaze:39569/', 'http://kamikaze:35755/']
[rosmaster.master][INFO] 2026-08-30 17:30:01,697: publisherUpdate[/mission_manager/node_health] -> http://kamikaze:43877/ ['http://kamikaze:44621/']: sec=0.01, result=[1, '', 0]
[rosmaster.master][INFO] 2026-08-30 17:30:01,700: +SERVICE [/system_health_monitor/get_loggers] /system_health_monitor http://kamikaze:35755/
[rosmaster.master][INFO] 2026-08-30 17:30:01,708: +SERVICE [/system_health_monitor/set_logger_level] /system_health_monitor http://kamikaze:35755/
[rosmaster.master][INFO] 2026-08-30 17:30:01,741: publisherUpdate[/rosout] -> http://kamikaze:37843/ ['http://kamikaze:35035/', 'http://kamikaze:43877/', 'http://kamikaze:36917/', 'http://kamikaze:39787/', 'http://kamikaze:40179/', 'http://kamikaze:42787/', 'http://kamikaze:44621/', 'http://kamikaze:39569/', 'http://kamikaze:35755/']: sec=0.05, result=[1, '', 0]
[rosmaster.master][INFO] 2026-08-30 17:30:01,769: +CACHEDPARAM [/rosout_disable_topics_generation] by /safety_monitor
[rosmaster.master][INFO] 2026-08-30 17:30:01,773: +SUB [/tracked_targets] /mission_manager http://kamikaze:44621/
[rosmaster.master][INFO] 2026-08-30 17:30:01,784: +CACHEDPARAM [/rosout_disable_topics_generation] by /safety_monitor
[rosmaster.master][INFO] 2026-08-30 17:30:01,787: +CACHEDPARAM [/rosout_disable_topics_generation] by /mission_manager
[rosmaster.master][INFO] 2026-08-30 17:30:01,854: +SUB [/health/check_all] /system_health_monitor http://kamikaze:35755/
[rosmaster.master][INFO] 2026-08-30 17:30:01,857: +PUB [/system_health] /system_health_monitor http://kamikaze:35755/
[rosmaster.master][INFO] 2026-08-30 17:30:01,860: +PUB [/diagnostic_status] /system_health_monitor http://kamikaze:35755/
[rosmaster.master][INFO] 2026-08-30 17:30:01,864: +PUB [/performance_metrics] /system_health_monitor http://kamikaze:35755/
[rosmaster.master][INFO] 2026-08-30 17:30:01,867: +PUB [/system_alert] /system_health_monitor http://kamikaze:35755/
[rosmaster.master][INFO] 2026-08-30 17:30:01,876: +CACHEDPARAM [/rosout_disable_topics_generation] by /system_health_monitor
[rosmaster.master][INFO] 2026-08-30 17:30:04,129: +PUB [/rosout] /target_tracking_controller http://kamikaze:33983/
[rosmaster.master][INFO] 2026-08-30 17:30:04,143: +SERVICE [/target_tracking_controller/get_loggers] /target_tracking_controller http://kamikaze:33983/
[rosmaster.master][INFO] 2026-08-30 17:30:04,146: +SERVICE [/target_tracking_controller/set_logger_level] /target_tracking_controller http://kamikaze:33983/
[rosmaster.master][INFO] 2026-08-30 17:30:04,153: publisherUpdate[/rosout] -> http://kamikaze:37843/ ['http://kamikaze:35035/', 'http://kamikaze:43877/', 'http://kamikaze:36917/', 'http://kamikaze:39787/', 'http://kamikaze:40179/', 'http://kamikaze:42787/', 'http://kamikaze:44621/', 'http://kamikaze:39569/', 'http://kamikaze:35755/', 'http://kamikaze:33983/']
[rosmaster.master][INFO] 2026-08-30 17:30:04,156: publisherUpdate[/rosout] -> http://kamikaze:37843/ ['http://kamikaze:35035/', 'http://kamikaze:43877/', 'http://kamikaze:36917/', 'http://kamikaze:39787/', 'http://kamikaze:40179/', 'http://kamikaze:42787/', 'http://kamikaze:44621/', 'http://kamikaze:39569/', 'http://kamikaze:35755/', 'http://kamikaze:33983/']: sec=0.00, result=[1, '', 0]
[rosmaster.master][INFO] 2026-08-30 17:30:04,175: +SUB [/mavros/local_position/odom] /target_tracking_controller http://kamikaze:33983/
[rosmaster.master][INFO] 2026-08-30 17:30:04,179: +SUB [/detected_objects] /target_tracking_controller http://kamikaze:33983/
[rosmaster.master][INFO] 2026-08-30 17:30:04,186: +SUB [/mavros/state] /target_tracking_controller http://kamikaze:33983/
[rosmaster.master][INFO] 2026-08-30 17:30:04,191: +SUB [/mission_status] /target_tracking_controller http://kamikaze:33983/
[rosmaster.master][INFO] 2026-08-30 17:30:04,195: +PUB [/tracked_targets] /target_tracking_controller http://kamikaze:33983/
[rosmaster.master][INFO] 2026-08-30 17:30:04,201: +PUB [/mavros/setpoint_velocity/cmd_vel_unstamped] /target_tracking_controller http://kamikaze:33983/
[rosmaster.master][INFO] 2026-08-30 17:30:04,207: +PUB [/mavros/setpoint_raw/local] /target_tracking_controller http://kamikaze:33983/
[rosmaster.master][INFO] 2026-08-30 17:30:04,211: +PUB [/target_tracking_controller/node_health] /target_tracking_controller http://kamikaze:33983/
[rosmaster.master][INFO] 2026-08-30 17:30:04,221: publisherUpdate[/tracked_targets] -> http://kamikaze:44621/ ['http://kamikaze:33983/']
[rosmaster.master][INFO] 2026-08-30 17:30:04,232: publisherUpdate[/tracked_targets] -> http://kamikaze:44621/ ['http://kamikaze:33983/']: sec=0.01, result=[1, '', 0]
[rosmaster.master][INFO] 2026-08-30 17:30:04,233: publisherUpdate[/target_tracking_controller/node_health] -> http://kamikaze:43877/ ['http://kamikaze:33983/']
[rosmaster.master][INFO] 2026-08-30 17:30:04,241: publisherUpdate[/target_tracking_controller/node_health] -> http://kamikaze:43877/ ['http://kamikaze:33983/']: sec=0.01, result=[1, '', 0]
[rosmaster.master][INFO] 2026-08-30 17:30:04,654: +PUB [/rosout] /trajectory_planner http://trajectory:37319/
[rosmaster.master][INFO] 2026-08-30 17:30:04,659: publisherUpdate[/rosout] -> http://kamikaze:37843/ ['http://kamikaze:35035/', 'http://kamikaze:43877/', 'http://kamikaze:36917/', 'http://kamikaze:39787/', 'http://kamikaze:40179/', 'http://kamikaze:42787/', 'http://kamikaze:44621/', 'http://kamikaze:39569/', 'http://kamikaze:35755/', 'http://kamikaze:33983/', 'http://trajectory:37319/']
[rosmaster.master][INFO] 2026-08-30 17:30:04,669: +SERVICE [/trajectory_planner/get_loggers] /trajectory_planner http://trajectory:37319/
[rosmaster.master][INFO] 2026-08-30 17:30:04,671: +SERVICE [/trajectory_planner/set_logger_level] /trajectory_planner http://trajectory:37319/
[rosmaster.master][INFO] 2026-08-30 17:30:04,673: publisherUpdate[/rosout] -> http://kamikaze:37843/ ['http://kamikaze:35035/', 'http://kamikaze:43877/', 'http://kamikaze:36917/', 'http://kamikaze:39787/', 'http://kamikaze:40179/', 'http://kamikaze:42787/', 'http://kamikaze:44621/', 'http://kamikaze:39569/', 'http://kamikaze:35755/', 'http://kamikaze:33983/', 'http://trajectory:37319/']: sec=0.01, result=[1, '', 0]
[rosmaster.master][INFO] 2026-08-30 17:30:04,696: +SUB [/mavros/local_position/odom] /trajectory_planner http://trajectory:37319/
[rosmaster.master][INFO] 2026-08-30 17:30:04,700: +SUB [/tracked_targets] /trajectory_planner http://trajectory:37319/
[rosmaster.master][INFO] 2026-08-30 17:30:04,705: +SUB [/mission_status] /trajectory_planner http://trajectory:37319/
[rosmaster.master][INFO] 2026-08-30 17:30:04,709: +PUB [/planned_trajectory] /trajectory_planner http://trajectory:37319/
[rosmaster.master][INFO] 2026-08-30 17:30:04,716: +PUB [/waypoints] /trajectory_planner http://trajectory:37319/
[rosmaster.master][INFO] 2026-08-30 17:30:04,720: +PUB [/path] /trajectory_planner http://trajectory:37319/
[rosmaster.master][INFO] 2026-08-30 17:30:04,729: +PUB [/planner_status] /trajectory_planner http://trajectory:37319/
[rosmaster.master][INFO] 2026-08-30 17:30:04,759: +CACHEDPARAM [/rosout_disable_topics_generation] by /trajectory_planner
[rosmaster.master][INFO] 2026-08-30 17:30:04,939: +CACHEDPARAM [/rosout_disable_topics_generation] by /health_checker
[rosmaster.master][INFO] 2026-08-30 17:30:04,944: +CACHEDPARAM [/rosout_disable_topics_generation] by /health_checker
[rosmaster.master][INFO] 2026-08-30 17:30:04,951: +CACHEDPARAM [/rosout_disable_topics_generation] by /health_checker
[rosmaster.master][INFO] 2026-08-30 17:30:05,077: +PUB [/rosout] /performance_monitor http://performance:38259/
[rosmaster.master][INFO] 2026-08-30 17:30:05,091: +SERVICE [/performance_monitor/get_loggers] /performance_monitor http://performance:38259/
[rosmaster.master][INFO] 2026-08-30 17:30:05,093: +SERVICE [/performance_monitor/set_logger_level] /performance_monitor http://performance:38259/
[rosmaster.master][INFO] 2026-08-30 17:30:05,107: +SUB [/performance/command] /performance_monitor http://performance:38259/
[rosmaster.master][INFO] 2026-08-30 17:30:05,112: +SUB [/performance/benchmark] /performance_monitor http://performance:38259/
[rosmaster.master][INFO] 2026-08-30 17:30:05,116: +PUB [/performance/metrics] /performance_monitor http://performance:38259/
[rosmaster.master][INFO] 2026-08-30 17:30:05,118: +PUB [/performance/benchmark_results] /performance_monitor http://performance:38259/
[rosmaster.master][INFO] 2026-08-30 17:30:05,120: +PUB [/performance/alert] /performance_monitor http://performance:38259/
[rosmaster.master][INFO] 2026-08-30 17:30:05,122: +PUB [/diagnostic_status] /performance_monitor http://performance:38259/
[rosmaster.master][INFO] 2026-08-30 17:30:05,126: +CACHEDPARAM [/rosout_disable_topics_generation] by /performance_monitor
[rosmaster.master][INFO] 2026-08-30 17:30:05,149: publisherUpdate[/rosout] -> http://kamikaze:37843/ ['http://kamikaze:35035/', 'http://kamikaze:43877/', 'http://kamikaze:36917/', 'http://kamikaze:39787/', 'http://kamikaze:40179/', 'http://kamikaze:42787/', 'http://kamikaze:44621/', 'http://kamikaze:39569/', 'http://kamikaze:35755/', 'http://kamikaze:33983/', 'http://trajectory:37319/', 'http://performance:38259/']
[rosmaster.master][INFO] 2026-08-30 17:30:05,153: publisherUpdate[/rosout] -> http://kamikaze:37843/ ['http://kamikaze:35035/', 'http://kamikaze:43877/', 'http://kamikaze:36917/', 'http://kamikaze:39787/', 'http://kamikaze:40179/', 'http://kamikaze:42787/', 'http://kamikaze:44621/', 'http://kamikaze:39569/', 'http://kamikaze:35755/', 'http://kamikaze:33983/', 'http://trajectory:37319/', 'http://performance:38259/']: sec=0.00, result=[1, '', 0]
[rosmaster.master][INFO] 2026-08-30 17:30:06,380: +CACHEDPARAM [/rosout_disable_topics_generation] by /target_tracking_controller
[rosmaster.master][INFO] 2026-08-30 17:30:07,131: +CACHEDPARAM [/rosout_disable_topics_generation] by /performance_monitor
[rosmaster.master][INFO] 2026-08-30 17:30:08,518: +CACHEDPARAM [/rosout_disable_topics_generation] by /target_tracking_controller
[rosmaster.master][INFO] 2026-08-30 17:30:08,530: +CACHEDPARAM [/rosout_disable_topics_generation] by /target_tracking_controller
[rosmaster.master][INFO] 2026-08-30 17:30:09,936: +CACHEDPARAM [/rosout_disable_topics_generation] by /health_checker
[rosmaster.master][INFO] 2026-08-30 17:30:09,942: +CACHEDPARAM [/rosout_disable_topics_generation] by /health_checker
[rosmaster.master][INFO] 2026-08-30 17:30:10,786: +PUB [/rosout] /yolo_detector http://kamikaze:37613/
[rosmaster.master][INFO] 2026-08-30 17:30:10,791: +SERVICE [/yolo_detector/get_loggers] /yolo_detector http://kamikaze:37613/
[rosmaster.master][INFO] 2026-08-30 17:30:10,793: +SERVICE [/yolo_detector/set_logger_level] /yolo_detector http://kamikaze:37613/
[rosmaster.master][INFO] 2026-08-30 17:30:10,799: +PUB [/yolo_detector/node_health] /yolo_detector http://kamikaze:37613/
[rosmaster.master][INFO] 2026-08-30 17:30:10,802: +SUB [/drone_control/command] /yolo_detector http://kamikaze:37613/
[rosmaster.master][INFO] 2026-08-30 17:30:10,803: +PUB [/command_response] /yolo_detector http://kamikaze:37613/
[rosmaster.master][INFO] 2026-08-30 17:30:10,805: +SUB [/mission_status] /yolo_detector http://kamikaze:37613/
[rosmaster.master][INFO] 2026-08-30 17:30:10,806: +CACHEDPARAM [/rosout_disable_topics_generation] by /yolo_detector
[rosmaster.master][INFO] 2026-08-30 17:30:10,821: publisherUpdate[/rosout] -> http://kamikaze:37843/ ['http://kamikaze:35035/', 'http://kamikaze:43877/', 'http://kamikaze:36917/', 'http://kamikaze:39787/', 'http://kamikaze:40179/', 'http://kamikaze:42787/', 'http://kamikaze:44621/', 'http://kamikaze:39569/', 'http://kamikaze:35755/', 'http://kamikaze:33983/', 'http://trajectory:37319/', 'http://performance:38259/', 'http://kamikaze:37613/']
[rosmaster.master][INFO] 2026-08-30 17:30:10,822: publisherUpdate[/yolo_detector/node_health] -> http://kamikaze:43877/ ['http://kamikaze:37613/']
[rosmaster.master][INFO] 2026-08-30 17:30:10,823: publisherUpdate[/rosout] -> http://kamikaze:37843/ ['http://kamikaze:35035/', 'http://kamikaze:43877/', 'http://kamikaze:36917/', 'http://kamikaze:39787/', 'http://kamikaze:40179/', 'http://kamikaze:42787/', 'http://kamikaze:44621/', 'http://kamikaze:39569/', 'http://kamikaze:35755/', 'http://kamikaze:33983/', 'http://trajectory:37319/', 'http://performance:38259/', 'http://kamikaze:37613/']: sec=0.00, result=[1, '', 0]
[rosmaster.master][INFO] 2026-08-30 17:30:10,829: publisherUpdate[/yolo_detector/node_health] -> http://kamikaze:43877/ ['http://kamikaze:37613/']: sec=0.01, result=[1, '', 0]
[rosmaster.master][INFO] 2026-08-30 17:30:11,335: +CACHEDPARAM [/rosout_disable_topics_generation] by /yolo_detector
[rosmaster.master][INFO] 2026-08-30 17:30:11,341: +SUB [/camera/color/image_raw] /yolo_detector http://kamikaze:37613/
[rosmaster.master][INFO] 2026-08-30 17:30:11,344: +PUB [/detected_objects] /yolo_detector http://kamikaze:37613/
[rosmaster.master][INFO] 2026-08-30 17:30:11,346: publisherUpdate[/detected_objects] -> http://kamikaze:33983/ ['http://kamikaze:37613/']
[rosmaster.master][INFO] 2026-08-30 17:30:11,350: +CACHEDPARAM [/rosout_disable_topics_generation] by /yolo_detector
[rosmaster.master][INFO] 2026-08-30 17:30:11,356: +CACHEDPARAM [/rosout_disable_topics_generation] by /yolo_detector
[rosmaster.master][INFO] 2026-08-30 17:30:11,358: publisherUpdate[/detected_objects] -> http://kamikaze:33983/ ['http://kamikaze:37613/']: sec=0.01, result=[1, '', 0]
[rosmaster.master][INFO] 2026-08-30 17:30:12,138: +CACHEDPARAM [/rosout_disable_topics_generation] by /performance_monitor
[rosmaster.master][INFO] 2026-08-30 17:30:17,692: +CACHEDPARAM [/rosout_disable_topics_generation] by /performance_monitor
[rosmaster.master][INFO] 2026-08-30 17:30:19,975: +CACHEDPARAM [/rosout_disable_topics_generation] by /performance_monitor
[rosmaster.master][INFO] 2026-08-30 17:30:20,951: +CACHEDPARAM [/rosout_disable_topics_generation] by /performance_monitor
[rosmaster.master][INFO] 2026-08-30 17:30:22,142: +CACHEDPARAM [/rosout_disable_topics_generation] by /performance_monitor
[rosmaster.master][INFO] 2026-08-30 17:30:22,195: +CACHEDPARAM [/rosout_disable_topics_generation] by /performance_monitor
[rosmaster.master][INFO] 2026-08-30 17:30:22,196: +CACHEDPARAM [/rosout_disable_topics_generation] by /performance_monitor
[rosmaster.master][INFO] 2026-08-30 17:30:27,200: +CACHEDPARAM [/rosout_disable_topics_generation] by /performance_monitor
[rosmaster.master][INFO] 2026-08-30 17:30:29,558: +CACHEDPARAM [/rosout_disable_topics_generation] by /performance_monitor
[rosmaster.master][INFO] 2026-08-30 17:30:30,537: +CACHEDPARAM [/rosout_disable_topics_generation] by /performance_monitor
[rosmaster.master][INFO] 2026-08-30 17:30:31,726: +CACHEDPARAM [/rosout_disable_topics_generation] by /performance_monitor
[rosmaster.master][INFO] 2026-08-30 17:30:31,783: +CACHEDPARAM [/rosout_disable_topics_generation] by /performance_monitor
[rosmaster.master][INFO] 2026-08-30 17:30:31,785: +CACHEDPARAM [/rosout_disable_topics_generation] by /performance_monitor
[rosmaster.master][INFO] 2026-08-30 17:30:36,789: +CACHEDPARAM [/rosout_disable_topics_generation] by /performance_monitor
[rosmaster.master][INFO] 2026-08-30 17:30:38,056: +CACHEDPARAM [/rosout_disable_topics_generation] by /performance_monitor
[rosmaster.master][INFO] 2026-08-30 17:30:38,761: +CACHEDPARAM [/rosout_disable_topics_generation] by /performance_monitor
[rosmaster.master][INFO] 2026-08-30 17:30:39,956: +CACHEDPARAM [/rosout_disable_topics_generation] by /performance_monitor
[rosmaster.master][INFO] 2026-08-30 17:30:40,015: +CACHEDPARAM [/rosout_disable_topics_generation] by /performance_monitor
[rosmaster.master][INFO] 2026-08-30 17:30:40,018: +CACHEDPARAM [/rosout_disable_topics_generation] by /performance_monitor
[rosmaster.master][INFO] 2026-08-30 17:30:45,023: +CACHEDPARAM [/rosout_disable_topics_generation] by /performance_monitor
[rosmaster.master][INFO] 2026-08-30 17:30:46,318: +CACHEDPARAM [/rosout_disable_topics_generation] by /performance_monitor
[rosmaster.master][INFO] 2026-08-30 17:30:47,027: +CACHEDPARAM [/rosout_disable_topics_generation] by /performance_monitor
[rosmaster.master][INFO] 2026-08-30 17:30:48,192: +CACHEDPARAM [/rosout_disable_topics_generation] by /performance_monitor
[rosmaster.master][INFO] 2026-08-30 17:30:48,245: +CACHEDPARAM [/rosout_disable_topics_generation] by /performance_monitor
[rosmaster.master][INFO] 2026-08-30 17:30:48,247: +CACHEDPARAM [/rosout_disable_topics_generation] by /performance_monitor
[rosmaster.master][INFO] 2026-08-30 17:30:53,250: +CACHEDPARAM [/rosout_disable_topics_generation] by /performance_monitor
[rosmaster.master][INFO] 2026-08-30 17:30:54,488: +CACHEDPARAM [/rosout_disable_topics_generation] by /performance_monitor
[rosmaster.master][INFO] 2026-08-30 17:30:55,195: +CACHEDPARAM [/rosout_disable_topics_generation] by /performance_monitor
[rosmaster.master][INFO] 2026-08-30 17:30:56,357: +CACHEDPARAM [/rosout_disable_topics_generation] by /performance_monitor
[rosmaster.master][INFO] 2026-08-30 17:30:56,404: +CACHEDPARAM [/rosout_disable_topics_generation] by /performance_monitor
[rosmaster.master][INFO] 2026-08-30 17:30:56,406: +CACHEDPARAM [/rosout_disable_topics_generation] by /performance_monitor
[rosmaster.master][INFO] 2026-08-30 17:31:01,411: +CACHEDPARAM [/rosout_disable_topics_generation] by /performance_monitor
[rosmaster.master][INFO] 2026-08-30 17:31:02,889: +CACHEDPARAM [/rosout_disable_topics_generation] by /performance_monitor
[rosmaster.master][INFO] 2026-08-30 17:31:03,941: +CACHEDPARAM [/rosout_disable_topics_generation] by /performance_monitor
[rosmaster.master][INFO] 2026-08-30 17:31:05,077: +CACHEDPARAM [/rosout_disable_topics_generation] by /performance_monitor
[rosmaster.master][INFO] 2026-08-30 17:31:05,124: +CACHEDPARAM [/rosout_disable_topics_generation] by /performance_monitor
[rosmaster.master][INFO] 2026-08-30 17:31:05,126: +CACHEDPARAM [/rosout_disable_topics_generation] by /performance_monitor
[rosmaster.master][INFO] 2026-08-30 17:31:10,129: +CACHEDPARAM [/rosout_disable_topics_generation] by /performance_monitor
[rosmaster.master][INFO] 2026-08-30 17:31:11,352: +CACHEDPARAM [/rosout_disable_topics_generation] by /performance_monitor
[rosmaster.master][INFO] 2026-08-30 17:31:12,046: +CACHEDPARAM [/rosout_disable_topics_generation] by /performance_monitor
[rosmaster.master][INFO] 2026-08-30 17:31:13,236: +CACHEDPARAM [/rosout_disable_topics_generation] by /performance_monitor
[rosmaster.master][INFO] 2026-08-30 17:31:13,292: +CACHEDPARAM [/rosout_disable_topics_generation] by /performance_monitor
[rosmaster.master][INFO] 2026-08-30 17:31:13,293: +CACHEDPARAM [/rosout_disable_topics_generation] by /performance_monitor
[rosmaster.master][INFO] 2026-08-30 17:31:18,296: +CACHEDPARAM [/rosout_disable_topics_generation] by /performance_monitor
[rosmaster.master][INFO] 2026-08-30 17:31:19,533: +CACHEDPARAM [/rosout_disable_topics_generation] by /performance_monitor
[rosmaster.master][INFO] 2026-08-30 17:31:20,285: +CACHEDPARAM [/rosout_disable_topics_generation] by /performance_monitor
[rosmaster.master][INFO] 2026-08-30 17:31:21,489: +CACHEDPARAM [/rosout_disable_topics_generation] by /performance_monitor
[rosmaster.master][INFO] 2026-08-30 17:31:21,544: +CACHEDPARAM [/rosout_disable_topics_generation] by /performance_monitor
[rosmaster.master][INFO] 2026-08-30 17:31:21,547: +CACHEDPARAM [/rosout_disable_topics_generation] by /performance_monitor
[rosmaster.master][INFO] 2026-08-30 17:31:26,550: +CACHEDPARAM [/rosout_disable_topics_generation] by /performance_monitor
[rosmaster.master][INFO] 2026-08-30 17:31:27,806: +CACHEDPARAM [/rosout_disable_topics_generation] by /performance_monitor
[rosmaster.master][INFO] 2026-08-30 17:31:28,650: +CACHEDPARAM [/rosout_disable_topics_generation] by /performance_monitor
[rosmaster.master][INFO] 2026-08-30 17:31:29,829: +CACHEDPARAM [/rosout_disable_topics_generation] by /performance_monitor
[rosmaster.master][INFO] 2026-08-30 17:31:29,876: +CACHEDPARAM [/rosout_disable_topics_generation] by /performance_monitor
[rosmaster.master][INFO] 2026-08-30 17:31:29,877: +CACHEDPARAM [/rosout_disable_topics_generation] by /performance_monitor
[rosmaster.master][INFO] 2026-08-30 17:31:34,879: +CACHEDPARAM [/rosout_disable_topics_generation] by /performance_monitor
[rosmaster.master][INFO] 2026-08-30 17:31:36,145: +CACHEDPARAM [/rosout_disable_topics_generation] by /performance_monitor
[rosmaster.master][INFO] 2026-08-30 17:31:36,831: +CACHEDPARAM [/rosout_disable_topics_generation] by /performance_monitor
[rosmaster.master][INFO] 2026-08-30 17:31:38,033: +CACHEDPARAM [/rosout_disable_topics_generation] by /performance_monitor
[rosmaster.master][INFO] 2026-08-30 17:31:38,079: +CACHEDPARAM [/rosout_disable_topics_generation] by /performance_monitor
[rosmaster.master][INFO] 2026-08-30 17:31:38,081: +CACHEDPARAM [/rosout_disable_topics_generation] by /performance_monitor
[rosmaster.master][INFO] 2026-08-30 17:31:43,084: +CACHEDPARAM [/rosout_disable_topics_generation] by /performance_monitor
[rosmaster.master][INFO] 2026-08-30 17:31:44,518: +CACHEDPARAM [/rosout_disable_topics_generation] by /performance_monitor
[rosmaster.master][INFO] 2026-08-30 17:31:45,207: +CACHEDPARAM [/rosout_disable_topics_generation] by /performance_monitor
[rosmaster.master][INFO] 2026-08-30 17:31:46,405: +CACHEDPARAM [/rosout_disable_topics_generation] by /performance_monitor
[rosmaster.master][INFO] 2026-08-30 17:31:46,460: +CACHEDPARAM [/rosout_disable_topics_generation] by /performance_monitor
[rosmaster.master][INFO] 2026-08-30 17:31:46,461: +CACHEDPARAM [/rosout_disable_topics_generation] by /performance_monitor
[rosmaster.master][INFO] 2026-08-30 17:31:51,464: +CACHEDPARAM [/rosout_disable_topics_generation] by /performance_monitor
[rosmaster.master][INFO] 2026-08-30 17:31:52,763: +CACHEDPARAM [/rosout_disable_topics_generation] by /performance_monitor
[rosmaster.master][INFO] 2026-08-30 17:31:53,450: +CACHEDPARAM [/rosout_disable_topics_generation] by /performance_monitor
[rosmaster.master][INFO] 2026-08-30 17:31:54,637: +CACHEDPARAM [/rosout_disable_topics_generation] by /performance_monitor
[rosmaster.master][INFO] 2026-08-30 17:31:54,690: +CACHEDPARAM [/rosout_disable_topics_generation] by /performance_monitor
[rosmaster.master][INFO] 2026-08-30 17:31:54,691: +CACHEDPARAM [/rosout_disable_topics_generation] by /performance_monitor
[rosmaster.master][INFO] 2026-08-30 17:31:59,693: +CACHEDPARAM [/rosout_disable_topics_generation] by /performance_monitor
[rosmaster.master][INFO] 2026-08-30 17:32:00,977: +CACHEDPARAM [/rosout_disable_topics_generation] by /performance_monitor
[rosmaster.master][INFO] 2026-08-30 17:32:01,666: +CACHEDPARAM [/rosout_disable_topics_generation] by /performance_monitor
[rosmaster.master][INFO] 2026-08-30 17:32:02,812: +CACHEDPARAM [/rosout_disable_topics_generation] by /performance_monitor
[rosmaster.master][INFO] 2026-08-30 17:32:02,861: +CACHEDPARAM [/rosout_disable_topics_generation] by /performance_monitor
[rosmaster.master][INFO] 2026-08-30 17:32:02,864: +CACHEDPARAM [/rosout_disable_topics_generation] by /performance_monitor
[rosmaster.master][INFO] 2026-08-30 17:32:07,869: +CACHEDPARAM [/rosout_disable_topics_generation] by /performance_monitor
[rosmaster.master][INFO] 2026-08-30 17:32:09,123: +CACHEDPARAM [/rosout_disable_topics_generation] by /performance_monitor
[rosmaster.master][INFO] 2026-08-30 17:32:09,831: +CACHEDPARAM [/rosout_disable_topics_generation] by /performance_monitor
[rosmaster.master][INFO] 2026-08-30 17:32:11,013: +CACHEDPARAM [/rosout_disable_topics_generation] by /performance_monitor
[rosmaster.master][INFO] 2026-08-30 17:32:11,060: +CACHEDPARAM [/rosout_disable_topics_generation] by /performance_monitor
[rosmaster.master][INFO] 2026-08-30 17:32:11,062: +CACHEDPARAM [/rosout_disable_topics_generation] by /performance_monitor
[rosmaster.master][INFO] 2026-08-30 17:32:16,064: +CACHEDPARAM [/rosout_disable_topics_generation] by /performance_monitor
[rosmaster.master][INFO] 2026-08-30 17:32:17,320: +CACHEDPARAM [/rosout_disable_topics_generation] by /performance_monitor
[rosmaster.master][INFO] 2026-08-30 17:32:18,010: +CACHEDPARAM [/rosout_disable_topics_generation] by /performance_monitor
[rosmaster.master][INFO] 2026-08-30 17:32:19,209: +CACHEDPARAM [/rosout_disable_topics_generation] by /performance_monitor
[rosmaster.master][INFO] 2026-08-30 17:32:19,263: +CACHEDPARAM [/rosout_disable_topics_generation] by /performance_monitor
[rosmaster.master][INFO] 2026-08-30 17:32:19,265: +CACHEDPARAM [/rosout_disable_topics_generation] by /performance_monitor
[rosmaster.master][INFO] 2026-08-30 17:32:24,269: +CACHEDPARAM [/rosout_disable_topics_generation] by /performance_monitor
[rosmaster.master][INFO] 2026-08-30 17:32:25,506: +CACHEDPARAM [/rosout_disable_topics_generation] by /performance_monitor
[rosmaster.master][INFO] 2026-08-30 17:32:26,187: +CACHEDPARAM [/rosout_disable_topics_generation] by /performance_monitor
[rosmaster.master][INFO] 2026-08-30 17:32:27,359: +CACHEDPARAM [/rosout_disable_topics_generation] by /performance_monitor
[rosmaster.master][INFO] 2026-08-30 17:32:27,406: +CACHEDPARAM [/rosout_disable_topics_generation] by /performance_monitor
[rosmaster.master][INFO] 2026-08-30 17:32:27,407: +CACHEDPARAM [/rosout_disable_topics_generation] by /performance_monitor
[rosmaster.master][INFO] 2026-08-30 17:32:32,411: +CACHEDPARAM [/rosout_disable_topics_generation] by /performance_monitor
[rosmaster.master][INFO] 2026-08-30 17:32:33,647: +CACHEDPARAM [/rosout_disable_topics_generation] by /performance_monitor
[rosmaster.master][INFO] 2026-08-30 17:32:34,327: +CACHEDPARAM [/rosout_disable_topics_generation] by /performance_monitor
[rosmaster.master][INFO] 2026-08-30 17:32:35,474: +CACHEDPARAM [/rosout_disable_topics_generation] by /performance_monitor
[rosmaster.master][INFO] 2026-08-30 17:32:35,521: +CACHEDPARAM [/rosout_disable_topics_generation] by /performance_monitor
[rosmaster.master][INFO] 2026-08-30 17:32:35,522: +CACHEDPARAM [/rosout_disable_topics_generation] by /performance_monitor
[rosmaster.master][INFO] 2026-08-30 17:32:40,526: +CACHEDPARAM [/rosout_disable_topics_generation] by /performance_monitor
[rosmaster.master][INFO] 2026-08-30 17:32:41,777: +CACHEDPARAM [/rosout_disable_topics_generation] by /performance_monitor
[rosmaster.master][INFO] 2026-08-30 17:32:42,456: +CACHEDPARAM [/rosout_disable_topics_generation] by /performance_monitor
[rosmaster.master][INFO] 2026-08-30 17:32:43,656: +CACHEDPARAM [/rosout_disable_topics_generation] by /performance_monitor
[rosmaster.master][INFO] 2026-08-30 17:32:43,709: +CACHEDPARAM [/rosout_disable_topics_generation] by /performance_monitor
[rosmaster.master][INFO] 2026-08-30 17:32:43,710: +CACHEDPARAM [/rosout_disable_topics_generation] by /performance_monitor
[rosmaster.master][INFO] 2026-08-30 17:32:48,713: +CACHEDPARAM [/rosout_disable_topics_generation] by /performance_monitor
[rosmaster.master][INFO] 2026-08-30 17:32:49,950: +CACHEDPARAM [/rosout_disable_topics_generation] by /performance_monitor
[rosmaster.master][INFO] 2026-08-30 17:32:50,648: +CACHEDPARAM [/rosout_disable_topics_generation] by /performance_monitor
[rosmaster.master][INFO] 2026-08-30 17:32:51,815: +CACHEDPARAM [/rosout_disable_topics_generation] by /performance_monitor
[rosmaster.master][INFO] 2026-08-30 17:32:51,863: +CACHEDPARAM [/rosout_disable_topics_generation] by /performance_monitor
[rosmaster.master][INFO] 2026-08-30 17:32:51,865: +CACHEDPARAM [/rosout_disable_topics_generation] by /performance_monitor
[rosmaster.master][INFO] 2026-08-30 17:32:56,868: +CACHEDPARAM [/rosout_disable_topics_generation] by /performance_monitor
[rosmaster.master][INFO] 2026-08-30 17:32:58,146: +CACHEDPARAM [/rosout_disable_topics_generation] by /performance_monitor
[rosmaster.master][INFO] 2026-08-30 17:32:58,823: +CACHEDPARAM [/rosout_disable_topics_generation] by /performance_monitor
[rosmaster.master][INFO] 2026-08-30 17:33:00,022: +CACHEDPARAM [/rosout_disable_topics_generation] by /performance_monitor
[rosmaster.master][INFO] 2026-08-30 17:33:00,095: +CACHEDPARAM [/rosout_disable_topics_generation] by /performance_monitor
[rosmaster.master][INFO] 2026-08-30 17:33:00,096: +CACHEDPARAM [/rosout_disable_topics_generation] by /performance_monitor
[rosmaster.master][INFO] 2026-08-30 17:33:05,099: +CACHEDPARAM [/rosout_disable_topics_generation] by /performance_monitor
[rosmaster.master][INFO] 2026-08-30 17:33:06,318: +CACHEDPARAM [/rosout_disable_topics_generation] by /performance_monitor
[rosmaster.master][INFO] 2026-08-30 17:33:07,008: +CACHEDPARAM [/rosout_disable_topics_generation] by /performance_monitor
[rosmaster.master][INFO] 2026-08-30 17:33:08,082: +CACHEDPARAM [/rosout_disable_topics_generation] by /performance_monitor
[rosmaster.master][INFO] 2026-08-30 17:33:08,150: +CACHEDPARAM [/rosout_disable_topics_generation] by /performance_monitor
[rosmaster.master][INFO] 2026-08-30 17:33:08,151: +CACHEDPARAM [/rosout_disable_topics_generation] by /performance_monitor
[rosmaster.master][INFO] 2026-08-30 17:33:13,153: +CACHEDPARAM [/rosout_disable_topics_generation] by /performance_monitor
[rosmaster.master][INFO] 2026-08-30 17:33:14,425: +CACHEDPARAM [/rosout_disable_topics_generation] by /performance_monitor
[rosmaster.master][INFO] 2026-08-30 17:33:15,113: +CACHEDPARAM [/rosout_disable_topics_generation] by /performance_monitor
[rosmaster.master][INFO] 2026-08-30 17:33:16,477: +CACHEDPARAM [/rosout_disable_topics_generation] by /performance_monitor
[rosmaster.master][INFO] 2026-08-30 17:33:16,589: +CACHEDPARAM [/rosout_disable_topics_generation] by /performance_monitor
[rosmaster.master][INFO] 2026-08-30 17:33:16,592: +CACHEDPARAM [/rosout_disable_topics_generation] by /performance_monitor
[rosmaster.master][INFO] 2026-08-30 17:33:21,598: +CACHEDPARAM [/rosout_disable_topics_generation] by /performance_monitor
[rosmaster.master][INFO] 2026-08-30 17:33:22,850: +CACHEDPARAM [/rosout_disable_topics_generation] by /performance_monitor
[rosmaster.master][INFO] 2026-08-30 17:33:23,551: +CACHEDPARAM [/rosout_disable_topics_generation] by /performance_monitor
[rosmaster.master][INFO] 2026-08-30 17:33:24,798: +CACHEDPARAM [/rosout_disable_topics_generation] by /performance_monitor
[rosmaster.master][INFO] 2026-08-30 17:33:24,856: +CACHEDPARAM [/rosout_disable_topics_generation] by /performance_monitor
[rosmaster.master][INFO] 2026-08-30 17:33:24,858: +CACHEDPARAM [/rosout_disable_topics_generation] by /performance_monitor
[rosmaster.master][INFO] 2026-08-30 17:33:29,862: +CACHEDPARAM [/rosout_disable_topics_generation] by /performance_monitor
[rosmaster.master][INFO] 2026-08-30 17:33:31,107: +CACHEDPARAM [/rosout_disable_topics_generation] by /performance_monitor
[rosmaster.master][INFO] 2026-08-30 17:33:31,793: +CACHEDPARAM [/rosout_disable_topics_generation] by /performance_monitor
[rosmaster.master][INFO] 2026-08-30 17:33:32,985: +CACHEDPARAM [/rosout_disable_topics_generation] by /performance_monitor
[rosmaster.master][INFO] 2026-08-30 17:33:33,032: +CACHEDPARAM [/rosout_disable_topics_generation] by /performance_monitor
[rosmaster.master][INFO] 2026-08-30 17:33:33,033: +CACHEDPARAM [/rosout_disable_topics_generation] by /performance_monitor
[rosmaster.master][INFO] 2026-08-30 17:33:38,036: +CACHEDPARAM [/rosout_disable_topics_generation] by /performance_monitor
[rosmaster.master][INFO] 2026-08-30 17:33:39,278: +CACHEDPARAM [/rosout_disable_topics_generation] by /performance_monitor
[rosmaster.master][INFO] 2026-08-30 17:33:40,096: +CACHEDPARAM [/rosout_disable_topics_generation] by /performance_monitor
[rosmaster.master][INFO] 2026-08-30 17:33:41,286: +CACHEDPARAM [/rosout_disable_topics_generation] by /performance_monitor
[rosmaster.master][INFO] 2026-08-30 17:33:41,338: +CACHEDPARAM [/rosout_disable_topics_generation] by /performance_monitor
[rosmaster.master][INFO] 2026-08-30 17:33:41,340: +CACHEDPARAM [/rosout_disable_topics_generation] by /performance_monitor
[rosmaster.master][INFO] 2026-08-30 17:33:46,342: +CACHEDPARAM [/rosout_disable_topics_generation] by /performance_monitor
[rosmaster.master][INFO] 2026-08-30 17:33:47,689: +CACHEDPARAM [/rosout_disable_topics_generation] by /performance_monitor
[rosmaster.master][INFO] 2026-08-30 17:33:48,502: +CACHEDPARAM [/rosout_disable_topics_generation] by /performance_monitor
[rosmaster.master][INFO] 2026-08-30 17:33:49,696: +CACHEDPARAM [/rosout_disable_topics_generation] by /performance_monitor
[rosmaster.master][INFO] 2026-08-30 17:33:49,743: +CACHEDPARAM [/rosout_disable_topics_generation] by /performance_monitor
[rosmaster.master][INFO] 2026-08-30 17:33:49,745: +CACHEDPARAM [/rosout_disable_topics_generation] by /performance_monitor
[rosmaster.master][INFO] 2026-08-30 17:33:54,748: +CACHEDPARAM [/rosout_disable_topics_generation] by /performance_monitor
[rosmaster.master][INFO] 2026-08-30 17:33:56,235: +CACHEDPARAM [/rosout_disable_topics_generation] by /performance_monitor
[rosmaster.master][INFO] 2026-08-30 17:33:56,939: +CACHEDPARAM [/rosout_disable_topics_generation] by /performance_monitor
[rosmaster.master][INFO] 2026-08-30 17:33:58,109: +CACHEDPARAM [/rosout_disable_topics_generation] by /performance_monitor
[rosmaster.master][INFO] 2026-08-30 17:33:58,164: +CACHEDPARAM [/rosout_disable_topics_generation] by /performance_monitor
[rosmaster.master][INFO] 2026-08-30 17:33:58,165: +CACHEDPARAM [/rosout_disable_topics_generation] by /performance_monitor
[rosmaster.master][INFO] 2026-08-30 17:34:03,168: +CACHEDPARAM [/rosout_disable_topics_generation] by /performance_monitor
[rosmaster.master][INFO] 2026-08-30 17:34:04,428: +CACHEDPARAM [/rosout_disable_topics_generation] by /performance_monitor
[rosmaster.master][INFO] 2026-08-30 17:34:05,123: +CACHEDPARAM [/rosout_disable_topics_generation] by /performance_monitor
[rosmaster.master][INFO] 2026-08-30 17:34:06,338: +CACHEDPARAM [/rosout_disable_topics_generation] by /performance_monitor
[rosmaster.master][INFO] 2026-08-30 17:34:06,388: +CACHEDPARAM [/rosout_disable_topics_generation] by /performance_monitor
[rosmaster.master][INFO] 2026-08-30 17:34:06,391: +CACHEDPARAM [/rosout_disable_topics_generation] by /performance_monitor
[rosmaster.master][INFO] 2026-08-30 17:34:11,395: +CACHEDPARAM [/rosout_disable_topics_generation] by /performance_monitor
[rosmaster.master][INFO] 2026-08-30 17:34:13,184: +CACHEDPARAM [/rosout_disable_topics_generation] by /performance_monitor
[rosmaster.master][INFO] 2026-08-30 17:34:14,202: +CACHEDPARAM [/rosout_disable_topics_generation] by /performance_monitor
[rosmaster.master][INFO] 2026-08-30 17:34:15,417: +CACHEDPARAM [/rosout_disable_topics_generation] by /performance_monitor
[rosmaster.master][INFO] 2026-08-30 17:34:15,471: +CACHEDPARAM [/rosout_disable_topics_generation] by /performance_monitor
[rosmaster.master][INFO] 2026-08-30 17:34:15,473: +CACHEDPARAM [/rosout_disable_topics_generation] by /performance_monitor
[rosmaster.master][INFO] 2026-08-30 17:34:20,476: +CACHEDPARAM [/rosout_disable_topics_generation] by /performance_monitor
[rosmaster.master][INFO] 2026-08-30 17:34:22,562: +CACHEDPARAM [/rosout_disable_topics_generation] by /performance_monitor
[rosmaster.master][INFO] 2026-08-30 17:34:24,051: +CACHEDPARAM [/rosout_disable_topics_generation] by /performance_monitor
[rosmaster.master][INFO] 2026-08-30 17:34:25,376: +CACHEDPARAM [/rosout_disable_topics_generation] by /performance_monitor
[rosmaster.master][INFO] 2026-08-30 17:34:25,498: +CACHEDPARAM [/rosout_disable_topics_generation] by /performance_monitor
[rosmaster.master][INFO] 2026-08-30 17:34:25,502: +CACHEDPARAM [/rosout_disable_topics_generation] by /performance_monitor
[rosmaster.master][INFO] 2026-08-30 17:34:30,509: +CACHEDPARAM [/rosout_disable_topics_generation] by /performance_monitor
[rosmaster.master][INFO] 2026-08-30 17:34:33,023: +CACHEDPARAM [/rosout_disable_topics_generation] by /performance_monitor
[rosmaster.master][INFO] 2026-08-30 17:34:34,155: +CACHEDPARAM [/rosout_disable_topics_generation] by /performance_monitor
[rosmaster.master][INFO] 2026-08-30 17:34:35,345: +CACHEDPARAM [/rosout_disable_topics_generation] by /performance_monitor
[rosmaster.master][INFO] 2026-08-30 17:34:35,394: +CACHEDPARAM [/rosout_disable_topics_generation] by /performance_monitor
[rosmaster.master][INFO] 2026-08-30 17:34:35,397: +CACHEDPARAM [/rosout_disable_topics_generation] by /performance_monitor
[rosmaster.master][INFO] 2026-08-30 17:34:40,399: +CACHEDPARAM [/rosout_disable_topics_generation] by /performance_monitor
[rosmaster.master][INFO] 2026-08-30 17:34:41,646: +CACHEDPARAM [/rosout_disable_topics_generation] by /performance_monitor
[rosmaster.master][INFO] 2026-08-30 17:34:42,377: +CACHEDPARAM [/rosout_disable_topics_generation] by /performance_monitor
[rosmaster.master][INFO] 2026-08-30 17:34:43,501: +CACHEDPARAM [/rosout_disable_topics_generation] by /performance_monitor
[rosmaster.master][INFO] 2026-08-30 17:34:43,552: +CACHEDPARAM [/rosout_disable_topics_generation] by /performance_monitor
[rosmaster.master][INFO] 2026-08-30 17:34:43,554: +CACHEDPARAM [/rosout_disable_topics_generation] by /performance_monitor
[rosmaster.master][INFO] 2026-08-30 17:34:48,557: +CACHEDPARAM [/rosout_disable_topics_generation] by /performance_monitor
[rosmaster.master][INFO] 2026-08-30 17:34:50,175: +CACHEDPARAM [/rosout_disable_topics_generation] by /performance_monitor
[rosmaster.master][INFO] 2026-08-30 17:34:50,861: +CACHEDPARAM [/rosout_disable_topics_generation] by /performance_monitor
[rosmaster.master][INFO] 2026-08-30 17:34:52,047: +CACHEDPARAM [/rosout_disable_topics_generation] by /performance_monitor
[rosmaster.master][INFO] 2026-08-30 17:34:52,101: +CACHEDPARAM [/rosout_disable_topics_generation] by /performance_monitor
[rosmaster.master][INFO] 2026-08-30 17:34:52,103: +CACHEDPARAM [/rosout_disable_topics_generation] by /performance_monitor
[rosmaster.master][INFO] 2026-08-30 17:34:57,106: +CACHEDPARAM [/rosout_disable_topics_generation] by /performance_monitor
[rosmaster.master][INFO] 2026-08-30 17:34:58,381: +CACHEDPARAM [/rosout_disable_topics_generation] by /performance_monitor
[rosmaster.master][INFO] 2026-08-30 17:34:59,059: +CACHEDPARAM [/rosout_disable_topics_generation] by /performance_monitor
[rosmaster.master][INFO] 2026-08-30 17:35:00,262: +CACHEDPARAM [/rosout_disable_topics_generation] by /performance_monitor
[rosmaster.master][INFO] 2026-08-30 17:35:00,321: +CACHEDPARAM [/rosout_disable_topics_generation] by /performance_monitor
[rosmaster.master][INFO] 2026-08-30 17:35:00,322: +CACHEDPARAM [/rosout_disable_topics_generation] by /performance_monitor
[rosmaster.master][INFO] 2026-08-30 17:35:05,324: +CACHEDPARAM [/rosout_disable_topics_generation] by /performance_monitor
[rosmaster.master][INFO] 2026-08-30 17:35:06,604: +CACHEDPARAM [/rosout_disable_topics_generation] by /performance_monitor
[rosmaster.master][INFO] 2026-08-30 17:35:07,288: +CACHEDPARAM [/rosout_disable_topics_generation] by /performance_monitor
[rosmaster.master][INFO] 2026-08-30 17:35:08,450: +CACHEDPARAM [/rosout_disable_topics_generation] by /performance_monitor
[rosmaster.master][INFO] 2026-08-30 17:35:08,499: +CACHEDPARAM [/rosout_disable_topics_generation] by /performance_monitor
[rosmaster.master][INFO] 2026-08-30 17:35:08,500: +CACHEDPARAM [/rosout_disable_topics_generation] by /performance_monitor
[rosmaster.master][INFO] 2026-08-30 17:35:13,504: +CACHEDPARAM [/rosout_disable_topics_generation] by /performance_monitor
[rosmaster.master][INFO] 2026-08-30 17:35:14,941: +CACHEDPARAM [/rosout_disable_topics_generation] by /performance_monitor
[rosmaster.master][INFO] 2026-08-30 17:35:15,831: +CACHEDPARAM [/rosout_disable_topics_generation] by /performance_monitor
[rosmaster.master][INFO] 2026-08-30 17:35:17,016: +CACHEDPARAM [/rosout_disable_topics_generation] by /performance_monitor
[rosmaster.master][INFO] 2026-08-30 17:35:17,067: +CACHEDPARAM [/rosout_disable_topics_generation] by /performance_monitor
[rosmaster.master][INFO] 2026-08-30 17:35:17,069: +CACHEDPARAM [/rosout_disable_topics_generation] by /performance_monitor
[rosmaster.master][INFO] 2026-08-30 17:35:22,071: +CACHEDPARAM [/rosout_disable_topics_generation] by /performance_monitor
[rosmaster.master][INFO] 2026-08-30 17:35:23,334: +CACHEDPARAM [/rosout_disable_topics_generation] by /performance_monitor
[rosmaster.master][INFO] 2026-08-30 17:35:24,021: +CACHEDPARAM [/rosout_disable_topics_generation] by /performance_monitor
[rosmaster.master][INFO] 2026-08-30 17:35:25,183: +CACHEDPARAM [/rosout_disable_topics_generation] by /performance_monitor
[rosmaster.master][INFO] 2026-08-30 17:35:25,230: +CACHEDPARAM [/rosout_disable_topics_generation] by /performance_monitor
[rosmaster.master][INFO] 2026-08-30 17:35:25,232: +CACHEDPARAM [/rosout_disable_topics_generation] by /performance_monitor
[rosmaster.master][INFO] 2026-08-30 17:35:30,234: +CACHEDPARAM [/rosout_disable_topics_generation] by /performance_monitor
[rosmaster.master][INFO] 2026-08-30 17:35:31,489: +CACHEDPARAM [/rosout_disable_topics_generation] by /performance_monitor
[rosmaster.master][INFO] 2026-08-30 17:35:32,183: +CACHEDPARAM [/rosout_disable_topics_generation] by /performance_monitor
[rosmaster.master][INFO] 2026-08-30 17:35:33,395: +CACHEDPARAM [/rosout_disable_topics_generation] by /performance_monitor
[rosmaster.master][INFO] 2026-08-30 17:35:33,450: +CACHEDPARAM [/rosout_disable_topics_generation] by /performance_monitor
[rosmaster.master][INFO] 2026-08-30 17:35:33,453: +CACHEDPARAM [/rosout_disable_topics_generation] by /performance_monitor
[rosmaster.master][INFO] 2026-08-30 17:35:38,456: +CACHEDPARAM [/rosout_disable_topics_generation] by /performance_monitor
[rosmaster.master][INFO] 2026-08-30 17:35:40,240: +CACHEDPARAM [/rosout_disable_topics_generation] by /performance_monitor
[rosmaster.master][INFO] 2026-08-30 17:35:41,576: +CACHEDPARAM [/rosout_disable_topics_generation] by /performance_monitor
[rosmaster.master][INFO] 2026-08-30 17:35:42,779: +CACHEDPARAM [/rosout_disable_topics_generation] by /performance_monitor
[rosmaster.master][INFO] 2026-08-30 17:35:42,833: +CACHEDPARAM [/rosout_disable_topics_generation] by /performance_monitor
[rosmaster.master][INFO] 2026-08-30 17:35:42,836: +CACHEDPARAM [/rosout_disable_topics_generation] by /performance_monitor
[rosmaster.master][INFO] 2026-08-30 17:35:47,842: +CACHEDPARAM [/rosout_disable_topics_generation] by /performance_monitor
[rosmaster.master][INFO] 2026-08-30 17:35:49,269: +CACHEDPARAM [/rosout_disable_topics_generation] by /performance_monitor
[rosmaster.master][INFO] 2026-08-30 17:35:49,955: +CACHEDPARAM [/rosout_disable_topics_generation] by /performance_monitor
[rosmaster.master][INFO] 2026-08-30 17:35:51,164: +CACHEDPARAM [/rosout_disable_topics_generation] by /performance_monitor
[rosmaster.master][INFO] 2026-08-30 17:35:51,217: +CACHEDPARAM [/rosout_disable_topics_generation] by /performance_monitor
[rosmaster.master][INFO] 2026-08-30 17:35:51,219: +CACHEDPARAM [/rosout_disable_topics_generation] by /performance_monitor
