[roslaunch][INFO] 2026-08-30 17:29:50,866: Checking log directory for disk usage. This may take a while.
Press Ctrl-C to interrupt
[roslaunch][INFO] 2026-08-30 17:29:50,992: Done checking log file disk usage. Usage is <1GB.
[roslaunch][INFO] 2026-08-30 17:29:50,994: roslaunch starting with args ['/opt/ros/noetic/bin/roslaunch', 'drone_control', 'kamikaze.launch', 'mode:=production']
[roslaunch][INFO] 2026-08-30 17:29:50,995: roslaunch env is environ({'ROS_VERSION': '1', 'PYTHONUNBUFFERED': '1', 'PKG_CONFIG_PATH': '/root/catkin_ws/devel/lib/pkgconfig:/opt/ros/noetic/lib/pkgconfig', 'ROS_PYTHON_VERSION': '3', 'HOSTNAME': 'kamikaze', 'ROS_PACKAGE_PATH': '/root/catkin_ws/src:/opt/ros/noetic/share', 'ROSLISP_PACKAGE_DIRECTORIES': '/root/catkin_ws/devel/share/common-lisp', 'PWD': '/root/catkin_ws', 'ENABLE_SIMULATION': 'false', 'ROS_IP': 'kamikaze', 'HOME': '/root', 'LANG': 'C.UTF-8', 'ROS_ETC_DIR': '/opt/ros/noetic/etc/ros', 'CMAKE_PREFIX_PATH': '/root/catkin_ws/devel:/opt/ros/noetic', 'PYTHONPATH': '/root/catkin_ws/devel/lib/python3/dist-packages:/root/catkin_ws/devel/lib/python3/dist-packages:/opt/ros/noetic/lib/python3/dist-packages', 'DISPLAY': ':0', 'SHLVL': '0', 'ROS_MASTER_URI': 'http://kamikaze:11311', 'ROS_HOSTNAME': 'kamikaze', 'LD_LIBRARY_PATH': '/root/catkin_ws/devel/lib:/opt/ros/noetic/lib', 'ENABLE_PERFORMANCE_MONITORING': 'true', 'LC_ALL': 'C.UTF-8', 'PATH': '/opt/ros/noetic/bin:/usr/local/sbin:/usr/local/bin:/usr/sbin:/usr/bin:/sbin:/bin', 'DEBIAN_FRONTEND': 'noninteractive', 'ROS_ROOT': '/opt/ros/noetic/share/ros', 'ROS_DISTRO': 'noetic', 'QT_X11_NO_MITSHM': '1', 'ENABLE_GUI': 'false', 'ROS_LOG_FILENAME': '/root/.ros/log/67c08536-a498-11f1-9874-8e3611480fc6/roslaunch-kamikaze-1.log'})
[roslaunch][INFO] 2026-08-30 17:29:50,995: starting in server mode
[roslaunch.parent][INFO] 2026-08-30 17:29:50,996: starting roslaunch parent run
[roslaunch][INFO] 2026-08-30 17:29:50,996: loading roscore config file /opt/ros/noetic/etc/ros/roscore.xml
[roslaunch][INFO] 2026-08-30 17:29:52,583: Added core node of type [rosout/rosout] in namespace [/]
[roslaunch.config][INFO] 2026-08-30 17:29:52,584: loading config file /root/catkin_ws/src/drone_control/launch/kamikaze.launch
[roslaunch][INFO] 2026-08-30 17:29:52,753: Added node of type [drone_control/parameter_validator.py] in namespace [/]
[roslaunch][INFO] 2026-08-30 17:29:52,755: Added node of type [drone_control/command_interpreter.py] in namespace [/]
[roslaunch][INFO] 2026-08-30 17:29:52,756: Added node of type [drone_control/mission_manager.py] in namespace [/]
[roslaunch][INFO] 2026-08-30 17:29:52,757: Added node of type [drone_control/camera_calibration.py] in namespace [/]
[roslaunch][INFO] 2026-08-30 17:29:52,759: Added node of type [drone_control/yolo_detector.py] in namespace [/]
[roslaunch][INFO] 2026-08-30 17:29:52,761: Added node of type [drone_control/sensor_fusion.py] in namespace [/]
[roslaunch][INFO] 2026-08-30 17:29:52,762: Added node of type [drone_control/target_tracking_controller.py] in namespace [/]
[roslaunch][INFO] 2026-08-30 17:29:52,763: Added node of type [drone_control/vehicle_state_monitor.py] in namespace [/]
[roslaunch][INFO] 2026-08-30 17:29:52,764: Added node of type [drone_control/safety_monitor.py] in namespace [/]
[roslaunch][INFO] 2026-08-30 17:29:52,766: Added node of type [drone_control/system_health_monitor.py] in namespace [/]
[roslaunch][INFO] 2026-08-30 17:29:52,768: Added node of type [drone_control/health_checker.py] in namespace [/]
[roslaunch][INFO] 2026-08-30 17:29:52,769: ... selected machine [] for node of type [drone_control/parameter_validator.py]
[roslaunch][INFO] 2026-08-30 17:29:52,769: ... selected machine [] for node of type [drone_control/command_interpreter.py]
[roslaunch][INFO] 2026-08-30 17:29:52,769: ... selected machine [] for node of type [drone_control/mission_manager.py]
[roslaunch][INFO] 2026-08-30 17:29:52,770: ... selected machine [] for node of type [drone_control/camera_calibration.py]
[roslaunch][INFO] 2026-08-30 17:29:52,770: ... selected machine [] for node of type [drone_control/yolo_detector.py]
[roslaunch][INFO] 2026-08-30 17:29:52,770: ... selected machine [] for node of type [drone_control/sensor_fusion.py]
[roslaunch][INFO] 2026-08-30 17:29:52,771: ... selected machine [] for node of type [drone_control/target_tracking_controller.py]
[roslaunch][INFO] 2026-08-30 17:29:52,775: ... selected machine [] for node of type [drone_control/vehicle_state_monitor.py]
[roslaunch][INFO] 2026-08-30 17:29:52,775: ... selected machine [] for node of type [drone_control/safety_monitor.py]
[roslaunch][INFO] 2026-08-30 17:29:52,775: ... selected machine [] for node of type [drone_control/system_health_monitor.py]
[roslaunch][INFO] 2026-08-30 17:29:52,775: ... selected machine [] for node of type [drone_control/health_checker.py]
[roslaunch.pmon][INFO] 2026-08-30 17:29:52,785: start_process_monitor: creating ProcessMonitor
[roslaunch.pmon][INFO] 2026-08-30 17:29:52,786: created process monitor <ProcessMonitor(ProcessMonitor-1, initial daemon)>
[roslaunch.pmon][INFO] 2026-08-30 17:29:52,790: start_process_monitor: ProcessMonitor started
[roslaunch.parent][INFO] 2026-08-30 17:29:52,790: starting parent XML-RPC server
[roslaunch.server][INFO] 2026-08-30 17:29:52,791: starting roslaunch XML-RPC server
[roslaunch.server][INFO] 2026-08-30 17:29:52,791: waiting for roslaunch XML-RPC server to initialize
[xmlrpc][INFO] 2026-08-30 17:29:52,792: XML-RPC server binding to 0.0.0.0:0
[xmlrpc][INFO] 2026-08-30 17:29:52,793: Started XML-RPC server [http://kamikaze:40453/]
[xmlrpc][INFO] 2026-08-30 17:29:52,794: xml rpc node: starting XML-RPC server
[roslaunch][INFO] 2026-08-30 17:29:52,814: started roslaunch server http://kamikaze:40453/
[roslaunch.parent][INFO] 2026-08-30 17:29:52,814: ... parent XML-RPC server started
[roslaunch][INFO] 2026-08-30 17:29:52,821: master.is_running[http://kamikaze:11311]
[roslaunch][INFO] 2026-08-30 17:29:52,826: auto-starting new master
[roslaunch][INFO] 2026-08-30 17:29:52,827: create_master_process: rosmaster, /opt/ros/noetic/share/ros, 11311, 3, None, False
[roslaunch][INFO] 2026-08-30 17:29:52,827: process[master]: launching with args [['rosmaster', '--core', '-p', '11311', '-w', '3']]
[roslaunch.pmon][INFO] 2026-08-30 17:29:52,828: ProcessMonitor.register[master]
[roslaunch.pmon][INFO] 2026-08-30 17:29:52,828: ProcessMonitor.register[master] complete
[roslaunch][INFO] 2026-08-30 17:29:52,828: process[master]: starting os process
[roslaunch][INFO] 2026-08-30 17:29:52,829: process[master]: start w/ args [['rosmaster', '--core', '-p', '11311', '-w', '3', '__log:=/root/.ros/log/67c08536-a498-11f1-9874-8e3611480fc6/master.log']]
[roslaunch][INFO] 2026-08-30 17:29:52,829: process[master]: cwd will be [/root/.ros]
[roslaunch][INFO] 2026-08-30 17:29:52,861: process[master]: started with pid [73]
[roslaunch][INFO] 2026-08-30 17:29:52,862: master.is_running[http://kamikaze:11311]
[roslaunch][INFO] 2026-08-30 17:29:52,964: master.is_running[http://kamikaze:11311]
[roslaunch][INFO] 2026-08-30 17:29:53,067: master.is_running[http://kamikaze:11311]
[roslaunch][INFO] 2026-08-30 17:29:53,172: master.is_running[http://kamikaze:11311]
[roslaunch][INFO] 2026-08-30 17:29:53,280: master.is_running[http://kamikaze:11311]
[roslaunch][INFO] 2026-08-30 17:29:53,385: master.is_running[http://kamikaze:11311]
[roslaunch][INFO] 2026-08-30 17:29:53,493: master.is_running[http://kamikaze:11311]
[roslaunch][INFO] 2026-08-30 17:29:53,599: master.is_running[http://kamikaze:11311]
[roslaunch][INFO] 2026-08-30 17:29:53,700: master.is_running[http://kamikaze:11311]
[roslaunch][INFO] 2026-08-30 17:29:53,802: master.is_running[http://kamikaze:11311]
[roslaunch][INFO] 2026-08-30 17:29:53,906: master.is_running[http://kamikaze:11311]
[roslaunch][INFO] 2026-08-30 17:29:54,043: master.is_running[http://kamikaze:11311]
[roslaunch][INFO] 2026-08-30 17:29:54,145: master.is_running[http://kamikaze:11311]
[roslaunch][INFO] 2026-08-30 17:29:54,247: master.is_running[http://kamikaze:11311]
[roslaunch][INFO] 2026-08-30 17:29:54,350: master.is_running[http://kamikaze:11311]
[roslaunch][INFO] 2026-08-30 17:29:54,451: master.is_running[http://kamikaze:11311]
[roslaunch][INFO] 2026-08-30 17:29:54,556: master.is_running[http://kamikaze:11311]
[roslaunch][INFO] 2026-08-30 17:29:54,659: master.is_running[http://kamikaze:11311]
[roslaunch][INFO] 2026-08-30 17:29:54,765: master.is_running[http://kamikaze:11311]
[roslaunch][INFO] 2026-08-30 17:29:54,781: master.is_running[http://kamikaze:11311]
[roslaunch][INFO] 2026-08-30 17:29:54,791: ROS_MASTER_URI=http://kamikaze:11311
[roslaunch][INFO] 2026-08-30 17:29:54,797: setting /run_id to 67c08536-a498-11f1-9874-8e3611480fc6
[roslaunch][INFO] 2026-08-30 17:29:54,802: setting /roslaunch/uris/host_kamikaze__40453' to http://kamikaze:40453/
[roslaunch][INFO] 2026-08-30 17:29:54,848: ... preparing to launch node of type [rosout/rosout]
[roslaunch][INFO] 2026-08-30 17:29:54,848: create_node_process: package[rosout] type[rosout] machine[Machine(name[] env_loader[None] address[localhost] ssh_port[22] user[None] assignable[True] timeout[10.0])] master_uri[http://kamikaze:11311]
[roslaunch][INFO] 2026-08-30 17:29:54,854: process[rosout-1]: env[{'ROS_VERSION': '1', 'PYTHONUNBUFFERED': '1', 'PKG_CONFIG_PATH': '/root/catkin_ws/devel/lib/pkgconfig:/opt/ros/noetic/lib/pkgconfig', 'ROS_PYTHON_VERSION': '3', 'HOSTNAME': 'kamikaze', 'ROS_PACKAGE_PATH': '/root/catkin_ws/src:/opt/ros/noetic/share', 'ROSLISP_PACKAGE_DIRECTORIES': '/root/catkin_ws/devel/share/common-lisp', 'PWD': '/root/catkin_ws', 'ENABLE_SIMULATION': 'false', 'ROS_IP': 'kamikaze', 'HOME': '/root', 'LANG': 'C.UTF-8', 'ROS_ETC_DIR': '/opt/ros/noetic/etc/ros', 'CMAKE_PREFIX_PATH': '/root/catkin_ws/devel:/opt/ros/noetic', 'PYTHONPATH': '/root/catkin_ws/devel/lib/python3/dist-packages:/root/catkin_ws/devel/lib/python3/dist-packages:/opt/ros/noetic/lib/python3/dist-packages', 'DISPLAY': ':0', 'SHLVL': '0', 'ROS_MASTER_URI': 'http://kamikaze:11311', 'ROS_HOSTNAME': 'kamikaze', 'LD_LIBRARY_PATH': '/root/catkin_ws/devel/lib:/opt/ros/noetic/lib', 'ENABLE_PERFORMANCE_MONITORING': 'true', 'LC_ALL': 'C.UTF-8', 'PATH': '/opt/ros/noetic/bin:/usr/local/sbin:/usr/local/bin:/usr/sbin:/usr/bin:/sbin:/bin', 'DEBIAN_FRONTEND': 'noninteractive', 'ROS_ROOT': '/opt/ros/noetic/share/ros', 'ROS_DISTRO': 'noetic', 'QT_X11_NO_MITSHM': '1', 'ENABLE_GUI': 'false', 'ROS_LOG_FILENAME': '/root/.ros/log/67c08536-a498-11f1-9874-8e3611480fc6/roslaunch-kamikaze-1.log'}]
[roslaunch][INFO] 2026-08-30 17:29:54,935: process[rosout-1]: args[['/opt/ros/noetic/lib/rosout/rosout', '__name:=rosout']]
[roslaunch][INFO] 2026-08-30 17:29:54,936: ... created process [rosout-1]
[roslaunch.pmon][INFO] 2026-08-30 17:29:54,937: ProcessMonitor.register[rosout-1]
[roslaunch.pmon][INFO] 2026-08-30 17:29:54,938: ProcessMonitor.register[rosout-1] complete
[roslaunch][INFO] 2026-08-30 17:29:54,939: ... registered process [rosout-1]
[roslaunch][INFO] 2026-08-30 17:29:54,940: process[rosout-1]: starting os process
[roslaunch][INFO] 2026-08-30 17:29:54,942: process[rosout-1]: start w/ args [['/opt/ros/noetic/lib/rosout/rosout', '__name:=rosout', '__log:=/root/.ros/log/67c08536-a498-11f1-9874-8e3611480fc6/rosout-1.log']]
[roslaunch][INFO] 2026-08-30 17:29:54,942: process[rosout-1]: cwd will be [/root/.ros]
[roslaunch][INFO] 2026-08-30 17:29:54,955: process[rosout-1]: started with pid [103]
[roslaunch][INFO] 2026-08-30 17:29:54,957: ... successfully launched [rosout-1]
[roslaunch][INFO] 2026-08-30 17:29:54,958: load_parameters starting ...
[roslaunch][INFO] 2026-08-30 17:29:55,365: ... load_parameters complete
[roslaunch][INFO] 2026-08-30 17:29:55,370: launch_nodes: launching local nodes ...
[roslaunch][INFO] 2026-08-30 17:29:55,375: ... preparing to launch node of type [drone_control/parameter_validator.py]
[roslaunch][INFO] 2026-08-30 17:29:55,377: create_node_process: package[drone_control] type[parameter_validator.py] machine[Machine(name[] env_loader[None] address[localhost] ssh_port[22] user[None] assignable[True] timeout[10.0])] master_uri[http://kamikaze:11311]
[roslaunch][INFO] 2026-08-30 17:29:55,378: process[parameter_validator-2]: env[{'ROS_VERSION': '1', 'PYTHONUNBUFFERED': '1', 'PKG_CONFIG_PATH': '/root/catkin_ws/devel/lib/pkgconfig:/opt/ros/noetic/lib/pkgconfig', 'ROS_PYTHON_VERSION': '3', 'HOSTNAME': 'kamikaze', 'ROS_PACKAGE_PATH': '/root/catkin_ws/src:/opt/ros/noetic/share', 'ROSLISP_PACKAGE_DIRECTORIES': '/root/catkin_ws/devel/share/common-lisp', 'PWD': '/root/catkin_ws', 'ENABLE_SIMULATION': 'false', 'ROS_IP': 'kamikaze', 'HOME': '/root', 'LANG': 'C.UTF-8', 'ROS_ETC_DIR': '/opt/ros/noetic/etc/ros', 'CMAKE_PREFIX_PATH': '/root/catkin_ws/devel:/opt/ros/noetic', 'PYTHONPATH': '/root/catkin_ws/devel/lib/python3/dist-packages:/root/catkin_ws/devel/lib/python3/dist-packages:/opt/ros/noetic/lib/python3/dist-packages', 'DISPLAY': ':0', 'SHLVL': '0', 'ROS_MASTER_URI': 'http://kamikaze:11311', 'ROS_HOSTNAME': 'kamikaze', 'LD_LIBRARY_PATH': '/root/catkin_ws/devel/lib:/opt/ros/noetic/lib', 'ENABLE_PERFORMANCE_MONITORING': 'true', 'LC_ALL': 'C.UTF-8', 'PATH': '/opt/ros/noetic/bin:/usr/local/sbin:/usr/local/bin:/usr/sbin:/usr/bin:/sbin:/bin', 'DEBIAN_FRONTEND': 'noninteractive', 'ROS_ROOT': '/opt/ros/noetic/share/ros', 'ROS_DISTRO': 'noetic', 'QT_X11_NO_MITSHM': '1', 'ENABLE_GUI': 'false', 'ROS_LOG_FILENAME': '/root/.ros/log/67c08536-a498-11f1-9874-8e3611480fc6/roslaunch-kamikaze-1.log'}]
[roslaunch][INFO] 2026-08-30 17:29:55,382: process[parameter_validator-2]: args[['/root/catkin_ws/devel/lib/drone_control/parameter_validator.py', '__name:=parameter_validator']]
[roslaunch][INFO] 2026-08-30 17:29:55,384: ... created process [parameter_validator-2]
[roslaunch.pmon][INFO] 2026-08-30 17:29:55,385: ProcessMonitor.register[parameter_validator-2]
[roslaunch.pmon][INFO] 2026-08-30 17:29:55,385: ProcessMonitor.register[parameter_validator-2] complete
[roslaunch][INFO] 2026-08-30 17:29:55,386: ... registered process [parameter_validator-2]
[roslaunch][INFO] 2026-08-30 17:29:55,387: process[parameter_validator-2]: starting os process
[roslaunch][INFO] 2026-08-30 17:29:55,387: process[parameter_validator-2]: start w/ args [['/root/catkin_ws/devel/lib/drone_control/parameter_validator.py', '__name:=parameter_validator', '__log:=/root/.ros/log/67c08536-a498-11f1-9874-8e3611480fc6/parameter_validator-2.log']]
[roslaunch][INFO] 2026-08-30 17:29:55,388: process[parameter_validator-2]: cwd will be [/root/.ros]
[roslaunch][INFO] 2026-08-30 17:29:55,459: process[parameter_validator-2]: started with pid [116]
[roslaunch][INFO] 2026-08-30 17:29:55,461: ... successfully launched [parameter_validator-2]
[roslaunch][INFO] 2026-08-30 17:29:55,467: ... preparing to launch node of type [drone_control/command_interpreter.py]
[roslaunch][INFO] 2026-08-30 17:29:55,467: create_node_process: package[drone_control] type[command_interpreter.py] machine[Machine(name[] env_loader[None] address[localhost] ssh_port[22] user[None] assignable[True] timeout[10.0])] master_uri[http://kamikaze:11311]
[roslaunch][INFO] 2026-08-30 17:29:55,468: process[command_interpreter-3]: env[{'ROS_VERSION': '1', 'PYTHONUNBUFFERED': '1', 'PKG_CONFIG_PATH': '/root/catkin_ws/devel/lib/pkgconfig:/opt/ros/noetic/lib/pkgconfig', 'ROS_PYTHON_VERSION': '3', 'HOSTNAME': 'kamikaze', 'ROS_PACKAGE_PATH': '/root/catkin_ws/src:/opt/ros/noetic/share', 'ROSLISP_PACKAGE_DIRECTORIES': '/root/catkin_ws/devel/share/common-lisp', 'PWD': '/root/catkin_ws', 'ENABLE_SIMULATION': 'false', 'ROS_IP': 'kamikaze', 'HOME': '/root', 'LANG': 'C.UTF-8', 'ROS_ETC_DIR': '/opt/ros/noetic/etc/ros', 'CMAKE_PREFIX_PATH': '/root/catkin_ws/devel:/opt/ros/noetic', 'PYTHONPATH': '/root/catkin_ws/devel/lib/python3/dist-packages:/root/catkin_ws/devel/lib/python3/dist-packages:/opt/ros/noetic/lib/python3/dist-packages', 'DISPLAY': ':0', 'SHLVL': '0', 'ROS_MASTER_URI': 'http://kamikaze:11311', 'ROS_HOSTNAME': 'kamikaze', 'LD_LIBRARY_PATH': '/root/catkin_ws/devel/lib:/opt/ros/noetic/lib', 'ENABLE_PERFORMANCE_MONITORING': 'true', 'LC_ALL': 'C.UTF-8', 'PATH': '/opt/ros/noetic/bin:/usr/local/sbin:/usr/local/bin:/usr/sbin:/usr/bin:/sbin:/bin', 'DEBIAN_FRONTEND': 'noninteractive', 'ROS_ROOT': '/opt/ros/noetic/share/ros', 'ROS_DISTRO': 'noetic', 'QT_X11_NO_MITSHM': '1', 'ENABLE_GUI': 'false', 'ROS_LOG_FILENAME': '/root/.ros/log/67c08536-a498-11f1-9874-8e3611480fc6/roslaunch-kamikaze-1.log'}]
[roslaunch][INFO] 2026-08-30 17:29:55,500: process[command_interpreter-3]: args[['/root/catkin_ws/devel/lib/drone_control/command_interpreter.py', '__name:=command_interpreter']]
[roslaunch][INFO] 2026-08-30 17:29:55,541: ... created process [command_interpreter-3]
[roslaunch.pmon][INFO] 2026-08-30 17:29:55,541: ProcessMonitor.register[command_interpreter-3]
[roslaunch.pmon][INFO] 2026-08-30 17:29:55,541: ProcessMonitor.register[command_interpreter-3] complete
[roslaunch][INFO] 2026-08-30 17:29:55,541: ... registered process [command_interpreter-3]
[roslaunch][INFO] 2026-08-30 17:29:55,542: process[command_interpreter-3]: starting os process
[roslaunch][INFO] 2026-08-30 17:29:55,542: process[command_interpreter-3]: start w/ args [['/root/catkin_ws/devel/lib/drone_control/command_interpreter.py', '__name:=command_interpreter', '__log:=/root/.ros/log/67c08536-a498-11f1-9874-8e3611480fc6/command_interpreter-3.log']]
[roslaunch][INFO] 2026-08-30 17:29:55,542: process[command_interpreter-3]: cwd will be [/root/.ros]
[roslaunch][INFO] 2026-08-30 17:29:55,554: process[command_interpreter-3]: started with pid [119]
[roslaunch][INFO] 2026-08-30 17:29:55,555: ... successfully launched [command_interpreter-3]
[roslaunch][INFO] 2026-08-30 17:29:55,555: ... preparing to launch node of type [drone_control/mission_manager.py]
[roslaunch][INFO] 2026-08-30 17:29:55,556: create_node_process: package[drone_control] type[mission_manager.py] machine[Machine(name[] env_loader[None] address[localhost] ssh_port[22] user[None] assignable[True] timeout[10.0])] master_uri[http://kamikaze:11311]
[roslaunch][INFO] 2026-08-30 17:29:55,556: process[mission_manager-4]: env[{'ROS_VERSION': '1', 'PYTHONUNBUFFERED': '1', 'PKG_CONFIG_PATH': '/root/catkin_ws/devel/lib/pkgconfig:/opt/ros/noetic/lib/pkgconfig', 'ROS_PYTHON_VERSION': '3', 'HOSTNAME': 'kamikaze', 'ROS_PACKAGE_PATH': '/root/catkin_ws/src:/opt/ros/noetic/share', 'ROSLISP_PACKAGE_DIRECTORIES': '/root/catkin_ws/devel/share/common-lisp', 'PWD': '/root/catkin_ws', 'ENABLE_SIMULATION': 'false', 'ROS_IP': 'kamikaze', 'HOME': '/root', 'LANG': 'C.UTF-8', 'ROS_ETC_DIR': '/opt/ros/noetic/etc/ros', 'CMAKE_PREFIX_PATH': '/root/catkin_ws/devel:/opt/ros/noetic', 'PYTHONPATH': '/root/catkin_ws/devel/lib/python3/dist-packages:/root/catkin_ws/devel/lib/python3/dist-packages:/opt/ros/noetic/lib/python3/dist-packages', 'DISPLAY': ':0', 'SHLVL': '0', 'ROS_MASTER_URI': 'http://kamikaze:11311', 'ROS_HOSTNAME': 'kamikaze', 'LD_LIBRARY_PATH': '/root/catkin_ws/devel/lib:/opt/ros/noetic/lib', 'ENABLE_PERFORMANCE_MONITORING': 'true', 'LC_ALL': 'C.UTF-8', 'PATH': '/opt/ros/noetic/bin:/usr/local/sbin:/usr/local/bin:/usr/sbin:/usr/bin:/sbin:/bin', 'DEBIAN_FRONTEND': 'noninteractive', 'ROS_ROOT': '/opt/ros/noetic/share/ros', 'ROS_DISTRO': 'noetic', 'QT_X11_NO_MITSHM': '1', 'ENABLE_GUI': 'false', 'ROS_LOG_FILENAME': '/root/.ros/log/67c08536-a498-11f1-9874-8e3611480fc6/roslaunch-kamikaze-1.log'}]
[roslaunch][INFO] 2026-08-30 17:29:55,559: process[mission_manager-4]: args[['/root/catkin_ws/devel/lib/drone_control/mission_manager.py', '__name:=mission_manager']]
[roslaunch][INFO] 2026-08-30 17:29:55,560: ... created process [mission_manager-4]
[roslaunch.pmon][INFO] 2026-08-30 17:29:55,560: ProcessMonitor.register[mission_manager-4]
[roslaunch.pmon][INFO] 2026-08-30 17:29:55,560: ProcessMonitor.register[mission_manager-4] complete
[roslaunch][INFO] 2026-08-30 17:29:55,560: ... registered process [mission_manager-4]
[roslaunch][INFO] 2026-08-30 17:29:55,560: process[mission_manager-4]: starting os process
[roslaunch][INFO] 2026-08-30 17:29:55,562: process[mission_manager-4]: start w/ args [['/root/catkin_ws/devel/lib/drone_control/mission_manager.py', '__name:=mission_manager', '__log:=/root/.ros/log/67c08536-a498-11f1-9874-8e3611480fc6/mission_manager-4.log']]
[roslaunch][INFO] 2026-08-30 17:29:55,562: process[mission_manager-4]: cwd will be [/root/.ros]
[roslaunch][INFO] 2026-08-30 17:29:55,573: process[mission_manager-4]: started with pid [120]
[roslaunch][INFO] 2026-08-30 17:29:55,574: ... successfully launched [mission_manager-4]
[roslaunch][INFO] 2026-08-30 17:29:55,575: ... preparing to launch node of type [drone_control/camera_calibration.py]
[roslaunch][INFO] 2026-08-30 17:29:55,575: create_node_process: package[drone_control] type[camera_calibration.py] machine[Machine(name[] env_loader[None] address[localhost] ssh_port[22] user[None] assignable[True] timeout[10.0])] master_uri[http://kamikaze:11311]
[roslaunch][INFO] 2026-08-30 17:29:55,576: process[camera_calibration-5]: env[{'ROS_VERSION': '1', 'PYTHONUNBUFFERED': '1', 'PKG_CONFIG_PATH': '/root/catkin_ws/devel/lib/pkgconfig:/opt/ros/noetic/lib/pkgconfig', 'ROS_PYTHON_VERSION': '3', 'HOSTNAME': 'kamikaze', 'ROS_PACKAGE_PATH': '/root/catkin_ws/src:/opt/ros/noetic/share', 'ROSLISP_PACKAGE_DIRECTORIES': '/root/catkin_ws/devel/share/common-lisp', 'PWD': '/root/catkin_ws', 'ENABLE_SIMULATION': 'false', 'ROS_IP': 'kamikaze', 'HOME': '/root', 'LANG': 'C.UTF-8', 'ROS_ETC_DIR': '/opt/ros/noetic/etc/ros', 'CMAKE_PREFIX_PATH': '/root/catkin_ws/devel:/opt/ros/noetic', 'PYTHONPATH': '/root/catkin_ws/devel/lib/python3/dist-packages:/root/catkin_ws/devel/lib/python3/dist-packages:/opt/ros/noetic/lib/python3/dist-packages', 'DISPLAY': ':0', 'SHLVL': '0', 'ROS_MASTER_URI': 'http://kamikaze:11311', 'ROS_HOSTNAME': 'kamikaze', 'LD_LIBRARY_PATH': '/root/catkin_ws/devel/lib:/opt/ros/noetic/lib', 'ENABLE_PERFORMANCE_MONITORING': 'true', 'LC_ALL': 'C.UTF-8', 'PATH': '/opt/ros/noetic/bin:/usr/local/sbin:/usr/local/bin:/usr/sbin:/usr/bin:/sbin:/bin', 'DEBIAN_FRONTEND': 'noninteractive', 'ROS_ROOT': '/opt/ros/noetic/share/ros', 'ROS_DISTRO': 'noetic', 'QT_X11_NO_MITSHM': '1', 'ENABLE_GUI': 'false', 'ROS_LOG_FILENAME': '/root/.ros/log/67c08536-a498-11f1-9874-8e3611480fc6/roslaunch-kamikaze-1.log'}]
[roslaunch][INFO] 2026-08-30 17:29:55,580: process[camera_calibration-5]: args[['/root/catkin_ws/devel/lib/drone_control/camera_calibration.py', '__name:=camera_calibration']]
[roslaunch][INFO] 2026-08-30 17:29:55,581: ... created process [camera_calibration-5]
[roslaunch.pmon][INFO] 2026-08-30 17:29:55,581: ProcessMonitor.register[camera_calibration-5]
[roslaunch.pmon][INFO] 2026-08-30 17:29:55,582: ProcessMonitor.register[camera_calibration-5] complete
[roslaunch][INFO] 2026-08-30 17:29:55,582: ... registered process [camera_calibration-5]
[roslaunch][INFO] 2026-08-30 17:29:55,582: process[camera_calibration-5]: starting os process
[roslaunch][INFO] 2026-08-30 17:29:55,582: process[camera_calibration-5]: start w/ args [['/root/catkin_ws/devel/lib/drone_control/camera_calibration.py', '__name:=camera_calibration', '__log:=/root/.ros/log/67c08536-a498-11f1-9874-8e3611480fc6/camera_calibration-5.log']]
[roslaunch][INFO] 2026-08-30 17:29:55,582: process[camera_calibration-5]: cwd will be [/root/.ros]
[roslaunch][INFO] 2026-08-30 17:29:55,593: process[camera_calibration-5]: started with pid [121]
[roslaunch][INFO] 2026-08-30 17:29:55,594: ... successfully launched [camera_calibration-5]
[roslaunch][INFO] 2026-08-30 17:29:55,595: ... preparing to launch node of type [drone_control/yolo_detector.py]
[roslaunch][INFO] 2026-08-30 17:29:55,595: create_node_process: package[drone_control] type[yolo_detector.py] machine[Machine(name[] env_loader[None] address[localhost] ssh_port[22] user[None] assignable[True] timeout[10.0])] master_uri[http://kamikaze:11311]
[roslaunch][INFO] 2026-08-30 17:29:55,596: process[yolo_detector-6]: env[{'ROS_VERSION': '1', 'PYTHONUNBUFFERED': '1', 'PKG_CONFIG_PATH': '/root/catkin_ws/devel/lib/pkgconfig:/opt/ros/noetic/lib/pkgconfig', 'ROS_PYTHON_VERSION': '3', 'HOSTNAME': 'kamikaze', 'ROS_PACKAGE_PATH': '/root/catkin_ws/src:/opt/ros/noetic/share', 'ROSLISP_PACKAGE_DIRECTORIES': '/root/catkin_ws/devel/share/common-lisp', 'PWD': '/root/catkin_ws', 'ENABLE_SIMULATION': 'false', 'ROS_IP': 'kamikaze', 'HOME': '/root', 'LANG': 'C.UTF-8', 'ROS_ETC_DIR': '/opt/ros/noetic/etc/ros', 'CMAKE_PREFIX_PATH': '/root/catkin_ws/devel:/opt/ros/noetic', 'PYTHONPATH': '/root/catkin_ws/devel/lib/python3/dist-packages:/root/catkin_ws/devel/lib/python3/dist-packages:/opt/ros/noetic/lib/python3/dist-packages', 'DISPLAY': ':0', 'SHLVL': '0', 'ROS_MASTER_URI': 'http://kamikaze:11311', 'ROS_HOSTNAME': 'kamikaze', 'LD_LIBRARY_PATH': '/root/catkin_ws/devel/lib:/opt/ros/noetic/lib', 'ENABLE_PERFORMANCE_MONITORING': 'true', 'LC_ALL': 'C.UTF-8', 'PATH': '/opt/ros/noetic/bin:/usr/local/sbin:/usr/local/bin:/usr/sbin:/usr/bin:/sbin:/bin', 'DEBIAN_FRONTEND': 'noninteractive', 'ROS_ROOT': '/opt/ros/noetic/share/ros', 'ROS_DISTRO': 'noetic', 'QT_X11_NO_MITSHM': '1', 'ENABLE_GUI': 'false', 'ROS_LOG_FILENAME': '/root/.ros/log/67c08536-a498-11f1-9874-8e3611480fc6/roslaunch-kamikaze-1.log'}]
[roslaunch][INFO] 2026-08-30 17:29:55,600: process[yolo_detector-6]: args[['/root/catkin_ws/devel/lib/drone_control/yolo_detector.py', '__name:=yolo_detector']]
[roslaunch][INFO] 2026-08-30 17:29:55,600: ... created process [yolo_detector-6]
[roslaunch.pmon][INFO] 2026-08-30 17:29:55,601: ProcessMonitor.register[yolo_detector-6]
[roslaunch.pmon][INFO] 2026-08-30 17:29:55,601: ProcessMonitor.register[yolo_detector-6] complete
[roslaunch][INFO] 2026-08-30 17:29:55,601: ... registered process [yolo_detector-6]
[roslaunch][INFO] 2026-08-30 17:29:55,601: process[yolo_detector-6]: starting os process
[roslaunch][INFO] 2026-08-30 17:29:55,602: process[yolo_detector-6]: start w/ args [['/root/catkin_ws/devel/lib/drone_control/yolo_detector.py', '__name:=yolo_detector', '__log:=/root/.ros/log/67c08536-a498-11f1-9874-8e3611480fc6/yolo_detector-6.log']]
[roslaunch][INFO] 2026-08-30 17:29:55,602: process[yolo_detector-6]: cwd will be [/root/.ros]
[roslaunch][INFO] 2026-08-30 17:29:55,618: process[yolo_detector-6]: started with pid [122]
[roslaunch][INFO] 2026-08-30 17:29:55,640: ... successfully launched [yolo_detector-6]
[roslaunch][INFO] 2026-08-30 17:29:55,642: ... preparing to launch node of type [drone_control/sensor_fusion.py]
[roslaunch][INFO] 2026-08-30 17:29:55,642: create_node_process: package[drone_control] type[sensor_fusion.py] machine[Machine(name[] env_loader[None] address[localhost] ssh_port[22] user[None] assignable[True] timeout[10.0])] master_uri[http://kamikaze:11311]
[roslaunch][INFO] 2026-08-30 17:29:55,643: process[sensor_fusion-7]: env[{'ROS_VERSION': '1', 'PYTHONUNBUFFERED': '1', 'PKG_CONFIG_PATH': '/root/catkin_ws/devel/lib/pkgconfig:/opt/ros/noetic/lib/pkgconfig', 'ROS_PYTHON_VERSION': '3', 'HOSTNAME': 'kamikaze', 'ROS_PACKAGE_PATH': '/root/catkin_ws/src:/opt/ros/noetic/share', 'ROSLISP_PACKAGE_DIRECTORIES': '/root/catkin_ws/devel/share/common-lisp', 'PWD': '/root/catkin_ws', 'ENABLE_SIMULATION': 'false', 'ROS_IP': 'kamikaze', 'HOME': '/root', 'LANG': 'C.UTF-8', 'ROS_ETC_DIR': '/opt/ros/noetic/etc/ros', 'CMAKE_PREFIX_PATH': '/root/catkin_ws/devel:/opt/ros/noetic', 'PYTHONPATH': '/root/catkin_ws/devel/lib/python3/dist-packages:/root/catkin_ws/devel/lib/python3/dist-packages:/opt/ros/noetic/lib/python3/dist-packages', 'DISPLAY': ':0', 'SHLVL': '0', 'ROS_MASTER_URI': 'http://kamikaze:11311', 'ROS_HOSTNAME': 'kamikaze', 'LD_LIBRARY_PATH': '/root/catkin_ws/devel/lib:/opt/ros/noetic/lib', 'ENABLE_PERFORMANCE_MONITORING': 'true', 'LC_ALL': 'C.UTF-8', 'PATH': '/opt/ros/noetic/bin:/usr/local/sbin:/usr/local/bin:/usr/sbin:/usr/bin:/sbin:/bin', 'DEBIAN_FRONTEND': 'noninteractive', 'ROS_ROOT': '/opt/ros/noetic/share/ros', 'ROS_DISTRO': 'noetic', 'QT_X11_NO_MITSHM': '1', 'ENABLE_GUI': 'false', 'ROS_LOG_FILENAME': '/root/.ros/log/67c08536-a498-11f1-9874-8e3611480fc6/roslaunch-kamikaze-1.log'}]
[roslaunch][INFO] 2026-08-30 17:29:55,648: process[sensor_fusion-7]: args[['/root/catkin_ws/devel/lib/drone_control/sensor_fusion.py', '__name:=sensor_fusion']]
[roslaunch][INFO] 2026-08-30 17:29:55,649: ... created process [sensor_fusion-7]
[roslaunch.pmon][INFO] 2026-08-30 17:29:55,650: ProcessMonitor.register[sensor_fusion-7]
[roslaunch.pmon][INFO] 2026-08-30 17:29:55,650: ProcessMonitor.register[sensor_fusion-7] complete
[roslaunch][INFO] 2026-08-30 17:29:55,650: ... registered process [sensor_fusion-7]
[roslaunch][INFO] 2026-08-30 17:29:55,650: process[sensor_fusion-7]: starting os process
[roslaunch][INFO] 2026-08-30 17:29:55,651: process[sensor_fusion-7]: start w/ args [['/root/catkin_ws/devel/lib/drone_control/sensor_fusion.py', '__name:=sensor_fusion', '__log:=/root/.ros/log/67c08536-a498-11f1-9874-8e3611480fc6/sensor_fusion-7.log']]
[roslaunch][INFO] 2026-08-30 17:29:55,651: process[sensor_fusion-7]: cwd will be [/root/.ros]
[roslaunch][INFO] 2026-08-30 17:29:55,666: process[sensor_fusion-7]: started with pid [123]
[roslaunch][INFO] 2026-08-30 17:29:55,668: ... successfully launched [sensor_fusion-7]
[roslaunch][INFO] 2026-08-30 17:29:55,670: ... preparing to launch node of type [drone_control/target_tracking_controller.py]
[roslaunch][INFO] 2026-08-30 17:29:55,671: create_node_process: package[drone_control] type[target_tracking_controller.py] machine[Machine(name[] env_loader[None] address[localhost] ssh_port[22] user[None] assignable[True] timeout[10.0])] master_uri[http://kamikaze:11311]
[roslaunch][INFO] 2026-08-30 17:29:55,671: process[target_tracking_controller-8]: env[{'ROS_VERSION': '1', 'PYTHONUNBUFFERED': '1', 'PKG_CONFIG_PATH': '/root/catkin_ws/devel/lib/pkgconfig:/opt/ros/noetic/lib/pkgconfig', 'ROS_PYTHON_VERSION': '3', 'HOSTNAME': 'kamikaze', 'ROS_PACKAGE_PATH': '/root/catkin_ws/src:/opt/ros/noetic/share', 'ROSLISP_PACKAGE_DIRECTORIES': '/root/catkin_ws/devel/share/common-lisp', 'PWD': '/root/catkin_ws', 'ENABLE_SIMULATION': 'false', 'ROS_IP': 'kamikaze', 'HOME': '/root', 'LANG': 'C.UTF-8', 'ROS_ETC_DIR': '/opt/ros/noetic/etc/ros', 'CMAKE_PREFIX_PATH': '/root/catkin_ws/devel:/opt/ros/noetic', 'PYTHONPATH': '/root/catkin_ws/devel/lib/python3/dist-packages:/root/catkin_ws/devel/lib/python3/dist-packages:/opt/ros/noetic/lib/python3/dist-packages', 'DISPLAY': ':0', 'SHLVL': '0', 'ROS_MASTER_URI': 'http://kamikaze:11311', 'ROS_HOSTNAME': 'kamikaze', 'LD_LIBRARY_PATH': '/root/catkin_ws/devel/lib:/opt/ros/noetic/lib', 'ENABLE_PERFORMANCE_MONITORING': 'true', 'LC_ALL': 'C.UTF-8', 'PATH': '/opt/ros/noetic/bin:/usr/local/sbin:/usr/local/bin:/usr/sbin:/usr/bin:/sbin:/bin', 'DEBIAN_FRONTEND': 'noninteractive', 'ROS_ROOT': '/opt/ros/noetic/share/ros', 'ROS_DISTRO': 'noetic', 'QT_X11_NO_MITSHM': '1', 'ENABLE_GUI': 'false', 'ROS_LOG_FILENAME': '/root/.ros/log/67c08536-a498-11f1-9874-8e3611480fc6/roslaunch-kamikaze-1.log'}]
[roslaunch][INFO] 2026-08-30 17:29:55,684: process[target_tracking_controller-8]: args[['/root/catkin_ws/devel/lib/drone_control/target_tracking_controller.py', '__name:=target_tracking_controller']]
[roslaunch][INFO] 2026-08-30 17:29:55,688: ... created process [target_tracking_controller-8]
[roslaunch.pmon][INFO] 2026-08-30 17:29:55,689: ProcessMonitor.register[target_tracking_controller-8]
[roslaunch.pmon][INFO] 2026-08-30 17:29:55,689: ProcessMonitor.register[target_tracking_controller-8] complete
[roslaunch][INFO] 2026-08-30 17:29:55,689: ... registered process [target_tracking_controller-8]
[roslaunch][INFO] 2026-08-30 17:29:55,689: process[target_tracking_controller-8]: starting os process
[roslaunch][INFO] 2026-08-30 17:29:55,690: process[target_tracking_controller-8]: start w/ args [['/root/catkin_ws/devel/lib/drone_control/target_tracking_controller.py', '__name:=target_tracking_controller', '__log:=/root/.ros/log/67c08536-a498-11f1-9874-8e3611480fc6/target_tracking_controller-8.log']]
[roslaunch][INFO] 2026-08-30 17:29:55,690: process[target_tracking_controller-8]: cwd will be [/root/.ros]
[roslaunch][INFO] 2026-08-30 17:29:55,752: process[target_tracking_controller-8]: started with pid [124]
[roslaunch][INFO] 2026-08-30 17:29:55,755: ... successfully launched [target_tracking_controller-8]
[roslaunch][INFO] 2026-08-30 17:29:55,756: ... preparing to launch node of type [drone_control/vehicle_state_monitor.py]
[roslaunch][INFO] 2026-08-30 17:29:55,756: create_node_process: package[drone_control] type[vehicle_state_monitor.py] machine[Machine(name[] env_loader[None] address[localhost] ssh_port[22] user[None] assignable[True] timeout[10.0])] master_uri[http://kamikaze:11311]
[roslaunch][INFO] 2026-08-30 17:29:55,757: process[vehicle_state_monitor-9]: env[{'ROS_VERSION': '1', 'PYTHONUNBUFFERED': '1', 'PKG_CONFIG_PATH': '/root/catkin_ws/devel/lib/pkgconfig:/opt/ros/noetic/lib/pkgconfig', 'ROS_PYTHON_VERSION': '3', 'HOSTNAME': 'kamikaze', 'ROS_PACKAGE_PATH': '/root/catkin_ws/src:/opt/ros/noetic/share', 'ROSLISP_PACKAGE_DIRECTORIES': '/root/catkin_ws/devel/share/common-lisp', 'PWD': '/root/catkin_ws', 'ENABLE_SIMULATION': 'false', 'ROS_IP': 'kamikaze', 'HOME': '/root', 'LANG': 'C.UTF-8', 'ROS_ETC_DIR': '/opt/ros/noetic/etc/ros', 'CMAKE_PREFIX_PATH': '/root/catkin_ws/devel:/opt/ros/noetic', 'PYTHONPATH': '/root/catkin_ws/devel/lib/python3/dist-packages:/root/catkin_ws/devel/lib/python3/dist-packages:/opt/ros/noetic/lib/python3/dist-packages', 'DISPLAY': ':0', 'SHLVL': '0', 'ROS_MASTER_URI': 'http://kamikaze:11311', 'ROS_HOSTNAME': 'kamikaze', 'LD_LIBRARY_PATH': '/root/catkin_ws/devel/lib:/opt/ros/noetic/lib', 'ENABLE_PERFORMANCE_MONITORING': 'true', 'LC_ALL': 'C.UTF-8', 'PATH': '/opt/ros/noetic/bin:/usr/local/sbin:/usr/local/bin:/usr/sbin:/usr/bin:/sbin:/bin', 'DEBIAN_FRONTEND': 'noninteractive', 'ROS_ROOT': '/opt/ros/noetic/share/ros', 'ROS_DISTRO': 'noetic', 'QT_X11_NO_MITSHM': '1', 'ENABLE_GUI': 'false', 'ROS_LOG_FILENAME': '/root/.ros/log/67c08536-a498-11f1-9874-8e3611480fc6/roslaunch-kamikaze-1.log'}]
[roslaunch][INFO] 2026-08-30 17:29:55,762: process[vehicle_state_monitor-9]: args[['/root/catkin_ws/devel/lib/drone_control/vehicle_state_monitor.py', '__name:=vehicle_state_monitor']]
[roslaunch][INFO] 2026-08-30 17:29:55,765: ... created process [vehicle_state_monitor-9]
[roslaunch.pmon][INFO] 2026-08-30 17:29:55,766: ProcessMonitor.register[vehicle_state_monitor-9]
[roslaunch.pmon][INFO] 2026-08-30 17:29:55,766: ProcessMonitor.register[vehicle_state_monitor-9] complete
[roslaunch][INFO] 2026-08-30 17:29:55,766: ... registered process [vehicle_state_monitor-9]
[roslaunch][INFO] 2026-08-30 17:29:55,766: process[vehicle_state_monitor-9]: starting os process
[roslaunch][INFO] 2026-08-30 17:29:55,767: process[vehicle_state_monitor-9]: start w/ args [['/root/catkin_ws/devel/lib/drone_control/vehicle_state_monitor.py', '__name:=vehicle_state_monitor', '__log:=/root/.ros/log/67c08536-a498-11f1-9874-8e3611480fc6/vehicle_state_monitor-9.log']]
[roslaunch][INFO] 2026-08-30 17:29:55,767: process[vehicle_state_monitor-9]: cwd will be [/root/.ros]
[roslaunch][INFO] 2026-08-30 17:29:55,792: process[vehicle_state_monitor-9]: started with pid [125]
[roslaunch][INFO] 2026-08-30 17:29:55,793: ... successfully launched [vehicle_state_monitor-9]
[roslaunch][INFO] 2026-08-30 17:29:55,841: ... preparing to launch node of type [drone_control/safety_monitor.py]
[roslaunch][INFO] 2026-08-30 17:29:55,844: create_node_process: package[drone_control] type[safety_monitor.py] machine[Machine(name[] env_loader[None] address[localhost] ssh_port[22] user[None] assignable[True] timeout[10.0])] master_uri[http://kamikaze:11311]
[roslaunch][INFO] 2026-08-30 17:29:55,845: process[safety_monitor-10]: env[{'ROS_VERSION': '1', 'PYTHONUNBUFFERED': '1', 'PKG_CONFIG_PATH': '/root/catkin_ws/devel/lib/pkgconfig:/opt/ros/noetic/lib/pkgconfig', 'ROS_PYTHON_VERSION': '3', 'HOSTNAME': 'kamikaze', 'ROS_PACKAGE_PATH': '/root/catkin_ws/src:/opt/ros/noetic/share', 'ROSLISP_PACKAGE_DIRECTORIES': '/root/catkin_ws/devel/share/common-lisp', 'PWD': '/root/catkin_ws', 'ENABLE_SIMULATION': 'false', 'ROS_IP': 'kamikaze', 'HOME': '/root', 'LANG': 'C.UTF-8', 'ROS_ETC_DIR': '/opt/ros/noetic/etc/ros', 'CMAKE_PREFIX_PATH': '/root/catkin_ws/devel:/opt/ros/noetic', 'PYTHONPATH': '/root/catkin_ws/devel/lib/python3/dist-packages:/root/catkin_ws/devel/lib/python3/dist-packages:/opt/ros/noetic/lib/python3/dist-packages', 'DISPLAY': ':0', 'SHLVL': '0', 'ROS_MASTER_URI': 'http://kamikaze:11311', 'ROS_HOSTNAME': 'kamikaze', 'LD_LIBRARY_PATH': '/root/catkin_ws/devel/lib:/opt/ros/noetic/lib', 'ENABLE_PERFORMANCE_MONITORING': 'true', 'LC_ALL': 'C.UTF-8', 'PATH': '/opt/ros/noetic/bin:/usr/local/sbin:/usr/local/bin:/usr/sbin:/usr/bin:/sbin:/bin', 'DEBIAN_FRONTEND': 'noninteractive', 'ROS_ROOT': '/opt/ros/noetic/share/ros', 'ROS_DISTRO': 'noetic', 'QT_X11_NO_MITSHM': '1', 'ENABLE_GUI': 'false', 'ROS_LOG_FILENAME': '/root/.ros/log/67c08536-a498-11f1-9874-8e3611480fc6/roslaunch-kamikaze-1.log'}]
[roslaunch][INFO] 2026-08-30 17:29:55,856: process[safety_monitor-10]: args[['/root/catkin_ws/devel/lib/drone_control/safety_monitor.py', '__name:=safety_monitor']]
[roslaunch][INFO] 2026-08-30 17:29:55,856: ... created process [safety_monitor-10]
[roslaunch.pmon][INFO] 2026-08-30 17:29:55,856: ProcessMonitor.register[safety_monitor-10]
[roslaunch.pmon][INFO] 2026-08-30 17:29:55,857: ProcessMonitor.register[safety_monitor-10] complete
[roslaunch][INFO] 2026-08-30 17:29:55,857: ... registered process [safety_monitor-10]
[roslaunch][INFO] 2026-08-30 17:29:55,857: process[safety_monitor-10]: starting os process
[roslaunch][INFO] 2026-08-30 17:29:55,857: process[safety_monitor-10]: start w/ args [['/root/catkin_ws/devel/lib/drone_control/safety_monitor.py', '__name:=safety_monitor', '__log:=/root/.ros/log/67c08536-a498-11f1-9874-8e3611480fc6/safety_monitor-10.log']]
[roslaunch][INFO] 2026-08-30 17:29:55,857: process[safety_monitor-10]: cwd will be [/root/.ros]
[roslaunch][INFO] 2026-08-30 17:29:55,879: process[safety_monitor-10]: started with pid [126]
[roslaunch][INFO] 2026-08-30 17:29:55,880: ... successfully launched [safety_monitor-10]
[roslaunch][INFO] 2026-08-30 17:29:55,881: ... preparing to launch node of type [drone_control/system_health_monitor.py]
[roslaunch][INFO] 2026-08-30 17:29:55,881: create_node_process: package[drone_control] type[system_health_monitor.py] machine[Machine(name[] env_loader[None] address[localhost] ssh_port[22] user[None] assignable[True] timeout[10.0])] master_uri[http://kamikaze:11311]
[roslaunch][INFO] 2026-08-30 17:29:55,881: process[system_health_monitor-11]: env[{'ROS_VERSION': '1', 'PYTHONUNBUFFERED': '1', 'PKG_CONFIG_PATH': '/root/catkin_ws/devel/lib/pkgconfig:/opt/ros/noetic/lib/pkgconfig', 'ROS_PYTHON_VERSION': '3', 'HOSTNAME': 'kamikaze', 'ROS_PACKAGE_PATH': '/root/catkin_ws/src:/opt/ros/noetic/share', 'ROSLISP_PACKAGE_DIRECTORIES': '/root/catkin_ws/devel/share/common-lisp', 'PWD': '/root/catkin_ws', 'ENABLE_SIMULATION': 'false', 'ROS_IP': 'kamikaze', 'HOME': '/root', 'LANG': 'C.UTF-8', 'ROS_ETC_DIR': '/opt/ros/noetic/etc/ros', 'CMAKE_PREFIX_PATH': '/root/catkin_ws/devel:/opt/ros/noetic', 'PYTHONPATH': '/root/catkin_ws/devel/lib/python3/dist-packages:/root/catkin_ws/devel/lib/python3/dist-packages:/opt/ros/noetic/lib/python3/dist-packages', 'DISPLAY': ':0', 'SHLVL': '0', 'ROS_MASTER_URI': 'http://kamikaze:11311', 'ROS_HOSTNAME': 'kamikaze', 'LD_LIBRARY_PATH': '/root/catkin_ws/devel/lib:/opt/ros/noetic/lib', 'ENABLE_PERFORMANCE_MONITORING': 'true', 'LC_ALL': 'C.UTF-8', 'PATH': '/opt/ros/noetic/bin:/usr/local/sbin:/usr/local/bin:/usr/sbin:/usr/bin:/sbin:/bin', 'DEBIAN_FRONTEND': 'noninteractive', 'ROS_ROOT': '/opt/ros/noetic/share/ros', 'ROS_DISTRO': 'noetic', 'QT_X11_NO_MITSHM': '1', 'ENABLE_GUI': 'false', 'ROS_LOG_FILENAME': '/root/.ros/log/67c08536-a498-11f1-9874-8e3611480fc6/roslaunch-kamikaze-1.log'}]
[roslaunch][INFO] 2026-08-30 17:29:55,886: process[system_health_monitor-11]: args[['/root/catkin_ws/devel/lib/drone_control/system_health_monitor.py', '__name:=system_health_monitor']]
[roslaunch][INFO] 2026-08-30 17:29:55,887: ... created process [system_health_monitor-11]
[roslaunch.pmon][INFO] 2026-08-30 17:29:55,887: ProcessMonitor.register[system_health_monitor-11]
[roslaunch.pmon][INFO] 2026-08-30 17:29:55,887: ProcessMonitor.register[system_health_monitor-11] complete
[roslaunch][INFO] 2026-08-30 17:29:55,887: ... registered process [system_health_monitor-11]
[roslaunch][INFO] 2026-08-30 17:29:55,887: process[system_health_monitor-11]: starting os process
[roslaunch][INFO] 2026-08-30 17:29:55,888: process[system_health_monitor-11]: start w/ args [['/root/catkin_ws/devel/lib/drone_control/system_health_monitor.py', '__name:=system_health_monitor', '__log:=/root/.ros/log/67c08536-a498-11f1-9874-8e3611480fc6/system_health_monitor-11.log']]
[roslaunch][INFO] 2026-08-30 17:29:55,888: process[system_health_monitor-11]: cwd will be [/root/.ros]
[roslaunch][INFO] 2026-08-30 17:29:55,956: process[system_health_monitor-11]: started with pid [127]
[roslaunch][INFO] 2026-08-30 17:29:55,957: ... successfully launched [system_health_monitor-11]
[roslaunch][INFO] 2026-08-30 17:29:55,958: ... preparing to launch node of type [drone_control/health_checker.py]
[roslaunch][INFO] 2026-08-30 17:29:55,958: create_node_process: package[drone_control] type[health_checker.py] machine[Machine(name[] env_loader[None] address[localhost] ssh_port[22] user[None] assignable[True] timeout[10.0])] master_uri[http://kamikaze:11311]
[roslaunch][INFO] 2026-08-30 17:29:55,959: process[health_checker-12]: env[{'ROS_VERSION': '1', 'PYTHONUNBUFFERED': '1', 'PKG_CONFIG_PATH': '/root/catkin_ws/devel/lib/pkgconfig:/opt/ros/noetic/lib/pkgconfig', 'ROS_PYTHON_VERSION': '3', 'HOSTNAME': 'kamikaze', 'ROS_PACKAGE_PATH': '/root/catkin_ws/src:/opt/ros/noetic/share', 'ROSLISP_PACKAGE_DIRECTORIES': '/root/catkin_ws/devel/share/common-lisp', 'PWD': '/root/catkin_ws', 'ENABLE_SIMULATION': 'false', 'ROS_IP': 'kamikaze', 'HOME': '/root', 'LANG': 'C.UTF-8', 'ROS_ETC_DIR': '/opt/ros/noetic/etc/ros', 'CMAKE_PREFIX_PATH': '/root/catkin_ws/devel:/opt/ros/noetic', 'PYTHONPATH': '/root/catkin_ws/devel/lib/python3/dist-packages:/root/catkin_ws/devel/lib/python3/dist-packages:/opt/ros/noetic/lib/python3/dist-packages', 'DISPLAY': ':0', 'SHLVL': '0', 'ROS_MASTER_URI': 'http://kamikaze:11311', 'ROS_HOSTNAME': 'kamikaze', 'LD_LIBRARY_PATH': '/root/catkin_ws/devel/lib:/opt/ros/noetic/lib', 'ENABLE_PERFORMANCE_MONITORING': 'true', 'LC_ALL': 'C.UTF-8', 'PATH': '/opt/ros/noetic/bin:/usr/local/sbin:/usr/local/bin:/usr/sbin:/usr/bin:/sbin:/bin', 'DEBIAN_FRONTEND': 'noninteractive', 'ROS_ROOT': '/opt/ros/noetic/share/ros', 'ROS_DISTRO': 'noetic', 'QT_X11_NO_MITSHM': '1', 'ENABLE_GUI': 'false', 'ROS_LOG_FILENAME': '/root/.ros/log/67c08536-a498-11f1-9874-8e3611480fc6/roslaunch-kamikaze-1.log'}]
[roslaunch][INFO] 2026-08-30 17:29:55,964: process[health_checker-12]: args[['/root/catkin_ws/devel/lib/drone_control/health_checker.py', '__name:=health_checker']]
[roslaunch][INFO] 2026-08-30 17:29:55,964: ... created process [health_checker-12]
[roslaunch.pmon][INFO] 2026-08-30 17:29:55,964: ProcessMonitor.register[health_checker-12]
[roslaunch.pmon][INFO] 2026-08-30 17:29:55,965: ProcessMonitor.register[health_checker-12] complete
[roslaunch][INFO] 2026-08-30 17:29:55,965: ... registered process [health_checker-12]
[roslaunch][INFO] 2026-08-30 17:29:55,965: process[health_checker-12]: starting os process
[roslaunch][INFO] 2026-08-30 17:29:55,968: process[health_checker-12]: start w/ args [['/root/catkin_ws/devel/lib/drone_control/health_checker.py', '__name:=health_checker', '__log:=/root/.ros/log/67c08536-a498-11f1-9874-8e3611480fc6/health_checker-12.log']]
[roslaunch][INFO] 2026-08-30 17:29:55,969: process[health_checker-12]: cwd will be [/root/.ros]
[roslaunch][INFO] 2026-08-30 17:29:55,989: process[health_checker-12]: started with pid [128]
[roslaunch][INFO] 2026-08-30 17:29:55,991: ... successfully launched [health_checker-12]
[roslaunch][INFO] 2026-08-30 17:29:55,992: ... launch_nodes complete
[roslaunch.pmon][INFO] 2026-08-30 17:29:56,050: registrations completed <ProcessMonitor(ProcessMonitor-1, started daemon 140737361721088)>
[roslaunch.parent][INFO] 2026-08-30 17:29:56,051: ... roslaunch parent running, waiting for process exit
[roslaunch][INFO] 2026-08-30 17:29:56,051: spin
