

1788110995.466756180  Node Startup
1788110999.710147380 INFO /camera_calibration [camera_calibration.py:29(CameraCalibration.__init__)] [topics: /camera/camera_info, /rosout, /tf] Camera calibration node started
1788110999.941594839 INFO /health_checker [health_checker.py:58(HealthChecker.__init__)] [topics: /system_health, /command_interpreter/node_health, /rosout, /safety_monitor/node_health, /vehicle_state_monitor/node_health, /yolo_detector/node_health, /mission_manager/node_health, /target_tracking_controller/node_health] Health Checker initialized
1788110999.970935344 INFO /vehicle_state_monitor [vehicle_state_monitor.py:83(VehicleStateMonitor.__init__)] [topics: /mavros/state, /diagnostic_status, /vehicle_state_monitor/node_health, /battery_percentage, /drone_status, /mavros/battery, /mavros/local_position/velocity, /rosout] Vehicle State Monitor started
1788110999.947520494 INFO /command_interpreter [command_interpreter.py:65(CommandInterpreter.__init__)] [topics: /command_interpreter/node_health, /drone_control/command_response, /drone_control/command, /rosout] Command Interpreter initialized
1788111000.399794101 INFO /parameter_validator [parameter_validator.py:65(ParameterValidator.__init__)] [topics: /rosout] Parameter validator initialized successfully
1788111001.775592565 INFO /safety_monitor [safety_monitor.py:77(SafetyMonitor.__init__)] [topics: /mavros/local_position/velocity, /safety_status, /mavros/state, /safety_monitor/node_health, /rosout, /emergency_triggered, /mavros/local_position/pose] Safety Monitor initialized
1788111001.792476415 INFO /safety_monitor [safety_monitor.py:78(SafetyMonitor.__init__)] [topics: /mavros/local_position/velocity, /safety_status, /mavros/state, /safety_monitor/node_health, /rosout, /emergency_triggered, /mavros/local_position/pose] Health publisher: /safety_monitor/node_health
1788111001.790246963 INFO /mission_manager [mission_manager.py:115(MissionManager.__init__)] [topics: /rosout, /mission_manager/node_health, /tracked_targets, /drone_control/command, /safety_status, /mission_status] Mission Manager initialized
1788111001.696123123 INFO /sensor_fusion [sensor_fusion.py:40(SensorFusion.__init__)] [topics: /rosout, /mavros/imu/data, /mavros/local_position/pose, /mavros/global_position/global, /sensor_fusion/node_health] Sensor Fusion initialized
1788111001.878095865 INFO /system_health_monitor [system_health_monitor.py:77(SystemHealthMonitor.__init__)] [topics: /diagnostic_status, /performance_metrics, /system_health, /rosout, /health/check_all, /system_alert] System Health Monitor initialized
1788111004.762010812 INFO /trajectory_planner [trajectory_planner.py:94(TrajectoryPlanner.__init__)] [topics: /path, /tracked_targets, /waypoints, /planner_status, /mavros/local_position/odom, /mission_status, /planned_trajectory, /rosout] Trajectory Planner initialized
1788111004.941924810 WARN /health_checker [health_checker.py:90(HealthChecker._check_health)] [topics: /system_health, /command_interpreter/node_health, /rosout, /safety_monitor/node_health, /vehicle_state_monitor/node_health, /yolo_detector/node_health, /mission_manager/node_health, /target_tracking_controller/node_health] Unhealthy nodes: 2
1788111004.948575496 WARN /health_checker [health_checker.py:92(HealthChecker._check_health)] [topics: /system_health, /command_interpreter/node_health, /rosout, /safety_monitor/node_health, /vehicle_state_monitor/node_health, /yolo_detector/node_health, /mission_manager/node_health, /target_tracking_controller/node_health]   yolo_detector: No health report
1788111004.953224182 WARN /health_checker [health_checker.py:92(HealthChecker._check_health)] [topics: /system_health, /command_interpreter/node_health, /rosout, /safety_monitor/node_health, /vehicle_state_monitor/node_health, /yolo_detector/node_health, /mission_manager/node_health, /target_tracking_controller/node_health]   target_tracking_controller: No health report
1788111005.127926111 INFO /performance_monitor [performance_monitor.py:103(PerformanceMonitor.__init__)] [topics: /performance/benchmark_results, /rosout, /performance/alert, /performance/benchmark, /performance/metrics, /diagnostic_status, /performance/command] Performance Monitor initialized
1788111006.382295131 WARN /target_tracking_controller [target_tracking_controller.py:103(TargetTrackingController.__init__)] [topics: /rosout, /mission_status, /mavros/setpoint_raw/local, /tracked_targets, /mavros/local_position/odom, /target_tracking_controller/node_health, /mavros/setpoint_velocity/cmd_vel_unstamped, /detected_objects, /mavros/state] MAVROS set_mode service not available: timeout exceeded while waiting for service /mavros/set_mode
1788111007.132652521 INFO /performance_monitor [performance_monitor.py:121(PerformanceMonitor.start_monitoring)] [topics: /performance/benchmark_results, /rosout, /performance/alert, /performance/benchmark, /performance/metrics, /diagnostic_status, /performance/command] Performance monitoring started
1788111008.521382093 WARN /target_tracking_controller [target_tracking_controller.py:110(TargetTrackingController.__init__)] [topics: /rosout, /mission_status, /mavros/setpoint_raw/local, /tracked_targets, /mavros/local_position/odom, /target_tracking_controller/node_health, /mavros/setpoint_velocity/cmd_vel_unstamped, /detected_objects, /mavros/state] MAVROS arming service not available: timeout exceeded while waiting for service /mavros/cmd/arming
1788111008.532040119 INFO /target_tracking_controller [target_tracking_controller.py:126(TargetTrackingController.__init__)] [topics: /rosout, /mission_status, /mavros/setpoint_raw/local, /tracked_targets, /mavros/local_position/odom, /target_tracking_controller/node_health, /mavros/setpoint_velocity/cmd_vel_unstamped, /detected_objects, /mavros/state] Target Tracking Controller started in SEARCHING mode
1788111009.939383268 WARN /health_checker [health_checker.py:90(HealthChecker._check_health)] [topics: /system_health, /command_interpreter/node_health, /rosout, /safety_monitor/node_health, /vehicle_state_monitor/node_health, /yolo_detector/node_health, /mission_manager/node_health, /target_tracking_controller/node_health] Unhealthy nodes: 1
1788111009.944127321 WARN /health_checker [health_checker.py:92(HealthChecker._check_health)] [topics: /system_health, /command_interpreter/node_health, /rosout, /safety_monitor/node_health, /vehicle_state_monitor/node_health, /yolo_detector/node_health, /mission_manager/node_health, /target_tracking_controller/node_health]   yolo_detector: No health report
1788111010.807424306 INFO /yolo_detector [yolo_detector.py:102(YOLODetector._load_model)] [topics: /yolo_detector/node_health, /mission_status, /rosout, /drone_control/command, /command_response] Loading YOLO model from: /PX4-Autopilot/yolov8s.pt
1788111011.336960315 INFO /yolo_detector [yolo_detector.py:121(YOLODetector._load_model)] [topics: /yolo_detector/node_health, /mission_status, /rosout, /drone_control/command, /command_response] YOLO model loaded successfully!
1788111011.352521181 INFO /yolo_detector [yolo_detector.py:96(YOLODetector.__init__)] [topics: /yolo_detector/node_health, /mission_status, /rosout, /drone_control/command, /camera/color/image_raw, /detected_objects, /command_response] YOLO Detector initialized in production mode
1788111011.360597133 INFO /yolo_detector [yolo_detector.py:97(YOLODetector.__init__)] [topics: /yolo_detector/node_health, /mission_status, /rosout, /drone_control/command, /camera/color/image_raw, /detected_objects, /command_response] Vehicle classes: [2, 3, 5, 6, 7]
1788111012.678963661 INFO /performance_monitor [performance_monitor.py:381(PerformanceMonitor.benchmark_fps)] [topics: /performance/benchmark_results, /rosout, /performance/alert, /performance/benchmark, /performance/metrics, /diagnostic_status, /performance/command] Running FPS benchmark...
1788111017.698428153 INFO /performance_monitor [performance_monitor.py:414(PerformanceMonitor.benchmark_cpu)] [topics: /performance/benchmark_results, /rosout, /performance/alert, /performance/benchmark, /performance/metrics, /diagnostic_status, /performance/command] Running CPU benchmark...
1788111019.976634025 INFO /performance_monitor [performance_monitor.py:438(PerformanceMonitor.benchmark_memory)] [topics: /performance/benchmark_results, /rosout, /performance/alert, /performance/benchmark, /performance/metrics, /diagnostic_status, /performance/command] Running memory benchmark...
1788111020.952351093 INFO /performance_monitor [performance_monitor.py:474(PerformanceMonitor.benchmark_network)] [topics: /performance/benchmark_results, /rosout, /performance/alert, /performance/benchmark, /performance/metrics, /diagnostic_status, /performance/command] Running network benchmark...
1788111022.143652915 INFO /performance_monitor [performance_monitor.py:520(PerformanceMonitor.benchmark_application)] [topics: /performance/benchmark_results, /rosout, /performance/alert, /performance/benchmark, /performance/metrics, /diagnostic_status, /performance/command] Running application benchmark...
1788111022.196033954 INFO /performance_monitor [performance_monitor.py:373(PerformanceMonitor.run_benchmark)] [topics: /performance/benchmark_results, /rosout, /performance/alert, /performance/benchmark, /performance/metrics, /diagnostic_status, /performance/command] Benchmark completed with overall score: 0.63
1788111022.197361230 INFO /performance_monitor [performance_monitor.py:381(PerformanceMonitor.benchmark_fps)] [topics: /performance/benchmark_results, /rosout, /performance/alert, /performance/benchmark, /performance/metrics, /diagnostic_status, /performance/command] Running FPS benchmark...
1788111027.202004194 INFO /performance_monitor [performance_monitor.py:414(PerformanceMonitor.benchmark_cpu)] [topics: /performance/benchmark_results, /rosout, /performance/alert, /performance/benchmark, /performance/metrics, /diagnostic_status, /performance/command] Running CPU benchmark...
1788111029.559607982 INFO /performance_monitor [performance_monitor.py:438(PerformanceMonitor.benchmark_memory)] [topics: /performance/benchmark_results, /rosout, /performance/alert, /performance/benchmark, /performance/metrics, /diagnostic_status, /performance/command] Running memory benchmark...
1788111030.538471937 INFO /performance_monitor [performance_monitor.py:474(PerformanceMonitor.benchmark_network)] [topics: /performance/benchmark_results, /rosout, /performance/alert, /performance/benchmark, /performance/metrics, /diagnostic_status, /performance/command] Running network benchmark...
1788111031.728149175 INFO /performance_monitor [performance_monitor.py:520(PerformanceMonitor.benchmark_application)] [topics: /performance/benchmark_results, /rosout, /performance/alert, /performance/benchmark, /performance/metrics, /diagnostic_status, /performance/command] Running application benchmark...
1788111031.784577131 INFO /performance_monitor [performance_monitor.py:373(PerformanceMonitor.run_benchmark)] [topics: /performance/benchmark_results, /rosout, /performance/alert, /performance/benchmark, /performance/metrics, /diagnostic_status, /performance/command] Benchmark completed with overall score: 0.63
1788111031.786883831 INFO /performance_monitor [performance_monitor.py:381(PerformanceMonitor.benchmark_fps)] [topics: /performance/benchmark_results, /rosout, /performance/alert, /performance/benchmark, /performance/metrics, /diagnostic_status, /performance/command] Running FPS benchmark...
1788111036.790132284 INFO /performance_monitor [performance_monitor.py:414(PerformanceMonitor.benchmark_cpu)] [topics: /performance/benchmark_results, /rosout, /performance/alert, /performance/benchmark, /performance/metrics, /diagnostic_status, /performance/command] Running CPU benchmark...
1788111038.057114839 INFO /performance_monitor [performance_monitor.py:438(PerformanceMonitor.benchmark_memory)] [topics: /performance/benchmark_results, /rosout, /performance/alert, /performance/benchmark, /performance/metrics, /diagnostic_status, /performance/command] Running memory benchmark...
1788111038.762780189 INFO /performance_monitor [performance_monitor.py:474(PerformanceMonitor.benchmark_network)] [topics: /performance/benchmark_results, /rosout, /performance/alert, /performance/benchmark, /performance/metrics, /diagnostic_status, /performance/command] Running network benchmark...
1788111039.956953763 INFO /performance_monitor [performance_monitor.py:520(PerformanceMonitor.benchmark_application)] [topics: /performance/benchmark_results, /rosout, /performance/alert, /performance/benchmark, /performance/metrics, /diagnostic_status, /performance/command] Running application benchmark...
1788111040.015986919 INFO /performance_monitor [performance_monitor.py:373(PerformanceMonitor.run_benchmark)] [topics: /performance/benchmark_results, /rosout, /performance/alert, /performance/benchmark, /performance/metrics, /diagnostic_status, /performance/command] Benchmark completed with overall score: 0.63
1788111040.019006729 INFO /performance_monitor [performance_monitor.py:381(PerformanceMonitor.benchmark_fps)] [topics: /performance/benchmark_results, /rosout, /performance/alert, /performance/benchmark, /performance/metrics, /diagnostic_status, /performance/command] Running FPS benchmark...
1788111045.024677991 INFO /performance_monitor [performance_monitor.py:414(PerformanceMonitor.benchmark_cpu)] [topics: /performance/benchmark_results, /rosout, /performance/alert, /performance/benchmark, /performance/metrics, /diagnostic_status, /performance/command] Running CPU benchmark...
1788111046.320454120 INFO /performance_monitor [performance_monitor.py:438(PerformanceMonitor.benchmark_memory)] [topics: /performance/benchmark_results, /rosout, /performance/alert, /performance/benchmark, /performance/metrics, /diagnostic_status, /performance/command] Running memory benchmark...
1788111047.028807163 INFO /performance_monitor [performance_monitor.py:474(PerformanceMonitor.benchmark_network)] [topics: /performance/benchmark_results, /rosout, /performance/alert, /performance/benchmark, /performance/metrics, /diagnostic_status, /performance/command] Running network benchmark...
1788111048.193438768 INFO /performance_monitor [performance_monitor.py:520(PerformanceMonitor.benchmark_application)] [topics: /performance/benchmark_results, /rosout, /performance/alert, /performance/benchmark, /performance/metrics, /diagnostic_status, /performance/command] Running application benchmark...
1788111048.246374130 INFO /performance_monitor [performance_monitor.py:373(PerformanceMonitor.run_benchmark)] [topics: /performance/benchmark_results, /rosout, /performance/alert, /performance/benchmark, /performance/metrics, /diagnostic_status, /performance/command] Benchmark completed with overall score: 0.63
1788111048.247795104 INFO /performance_monitor [performance_monitor.py:381(PerformanceMonitor.benchmark_fps)] [topics: /performance/benchmark_results, /rosout, /performance/alert, /performance/benchmark, /performance/metrics, /diagnostic_status, /performance/command] Running FPS benchmark...
1788111053.251591682 INFO /performance_monitor [performance_monitor.py:414(PerformanceMonitor.benchmark_cpu)] [topics: /performance/benchmark_results, /rosout, /performance/alert, /performance/benchmark, /performance/metrics, /diagnostic_status, /performance/command] Running CPU benchmark...
1788111054.489099979 INFO /performance_monitor [performance_monitor.py:438(PerformanceMonitor.benchmark_memory)] [topics: /performance/benchmark_results, /rosout, /performance/alert, /performance/benchmark, /performance/metrics, /diagnostic_status, /performance/command] Running memory benchmark...
1788111055.196611881 INFO /performance_monitor [performance_monitor.py:474(PerformanceMonitor.benchmark_network)] [topics: /performance/benchmark_results, /rosout, /performance/alert, /performance/benchmark, /performance/metrics, /diagnostic_status, /performance/command] Running network benchmark...
1788111056.358437299 INFO /performance_monitor [performance_monitor.py:520(PerformanceMonitor.benchmark_application)] [topics: /performance/benchmark_results, /rosout, /performance/alert, /performance/benchmark, /performance/metrics, /diagnostic_status, /performance/command] Running application benchmark...
1788111056.405645608 INFO /performance_monitor [performance_monitor.py:373(PerformanceMonitor.run_benchmark)] [topics: /performance/benchmark_results, /rosout, /performance/alert, /performance/benchmark, /performance/metrics, /diagnostic_status, /performance/command] Benchmark completed with overall score: 0.63
1788111056.407110214 INFO /performance_monitor [performance_monitor.py:381(PerformanceMonitor.benchmark_fps)] [topics: /performance/benchmark_results, /rosout, /performance/alert, /performance/benchmark, /performance/metrics, /diagnostic_status, /performance/command] Running FPS benchmark...
1788111061.413149595 INFO /performance_monitor [performance_monitor.py:414(PerformanceMonitor.benchmark_cpu)] [topics: /performance/benchmark_results, /rosout, /performance/alert, /performance/benchmark, /performance/metrics, /diagnostic_status, /performance/command] Running CPU benchmark...
1788111062.889979362 INFO /performance_monitor [performance_monitor.py:438(PerformanceMonitor.benchmark_memory)] [topics: /performance/benchmark_results, /rosout, /performance/alert, /performance/benchmark, /performance/metrics, /diagnostic_status, /performance/command] Running memory benchmark...
1788111063.942401885 INFO /performance_monitor [performance_monitor.py:474(PerformanceMonitor.benchmark_network)] [topics: /performance/benchmark_results, /rosout, /performance/alert, /performance/benchmark, /performance/metrics, /diagnostic_status, /performance/command] Running network benchmark...
1788111065.078113555 INFO /performance_monitor [performance_monitor.py:520(PerformanceMonitor.benchmark_application)] [topics: /performance/benchmark_results, /rosout, /performance/alert, /performance/benchmark, /performance/metrics, /diagnostic_status, /performance/command] Running application benchmark...
1788111065.125104427 INFO /performance_monitor [performance_monitor.py:373(PerformanceMonitor.run_benchmark)] [topics: /performance/benchmark_results, /rosout, /performance/alert, /performance/benchmark, /performance/metrics, /diagnostic_status, /performance/command] Benchmark completed with overall score: 0.63
1788111065.126531362 INFO /performance_monitor [performance_monitor.py:381(PerformanceMonitor.benchmark_fps)] [topics: /performance/benchmark_results, /rosout, /performance/alert, /performance/benchmark, /performance/metrics, /diagnostic_status, /performance/command] Running FPS benchmark...
1788111070.130544424 INFO /performance_monitor [performance_monitor.py:414(PerformanceMonitor.benchmark_cpu)] [topics: /performance/benchmark_results, /rosout, /performance/alert, /performance/benchmark, /performance/metrics, /diagnostic_status, /performance/command] Running CPU benchmark...
1788111071.353713512 INFO /performance_monitor [performance_monitor.py:438(PerformanceMonitor.benchmark_memory)] [topics: /performance/benchmark_results, /rosout, /performance/alert, /performance/benchmark, /performance/metrics, /diagnostic_status, /performance/command] Running memory benchmark...
1788111072.048103094 INFO /performance_monitor [performance_monitor.py:474(PerformanceMonitor.benchmark_network)] [topics: /performance/benchmark_results, /rosout, /performance/alert, /performance/benchmark, /performance/metrics, /diagnostic_status, /performance/command] Running network benchmark...
1788111073.236900329 INFO /performance_monitor [performance_monitor.py:520(PerformanceMonitor.benchmark_application)] [topics: /performance/benchmark_results, /rosout, /performance/alert, /performance/benchmark, /performance/metrics, /diagnostic_status, /performance/command] Running application benchmark...
1788111073.292833328 INFO /performance_monitor [performance_monitor.py:373(PerformanceMonitor.run_benchmark)] [topics: /performance/benchmark_results, /rosout, /performance/alert, /performance/benchmark, /performance/metrics, /diagnostic_status, /performance/command] Benchmark completed with overall score: 0.63
1788111073.294161558 INFO /performance_monitor [performance_monitor.py:381(PerformanceMonitor.benchmark_fps)] [topics: /performance/benchmark_results, /rosout, /performance/alert, /performance/benchmark, /performance/metrics, /diagnostic_status, /performance/command] Running FPS benchmark...
1788111078.297226428 INFO /performance_monitor [performance_monitor.py:414(PerformanceMonitor.benchmark_cpu)] [topics: /performance/benchmark_results, /rosout, /performance/alert, /performance/benchmark, /performance/metrics, /diagnostic_status, /performance/command] Running CPU benchmark...
1788111079.534448623 INFO /performance_monitor [performance_monitor.py:438(PerformanceMonitor.benchmark_memory)] [topics: /performance/benchmark_results, /rosout, /performance/alert, /performance/benchmark, /performance/metrics, /diagnostic_status, /performance/command] Running memory benchmark...
1788111080.286080360 INFO /performance_monitor [performance_monitor.py:474(PerformanceMonitor.benchmark_network)] [topics: /performance/benchmark_results, /rosout, /performance/alert, /performance/benchmark, /performance/metrics, /diagnostic_status, /performance/command] Running network benchmark...
1788111081.489755153 INFO /performance_monitor [performance_monitor.py:520(PerformanceMonitor.benchmark_application)] [topics: /performance/benchmark_results, /rosout, /performance/alert, /performance/benchmark, /performance/metrics, /diagnostic_status, /performance/command] Running application benchmark...
1788111081.546448945 INFO /performance_monitor [performance_monitor.py:373(PerformanceMonitor.run_benchmark)] [topics: /performance/benchmark_results, /rosout, /performance/alert, /performance/benchmark, /performance/metrics, /diagnostic_status, /performance/command] Benchmark completed with overall score: 0.63
1788111081.549073457 INFO /performance_monitor [performance_monitor.py:381(PerformanceMonitor.benchmark_fps)] [topics: /performance/benchmark_results, /rosout, /performance/alert, /performance/benchmark, /performance/metrics, /diagnostic_status, /performance/command] Running FPS benchmark...
1788111086.551571130 INFO /performance_monitor [performance_monitor.py:414(PerformanceMonitor.benchmark_cpu)] [topics: /performance/benchmark_results, /rosout, /performance/alert, /performance/benchmark, /performance/metrics, /diagnostic_status, /performance/command] Running CPU benchmark...
1788111087.806780338 INFO /performance_monitor [performance_monitor.py:438(PerformanceMonitor.benchmark_memory)] [topics: /performance/benchmark_results, /rosout, /performance/alert, /performance/benchmark, /performance/metrics, /diagnostic_status, /performance/command] Running memory benchmark...
1788111088.652098655 INFO /performance_monitor [performance_monitor.py:474(PerformanceMonitor.benchmark_network)] [topics: /performance/benchmark_results, /rosout, /performance/alert, /performance/benchmark, /performance/metrics, /diagnostic_status, /performance/command] Running network benchmark...
1788111089.830466508 INFO /performance_monitor [performance_monitor.py:520(PerformanceMonitor.benchmark_application)] [topics: /performance/benchmark_results, /rosout, /performance/alert, /performance/benchmark, /performance/metrics, /diagnostic_status, /performance/command] Running application benchmark...
1788111089.876921892 INFO /performance_monitor [performance_monitor.py:373(PerformanceMonitor.run_benchmark)] [topics: /performance/benchmark_results, /rosout, /performance/alert, /performance/benchmark, /performance/metrics, /diagnostic_status, /performance/command] Benchmark completed with overall score: 0.63
1788111089.878203392 INFO /performance_monitor [performance_monitor.py:381(PerformanceMonitor.benchmark_fps)] [topics: /performance/benchmark_results, /rosout, /performance/alert, /performance/benchmark, /performance/metrics, /diagnostic_status, /performance/command] Running FPS benchmark...
1788111094.880644798 INFO /performance_monitor [performance_monitor.py:414(PerformanceMonitor.benchmark_cpu)] [topics: /performance/benchmark_results, /rosout, /performance/alert, /performance/benchmark, /performance/metrics, /diagnostic_status, /performance/command] Running CPU benchmark...
1788111096.146074771 INFO /performance_monitor [performance_monitor.py:438(PerformanceMonitor.benchmark_memory)] [topics: /performance/benchmark_results, /rosout, /performance/alert, /performance/benchmark, /performance/metrics, /diagnostic_status, /performance/command] Running memory benchmark...
1788111096.832037448 INFO /performance_monitor [performance_monitor.py:474(PerformanceMonitor.benchmark_network)] [topics: /performance/benchmark_results, /rosout, /performance/alert, /performance/benchmark, /performance/metrics, /diagnostic_status, /performance/command] Running network benchmark...
1788111098.033894538 INFO /performance_monitor [performance_monitor.py:520(PerformanceMonitor.benchmark_application)] [topics: /performance/benchmark_results, /rosout, /performance/alert, /performance/benchmark, /performance/metrics, /diagnostic_status, /performance/command] Running application benchmark...
1788111098.080408096 INFO /performance_monitor [performance_monitor.py:373(PerformanceMonitor.run_benchmark)] [topics: /performance/benchmark_results, /rosout, /performance/alert, /performance/benchmark, /performance/metrics, /diagnostic_status, /performance/command] Benchmark completed with overall score: 0.63
1788111098.081725835 INFO /performance_monitor [performance_monitor.py:381(PerformanceMonitor.benchmark_fps)] [topics: /performance/benchmark_results, /rosout, /performance/alert, /performance/benchmark, /performance/metrics, /diagnostic_status, /performance/command] Running FPS benchmark...
1788111103.085643291 INFO /performance_monitor [performance_monitor.py:414(PerformanceMonitor.benchmark_cpu)] [topics: /performance/benchmark_results, /rosout, /performance/alert, /performance/benchmark, /performance/metrics, /diagnostic_status, /performance/command] Running CPU benchmark...
1788111104.522664785 INFO /performance_monitor [performance_monitor.py:438(PerformanceMonitor.benchmark_memory)] [topics: /performance/benchmark_results, /rosout, /performance/alert, /performance/benchmark, /performance/metrics, /diagnostic_status, /performance/command] Running memory benchmark...
1788111105.208008289 INFO /performance_monitor [performance_monitor.py:474(PerformanceMonitor.benchmark_network)] [topics: /performance/benchmark_results, /rosout, /performance/alert, /performance/benchmark, /performance/metrics, /diagnostic_status, /performance/command] Running network benchmark...
1788111106.406417608 INFO /performance_monitor [performance_monitor.py:520(PerformanceMonitor.benchmark_application)] [topics: /performance/benchmark_results, /rosout, /performance/alert, /performance/benchmark, /performance/metrics, /diagnostic_status, /performance/command] Running application benchmark...
1788111106.460800170 INFO /performance_monitor [performance_monitor.py:373(PerformanceMonitor.run_benchmark)] [topics: /performance/benchmark_results, /rosout, /performance/alert, /performance/benchmark, /performance/metrics, /diagnostic_status, /performance/command] Benchmark completed with overall score: 0.63
1788111106.462045192 INFO /performance_monitor [performance_monitor.py:381(PerformanceMonitor.benchmark_fps)] [topics: /performance/benchmark_results, /rosout, /performance/alert, /performance/benchmark, /performance/metrics, /diagnostic_status, /performance/command] Running FPS benchmark...
1788111111.465562582 INFO /performance_monitor [performance_monitor.py:414(PerformanceMonitor.benchmark_cpu)] [topics: /performance/benchmark_results, /rosout, /performance/alert, /performance/benchmark, /performance/metrics, /diagnostic_status, /performance/command] Running CPU benchmark...
1788111112.764701604 INFO /performance_monitor [performance_monitor.py:438(PerformanceMonitor.benchmark_memory)] [topics: /performance/benchmark_results, /rosout, /performance/alert, /performance/benchmark, /performance/metrics, /diagnostic_status, /performance/command] Running memory benchmark...
1788111113.450929403 INFO /performance_monitor [performance_monitor.py:474(PerformanceMonitor.benchmark_network)] [topics: /performance/benchmark_results, /rosout, /performance/alert, /performance/benchmark, /performance/metrics, /diagnostic_status, /performance/command] Running network benchmark...
1788111114.638587474 INFO /performance_monitor [performance_monitor.py:520(PerformanceMonitor.benchmark_application)] [topics: /performance/benchmark_results, /rosout, /performance/alert, /performance/benchmark, /performance/metrics, /diagnostic_status, /performance/command] Running application benchmark...
1788111114.691033124 INFO /performance_monitor [performance_monitor.py:373(PerformanceMonitor.run_benchmark)] [topics: /performance/benchmark_results, /rosout, /performance/alert, /performance/benchmark, /performance/metrics, /diagnostic_status, /performance/command] Benchmark completed with overall score: 0.63
1788111114.692273616 INFO /performance_monitor [performance_monitor.py:381(PerformanceMonitor.benchmark_fps)] [topics: /performance/benchmark_results, /rosout, /performance/alert, /performance/benchmark, /performance/metrics, /diagnostic_status, /performance/command] Running FPS benchmark...
1788111119.694545745 INFO /performance_monitor [performance_monitor.py:414(PerformanceMonitor.benchmark_cpu)] [topics: /performance/benchmark_results, /rosout, /performance/alert, /performance/benchmark, /performance/metrics, /diagnostic_status, /performance/command] Running CPU benchmark...
1788111120.978710889 INFO /performance_monitor [performance_monitor.py:438(PerformanceMonitor.benchmark_memory)] [topics: /performance/benchmark_results, /rosout, /performance/alert, /performance/benchmark, /performance/metrics, /diagnostic_status, /performance/command] Running memory benchmark...
1788111121.666974544 INFO /performance_monitor [performance_monitor.py:474(PerformanceMonitor.benchmark_network)] [topics: /performance/benchmark_results, /rosout, /performance/alert, /performance/benchmark, /performance/metrics, /diagnostic_status, /performance/command] Running network benchmark...
1788111122.813358545 INFO /performance_monitor [performance_monitor.py:520(PerformanceMonitor.benchmark_application)] [topics: /performance/benchmark_results, /rosout, /performance/alert, /performance/benchmark, /performance/metrics, /diagnostic_status, /performance/command] Running application benchmark...
1788111122.862694740 INFO /performance_monitor [performance_monitor.py:373(PerformanceMonitor.run_benchmark)] [topics: /performance/benchmark_results, /rosout, /performance/alert, /performance/benchmark, /performance/metrics, /diagnostic_status, /performance/command] Benchmark completed with overall score: 0.63
1788111122.865457057 INFO /performance_monitor [performance_monitor.py:381(PerformanceMonitor.benchmark_fps)] [topics: /performance/benchmark_results, /rosout, /performance/alert, /performance/benchmark, /performance/metrics, /diagnostic_status, /performance/command] Running FPS benchmark...
1788111127.869973659 INFO /performance_monitor [performance_monitor.py:414(PerformanceMonitor.benchmark_cpu)] [topics: /performance/benchmark_results, /rosout, /performance/alert, /performance/benchmark, /performance/metrics, /diagnostic_status, /performance/command] Running CPU benchmark...
1788111129.124172449 INFO /performance_monitor [performance_monitor.py:438(PerformanceMonitor.benchmark_memory)] [topics: /performance/benchmark_results, /rosout, /performance/alert, /performance/benchmark, /performance/metrics, /diagnostic_status, /performance/command] Running memory benchmark...
1788111129.832023382 INFO /performance_monitor [performance_monitor.py:474(PerformanceMonitor.benchmark_network)] [topics: /performance/benchmark_results, /rosout, /performance/alert, /performance/benchmark, /performance/metrics, /diagnostic_status, /performance/command] Running network benchmark...
1788111131.014030933 INFO /performance_monitor [performance_monitor.py:520(PerformanceMonitor.benchmark_application)] [topics: /performance/benchmark_results, /rosout, /performance/alert, /performance/benchmark, /performance/metrics, /diagnostic_status, /performance/command] Running application benchmark...
1788111131.060668706 INFO /performance_monitor [performance_monitor.py:373(PerformanceMonitor.run_benchmark)] [topics: /performance/benchmark_results, /rosout, /performance/alert, /performance/benchmark, /performance/metrics, /diagnostic_status, /performance/command] Benchmark completed with overall score: 0.63
1788111131.062585353 INFO /performance_monitor [performance_monitor.py:381(PerformanceMonitor.benchmark_fps)] [topics: /performance/benchmark_results, /rosout, /performance/alert, /performance/benchmark, /performance/metrics, /diagnostic_status, /performance/command] Running FPS benchmark...
1788111136.065288543 INFO /performance_monitor [performance_monitor.py:414(PerformanceMonitor.benchmark_cpu)] [topics: /performance/benchmark_results, /rosout, /performance/alert, /performance/benchmark, /performance/metrics, /diagnostic_status, /performance/command] Running CPU benchmark...
1788111137.322340965 INFO /performance_monitor [performance_monitor.py:438(PerformanceMonitor.benchmark_memory)] [topics: /performance/benchmark_results, /rosout, /performance/alert, /performance/benchmark, /performance/metrics, /diagnostic_status, /performance/command] Running memory benchmark...
1788111138.012047529 INFO /performance_monitor [performance_monitor.py:474(PerformanceMonitor.benchmark_network)] [topics: /performance/benchmark_results, /rosout, /performance/alert, /performance/benchmark, /performance/metrics, /diagnostic_status, /performance/command] Running network benchmark...
1788111139.210691928 INFO /performance_monitor [performance_monitor.py:520(PerformanceMonitor.benchmark_application)] [topics: /performance/benchmark_results, /rosout, /performance/alert, /performance/benchmark, /performance/metrics, /diagnostic_status, /performance/command] Running application benchmark...
1788111139.264120578 INFO /performance_monitor [performance_monitor.py:373(PerformanceMonitor.run_benchmark)] [topics: /performance/benchmark_results, /rosout, /performance/alert, /performance/benchmark, /performance/metrics, /diagnostic_status, /performance/command] Benchmark completed with overall score: 0.63
1788111139.266523599 INFO /performance_monitor [performance_monitor.py:381(PerformanceMonitor.benchmark_fps)] [topics: /performance/benchmark_results, /rosout, /performance/alert, /performance/benchmark, /performance/metrics, /diagnostic_status, /performance/command] Running FPS benchmark...
1788111144.270380496 INFO /performance_monitor [performance_monitor.py:414(PerformanceMonitor.benchmark_cpu)] [topics: /performance/benchmark_results, /rosout, /performance/alert, /performance/benchmark, /performance/metrics, /diagnostic_status, /performance/command] Running CPU benchmark...
1788111145.507728099 INFO /performance_monitor [performance_monitor.py:438(PerformanceMonitor.benchmark_memory)] [topics: /performance/benchmark_results, /rosout, /performance/alert, /performance/benchmark, /performance/metrics, /diagnostic_status, /performance/command] Running memory benchmark...
1788111146.188235044 INFO /performance_monitor [performance_monitor.py:474(PerformanceMonitor.benchmark_network)] [topics: /performance/benchmark_results, /rosout, /performance/alert, /performance/benchmark, /performance/metrics, /diagnostic_status, /performance/command] Running network benchmark...
1788111147.359996557 INFO /performance_monitor [performance_monitor.py:520(PerformanceMonitor.benchmark_application)] [topics: /performance/benchmark_results, /rosout, /performance/alert, /performance/benchmark, /performance/metrics, /diagnostic_status, /performance/command] Running application benchmark...
1788111147.406708478 INFO /performance_monitor [performance_monitor.py:373(PerformanceMonitor.run_benchmark)] [topics: /performance/benchmark_results, /rosout, /performance/alert, /performance/benchmark, /performance/metrics, /diagnostic_status, /performance/command] Benchmark completed with overall score: 0.63
1788111147.408052682 INFO /performance_monitor [performance_monitor.py:381(PerformanceMonitor.benchmark_fps)] [topics: /performance/benchmark_results, /rosout, /performance/alert, /performance/benchmark, /performance/metrics, /diagnostic_status, /performance/command] Running FPS benchmark...
1788111152.412709712 INFO /performance_monitor [performance_monitor.py:414(PerformanceMonitor.benchmark_cpu)] [topics: /performance/benchmark_results, /rosout, /performance/alert, /performance/benchmark, /performance/metrics, /diagnostic_status, /performance/command] Running CPU benchmark...
1788111153.648133516 INFO /performance_monitor [performance_monitor.py:438(PerformanceMonitor.benchmark_memory)] [topics: /performance/benchmark_results, /rosout, /performance/alert, /performance/benchmark, /performance/metrics, /diagnostic_status, /performance/command] Running memory benchmark...
1788111154.328237533 INFO /performance_monitor [performance_monitor.py:474(PerformanceMonitor.benchmark_network)] [topics: /performance/benchmark_results, /rosout, /performance/alert, /performance/benchmark, /performance/metrics, /diagnostic_status, /performance/command] Running network benchmark...
1788111155.474678993 INFO /performance_monitor [performance_monitor.py:520(PerformanceMonitor.benchmark_application)] [topics: /performance/benchmark_results, /rosout, /performance/alert, /performance/benchmark, /performance/metrics, /diagnostic_status, /performance/command] Running application benchmark...
1788111155.522041559 INFO /performance_monitor [performance_monitor.py:373(PerformanceMonitor.run_benchmark)] [topics: /performance/benchmark_results, /rosout, /performance/alert, /performance/benchmark, /performance/metrics, /diagnostic_status, /performance/command] Benchmark completed with overall score: 0.63
1788111155.523413658 INFO /performance_monitor [performance_monitor.py:381(PerformanceMonitor.benchmark_fps)] [topics: /performance/benchmark_results, /rosout, /performance/alert, /performance/benchmark, /performance/metrics, /diagnostic_status, /performance/command] Running FPS benchmark...
1788111160.527056694 INFO /performance_monitor [performance_monitor.py:414(PerformanceMonitor.benchmark_cpu)] [topics: /performance/benchmark_results, /rosout, /performance/alert, /performance/benchmark, /performance/metrics, /diagnostic_status, /performance/command] Running CPU benchmark...
1788111161.778245449 INFO /performance_monitor [performance_monitor.py:438(PerformanceMonitor.benchmark_memory)] [topics: /performance/benchmark_results, /rosout, /performance/alert, /performance/benchmark, /performance/metrics, /diagnostic_status, /performance/command] Running memory benchmark...
1788111162.456984519 INFO /performance_monitor [performance_monitor.py:474(PerformanceMonitor.benchmark_network)] [topics: /performance/benchmark_results, /rosout, /performance/alert, /performance/benchmark, /performance/metrics, /diagnostic_status, /performance/command] Running network benchmark...
1788111163.656975030 INFO /performance_monitor [performance_monitor.py:520(PerformanceMonitor.benchmark_application)] [topics: /performance/benchmark_results, /rosout, /performance/alert, /performance/benchmark, /performance/metrics, /diagnostic_status, /performance/command] Running application benchmark...
1788111163.709716796 INFO /performance_monitor [performance_monitor.py:373(PerformanceMonitor.run_benchmark)] [topics: /performance/benchmark_results, /rosout, /performance/alert, /performance/benchmark, /performance/metrics, /diagnostic_status, /performance/command] Benchmark completed with overall score: 0.63
1788111163.710937261 INFO /performance_monitor [performance_monitor.py:381(PerformanceMonitor.benchmark_fps)] [topics: /performance/benchmark_results, /rosout, /performance/alert, /performance/benchmark, /performance/metrics, /diagnostic_status, /performance/command] Running FPS benchmark...
1788111168.714458227 INFO /performance_monitor [performance_monitor.py:414(PerformanceMonitor.benchmark_cpu)] [topics: /performance/benchmark_results, /rosout, /performance/alert, /performance/benchmark, /performance/metrics, /diagnostic_status, /performance/command] Running CPU benchmark...
1788111169.951991558 INFO /performance_monitor [performance_monitor.py:438(PerformanceMonitor.benchmark_memory)] [topics: /performance/benchmark_results, /rosout, /performance/alert, /performance/benchmark, /performance/metrics, /diagnostic_status, /performance/command] Running memory benchmark...
1788111170.648839950 INFO /performance_monitor [performance_monitor.py:474(PerformanceMonitor.benchmark_network)] [topics: /performance/benchmark_results, /rosout, /performance/alert, /performance/benchmark, /performance/metrics, /diagnostic_status, /performance/command] Running network benchmark...
1788111171.815897226 INFO /performance_monitor [performance_monitor.py:520(PerformanceMonitor.benchmark_application)] [topics: /performance/benchmark_results, /rosout, /performance/alert, /performance/benchmark, /performance/metrics, /diagnostic_status, /performance/command] Running application benchmark...
1788111171.864446640 INFO /performance_monitor [performance_monitor.py:373(PerformanceMonitor.run_benchmark)] [topics: /performance/benchmark_results, /rosout, /performance/alert, /performance/benchmark, /performance/metrics, /diagnostic_status, /performance/command] Benchmark completed with overall score: 0.63
1788111171.865851163 INFO /performance_monitor [performance_monitor.py:381(PerformanceMonitor.benchmark_fps)] [topics: /performance/benchmark_results, /rosout, /performance/alert, /performance/benchmark, /performance/metrics, /diagnostic_status, /performance/command] Running FPS benchmark...
1788111176.869311809 INFO /performance_monitor [performance_monitor.py:414(PerformanceMonitor.benchmark_cpu)] [topics: /performance/benchmark_results, /rosout, /performance/alert, /performance/benchmark, /performance/metrics, /diagnostic_status, /performance/command] Running CPU benchmark...
1788111178.147686958 INFO /performance_monitor [performance_monitor.py:438(PerformanceMonitor.benchmark_memory)] [topics: /performance/benchmark_results, /rosout, /performance/alert, /performance/benchmark, /performance/metrics, /diagnostic_status, /performance/command] Running memory benchmark...
1788111178.824203968 INFO /performance_monitor [performance_monitor.py:474(PerformanceMonitor.benchmark_network)] [topics: /performance/benchmark_results, /rosout, /performance/alert, /performance/benchmark, /performance/metrics, /diagnostic_status, /performance/command] Running network benchmark...
1788111180.023174047 INFO /performance_monitor [performance_monitor.py:520(PerformanceMonitor.benchmark_application)] [topics: /performance/benchmark_results, /rosout, /performance/alert, /performance/benchmark, /performance/metrics, /diagnostic_status, /performance/command] Running application benchmark...
1788111180.095962047 INFO /performance_monitor [performance_monitor.py:373(PerformanceMonitor.run_benchmark)] [topics: /performance/benchmark_results, /rosout, /performance/alert, /performance/benchmark, /performance/metrics, /diagnostic_status, /performance/command] Benchmark completed with overall score: 0.63
1788111180.097357988 INFO /performance_monitor [performance_monitor.py:381(PerformanceMonitor.benchmark_fps)] [topics: /performance/benchmark_results, /rosout, /performance/alert, /performance/benchmark, /performance/metrics, /diagnostic_status, /performance/command] Running FPS benchmark...
1788111185.100390911 INFO /performance_monitor [performance_monitor.py:414(PerformanceMonitor.benchmark_cpu)] [topics: /performance/benchmark_results, /rosout, /performance/alert, /performance/benchmark, /performance/metrics, /diagnostic_status, /performance/command] Running CPU benchmark...
1788111186.318839550 INFO /performance_monitor [performance_monitor.py:438(PerformanceMonitor.benchmark_memory)] [topics: /performance/benchmark_results, /rosout, /performance/alert, /performance/benchmark, /performance/metrics, /diagnostic_status, /performance/command] Running memory benchmark...
1788111187.009504795 INFO /performance_monitor [performance_monitor.py:474(PerformanceMonitor.benchmark_network)] [topics: /performance/benchmark_results, /rosout, /performance/alert, /performance/benchmark, /performance/metrics, /diagnostic_status, /performance/command] Running network benchmark...
1788111188.084244489 INFO /performance_monitor [performance_monitor.py:520(PerformanceMonitor.benchmark_application)] [topics: /performance/benchmark_results, /rosout, /performance/alert, /performance/benchmark, /performance/metrics, /diagnostic_status, /performance/command] Running application benchmark...
1788111188.150871515 INFO /performance_monitor [performance_monitor.py:373(PerformanceMonitor.run_benchmark)] [topics: /performance/benchmark_results, /rosout, /performance/alert, /performance/benchmark, /performance/metrics, /diagnostic_status, /performance/command] Benchmark completed with overall score: 0.63
1788111188.152198314 INFO /performance_monitor [performance_monitor.py:381(PerformanceMonitor.benchmark_fps)] [topics: /performance/benchmark_results, /rosout, /performance/alert, /performance/benchmark, /performance/metrics, /diagnostic_status, /performance/command] Running FPS benchmark...
1788111193.154507160 INFO /performance_monitor [performance_monitor.py:414(PerformanceMonitor.benchmark_cpu)] [topics: /performance/benchmark_results, /rosout, /performance/alert, /performance/benchmark, /performance/metrics, /diagnostic_status, /performance/command] Running CPU benchmark...
1788111194.426923274 INFO /performance_monitor [performance_monitor.py:438(PerformanceMonitor.benchmark_memory)] [topics: /performance/benchmark_results, /rosout, /performance/alert, /performance/benchmark, /performance/metrics, /diagnostic_status, /performance/command] Running memory benchmark...
1788111195.115412950 INFO /performance_monitor [performance_monitor.py:474(PerformanceMonitor.benchmark_network)] [topics: /performance/benchmark_results, /rosout, /performance/alert, /performance/benchmark, /performance/metrics, /diagnostic_status, /performance/command] Running network benchmark...
1788111196.482389211 INFO /performance_monitor [performance_monitor.py:520(PerformanceMonitor.benchmark_application)] [topics: /performance/benchmark_results, /rosout, /performance/alert, /performance/benchmark, /performance/metrics, /diagnostic_status, /performance/command] Running application benchmark...
1788111196.590742349 INFO /performance_monitor [performance_monitor.py:373(PerformanceMonitor.run_benchmark)] [topics: /performance/benchmark_results, /rosout, /performance/alert, /performance/benchmark, /performance/metrics, /diagnostic_status, /performance/command] Benchmark completed with overall score: 0.62
1788111196.596072196 INFO /performance_monitor [performance_monitor.py:381(PerformanceMonitor.benchmark_fps)] [topics: /performance/benchmark_results, /rosout, /performance/alert, /performance/benchmark, /performance/metrics, /diagnostic_status, /performance/command] Running FPS benchmark...
1788111201.599690437 INFO /performance_monitor [performance_monitor.py:414(PerformanceMonitor.benchmark_cpu)] [topics: /performance/benchmark_results, /rosout, /performance/alert, /performance/benchmark, /performance/metrics, /diagnostic_status, /performance/command] Running CPU benchmark...
1788111202.851259469 INFO /performance_monitor [performance_monitor.py:438(PerformanceMonitor.benchmark_memory)] [topics: /performance/benchmark_results, /rosout, /performance/alert, /performance/benchmark, /performance/metrics, /diagnostic_status, /performance/command] Running memory benchmark...
1788111203.553815364 INFO /performance_monitor [performance_monitor.py:474(PerformanceMonitor.benchmark_network)] [topics: /performance/benchmark_results, /rosout, /performance/alert, /performance/benchmark, /performance/metrics, /diagnostic_status, /performance/command] Running network benchmark...
1788111204.799172878 INFO /performance_monitor [performance_monitor.py:520(PerformanceMonitor.benchmark_application)] [topics: /performance/benchmark_results, /rosout, /performance/alert, /performance/benchmark, /performance/metrics, /diagnostic_status, /performance/command] Running application benchmark...
1788111204.857432126 INFO /performance_monitor [performance_monitor.py:373(PerformanceMonitor.run_benchmark)] [topics: /performance/benchmark_results, /rosout, /performance/alert, /performance/benchmark, /performance/metrics, /diagnostic_status, /performance/command] Benchmark completed with overall score: 0.63
1788111204.859573841 INFO /performance_monitor [performance_monitor.py:381(PerformanceMonitor.benchmark_fps)] [topics: /performance/benchmark_results, /rosout, /performance/alert, /performance/benchmark, /performance/metrics, /diagnostic_status, /performance/command] Running FPS benchmark...
1788111209.863114595 INFO /performance_monitor [performance_monitor.py:414(PerformanceMonitor.benchmark_cpu)] [topics: /performance/benchmark_results, /rosout, /performance/alert, /performance/benchmark, /performance/metrics, /diagnostic_status, /performance/command] Running CPU benchmark...
1788111211.108175039 INFO /performance_monitor [performance_monitor.py:438(PerformanceMonitor.benchmark_memory)] [topics: /performance/benchmark_results, /rosout, /performance/alert, /performance/benchmark, /performance/metrics, /diagnostic_status, /performance/command] Running memory benchmark...
1788111211.794324159 INFO /performance_monitor [performance_monitor.py:474(PerformanceMonitor.benchmark_network)] [topics: /performance/benchmark_results, /rosout, /performance/alert, /performance/benchmark, /performance/metrics, /diagnostic_status, /performance/command] Running network benchmark...
1788111212.986467838 INFO /performance_monitor [performance_monitor.py:520(PerformanceMonitor.benchmark_application)] [topics: /performance/benchmark_results, /rosout, /performance/alert, /performance/benchmark, /performance/metrics, /diagnostic_status, /performance/command] Running application benchmark...
1788111213.032911300 INFO /performance_monitor [performance_monitor.py:373(PerformanceMonitor.run_benchmark)] [topics: /performance/benchmark_results, /rosout, /performance/alert, /performance/benchmark, /performance/metrics, /diagnostic_status, /performance/command] Benchmark completed with overall score: 0.63
1788111213.034250259 INFO /performance_monitor [performance_monitor.py:381(PerformanceMonitor.benchmark_fps)] [topics: /performance/benchmark_results, /rosout, /performance/alert, /performance/benchmark, /performance/metrics, /diagnostic_status, /performance/command] Running FPS benchmark...
1788111218.037620067 INFO /performance_monitor [performance_monitor.py:414(PerformanceMonitor.benchmark_cpu)] [topics: /performance/benchmark_results, /rosout, /performance/alert, /performance/benchmark, /performance/metrics, /diagnostic_status, /performance/command] Running CPU benchmark...
1788111219.278863668 INFO /performance_monitor [performance_monitor.py:438(PerformanceMonitor.benchmark_memory)] [topics: /performance/benchmark_results, /rosout, /performance/alert, /performance/benchmark, /performance/metrics, /diagnostic_status, /performance/command] Running memory benchmark...
1788111220.097745656 INFO /performance_monitor [performance_monitor.py:474(PerformanceMonitor.benchmark_network)] [topics: /performance/benchmark_results, /rosout, /performance/alert, /performance/benchmark, /performance/metrics, /diagnostic_status, /performance/command] Running network benchmark...
1788111221.287568807 INFO /performance_monitor [performance_monitor.py:520(PerformanceMonitor.benchmark_application)] [topics: /performance/benchmark_results, /rosout, /performance/alert, /performance/benchmark, /performance/metrics, /diagnostic_status, /performance/command] Running application benchmark...
1788111221.339414834 INFO /performance_monitor [performance_monitor.py:373(PerformanceMonitor.run_benchmark)] [topics: /performance/benchmark_results, /rosout, /performance/alert, /performance/benchmark, /performance/metrics, /diagnostic_status, /performance/command] Benchmark completed with overall score: 0.63
1788111221.341391086 INFO /performance_monitor [performance_monitor.py:381(PerformanceMonitor.benchmark_fps)] [topics: /performance/benchmark_results, /rosout, /performance/alert, /performance/benchmark, /performance/metrics, /diagnostic_status, /performance/command] Running FPS benchmark...
1788111226.343567609 INFO /performance_monitor [performance_monitor.py:414(PerformanceMonitor.benchmark_cpu)] [topics: /performance/benchmark_results, /rosout, /performance/alert, /performance/benchmark, /performance/metrics, /diagnostic_status, /performance/command] Running CPU benchmark...
1788111227.691053152 INFO /performance_monitor [performance_monitor.py:438(PerformanceMonitor.benchmark_memory)] [topics: /performance/benchmark_results, /rosout, /performance/alert, /performance/benchmark, /performance/metrics, /diagnostic_status, /performance/command] Running memory benchmark...
1788111228.504820108 INFO /performance_monitor [performance_monitor.py:474(PerformanceMonitor.benchmark_network)] [topics: /performance/benchmark_results, /rosout, /performance/alert, /performance/benchmark, /performance/metrics, /diagnostic_status, /performance/command] Running network benchmark...
1788111229.697158575 INFO /performance_monitor [performance_monitor.py:520(PerformanceMonitor.benchmark_application)] [topics: /performance/benchmark_results, /rosout, /performance/alert, /performance/benchmark, /performance/metrics, /diagnostic_status, /performance/command] Running application benchmark...
1788111229.744625806 INFO /performance_monitor [performance_monitor.py:373(PerformanceMonitor.run_benchmark)] [topics: /performance/benchmark_results, /rosout, /performance/alert, /performance/benchmark, /performance/metrics, /diagnostic_status, /performance/command] Benchmark completed with overall score: 0.63
1788111229.746241092 INFO /performance_monitor [performance_monitor.py:381(PerformanceMonitor.benchmark_fps)] [topics: /performance/benchmark_results, /rosout, /performance/alert, /performance/benchmark, /performance/metrics, /diagnostic_status, /performance/command] Running FPS benchmark...
1788111234.749982833 INFO /performance_monitor [performance_monitor.py:414(PerformanceMonitor.benchmark_cpu)] [topics: /performance/benchmark_results, /rosout, /performance/alert, /performance/benchmark, /performance/metrics, /diagnostic_status, /performance/command] Running CPU benchmark...
1788111236.236877679 INFO /performance_monitor [performance_monitor.py:438(PerformanceMonitor.benchmark_memory)] [topics: /performance/benchmark_results, /rosout, /performance/alert, /performance/benchmark, /performance/metrics, /diagnostic_status, /performance/command] Running memory benchmark...
1788111236.940468072 INFO /performance_monitor [performance_monitor.py:474(PerformanceMonitor.benchmark_network)] [topics: /performance/benchmark_results, /rosout, /performance/alert, /performance/benchmark, /performance/metrics, /diagnostic_status, /performance/command] Running network benchmark...
1788111238.110432863 INFO /performance_monitor [performance_monitor.py:520(PerformanceMonitor.benchmark_application)] [topics: /performance/benchmark_results, /rosout, /performance/alert, /performance/benchmark, /performance/metrics, /diagnostic_status, /performance/command] Running application benchmark...
1788111238.164810657 INFO /performance_monitor [performance_monitor.py:373(PerformanceMonitor.run_benchmark)] [topics: /performance/benchmark_results, /rosout, /performance/alert, /performance/benchmark, /performance/metrics, /diagnostic_status, /performance/command] Benchmark completed with overall score: 0.63
1788111238.166157960 INFO /performance_monitor [performance_monitor.py:381(PerformanceMonitor.benchmark_fps)] [topics: /performance/benchmark_results, /rosout, /performance/alert, /performance/benchmark, /performance/metrics, /diagnostic_status, /performance/command] Running FPS benchmark...
1788111243.169797420 INFO /performance_monitor [performance_monitor.py:414(PerformanceMonitor.benchmark_cpu)] [topics: /performance/benchmark_results, /rosout, /performance/alert, /performance/benchmark, /performance/metrics, /diagnostic_status, /performance/command] Running CPU benchmark...
1788111244.430225610 INFO /performance_monitor [performance_monitor.py:438(PerformanceMonitor.benchmark_memory)] [topics: /performance/benchmark_results, /rosout, /performance/alert, /performance/benchmark, /performance/metrics, /diagnostic_status, /performance/command] Running memory benchmark...
1788111245.124305963 INFO /performance_monitor [performance_monitor.py:474(PerformanceMonitor.benchmark_network)] [topics: /performance/benchmark_results, /rosout, /performance/alert, /performance/benchmark, /performance/metrics, /diagnostic_status, /performance/command] Running network benchmark...
1788111246.338928461 INFO /performance_monitor [performance_monitor.py:520(PerformanceMonitor.benchmark_application)] [topics: /performance/benchmark_results, /rosout, /performance/alert, /performance/benchmark, /performance/metrics, /diagnostic_status, /performance/command] Running application benchmark...
1788111246.389206886 INFO /performance_monitor [performance_monitor.py:373(PerformanceMonitor.run_benchmark)] [topics: /performance/benchmark_results, /rosout, /performance/alert, /performance/benchmark, /performance/metrics, /diagnostic_status, /performance/command] Benchmark completed with overall score: 0.63
1788111246.391676187 INFO /performance_monitor [performance_monitor.py:381(PerformanceMonitor.benchmark_fps)] [topics: /performance/benchmark_results, /rosout, /performance/alert, /performance/benchmark, /performance/metrics, /diagnostic_status, /performance/command] Running FPS benchmark...
1788111251.396792411 INFO /performance_monitor [performance_monitor.py:414(PerformanceMonitor.benchmark_cpu)] [topics: /performance/benchmark_results, /rosout, /performance/alert, /performance/benchmark, /performance/metrics, /diagnostic_status, /performance/command] Running CPU benchmark...
1788111253.188106536 INFO /performance_monitor [performance_monitor.py:438(PerformanceMonitor.benchmark_memory)] [topics: /performance/benchmark_results, /rosout, /performance/alert, /performance/benchmark, /performance/metrics, /diagnostic_status, /performance/command] Running memory benchmark...
1788111254.204323291 INFO /performance_monitor [performance_monitor.py:474(PerformanceMonitor.benchmark_network)] [topics: /performance/benchmark_results, /rosout, /performance/alert, /performance/benchmark, /performance/metrics, /diagnostic_status, /performance/command] Running network benchmark...
1788111255.417795181 INFO /performance_monitor [performance_monitor.py:520(PerformanceMonitor.benchmark_application)] [topics: /performance/benchmark_results, /rosout, /performance/alert, /performance/benchmark, /performance/metrics, /diagnostic_status, /performance/command] Running application benchmark...
1788111255.472022533 INFO /performance_monitor [performance_monitor.py:373(PerformanceMonitor.run_benchmark)] [topics: /performance/benchmark_results, /rosout, /performance/alert, /performance/benchmark, /performance/metrics, /diagnostic_status, /performance/command] Benchmark completed with overall score: 0.63
1788111255.474393129 INFO /performance_monitor [performance_monitor.py:381(PerformanceMonitor.benchmark_fps)] [topics: /performance/benchmark_results, /rosout, /performance/alert, /performance/benchmark, /performance/metrics, /diagnostic_status, /performance/command] Running FPS benchmark...
1788111260.478009939 INFO /performance_monitor [performance_monitor.py:414(PerformanceMonitor.benchmark_cpu)] [topics: /performance/benchmark_results, /rosout, /performance/alert, /performance/benchmark, /performance/metrics, /diagnostic_status, /performance/command] Running CPU benchmark...
1788111262.565543889 INFO /performance_monitor [performance_monitor.py:438(PerformanceMonitor.benchmark_memory)] [topics: /performance/benchmark_results, /rosout, /performance/alert, /performance/benchmark, /performance/metrics, /diagnostic_status, /performance/command] Running memory benchmark...
1788111264.054521799 INFO /performance_monitor [performance_monitor.py:474(PerformanceMonitor.benchmark_network)] [topics: /performance/benchmark_results, /rosout, /performance/alert, /performance/benchmark, /performance/metrics, /diagnostic_status, /performance/command] Running network benchmark...
1788111265.380512475 INFO /performance_monitor [performance_monitor.py:520(PerformanceMonitor.benchmark_application)] [topics: /performance/benchmark_results, /rosout, /performance/alert, /performance/benchmark, /performance/metrics, /diagnostic_status, /performance/command] Running application benchmark...
1788111265.499862432 INFO /performance_monitor [performance_monitor.py:373(PerformanceMonitor.run_benchmark)] [topics: /performance/benchmark_results, /rosout, /performance/alert, /performance/benchmark, /performance/metrics, /diagnostic_status, /performance/command] Benchmark completed with overall score: 0.62
1788111265.503347158 INFO /performance_monitor [performance_monitor.py:381(PerformanceMonitor.benchmark_fps)] [topics: /performance/benchmark_results, /rosout, /performance/alert, /performance/benchmark, /performance/metrics, /diagnostic_status, /performance/command] Running FPS benchmark...
1788111270.511415719 INFO /performance_monitor [performance_monitor.py:414(PerformanceMonitor.benchmark_cpu)] [topics: /performance/benchmark_results, /rosout, /performance/alert, /performance/benchmark, /performance/metrics, /diagnostic_status, /performance/command] Running CPU benchmark...
1788111273.035586595 INFO /performance_monitor [performance_monitor.py:438(PerformanceMonitor.benchmark_memory)] [topics: /performance/benchmark_results, /rosout, /performance/alert, /performance/benchmark, /performance/metrics, /diagnostic_status, /performance/command] Running memory benchmark...
1788111274.156367778 INFO /performance_monitor [performance_monitor.py:474(PerformanceMonitor.benchmark_network)] [topics: /performance/benchmark_results, /rosout, /performance/alert, /performance/benchmark, /performance/metrics, /diagnostic_status, /performance/command] Running network benchmark...
1788111275.346261978 INFO /performance_monitor [performance_monitor.py:520(PerformanceMonitor.benchmark_application)] [topics: /performance/benchmark_results, /rosout, /performance/alert, /performance/benchmark, /performance/metrics, /diagnostic_status, /performance/command] Running application benchmark...
1788111275.395689249 INFO /performance_monitor [performance_monitor.py:373(PerformanceMonitor.run_benchmark)] [topics: /performance/benchmark_results, /rosout, /performance/alert, /performance/benchmark, /performance/metrics, /diagnostic_status, /performance/command] Benchmark completed with overall score: 0.63
1788111275.397814989 INFO /performance_monitor [performance_monitor.py:381(PerformanceMonitor.benchmark_fps)] [topics: /performance/benchmark_results, /rosout, /performance/alert, /performance/benchmark, /performance/metrics, /diagnostic_status, /performance/command] Running FPS benchmark...
1788111280.401991128 INFO /performance_monitor [performance_monitor.py:414(PerformanceMonitor.benchmark_cpu)] [topics: /performance/benchmark_results, /rosout, /performance/alert, /performance/benchmark, /performance/metrics, /diagnostic_status, /performance/command] Running CPU benchmark...
1788111281.647245407 INFO /performance_monitor [performance_monitor.py:438(PerformanceMonitor.benchmark_memory)] [topics: /performance/benchmark_results, /rosout, /performance/alert, /performance/benchmark, /performance/metrics, /diagnostic_status, /performance/command] Running memory benchmark...
1788111282.378161430 INFO /performance_monitor [performance_monitor.py:474(PerformanceMonitor.benchmark_network)] [topics: /performance/benchmark_results, /rosout, /performance/alert, /performance/benchmark, /performance/metrics, /diagnostic_status, /performance/command] Running network benchmark...
1788111283.502711057 INFO /performance_monitor [performance_monitor.py:520(PerformanceMonitor.benchmark_application)] [topics: /performance/benchmark_results, /rosout, /performance/alert, /performance/benchmark, /performance/metrics, /diagnostic_status, /performance/command] Running application benchmark...
1788111283.552948474 INFO /performance_monitor [performance_monitor.py:373(PerformanceMonitor.run_benchmark)] [topics: /performance/benchmark_results, /rosout, /performance/alert, /performance/benchmark, /performance/metrics, /diagnostic_status, /performance/command] Benchmark completed with overall score: 0.63
1788111283.554491043 INFO /performance_monitor [performance_monitor.py:381(PerformanceMonitor.benchmark_fps)] [topics: /performance/benchmark_results, /rosout, /performance/alert, /performance/benchmark, /performance/metrics, /diagnostic_status, /performance/command] Running FPS benchmark...
1788111288.559040546 INFO /performance_monitor [performance_monitor.py:414(PerformanceMonitor.benchmark_cpu)] [topics: /performance/benchmark_results, /rosout, /performance/alert, /performance/benchmark, /performance/metrics, /diagnostic_status, /performance/command] Running CPU benchmark...
1788111290.176567792 INFO /performance_monitor [performance_monitor.py:438(PerformanceMonitor.benchmark_memory)] [topics: /performance/benchmark_results, /rosout, /performance/alert, /performance/benchmark, /performance/metrics, /diagnostic_status, /performance/command] Running memory benchmark...
1788111290.862317800 INFO /performance_monitor [performance_monitor.py:474(PerformanceMonitor.benchmark_network)] [topics: /performance/benchmark_results, /rosout, /performance/alert, /performance/benchmark, /performance/metrics, /diagnostic_status, /performance/command] Running network benchmark...
1788111292.048582315 INFO /performance_monitor [performance_monitor.py:520(PerformanceMonitor.benchmark_application)] [topics: /performance/benchmark_results, /rosout, /performance/alert, /performance/benchmark, /performance/metrics, /diagnostic_status, /performance/command] Running application benchmark...
1788111292.101876258 INFO /performance_monitor [performance_monitor.py:373(PerformanceMonitor.run_benchmark)] [topics: /performance/benchmark_results, /rosout, /performance/alert, /performance/benchmark, /performance/metrics, /diagnostic_status, /performance/command] Benchmark completed with overall score: 0.63
1788111292.104360342 INFO /performance_monitor [performance_monitor.py:381(PerformanceMonitor.benchmark_fps)] [topics: /performance/benchmark_results, /rosout, /performance/alert, /performance/benchmark, /performance/metrics, /diagnostic_status, /performance/command] Running FPS benchmark...
1788111297.107482433 INFO /performance_monitor [performance_monitor.py:414(PerformanceMonitor.benchmark_cpu)] [topics: /performance/benchmark_results, /rosout, /performance/alert, /performance/benchmark, /performance/metrics, /diagnostic_status, /performance/command] Running CPU benchmark...
1788111298.383466005 INFO /performance_monitor [performance_monitor.py:438(PerformanceMonitor.benchmark_memory)] [topics: /performance/benchmark_results, /rosout, /performance/alert, /performance/benchmark, /performance/metrics, /diagnostic_status, /performance/command] Running memory benchmark...
1788111299.060426473 INFO /performance_monitor [performance_monitor.py:474(PerformanceMonitor.benchmark_network)] [topics: /performance/benchmark_results, /rosout, /performance/alert, /performance/benchmark, /performance/metrics, /diagnostic_status, /performance/command] Running network benchmark...
1788111300.263597965 INFO /performance_monitor [performance_monitor.py:520(PerformanceMonitor.benchmark_application)] [topics: /performance/benchmark_results, /rosout, /performance/alert, /performance/benchmark, /performance/metrics, /diagnostic_status, /performance/command] Running application benchmark...
1788111300.321748256 INFO /performance_monitor [performance_monitor.py:373(PerformanceMonitor.run_benchmark)] [topics: /performance/benchmark_results, /rosout, /performance/alert, /performance/benchmark, /performance/metrics, /diagnostic_status, /performance/command] Benchmark completed with overall score: 0.63
1788111300.323026418 INFO /performance_monitor [performance_monitor.py:381(PerformanceMonitor.benchmark_fps)] [topics: /performance/benchmark_results, /rosout, /performance/alert, /performance/benchmark, /performance/metrics, /diagnostic_status, /performance/command] Running FPS benchmark...
1788111305.325510978 INFO /performance_monitor [performance_monitor.py:414(PerformanceMonitor.benchmark_cpu)] [topics: /performance/benchmark_results, /rosout, /performance/alert, /performance/benchmark, /performance/metrics, /diagnostic_status, /performance/command] Running CPU benchmark...
1788111306.609113931 INFO /performance_monitor [performance_monitor.py:438(PerformanceMonitor.benchmark_memory)] [topics: /performance/benchmark_results, /rosout, /performance/alert, /performance/benchmark, /performance/metrics, /diagnostic_status, /performance/command] Running memory benchmark...
1788111307.290205240 INFO /performance_monitor [performance_monitor.py:474(PerformanceMonitor.benchmark_network)] [topics: /performance/benchmark_results, /rosout, /performance/alert, /performance/benchmark, /performance/metrics, /diagnostic_status, /performance/command] Running network benchmark...
1788111308.451077938 INFO /performance_monitor [performance_monitor.py:520(PerformanceMonitor.benchmark_application)] [topics: /performance/benchmark_results, /rosout, /performance/alert, /performance/benchmark, /performance/metrics, /diagnostic_status, /performance/command] Running application benchmark...
1788111308.499813318 INFO /performance_monitor [performance_monitor.py:373(PerformanceMonitor.run_benchmark)] [topics: /performance/benchmark_results, /rosout, /performance/alert, /performance/benchmark, /performance/metrics, /diagnostic_status, /performance/command] Benchmark completed with overall score: 0.63
1788111308.501281261 INFO /performance_monitor [performance_monitor.py:381(PerformanceMonitor.benchmark_fps)] [topics: /performance/benchmark_results, /rosout, /performance/alert, /performance/benchmark, /performance/metrics, /diagnostic_status, /performance/command] Running FPS benchmark...
1788111313.504822969 INFO /performance_monitor [performance_monitor.py:414(PerformanceMonitor.benchmark_cpu)] [topics: /performance/benchmark_results, /rosout, /performance/alert, /performance/benchmark, /performance/metrics, /diagnostic_status, /performance/command] Running CPU benchmark...
1788111314.942688941 INFO /performance_monitor [performance_monitor.py:438(PerformanceMonitor.benchmark_memory)] [topics: /performance/benchmark_results, /rosout, /performance/alert, /performance/benchmark, /performance/metrics, /diagnostic_status, /performance/command] Running memory benchmark...
1788111315.833255052 INFO /performance_monitor [performance_monitor.py:474(PerformanceMonitor.benchmark_network)] [topics: /performance/benchmark_results, /rosout, /performance/alert, /performance/benchmark, /performance/metrics, /diagnostic_status, /performance/command] Running network benchmark...
1788111317.017318964 INFO /performance_monitor [performance_monitor.py:520(PerformanceMonitor.benchmark_application)] [topics: /performance/benchmark_results, /rosout, /performance/alert, /performance/benchmark, /performance/metrics, /diagnostic_status, /performance/command] Running application benchmark...
1788111317.068204402 INFO /performance_monitor [performance_monitor.py:373(PerformanceMonitor.run_benchmark)] [topics: /performance/benchmark_results, /rosout, /performance/alert, /performance/benchmark, /performance/metrics, /diagnostic_status, /performance/command] Benchmark completed with overall score: 0.63
1788111317.069675445 INFO /performance_monitor [performance_monitor.py:381(PerformanceMonitor.benchmark_fps)] [topics: /performance/benchmark_results, /rosout, /performance/alert, /performance/benchmark, /performance/metrics, /diagnostic_status, /performance/command] Running FPS benchmark...
1788111322.072458028 INFO /performance_monitor [performance_monitor.py:414(PerformanceMonitor.benchmark_cpu)] [topics: /performance/benchmark_results, /rosout, /performance/alert, /performance/benchmark, /performance/metrics, /diagnostic_status, /performance/command] Running CPU benchmark...
1788111323.335696220 INFO /performance_monitor [performance_monitor.py:438(PerformanceMonitor.benchmark_memory)] [topics: /performance/benchmark_results, /rosout, /performance/alert, /performance/benchmark, /performance/metrics, /diagnostic_status, /performance/command] Running memory benchmark...
1788111324.023866415 INFO /performance_monitor [performance_monitor.py:474(PerformanceMonitor.benchmark_network)] [topics: /performance/benchmark_results, /rosout, /performance/alert, /performance/benchmark, /performance/metrics, /diagnostic_status, /performance/command] Running network benchmark...
1788111325.184518337 INFO /performance_monitor [performance_monitor.py:520(PerformanceMonitor.benchmark_application)] [topics: /performance/benchmark_results, /rosout, /performance/alert, /performance/benchmark, /performance/metrics, /diagnostic_status, /performance/command] Running application benchmark...
1788111325.231601715 INFO /performance_monitor [performance_monitor.py:373(PerformanceMonitor.run_benchmark)] [topics: /performance/benchmark_results, /rosout, /performance/alert, /performance/benchmark, /performance/metrics, /diagnostic_status, /performance/command] Benchmark completed with overall score: 0.63
1788111325.232859134 INFO /performance_monitor [performance_monitor.py:381(PerformanceMonitor.benchmark_fps)] [topics: /performance/benchmark_results, /rosout, /performance/alert, /performance/benchmark, /performance/metrics, /diagnostic_status, /performance/command] Running FPS benchmark...
1788111330.235980510 INFO /performance_monitor [performance_monitor.py:414(PerformanceMonitor.benchmark_cpu)] [topics: /performance/benchmark_results, /rosout, /performance/alert, /performance/benchmark, /performance/metrics, /diagnostic_status, /performance/command] Running CPU benchmark...
1788111331.492232084 INFO /performance_monitor [performance_monitor.py:438(PerformanceMonitor.benchmark_memory)] [topics: /performance/benchmark_results, /rosout, /performance/alert, /performance/benchmark, /performance/metrics, /diagnostic_status, /performance/command] Running memory benchmark...
1788111332.184490680 INFO /performance_monitor [performance_monitor.py:474(PerformanceMonitor.benchmark_network)] [topics: /performance/benchmark_results, /rosout, /performance/alert, /performance/benchmark, /performance/metrics, /diagnostic_status, /performance/command] Running network benchmark...
1788111333.395974874 INFO /performance_monitor [performance_monitor.py:520(PerformanceMonitor.benchmark_application)] [topics: /performance/benchmark_results, /rosout, /performance/alert, /performance/benchmark, /performance/metrics, /diagnostic_status, /performance/command] Running application benchmark...
1788111333.451346397 INFO /performance_monitor [performance_monitor.py:373(PerformanceMonitor.run_benchmark)] [topics: /performance/benchmark_results, /rosout, /performance/alert, /performance/benchmark, /performance/metrics, /diagnostic_status, /performance/command] Benchmark completed with overall score: 0.63
1788111333.453832387 INFO /performance_monitor [performance_monitor.py:381(PerformanceMonitor.benchmark_fps)] [topics: /performance/benchmark_results, /rosout, /performance/alert, /performance/benchmark, /performance/metrics, /diagnostic_status, /performance/command] Running FPS benchmark...
1788111338.457704544 INFO /performance_monitor [performance_monitor.py:414(PerformanceMonitor.benchmark_cpu)] [topics: /performance/benchmark_results, /rosout, /performance/alert, /performance/benchmark, /performance/metrics, /diagnostic_status, /performance/command] Running CPU benchmark...
1788111340.241971731 INFO /performance_monitor [performance_monitor.py:438(PerformanceMonitor.benchmark_memory)] [topics: /performance/benchmark_results, /rosout, /performance/alert, /performance/benchmark, /performance/metrics, /diagnostic_status, /performance/command] Running memory benchmark...
1788111341.577521324 INFO /performance_monitor [performance_monitor.py:474(PerformanceMonitor.benchmark_network)] [topics: /performance/benchmark_results, /rosout, /performance/alert, /performance/benchmark, /performance/metrics, /diagnostic_status, /performance/command] Running network benchmark...
1788111342.779915571 INFO /performance_monitor [performance_monitor.py:520(PerformanceMonitor.benchmark_application)] [topics: /performance/benchmark_results, /rosout, /performance/alert, /performance/benchmark, /performance/metrics, /diagnostic_status, /performance/command] Running application benchmark...
1788111342.834635019 INFO /performance_monitor [performance_monitor.py:373(PerformanceMonitor.run_benchmark)] [topics: /performance/benchmark_results, /rosout, /performance/alert, /performance/benchmark, /performance/metrics, /diagnostic_status, /performance/command] Benchmark completed with overall score: 0.63
1788111342.837649106 INFO /performance_monitor [performance_monitor.py:381(PerformanceMonitor.benchmark_fps)] [topics: /performance/benchmark_results, /rosout, /performance/alert, /performance/benchmark, /performance/metrics, /diagnostic_status, /performance/command] Running FPS benchmark...
1788111347.843981742 INFO /performance_monitor [performance_monitor.py:414(PerformanceMonitor.benchmark_cpu)] [topics: /performance/benchmark_results, /rosout, /performance/alert, /performance/benchmark, /performance/metrics, /diagnostic_status, /performance/command] Running CPU benchmark...
1788111349.270566225 INFO /performance_monitor [performance_monitor.py:438(PerformanceMonitor.benchmark_memory)] [topics: /performance/benchmark_results, /rosout, /performance/alert, /performance/benchmark, /performance/metrics, /diagnostic_status, /performance/command] Running memory benchmark...
1788111349.956209421 INFO /performance_monitor [performance_monitor.py:474(PerformanceMonitor.benchmark_network)] [topics: /performance/benchmark_results, /rosout, /performance/alert, /performance/benchmark, /performance/metrics, /diagnostic_status, /performance/command] Running network benchmark...
1788111351.165131092 INFO /performance_monitor [performance_monitor.py:520(PerformanceMonitor.benchmark_application)] [topics: /performance/benchmark_results, /rosout, /performance/alert, /performance/benchmark, /performance/metrics, /diagnostic_status, /performance/command] Running application benchmark...
1788111351.218159437 INFO /performance_monitor [performance_monitor.py:373(PerformanceMonitor.run_benchmark)] [topics: /performance/benchmark_results, /rosout, /performance/alert, /performance/benchmark, /performance/metrics, /diagnostic_status, /performance/command] Benchmark completed with overall score: 0.63
1788111351.220941781 INFO /performance_monitor [performance_monitor.py:381(PerformanceMonitor.benchmark_fps)] [topics: /performance/benchmark_results, /rosout, /performance/alert, /performance/benchmark, /performance/metrics, /diagnostic_status, /performance/command] Running FPS benchmark...
