[rospy.client][INFO] 2026-08-30 17:30:03,975: init_node, name[/target_tracking_controller], pid[124]
[xmlrpc][INFO] 2026-08-30 17:30:03,987: XML-RPC server binding to 0.0.0.0:0
[xmlrpc][INFO] 2026-08-30 17:30:03,991: Started XML-RPC server [http://kamikaze:33983/]
[rospy.init][INFO] 2026-08-30 17:30:03,991: ROS Slave URI: [http://kamikaze:33983/]
[rospy.impl.masterslave][INFO] 2026-08-30 17:30:03,992: _ready: http://kamikaze:33983/
[rospy.registration][INFO] 2026-08-30 17:30:03,995: Registering with master node http://kamikaze:11311
[xmlrpc][INFO] 2026-08-30 17:30:03,997: xml rpc node: starting XML-RPC server
[rospy.init][INFO] 2026-08-30 17:30:04,093: registered with master
[rospy.rosout][INFO] 2026-08-30 17:30:04,094: initializing /rosout core topic
[rospy.rosout][INFO] 2026-08-30 17:30:04,135: connected to core topic /rosout
[rospy.simtime][INFO] 2026-08-30 17:30:04,138: /use_sim_time is not set, will not subscribe to simulated time [/clock] topic
[rospy.internal][INFO] 2026-08-30 17:30:04,205: topic[/mission_status] adding connection to [http://kamikaze:44621/], count 0
[rospy.internal][INFO] 2026-08-30 17:30:04,252: topic[/tracked_targets] adding connection to [/mission_manager], count 0
[rospy.internal][INFO] 2026-08-30 17:30:04,261: topic[/target_tracking_controller/node_health] adding connection to [/health_checker], count 0
[rospy.internal][INFO] 2026-08-30 17:30:04,369: topic[/rosout] adding connection to [/rosout], count 0
[rospy.internal][INFO] 2026-08-30 17:30:04,776: topic[/tracked_targets] adding connection to [/trajectory_planner], count 1
[rosout][WARNING] 2026-08-30 17:30:06,376: MAVROS set_mode service not available: timeout exceeded while waiting for service /mavros/set_mode
[rosout][WARNING] 2026-08-30 17:30:08,515: MAVROS arming service not available: timeout exceeded while waiting for service /mavros/cmd/arming
[rosout][INFO] 2026-08-30 17:30:08,527: Target Tracking Controller started in SEARCHING mode
[rospy.internal][INFO] 2026-08-30 17:30:11,366: topic[/detected_objects] adding connection to [http://kamikaze:37613/], count 0
