[rosmaster.main][INFO] 2026-08-29 23:35:15,399: initialization complete, waiting for shutdown
[rosmaster.main][INFO] 2026-08-29 23:35:15,401: Starting ROS Master Node
[xmlrpc][INFO] 2026-08-29 23:35:15,407: XML-RPC server binding to 127.0.0.1:11311
[xmlrpc][INFO] 2026-08-29 23:35:15,410: Started XML-RPC server [http://localhost:11311/]
[xmlrpc][INFO] 2026-08-29 23:35:15,410: xml rpc node: starting XML-RPC server
[rosmaster.master][INFO] 2026-08-29 23:35:15,411: Master initialized: port[11311], uri[http://localhost:11311/]
[rosmaster.master][INFO] 2026-08-29 23:35:15,514: +PARAM [/run_id] by /roslaunch
[rosmaster.master][INFO] 2026-08-29 23:35:15,516: +PARAM [/roslaunch/uris/host_localhost__41221] by /roslaunch
[rosmaster.master][INFO] 2026-08-29 23:35:15,582: +PARAM [/rosversion] by /roslaunch
[rosmaster.master][INFO] 2026-08-29 23:35:15,582: +PARAM [/rosdistro] by /roslaunch
[rosmaster.master][INFO] 2026-08-29 23:35:15,582: +PARAM [/target_params/detection/model/path] by /roslaunch
[rosmaster.master][INFO] 2026-08-29 23:35:15,583: +PARAM [/target_params/detection/model/device] by /roslaunch
[rosmaster.master][INFO] 2026-08-29 23:35:15,583: +PARAM [/target_params/detection/model/input_size] by /roslaunch
[rosmaster.master][INFO] 2026-08-29 23:35:15,583: +PARAM [/target_params/detection/model/batch_size] by /roslaunch
[rosmaster.master][INFO] 2026-08-29 23:35:15,583: +PARAM [/target_params/detection/confidence_threshold] by /roslaunch
[rosmaster.master][INFO] 2026-08-29 23:35:15,583: +PARAM [/target_params/detection/nms_threshold] by /roslaunch
[rosmaster.master][INFO] 2026-08-29 23:35:15,583: +PARAM [/target_params/detection/max_detections] by /roslaunch
[rosmaster.master][INFO] 2026-08-29 23:35:15,583: +PARAM [/target_params/detection/vehicle_classes] by /roslaunch
[rosmaster.master][INFO] 2026-08-29 23:35:15,583: +PARAM [/target_params/detection/class_thresholds/class_1] by /roslaunch
[rosmaster.master][INFO] 2026-08-29 23:35:15,583: +PARAM [/target_params/detection/class_thresholds/class_2] by /roslaunch
[rosmaster.master][INFO] 2026-08-29 23:35:15,583: +PARAM [/target_params/detection/class_thresholds/class_3] by /roslaunch
[rosmaster.master][INFO] 2026-08-29 23:35:15,584: +PARAM [/target_params/detection/class_thresholds/class_5] by /roslaunch
[rosmaster.master][INFO] 2026-08-29 23:35:15,584: +PARAM [/target_params/detection/class_thresholds/class_6] by /roslaunch
[rosmaster.master][INFO] 2026-08-29 23:35:15,584: +PARAM [/target_params/detection/class_thresholds/class_7] by /roslaunch
[rosmaster.master][INFO] 2026-08-29 23:35:15,584: +PARAM [/target_params/detection/class_thresholds/class_8] by /roslaunch
[rosmaster.master][INFO] 2026-08-29 23:35:15,584: +PARAM [/target_params/detection/performance/max_fps] by /roslaunch
[rosmaster.master][INFO] 2026-08-29 23:35:15,584: +PARAM [/target_params/detection/performance/frame_skip] by /roslaunch
[rosmaster.master][INFO] 2026-08-29 23:35:15,584: +PARAM [/target_params/detection/performance/parallel_inference] by /roslaunch
[rosmaster.master][INFO] 2026-08-29 23:35:15,584: +PARAM [/target_params/detection/performance/gpu_memory_limit] by /roslaunch
[rosmaster.master][INFO] 2026-08-29 23:35:15,584: +PARAM [/target_params/tracking/engagement_distance] by /roslaunch
[rosmaster.master][INFO] 2026-08-29 23:35:15,584: +PARAM [/target_params/tracking/attack_distance] by /roslaunch
[rosmaster.master][INFO] 2026-08-29 23:35:15,585: +PARAM [/target_params/tracking/disengagement_distance] by /roslaunch
[rosmaster.master][INFO] 2026-08-29 23:35:15,585: +PARAM [/target_params/tracking/max_tracks] by /roslaunch
[rosmaster.master][INFO] 2026-08-29 23:35:15,585: +PARAM [/target_params/tracking/max_lost_frames] by /roslaunch
[rosmaster.master][INFO] 2026-08-29 23:35:15,585: +PARAM [/target_params/tracking/min_track_length] by /roslaunch
[rosmaster.master][INFO] 2026-08-29 23:35:15,585: +PARAM [/target_params/tracking/track_confidence_threshold] by /roslaunch
[rosmaster.master][INFO] 2026-08-29 23:35:15,585: +PARAM [/target_params/tracking/association/iou_threshold] by /roslaunch
[rosmaster.master][INFO] 2026-08-29 23:35:15,585: +PARAM [/target_params/tracking/association/distance_threshold] by /roslaunch
[rosmaster.master][INFO] 2026-08-29 23:35:15,585: +PARAM [/target_params/tracking/association/appearance_weight] by /roslaunch
[rosmaster.master][INFO] 2026-08-29 23:35:15,585: +PARAM [/target_params/tracking/association/motion_weight] by /roslaunch
[rosmaster.master][INFO] 2026-08-29 23:35:15,585: +PARAM [/target_params/tracking/kalman/dt] by /roslaunch
[rosmaster.master][INFO] 2026-08-29 23:35:15,586: +PARAM [/target_params/tracking/kalman/process_noise] by /roslaunch
[rosmaster.master][INFO] 2026-08-29 23:35:15,586: +PARAM [/target_params/tracking/kalman/measurement_noise] by /roslaunch
[rosmaster.master][INFO] 2026-08-29 23:35:15,586: +PARAM [/target_params/tracking/kalman/initial_velocity] by /roslaunch
[rosmaster.master][INFO] 2026-08-29 23:35:15,586: +PARAM [/target_params/tracking/kalman/state_dim] by /roslaunch
[rosmaster.master][INFO] 2026-08-29 23:35:15,586: +PARAM [/target_params/tracking/kalman/measurement_dim] by /roslaunch
[rosmaster.master][INFO] 2026-08-29 23:35:15,586: +PARAM [/target_params/behavior/speed_classes/stationary] by /roslaunch
[rosmaster.master][INFO] 2026-08-29 23:35:15,586: +PARAM [/target_params/behavior/speed_classes/slow] by /roslaunch
[rosmaster.master][INFO] 2026-08-29 23:35:15,586: +PARAM [/target_params/behavior/speed_classes/medium] by /roslaunch
[rosmaster.master][INFO] 2026-08-29 23:35:15,586: +PARAM [/target_params/behavior/speed_classes/fast] by /roslaunch
[rosmaster.master][INFO] 2026-08-29 23:35:15,586: +PARAM [/target_params/behavior/speed_classes/extreme] by /roslaunch
[rosmaster.master][INFO] 2026-08-29 23:35:15,587: +PARAM [/target_params/behavior/models/random_walk/noise_scale] by /roslaunch
[rosmaster.master][INFO] 2026-08-29 23:35:15,587: +PARAM [/target_params/behavior/models/random_walk/persistence] by /roslaunch
[rosmaster.master][INFO] 2026-08-29 23:35:15,587: +PARAM [/target_params/behavior/models/pursuit/max_acceleration] by /roslaunch
[rosmaster.master][INFO] 2026-08-29 23:35:15,587: +PARAM [/target_params/behavior/models/pursuit/max_turn_rate] by /roslaunch
[rosmaster.master][INFO] 2026-08-29 23:35:15,587: +PARAM [/target_params/behavior/models/evasion/max_acceleration] by /roslaunch
[rosmaster.master][INFO] 2026-08-29 23:35:15,587: +PARAM [/target_params/behavior/models/evasion/max_turn_rate] by /roslaunch
[rosmaster.master][INFO] 2026-08-29 23:35:15,587: +PARAM [/target_params/behavior/threat/distance_weights] by /roslaunch
[rosmaster.master][INFO] 2026-08-29 23:35:15,587: +PARAM [/target_params/behavior/threat/speed_thresholds/low] by /roslaunch
[rosmaster.master][INFO] 2026-08-29 23:35:15,587: +PARAM [/target_params/behavior/threat/speed_thresholds/medium] by /roslaunch
[rosmaster.master][INFO] 2026-08-29 23:35:15,587: +PARAM [/target_params/behavior/threat/speed_thresholds/high] by /roslaunch
[rosmaster.master][INFO] 2026-08-29 23:35:15,588: +PARAM [/target_params/behavior/threat/priority_boost] by /roslaunch
[rosmaster.master][INFO] 2026-08-29 23:35:15,588: +PARAM [/target_params/performance/update_rates/detection] by /roslaunch
[rosmaster.master][INFO] 2026-08-29 23:35:15,588: +PARAM [/target_params/performance/update_rates/tracking] by /roslaunch
[rosmaster.master][INFO] 2026-08-29 23:35:15,588: +PARAM [/target_params/performance/update_rates/control] by /roslaunch
[rosmaster.master][INFO] 2026-08-29 23:35:15,588: +PARAM [/target_params/performance/update_rates/state] by /roslaunch
[rosmaster.master][INFO] 2026-08-29 23:35:15,588: +PARAM [/target_params/performance/latency/max_detection] by /roslaunch
[rosmaster.master][INFO] 2026-08-29 23:35:15,588: +PARAM [/target_params/performance/latency/max_tracking] by /roslaunch
[rosmaster.master][INFO] 2026-08-29 23:35:15,588: +PARAM [/target_params/performance/latency/max_control] by /roslaunch
[rosmaster.master][INFO] 2026-08-29 23:35:15,588: +PARAM [/target_params/performance/resources/max_memory_mb] by /roslaunch
[rosmaster.master][INFO] 2026-08-29 23:35:15,588: +PARAM [/target_params/performance/resources/max_cpu_percent] by /roslaunch
[rosmaster.master][INFO] 2026-08-29 23:35:15,589: +PARAM [/target_params/performance/resources/max_gpu_memory_mb] by /roslaunch
[rosmaster.master][INFO] 2026-08-29 23:35:15,589: +PARAM [/target_params/camera/fx] by /roslaunch
[rosmaster.master][INFO] 2026-08-29 23:35:15,589: +PARAM [/target_params/camera/fy] by /roslaunch
[rosmaster.master][INFO] 2026-08-29 23:35:15,589: +PARAM [/target_params/camera/cx] by /roslaunch
[rosmaster.master][INFO] 2026-08-29 23:35:15,589: +PARAM [/target_params/camera/cy] by /roslaunch
[rosmaster.master][INFO] 2026-08-29 23:35:15,589: +PARAM [/target_params/camera/width] by /roslaunch
[rosmaster.master][INFO] 2026-08-29 23:35:15,589: +PARAM [/target_params/camera/height] by /roslaunch
[rosmaster.master][INFO] 2026-08-29 23:35:15,589: +PARAM [/target_params/camera/fov] by /roslaunch
[rosmaster.master][INFO] 2026-08-29 23:35:15,589: +PARAM [/camera_calib/camera/id] by /roslaunch
[rosmaster.master][INFO] 2026-08-29 23:35:15,589: +PARAM [/camera_calib/camera/model] by /roslaunch
[rosmaster.master][INFO] 2026-08-29 23:35:15,589: +PARAM [/camera_calib/camera/width] by /roslaunch
[rosmaster.master][INFO] 2026-08-29 23:35:15,590: +PARAM [/camera_calib/camera/height] by /roslaunch
[rosmaster.master][INFO] 2026-08-29 23:35:15,590: +PARAM [/camera_calib/camera/intrinsic/fx] by /roslaunch
[rosmaster.master][INFO] 2026-08-29 23:35:15,590: +PARAM [/camera_calib/camera/intrinsic/fy] by /roslaunch
[rosmaster.master][INFO] 2026-08-29 23:35:15,590: +PARAM [/camera_calib/camera/intrinsic/cx] by /roslaunch
[rosmaster.master][INFO] 2026-08-29 23:35:15,590: +PARAM [/camera_calib/camera/intrinsic/cy] by /roslaunch
[rosmaster.master][INFO] 2026-08-29 23:35:15,590: +PARAM [/camera_calib/camera/intrinsic/fov] by /roslaunch
[rosmaster.master][INFO] 2026-08-29 23:35:15,590: +PARAM [/camera_calib/camera/distortion/model] by /roslaunch
[rosmaster.master][INFO] 2026-08-29 23:35:15,591: +PARAM [/camera_calib/camera/distortion/coefficients/k1] by /roslaunch
[rosmaster.master][INFO] 2026-08-29 23:35:15,591: +PARAM [/camera_calib/camera/distortion/coefficients/k2] by /roslaunch
[rosmaster.master][INFO] 2026-08-29 23:35:15,591: +PARAM [/camera_calib/camera/distortion/coefficients/p1] by /roslaunch
[rosmaster.master][INFO] 2026-08-29 23:35:15,591: +PARAM [/camera_calib/camera/distortion/coefficients/p2] by /roslaunch
[rosmaster.master][INFO] 2026-08-29 23:35:15,591: +PARAM [/camera_calib/camera/distortion/coefficients/k3] by /roslaunch
[rosmaster.master][INFO] 2026-08-29 23:35:15,591: +PARAM [/camera_calib/camera/projection/P] by /roslaunch
[rosmaster.master][INFO] 2026-08-29 23:35:15,591: +PARAM [/camera_calib/camera/rectification/R] by /roslaunch
[rosmaster.master][INFO] 2026-08-29 23:35:15,591: +PARAM [/camera_calib/camera/extrinsic/translation] by /roslaunch
[rosmaster.master][INFO] 2026-08-29 23:35:15,591: +PARAM [/camera_calib/camera/extrinsic/rotation] by /roslaunch
[rosmaster.master][INFO] 2026-08-29 23:35:15,592: +PARAM [/camera_calib/camera/extrinsic/rotation_matrix] by /roslaunch
[rosmaster.master][INFO] 2026-08-29 23:35:15,592: +PARAM [/camera_calib/camera/calibration/date] by /roslaunch
[rosmaster.master][INFO] 2026-08-29 23:35:15,592: +PARAM [/camera_calib/camera/calibration/method] by /roslaunch
[rosmaster.master][INFO] 2026-08-29 23:35:15,592: +PARAM [/camera_calib/camera/calibration/reprojection_error] by /roslaunch
[rosmaster.master][INFO] 2026-08-29 23:35:15,592: +PARAM [/camera_calib/camera/calibration/status] by /roslaunch
[rosmaster.master][INFO] 2026-08-29 23:35:15,592: +PARAM [/camera_calib/image_processing/preprocessing/resize] by /roslaunch
[rosmaster.master][INFO] 2026-08-29 23:35:15,592: +PARAM [/camera_calib/image_processing/preprocessing/normalize] by /roslaunch
[rosmaster.master][INFO] 2026-08-29 23:35:15,592: +PARAM [/camera_calib/image_processing/preprocessing/mean] by /roslaunch
[rosmaster.master][INFO] 2026-08-29 23:35:15,592: +PARAM [/camera_calib/image_processing/preprocessing/std] by /roslaunch
[rosmaster.master][INFO] 2026-08-29 23:35:15,592: +PARAM [/camera_calib/image_processing/color_space] by /roslaunch
[rosmaster.master][INFO] 2026-08-29 23:35:15,593: +PARAM [/camera_calib/image_processing/roi/enabled] by /roslaunch
[rosmaster.master][INFO] 2026-08-29 23:35:15,593: +PARAM [/camera_calib/image_processing/roi/x] by /roslaunch
[rosmaster.master][INFO] 2026-08-29 23:35:15,593: +PARAM [/camera_calib/image_processing/roi/y] by /roslaunch
[rosmaster.master][INFO] 2026-08-29 23:35:15,593: +PARAM [/camera_calib/image_processing/roi/width] by /roslaunch
[rosmaster.master][INFO] 2026-08-29 23:35:15,593: +PARAM [/camera_calib/image_processing/roi/height] by /roslaunch
[rosmaster.master][INFO] 2026-08-29 23:35:15,593: +PARAM [/camera_calib/image_processing/augmentation/horizontal_flip] by /roslaunch
[rosmaster.master][INFO] 2026-08-29 23:35:15,594: +PARAM [/camera_calib/image_processing/augmentation/rotation] by /roslaunch
[rosmaster.master][INFO] 2026-08-29 23:35:15,594: +PARAM [/camera_calib/image_processing/augmentation/scale] by /roslaunch
[rosmaster.master][INFO] 2026-08-29 23:35:15,594: +PARAM [/camera_calib/image_processing/augmentation/brightness] by /roslaunch
[rosmaster.master][INFO] 2026-08-29 23:35:15,594: +PARAM [/camera_calib/stereo/enabled] by /roslaunch
[rosmaster.master][INFO] 2026-08-29 23:35:15,594: +PARAM [/camera_calib/stereo/baseline] by /roslaunch
[rosmaster.master][INFO] 2026-08-29 23:35:15,594: +PARAM [/camera_calib/stereo/depth/min_distance] by /roslaunch
[rosmaster.master][INFO] 2026-08-29 23:35:15,594: +PARAM [/camera_calib/stereo/depth/max_distance] by /roslaunch
[rosmaster.master][INFO] 2026-08-29 23:35:15,594: +PARAM [/camera_calib/stereo/depth/disparity_range] by /roslaunch
[rosmaster.master][INFO] 2026-08-29 23:35:15,594: +PARAM [/camera_calib/stereo/matching/algorithm] by /roslaunch
[rosmaster.master][INFO] 2026-08-29 23:35:15,594: +PARAM [/camera_calib/stereo/matching/num_disparities] by /roslaunch
[rosmaster.master][INFO] 2026-08-29 23:35:15,595: +PARAM [/camera_calib/stereo/matching/block_size] by /roslaunch
[rosmaster.master][INFO] 2026-08-29 23:35:15,595: +PARAM [/camera_calib/stereo/matching/p1] by /roslaunch
[rosmaster.master][INFO] 2026-08-29 23:35:15,595: +PARAM [/camera_calib/stereo/matching/p2] by /roslaunch
[rosmaster.master][INFO] 2026-08-29 23:35:15,595: +PARAM [/flight_control/pid/position/x/p] by /roslaunch
[rosmaster.master][INFO] 2026-08-29 23:35:15,595: +PARAM [/flight_control/pid/position/x/i] by /roslaunch
[rosmaster.master][INFO] 2026-08-29 23:35:15,595: +PARAM [/flight_control/pid/position/x/d] by /roslaunch
[rosmaster.master][INFO] 2026-08-29 23:35:15,595: +PARAM [/flight_control/pid/position/x/integral_clamp] by /roslaunch
[rosmaster.master][INFO] 2026-08-29 23:35:15,595: +PARAM [/flight_control/pid/position/y/p] by /roslaunch
[rosmaster.master][INFO] 2026-08-29 23:35:15,595: +PARAM [/flight_control/pid/position/y/i] by /roslaunch
[rosmaster.master][INFO] 2026-08-29 23:35:15,595: +PARAM [/flight_control/pid/position/y/d] by /roslaunch
[rosmaster.master][INFO] 2026-08-29 23:35:15,596: +PARAM [/flight_control/pid/position/y/integral_clamp] by /roslaunch
[rosmaster.master][INFO] 2026-08-29 23:35:15,596: +PARAM [/flight_control/pid/position/z/p] by /roslaunch
[rosmaster.master][INFO] 2026-08-29 23:35:15,596: +PARAM [/flight_control/pid/position/z/i] by /roslaunch
[rosmaster.master][INFO] 2026-08-29 23:35:15,596: +PARAM [/flight_control/pid/position/z/d] by /roslaunch
[rosmaster.master][INFO] 2026-08-29 23:35:15,596: +PARAM [/flight_control/pid/position/z/integral_clamp] by /roslaunch
[rosmaster.master][INFO] 2026-08-29 23:35:15,596: +PARAM [/flight_control/pid/velocity/x/p] by /roslaunch
[rosmaster.master][INFO] 2026-08-29 23:35:15,596: +PARAM [/flight_control/pid/velocity/x/i] by /roslaunch
[rosmaster.master][INFO] 2026-08-29 23:35:15,596: +PARAM [/flight_control/pid/velocity/x/d] by /roslaunch
[rosmaster.master][INFO] 2026-08-29 23:35:15,596: +PARAM [/flight_control/pid/velocity/y/p] by /roslaunch
[rosmaster.master][INFO] 2026-08-29 23:35:15,596: +PARAM [/flight_control/pid/velocity/y/i] by /roslaunch
[rosmaster.master][INFO] 2026-08-29 23:35:15,596: +PARAM [/flight_control/pid/velocity/y/d] by /roslaunch
[rosmaster.master][INFO] 2026-08-29 23:35:15,597: +PARAM [/flight_control/pid/velocity/z/p] by /roslaunch
[rosmaster.master][INFO] 2026-08-29 23:35:15,597: +PARAM [/flight_control/pid/velocity/z/i] by /roslaunch
[rosmaster.master][INFO] 2026-08-29 23:35:15,597: +PARAM [/flight_control/pid/velocity/z/d] by /roslaunch
[rosmaster.master][INFO] 2026-08-29 23:35:15,597: +PARAM [/flight_control/pid/attitude/roll/p] by /roslaunch
[rosmaster.master][INFO] 2026-08-29 23:35:15,597: +PARAM [/flight_control/pid/attitude/roll/i] by /roslaunch
[rosmaster.master][INFO] 2026-08-29 23:35:15,597: +PARAM [/flight_control/pid/attitude/roll/d] by /roslaunch
[rosmaster.master][INFO] 2026-08-29 23:35:15,597: +PARAM [/flight_control/pid/attitude/pitch/p] by /roslaunch
[rosmaster.master][INFO] 2026-08-29 23:35:15,597: +PARAM [/flight_control/pid/attitude/pitch/i] by /roslaunch
[rosmaster.master][INFO] 2026-08-29 23:35:15,597: +PARAM [/flight_control/pid/attitude/pitch/d] by /roslaunch
[rosmaster.master][INFO] 2026-08-29 23:35:15,597: +PARAM [/flight_control/pid/attitude/yaw/p] by /roslaunch
[rosmaster.master][INFO] 2026-08-29 23:35:15,598: +PARAM [/flight_control/pid/attitude/yaw/i] by /roslaunch
[rosmaster.master][INFO] 2026-08-29 23:35:15,598: +PARAM [/flight_control/pid/attitude/yaw/d] by /roslaunch
[rosmaster.master][INFO] 2026-08-29 23:35:15,598: +PARAM [/flight_control/pid/rate/roll/p] by /roslaunch
[rosmaster.master][INFO] 2026-08-29 23:35:15,598: +PARAM [/flight_control/pid/rate/roll/i] by /roslaunch
[rosmaster.master][INFO] 2026-08-29 23:35:15,598: +PARAM [/flight_control/pid/rate/roll/d] by /roslaunch
[rosmaster.master][INFO] 2026-08-29 23:35:15,598: +PARAM [/flight_control/pid/rate/pitch/p] by /roslaunch
[rosmaster.master][INFO] 2026-08-29 23:35:15,598: +PARAM [/flight_control/pid/rate/pitch/i] by /roslaunch
[rosmaster.master][INFO] 2026-08-29 23:35:15,598: +PARAM [/flight_control/pid/rate/pitch/d] by /roslaunch
[rosmaster.master][INFO] 2026-08-29 23:35:15,598: +PARAM [/flight_control/pid/rate/yaw/p] by /roslaunch
[rosmaster.master][INFO] 2026-08-29 23:35:15,598: +PARAM [/flight_control/pid/rate/yaw/i] by /roslaunch
[rosmaster.master][INFO] 2026-08-29 23:35:15,598: +PARAM [/flight_control/pid/rate/yaw/d] by /roslaunch
[rosmaster.master][INFO] 2026-08-29 23:35:15,599: +PARAM [/flight_control/dynamics/constraints/max_velocity] by /roslaunch
[rosmaster.master][INFO] 2026-08-29 23:35:15,599: +PARAM [/flight_control/dynamics/constraints/max_acceleration] by /roslaunch
[rosmaster.master][INFO] 2026-08-29 23:35:15,599: +PARAM [/flight_control/dynamics/constraints/max_yaw_rate] by /roslaunch
[rosmaster.master][INFO] 2026-08-29 23:35:15,599: +PARAM [/flight_control/dynamics/safety_margins/min_altitude] by /roslaunch
[rosmaster.master][INFO] 2026-08-29 23:35:15,599: +PARAM [/flight_control/dynamics/safety_margins/max_altitude] by /roslaunch
[rosmaster.master][INFO] 2026-08-29 23:35:15,599: +PARAM [/flight_control/dynamics/safety_margins/max_tilt] by /roslaunch
[rosmaster.master][INFO] 2026-08-29 23:35:15,599: +PARAM [/flight_control/dynamics/safety_margins/max_rotation_rate] by /roslaunch
[rosmaster.master][INFO] 2026-08-29 23:35:15,599: +PARAM [/flight_control/dynamics/vehicle/mass] by /roslaunch
[rosmaster.master][INFO] 2026-08-29 23:35:15,600: +PARAM [/flight_control/dynamics/vehicle/moment_of_inertia] by /roslaunch
[rosmaster.master][INFO] 2026-08-29 23:35:15,600: +PARAM [/flight_control/dynamics/vehicle/thrust_to_weight] by /roslaunch
[rosmaster.master][INFO] 2026-08-29 23:35:15,600: +PARAM [/flight_control/dynamics/vehicle/max_thrust] by /roslaunch
[rosmaster.master][INFO] 2026-08-29 23:35:15,600: +PARAM [/flight_control/mission/search_patterns/type] by /roslaunch
[rosmaster.master][INFO] 2026-08-29 23:35:15,600: +PARAM [/flight_control/mission/search_patterns/params/radius] by /roslaunch
[rosmaster.master][INFO] 2026-08-29 23:35:15,600: +PARAM [/flight_control/mission/search_patterns/params/spacing] by /roslaunch
[rosmaster.master][INFO] 2026-08-29 23:35:15,600: +PARAM [/flight_control/mission/search_patterns/params/altitude] by /roslaunch
[rosmaster.master][INFO] 2026-08-29 23:35:15,600: +PARAM [/flight_control/mission/engagement/mode] by /roslaunch
[rosmaster.master][INFO] 2026-08-29 23:35:15,600: +PARAM [/flight_control/mission/engagement/priority_high] by /roslaunch
[rosmaster.master][INFO] 2026-08-29 23:35:15,601: +PARAM [/flight_control/mission/engagement/priority_low] by /roslaunch
[rosmaster.master][INFO] 2026-08-29 23:35:15,601: +PARAM [/flight_control/mission/collision_avoidance/enable] by /roslaunch
[rosmaster.master][INFO] 2026-08-29 23:35:15,601: +PARAM [/flight_control/mission/collision_avoidance/min_distance] by /roslaunch
[rosmaster.master][INFO] 2026-08-29 23:35:15,601: +PARAM [/flight_control/mission/collision_avoidance/safety_margin] by /roslaunch
[rosmaster.master][INFO] 2026-08-29 23:35:15,601: +PARAM [/flight_control/mission/collision_avoidance/avoidance_method] by /roslaunch
[rosmaster.master][INFO] 2026-08-29 23:35:15,601: +PARAM [/flight_control/mission/waypoints/tolerance] by /roslaunch
[rosmaster.master][INFO] 2026-08-29 23:35:15,601: +PARAM [/flight_control/mission/waypoints/loiter_time] by /roslaunch
[rosmaster.master][INFO] 2026-08-29 23:35:15,601: +PARAM [/flight_control/mission/waypoints/approach_speed] by /roslaunch
[rosmaster.master][INFO] 2026-08-29 23:35:15,601: +PARAM [/flight_control/simulation/physics/enable_gravity] by /roslaunch
[rosmaster.master][INFO] 2026-08-29 23:35:15,602: +PARAM [/flight_control/simulation/physics/enable_wind] by /roslaunch
[rosmaster.master][INFO] 2026-08-29 23:35:15,602: +PARAM [/flight_control/simulation/physics/enable_turbulence] by /roslaunch
[rosmaster.master][INFO] 2026-08-29 23:35:15,602: +PARAM [/flight_control/simulation/environment/wind_speed] by /roslaunch
[rosmaster.master][INFO] 2026-08-29 23:35:15,602: +PARAM [/flight_control/simulation/environment/wind_direction] by /roslaunch
[rosmaster.master][INFO] 2026-08-29 23:35:15,602: +PARAM [/flight_control/simulation/environment/turbulence_intensity] by /roslaunch
[rosmaster.master][INFO] 2026-08-29 23:35:15,602: +PARAM [/flight_control/simulation/noise/sensor_noise] by /roslaunch
[rosmaster.master][INFO] 2026-08-29 23:35:15,603: +PARAM [/flight_control/simulation/noise/actuator_noise] by /roslaunch
[rosmaster.master][INFO] 2026-08-29 23:35:15,603: +PARAM [/flight_control/simulation/noise/time_delay] by /roslaunch
[rosmaster.master][INFO] 2026-08-29 23:35:15,603: +PARAM [/flight_control/simulation/speed/simulation_speed] by /roslaunch
[rosmaster.master][INFO] 2026-08-29 23:35:15,603: +PARAM [/flight_control/simulation/speed/real_time_factor] by /roslaunch
[rosmaster.master][INFO] 2026-08-29 23:35:15,603: +PARAM [/kalman_filter/kalman_filter/type] by /roslaunch
[rosmaster.master][INFO] 2026-08-29 23:35:15,603: +PARAM [/kalman_filter/kalman_filter/state_dim] by /roslaunch
[rosmaster.master][INFO] 2026-08-29 23:35:15,604: +PARAM [/kalman_filter/kalman_filter/measurement_dim] by /roslaunch
[rosmaster.master][INFO] 2026-08-29 23:35:15,604: +PARAM [/kalman_filter/kalman_filter/noise/process/position] by /roslaunch
[rosmaster.master][INFO] 2026-08-29 23:35:15,604: +PARAM [/kalman_filter/kalman_filter/noise/process/velocity] by /roslaunch
[rosmaster.master][INFO] 2026-08-29 23:35:15,604: +PARAM [/kalman_filter/kalman_filter/noise/process/acceleration] by /roslaunch
[rosmaster.master][INFO] 2026-08-29 23:35:15,604: +PARAM [/kalman_filter/kalman_filter/noise/measurement/position] by /roslaunch
[rosmaster.master][INFO] 2026-08-29 23:35:15,604: +PARAM [/kalman_filter/kalman_filter/parameters/dt] by /roslaunch
[rosmaster.master][INFO] 2026-08-29 23:35:15,604: +PARAM [/kalman_filter/kalman_filter/parameters/adaptive/enabled] by /roslaunch
[rosmaster.master][INFO] 2026-08-29 23:35:15,604: +PARAM [/kalman_filter/kalman_filter/parameters/adaptive/update_rate] by /roslaunch
[rosmaster.master][INFO] 2026-08-29 23:35:15,604: +PARAM [/kalman_filter/kalman_filter/parameters/adaptive/innovation_threshold] by /roslaunch
[rosmaster.master][INFO] 2026-08-29 23:35:15,604: +PARAM [/kalman_filter/kalman_filter/parameters/outlier_rejection/enabled] by /roslaunch
[rosmaster.master][INFO] 2026-08-29 23:35:15,604: +PARAM [/kalman_filter/kalman_filter/parameters/outlier_rejection/mahalanobis_threshold] by /roslaunch
[rosmaster.master][INFO] 2026-08-29 23:35:15,605: +PARAM [/kalman_filter/kalman_filter/parameters/outlier_rejection/gating] by /roslaunch
[rosmaster.master][INFO] 2026-08-29 23:35:15,605: +PARAM [/kalman_filter/kalman_filter/parameters/initialization/max_measurements] by /roslaunch
[rosmaster.master][INFO] 2026-08-29 23:35:15,605: +PARAM [/kalman_filter/kalman_filter/parameters/initialization/min_velocity_samples] by /roslaunch
[rosmaster.master][INFO] 2026-08-29 23:35:15,605: +PARAM [/kalman_filter/kalman_filter/parameters/convergence/max_iterations] by /roslaunch
[rosmaster.master][INFO] 2026-08-29 23:35:15,605: +PARAM [/kalman_filter/kalman_filter/parameters/convergence/epsilon] by /roslaunch
[rosmaster.master][INFO] 2026-08-29 23:35:15,605: +PARAM [/kalman_filter/kalman_filter/multi_target/enabled] by /roslaunch
[rosmaster.master][INFO] 2026-08-29 23:35:15,605: +PARAM [/kalman_filter/kalman_filter/multi_target/max_targets] by /roslaunch
[rosmaster.master][INFO] 2026-08-29 23:35:15,605: +PARAM [/kalman_filter/kalman_filter/multi_target/association/method] by /roslaunch
[rosmaster.master][INFO] 2026-08-29 23:35:15,606: +PARAM [/kalman_filter/kalman_filter/multi_target/association/gating/enabled] by /roslaunch
[rosmaster.master][INFO] 2026-08-29 23:35:15,606: +PARAM [/kalman_filter/kalman_filter/multi_target/association/gating/gate_size] by /roslaunch
[rosmaster.master][INFO] 2026-08-29 23:35:15,606: +PARAM [/kalman_filter/kalman_filter/multi_target/association/gating/dynamic_gating] by /roslaunch
[rosmaster.master][INFO] 2026-08-29 23:35:15,606: +PARAM [/kalman_filter/kalman_filter/multi_target/association/track_management/birth_probability] by /roslaunch
[rosmaster.master][INFO] 2026-08-29 23:35:15,606: +PARAM [/kalman_filter/kalman_filter/multi_target/association/track_management/death_threshold] by /roslaunch
[rosmaster.master][INFO] 2026-08-29 23:35:15,606: +PARAM [/kalman_filter/kalman_filter/multi_target/association/track_management/merge_threshold] by /roslaunch
[rosmaster.master][INFO] 2026-08-29 23:35:15,606: +PARAM [/kalman_filter/kalman_filter/multi_target/scoring/position_weight] by /roslaunch
[rosmaster.master][INFO] 2026-08-29 23:35:15,606: +PARAM [/kalman_filter/kalman_filter/multi_target/scoring/velocity_weight] by /roslaunch
[rosmaster.master][INFO] 2026-08-29 23:35:15,606: +PARAM [/kalman_filter/kalman_filter/multi_target/scoring/appearance_weight] by /roslaunch
[rosmaster.master][INFO] 2026-08-29 23:35:15,606: +PARAM [/kalman_filter/kalman_filter/multi_target/scoring/history_length] by /roslaunch
[rosmaster.master][INFO] 2026-08-29 23:35:15,607: +PARAM [/kalman_filter/sensor_fusion/sensors] by /roslaunch
[rosmaster.master][INFO] 2026-08-29 23:35:15,607: +PARAM [/kalman_filter/sensor_fusion/algorithms/type] by /roslaunch
[rosmaster.master][INFO] 2026-08-29 23:35:15,607: +PARAM [/kalman_filter/sensor_fusion/algorithms/centralized/measurement_dim] by /roslaunch
[rosmaster.master][INFO] 2026-08-29 23:35:15,607: +PARAM [/kalman_filter/sensor_fusion/algorithms/track_to_track/covariance_intersection] by /roslaunch
[rosmaster.master][INFO] 2026-08-29 23:35:15,607: +PARAM [/kalman_filter/sensor_fusion/algorithms/track_to_track/gamma] by /roslaunch
[rosmaster.master][INFO] 2026-08-29 23:35:15,607: +PARAM [/system_params/ros/master/uri] by /roslaunch
[rosmaster.master][INFO] 2026-08-29 23:35:15,607: +PARAM [/system_params/ros/master/timeout] by /roslaunch
[rosmaster.master][INFO] 2026-08-29 23:35:15,607: +PARAM [/system_params/ros/node/name] by /roslaunch
[rosmaster.master][INFO] 2026-08-29 23:35:15,607: +PARAM [/system_params/ros/node/namespace] by /roslaunch
[rosmaster.master][INFO] 2026-08-29 23:35:15,607: +PARAM [/system_params/ros/topics/camera_image] by /roslaunch
[rosmaster.master][INFO] 2026-08-29 23:35:15,608: +PARAM [/system_params/ros/topics/camera_info] by /roslaunch
[rosmaster.master][INFO] 2026-08-29 23:35:15,608: +PARAM [/system_params/ros/topics/vehicle_state] by /roslaunch
[rosmaster.master][INFO] 2026-08-29 23:35:15,608: +PARAM [/system_params/ros/topics/vehicle_position] by /roslaunch
[rosmaster.master][INFO] 2026-08-29 23:35:15,608: +PARAM [/system_params/ros/topics/vehicle_velocity] by /roslaunch
[rosmaster.master][INFO] 2026-08-29 23:35:15,608: +PARAM [/system_params/ros/topics/vehicle_attitude] by /roslaunch
[rosmaster.master][INFO] 2026-08-29 23:35:15,608: +PARAM [/system_params/ros/topics/battery_status] by /roslaunch
[rosmaster.master][INFO] 2026-08-29 23:35:15,608: +PARAM [/system_params/ros/topics/detection_output] by /roslaunch
[rosmaster.master][INFO] 2026-08-29 23:35:15,608: +PARAM [/system_params/ros/topics/tracked_targets] by /roslaunch
[rosmaster.master][INFO] 2026-08-29 23:35:15,608: +PARAM [/system_params/ros/topics/control_command] by /roslaunch
[rosmaster.master][INFO] 2026-08-29 23:35:15,608: +PARAM [/system_params/ros/topics/safety_status] by /roslaunch
[rosmaster.master][INFO] 2026-08-29 23:35:15,608: +PARAM [/system_params/ros/topics/diagnostic_status] by /roslaunch
[rosmaster.master][INFO] 2026-08-29 23:35:15,609: +PARAM [/system_params/ros/topics/debug_info] by /roslaunch
[rosmaster.master][INFO] 2026-08-29 23:35:15,609: +PARAM [/system_params/ros/topics/performance_metrics] by /roslaunch
[rosmaster.master][INFO] 2026-08-29 23:35:15,609: +PARAM [/system_params/ros/topics/test_results] by /roslaunch
[rosmaster.master][INFO] 2026-08-29 23:35:15,609: +PARAM [/system_params/ros/topics/test_status] by /roslaunch
[rosmaster.master][INFO] 2026-08-29 23:35:15,609: +PARAM [/system_params/logging/level] by /roslaunch
[rosmaster.master][INFO] 2026-08-29 23:35:15,609: +PARAM [/system_params/logging/outputs/console] by /roslaunch
[rosmaster.master][INFO] 2026-08-29 23:35:15,609: +PARAM [/system_params/logging/outputs/file] by /roslaunch
[rosmaster.master][INFO] 2026-08-29 23:35:15,609: +PARAM [/system_params/logging/outputs/rosout] by /roslaunch
[rosmaster.master][INFO] 2026-08-29 23:35:15,609: +PARAM [/system_params/logging/file/directory] by /roslaunch
[rosmaster.master][INFO] 2026-08-29 23:35:15,610: +PARAM [/system_params/logging/file/max_size] by /roslaunch
[rosmaster.master][INFO] 2026-08-29 23:35:15,610: +PARAM [/system_params/logging/file/max_files] by /roslaunch
[rosmaster.master][INFO] 2026-08-29 23:35:15,610: +PARAM [/system_params/logging/file/format] by /roslaunch
[rosmaster.master][INFO] 2026-08-29 23:35:15,610: +PARAM [/system_params/logging/performance/enabled] by /roslaunch
[rosmaster.master][INFO] 2026-08-29 23:35:15,610: +PARAM [/system_params/logging/performance/interval] by /roslaunch
[rosmaster.master][INFO] 2026-08-29 23:35:15,610: +PARAM [/system_params/logging/performance/metrics] by /roslaunch
[rosmaster.master][INFO] 2026-08-29 23:35:15,610: +PARAM [/system_params/logging/performance/output_file] by /roslaunch
[rosmaster.master][INFO] 2026-08-29 23:35:15,610: +PARAM [/system_params/safety/geofence/enabled] by /roslaunch
[rosmaster.master][INFO] 2026-08-29 23:35:15,610: +PARAM [/system_params/safety/geofence/shape] by /roslaunch
[rosmaster.master][INFO] 2026-08-29 23:35:15,611: +PARAM [/system_params/safety/geofence/radius] by /roslaunch
[rosmaster.master][INFO] 2026-08-29 23:35:15,611: +PARAM [/system_params/safety/geofence/height] by /roslaunch
[rosmaster.master][INFO] 2026-08-29 23:35:15,611: +PARAM [/system_params/safety/emergency/action] by /roslaunch
[rosmaster.master][INFO] 2026-08-29 23:35:15,611: +PARAM [/system_params/safety/emergency/altitude_min] by /roslaunch
[rosmaster.master][INFO] 2026-08-29 23:35:15,611: +PARAM [/system_params/safety/emergency/altitude_max] by /roslaunch
[rosmaster.master][INFO] 2026-08-29 23:35:15,611: +PARAM [/system_params/safety/failsafe/battery_critical] by /roslaunch
[rosmaster.master][INFO] 2026-08-29 23:35:15,611: +PARAM [/system_params/safety/failsafe/lost_connection] by /roslaunch
[rosmaster.master][INFO] 2026-08-29 23:35:15,611: +PARAM [/system_params/safety/failsafe/gps_failure] by /roslaunch
[rosmaster.master][INFO] 2026-08-29 23:35:15,612: +PARAM [/system_params/safety/failsafe/sensor_failure] by /roslaunch
[rosmaster.master][INFO] 2026-08-29 23:35:15,612: +PARAM [/system_params/safety/failsafe/exceeded_geofence] by /roslaunch
[rosmaster.master][INFO] 2026-08-29 23:35:15,612: +PARAM [/system_params/safety/health/check_interval] by /roslaunch
[rosmaster.master][INFO] 2026-08-29 23:35:15,612: +PARAM [/system_params/safety/health/restart_on_failure] by /roslaunch
[rosmaster.master][INFO] 2026-08-29 23:35:15,612: +PARAM [/system_params/safety/health/max_restarts] by /roslaunch
[rosmaster.master][INFO] 2026-08-29 23:35:15,612: +PARAM [/system_params/safety/health/restart_delay] by /roslaunch
[rosmaster.master][INFO] 2026-08-29 23:35:15,612: +PARAM [/system_params/performance/threads/detection_pool] by /roslaunch
[rosmaster.master][INFO] 2026-08-29 23:35:15,612: +PARAM [/system_params/performance/threads/control_pool] by /roslaunch
[rosmaster.master][INFO] 2026-08-29 23:35:15,612: +PARAM [/system_params/performance/queues/input_queue_size] by /roslaunch
[rosmaster.master][INFO] 2026-08-29 23:35:15,612: +PARAM [/system_params/performance/queues/output_queue_size] by /roslaunch
[rosmaster.master][INFO] 2026-08-29 23:35:15,612: +PARAM [/system_params/performance/memory/cache_images] by /roslaunch
[rosmaster.master][INFO] 2026-08-29 23:35:15,613: +PARAM [/system_params/performance/memory/max_cache_size] by /roslaunch
[rosmaster.master][INFO] 2026-08-29 23:35:15,613: +PARAM [/system_params/performance/memory/max_cached_messages] by /roslaunch
[rosmaster.master][INFO] 2026-08-29 23:35:15,613: +PARAM [/system_params/performance/timing/use_sim_time] by /roslaunch
[rosmaster.master][INFO] 2026-08-29 23:35:15,613: +PARAM [/system_params/performance/timing/publish_rate] by /roslaunch
[rosmaster.master][INFO] 2026-08-29 23:35:15,613: +PARAM [/system_params/performance/timing/control_rate] by /roslaunch
[rosmaster.master][INFO] 2026-08-29 23:35:15,613: +PARAM [/system_params/network/px4/udp_port] by /roslaunch
[rosmaster.master][INFO] 2026-08-29 23:35:15,613: +PARAM [/system_params/network/px4/tcp_port] by /roslaunch
[rosmaster.master][INFO] 2026-08-29 23:35:15,613: +PARAM [/system_params/network/px4/heartbeat_rate] by /roslaunch
[rosmaster.master][INFO] 2026-08-29 23:35:15,613: +PARAM [/system_params/network/mavros/fcu_url] by /roslaunch
[rosmaster.master][INFO] 2026-08-29 23:35:15,614: +PARAM [/system_params/network/mavros/gcs_url] by /roslaunch
[rosmaster.master][INFO] 2026-08-29 23:35:15,614: +PARAM [/system_params/network/timeout] by /roslaunch
[rosmaster.master][INFO] 2026-08-29 23:35:15,614: +PARAM [/system_params/network/reconnect_attempts] by /roslaunch
[rosmaster.master][INFO] 2026-08-29 23:35:15,614: +PARAM [/system_params/network/reconnect_delay] by /roslaunch
[rosmaster.master][INFO] 2026-08-29 23:35:15,614: +PARAM [/system_params/performance/publish_rate] by /roslaunch
[rosmaster.master][INFO] 2026-08-29 23:35:15,614: +PARAM [/use_simulation] by /roslaunch
[rosmaster.master][INFO] 2026-08-29 23:35:15,614: +PARAM [/parameter_validator/config_dir] by /roslaunch
[rosmaster.master][INFO] 2026-08-29 23:35:15,614: +PARAM [/parameter_validator/validate_on_startup] by /roslaunch
[rosmaster.master][INFO] 2026-08-29 23:35:15,614: +PARAM [/mission_manager/mission_config] by /roslaunch
[rosmaster.master][INFO] 2026-08-29 23:35:15,614: +PARAM [/camera_calibration/simulation_mode] by /roslaunch
[rosmaster.master][INFO] 2026-08-29 23:35:15,615: +PARAM [/yolo_detector/model_path] by /roslaunch
[rosmaster.master][INFO] 2026-08-29 23:35:15,615: +PARAM [/yolo_detector/device] by /roslaunch
[rosmaster.master][INFO] 2026-08-29 23:35:15,615: +PARAM [/sensor_fusion/publish_rate] by /roslaunch
[rosmaster.master][INFO] 2026-08-29 23:35:15,615: +PARAM [/sensor_fusion/simulation_mode] by /roslaunch
[rosmaster.master][INFO] 2026-08-29 23:35:15,615: +PARAM [/target_tracking_controller/simulation_mode] by /roslaunch
[rosmaster.master][INFO] 2026-08-29 23:35:15,615: +PARAM [/vehicle_state_monitor/simulation_mode] by /roslaunch
[rosmaster.master][INFO] 2026-08-29 23:35:15,615: +PARAM [/safety_monitor/enable_geofence] by /roslaunch
[rosmaster.master][INFO] 2026-08-29 23:35:15,615: +PARAM [/safety_monitor/simulation_mode] by /roslaunch
[rosmaster.master][INFO] 2026-08-29 23:35:15,615: +PARAM [/system_health_monitor/monitoring_interval] by /roslaunch
[rosmaster.master][INFO] 2026-08-29 23:35:15,616: +PARAM [/system_health_monitor/critical_threshold_cpu] by /roslaunch
[rosmaster.master][INFO] 2026-08-29 23:35:15,616: +PARAM [/system_health_monitor/critical_threshold_memory] by /roslaunch
[rosmaster.master][INFO] 2026-08-29 23:35:15,616: +PARAM [/system_health_monitor/warning_threshold_cpu] by /roslaunch
[rosmaster.master][INFO] 2026-08-29 23:35:15,616: +PARAM [/system_health_monitor/warning_threshold_memory] by /roslaunch
[rosmaster.master][INFO] 2026-08-29 23:35:15,616: +PARAM [/system_health_monitor/enable_network_monitoring] by /roslaunch
[rosmaster.master][INFO] 2026-08-29 23:35:15,616: +PARAM [/system_health_monitor/enable_disk_monitoring] by /roslaunch
[rosmaster.master][INFO] 2026-08-29 23:35:15,616: +PARAM [/system_health_monitor/enable_process_monitoring] by /roslaunch
[rosmaster.master][INFO] 2026-08-29 23:35:15,616: +PARAM [/health_checker/monitored_nodes] by /roslaunch
[rosmaster.master][INFO] 2026-08-29 23:35:15,616: +PARAM [/health_checker/check_interval] by /roslaunch
[rosmaster.master][INFO] 2026-08-29 23:35:15,616: +PARAM [/health_checker/timeout_threshold] by /roslaunch
[rosmaster.master][INFO] 2026-08-29 23:35:15,617: +PARAM [/health_checker/restart_on_failure] by /roslaunch
[rosmaster.master][INFO] 2026-08-29 23:35:15,617: +PARAM [/health_checker/max_restarts] by /roslaunch
[rosmaster.master][INFO] 2026-08-29 23:35:15,853: +SERVICE [/rosout/get_loggers] /rosout http://localhost:34755/
[rosmaster.master][INFO] 2026-08-29 23:35:15,854: +SERVICE [/rosout/set_logger_level] /rosout http://localhost:34755/
[rosmaster.master][INFO] 2026-08-29 23:35:15,877: +PUB [/rosout_agg] /rosout http://localhost:34755/
[rosmaster.master][INFO] 2026-08-29 23:35:15,958: +SUB [/rosout] /rosout http://localhost:34755/
[rosmaster.master][INFO] 2026-08-29 23:35:19,264: +PUB [/rosout] /mission_manager http://localhost:33085/
[rosmaster.master][INFO] 2026-08-29 23:35:19,267: publisherUpdate[/rosout] -> http://localhost:34755/ ['http://localhost:33085/']
[rosmaster.master][INFO] 2026-08-29 23:35:19,340: +SERVICE [/mission_manager/get_loggers] /mission_manager http://localhost:33085/
[rosmaster.master][INFO] 2026-08-29 23:35:19,344: +SERVICE [/mission_manager/set_logger_level] /mission_manager http://localhost:33085/
[rosmaster.master][INFO] 2026-08-29 23:35:19,366: +PUB [/mission_status] /mission_manager http://localhost:33085/
[rosmaster.master][INFO] 2026-08-29 23:35:19,371: +PUB [/mission_manager/node_health] /mission_manager http://localhost:33085/
[rosmaster.master][INFO] 2026-08-29 23:35:19,377: +SUB [/drone_control/command] /mission_manager http://localhost:33085/
[rosmaster.master][INFO] 2026-08-29 23:35:19,381: publisherUpdate[/rosout] -> http://localhost:34755/ ['http://localhost:33085/']: sec=0.11, result=[1, '', 0]
[rosmaster.master][INFO] 2026-08-29 23:35:19,439: +SUB [/safety_status] /mission_manager http://localhost:33085/
[rosmaster.master][INFO] 2026-08-29 23:35:19,446: +SUB [/tracked_targets] /mission_manager http://localhost:33085/
[rosmaster.master][INFO] 2026-08-29 23:35:19,451: +CACHEDPARAM [/rosout_disable_topics_generation] by /mission_manager
[rosmaster.master][INFO] 2026-08-29 23:35:19,458: +PUB [/rosout] /command_interpreter http://localhost:45781/
[rosmaster.master][INFO] 2026-08-29 23:35:19,458: publisherUpdate[/rosout] -> http://localhost:34755/ ['http://localhost:33085/', 'http://localhost:45781/']
[rosmaster.master][INFO] 2026-08-29 23:35:19,468: publisherUpdate[/rosout] -> http://localhost:34755/ ['http://localhost:33085/', 'http://localhost:45781/']: sec=0.01, result=[1, '', 0]
[rosmaster.master][INFO] 2026-08-29 23:35:19,475: +SERVICE [/command_interpreter/get_loggers] /command_interpreter http://localhost:45781/
[rosmaster.master][INFO] 2026-08-29 23:35:19,479: +SERVICE [/command_interpreter/set_logger_level] /command_interpreter http://localhost:45781/
[rosmaster.master][INFO] 2026-08-29 23:35:19,483: +SUB [/drone_control/command] /command_interpreter http://localhost:45781/
[rosmaster.master][INFO] 2026-08-29 23:35:19,533: +PUB [/drone_control/command_response] /command_interpreter http://localhost:45781/
[rosmaster.master][INFO] 2026-08-29 23:35:19,541: +PUB [/command_interpreter/node_health] /command_interpreter http://localhost:45781/
[rosmaster.master][INFO] 2026-08-29 23:35:19,551: +CACHEDPARAM [/rosout_disable_topics_generation] by /command_interpreter
[rosmaster.master][INFO] 2026-08-29 23:35:19,568: +PUB [/rosout] /parameter_validator http://localhost:36607/
[rosmaster.master][INFO] 2026-08-29 23:35:19,573: publisherUpdate[/rosout] -> http://localhost:34755/ ['http://localhost:33085/', 'http://localhost:45781/', 'http://localhost:36607/']
[rosmaster.master][INFO] 2026-08-29 23:35:19,641: +SERVICE [/parameter_validator/get_loggers] /parameter_validator http://localhost:36607/
[rosmaster.master][INFO] 2026-08-29 23:35:19,646: +SERVICE [/parameter_validator/set_logger_level] /parameter_validator http://localhost:36607/
[rosmaster.master][INFO] 2026-08-29 23:35:19,647: publisherUpdate[/rosout] -> http://localhost:34755/ ['http://localhost:33085/', 'http://localhost:45781/', 'http://localhost:36607/']: sec=0.07, result=[1, '', 0]
[rosmaster.master][INFO] 2026-08-29 23:35:19,654: +PUB [/rosout] /camera_calibration http://localhost:38587/
[rosmaster.master][INFO] 2026-08-29 23:35:19,658: publisherUpdate[/rosout] -> http://localhost:34755/ ['http://localhost:33085/', 'http://localhost:45781/', 'http://localhost:36607/', 'http://localhost:38587/']
[rosmaster.master][INFO] 2026-08-29 23:35:19,660: publisherUpdate[/rosout] -> http://localhost:34755/ ['http://localhost:33085/', 'http://localhost:45781/', 'http://localhost:36607/', 'http://localhost:38587/']: sec=0.00, result=[1, '', 0]
[rosmaster.master][INFO] 2026-08-29 23:35:19,667: +CACHEDPARAM [/rosout/omit_topics] by /rosout
[rosmaster.master][INFO] 2026-08-29 23:35:19,681: +SERVICE [/camera_calibration/get_loggers] /camera_calibration http://localhost:38587/
[rosmaster.master][INFO] 2026-08-29 23:35:19,684: +SERVICE [/camera_calibration/set_logger_level] /camera_calibration http://localhost:38587/
[rosmaster.master][INFO] 2026-08-29 23:35:19,739: +PUB [/camera/camera_info] /camera_calibration http://localhost:38587/
[rosmaster.master][INFO] 2026-08-29 23:35:19,743: +PUB [/tf] /camera_calibration http://localhost:38587/
[rosmaster.master][INFO] 2026-08-29 23:35:19,746: +PUB [/rosout] /sensor_fusion http://localhost:34615/
[rosmaster.master][INFO] 2026-08-29 23:35:19,749: +CACHEDPARAM [/rosout_disable_topics_generation] by /camera_calibration
[rosmaster.master][INFO] 2026-08-29 23:35:19,752: publisherUpdate[/rosout] -> http://localhost:34755/ ['http://localhost:33085/', 'http://localhost:45781/', 'http://localhost:36607/', 'http://localhost:38587/', 'http://localhost:34615/']
[rosmaster.master][INFO] 2026-08-29 23:35:19,761: publisherUpdate[/rosout] -> http://localhost:34755/ ['http://localhost:33085/', 'http://localhost:45781/', 'http://localhost:36607/', 'http://localhost:38587/', 'http://localhost:34615/']: sec=0.01, result=[1, '', 0]
[rosmaster.master][INFO] 2026-08-29 23:35:19,763: +SERVICE [/sensor_fusion/get_loggers] /sensor_fusion http://localhost:34615/
[rosmaster.master][INFO] 2026-08-29 23:35:19,767: +SERVICE [/sensor_fusion/set_logger_level] /sensor_fusion http://localhost:34615/
[rosmaster.master][INFO] 2026-08-29 23:35:19,788: +SUB [/mavros/imu/data] /sensor_fusion http://localhost:34615/
[rosmaster.master][INFO] 2026-08-29 23:35:19,835: +SUB [/mavros/global_position/global] /sensor_fusion http://localhost:34615/
[rosmaster.master][INFO] 2026-08-29 23:35:19,840: +CACHEDPARAM [/rosout_disable_topics_generation] by /parameter_validator
[rosmaster.master][INFO] 2026-08-29 23:35:19,842: +SUB [/mavros/local_position/pose] /sensor_fusion http://localhost:34615/
[rosmaster.master][INFO] 2026-08-29 23:35:19,846: +CACHEDPARAM [/rosout_disable_topics_generation] by /parameter_validator
[rosmaster.master][INFO] 2026-08-29 23:35:19,846: +PUB [/sensor_fusion/node_health] /sensor_fusion http://localhost:34615/
[rosmaster.master][INFO] 2026-08-29 23:35:19,850: +CACHEDPARAM [/rosout_disable_topics_generation] by /sensor_fusion
[rosmaster.master][INFO] 2026-08-29 23:35:19,891: +PUB [/rosout] /vehicle_state_monitor http://localhost:36103/
[rosmaster.master][INFO] 2026-08-29 23:35:19,903: +SERVICE [/vehicle_state_monitor/get_loggers] /vehicle_state_monitor http://localhost:36103/
[rosmaster.master][INFO] 2026-08-29 23:35:19,905: +SERVICE [/vehicle_state_monitor/set_logger_level] /vehicle_state_monitor http://localhost:36103/
[rosmaster.master][INFO] 2026-08-29 23:35:19,935: +SUB [/mavros/state] /vehicle_state_monitor http://localhost:36103/
[rosmaster.master][INFO] 2026-08-29 23:35:19,939: +SUB [/mavros/battery] /vehicle_state_monitor http://localhost:36103/
[rosmaster.master][INFO] 2026-08-29 23:35:19,941: publisherUpdate[/rosout] -> http://localhost:34755/ ['http://localhost:33085/', 'http://localhost:45781/', 'http://localhost:36607/', 'http://localhost:38587/', 'http://localhost:34615/', 'http://localhost:36103/']
[rosmaster.master][INFO] 2026-08-29 23:35:19,943: publisherUpdate[/rosout] -> http://localhost:34755/ ['http://localhost:33085/', 'http://localhost:45781/', 'http://localhost:36607/', 'http://localhost:38587/', 'http://localhost:34615/', 'http://localhost:36103/']: sec=0.00, result=[1, '', 0]
[rosmaster.master][INFO] 2026-08-29 23:35:19,950: +SUB [/mavros/local_position/velocity] /vehicle_state_monitor http://localhost:36103/
[rosmaster.master][INFO] 2026-08-29 23:35:19,953: +PUB [/drone_status] /vehicle_state_monitor http://localhost:36103/
[rosmaster.master][INFO] 2026-08-29 23:35:19,956: +PUB [/diagnostic_status] /vehicle_state_monitor http://localhost:36103/
[rosmaster.master][INFO] 2026-08-29 23:35:19,958: +PUB [/vehicle_state_monitor/node_health] /vehicle_state_monitor http://localhost:36103/
[rosmaster.master][INFO] 2026-08-29 23:35:19,960: +PUB [/battery_percentage] /vehicle_state_monitor http://localhost:36103/
[rosmaster.master][INFO] 2026-08-29 23:35:19,962: +SERVICE [/drone_emergency_stop] /vehicle_state_monitor http://localhost:36103/
[rosmaster.master][INFO] 2026-08-29 23:35:19,966: +SERVICE [/drone_arm] /vehicle_state_monitor http://localhost:36103/
[rosmaster.master][INFO] 2026-08-29 23:35:19,970: +SERVICE [/drone_disarm] /vehicle_state_monitor http://localhost:36103/
[rosmaster.master][INFO] 2026-08-29 23:35:19,973: +SERVICE [/drone_get_status] /vehicle_state_monitor http://localhost:36103/
[rosmaster.master][INFO] 2026-08-29 23:35:20,040: +CACHEDPARAM [/rosout_disable_topics_generation] by /vehicle_state_monitor
[rosmaster.master][INFO] 2026-08-29 23:35:20,055: +PUB [/rosout] /health_checker http://localhost:45789/
[rosmaster.master][INFO] 2026-08-29 23:35:20,058: +PUB [/rosout] /system_health_monitor http://localhost:33747/
[rosmaster.master][INFO] 2026-08-29 23:35:20,062: publisherUpdate[/rosout] -> http://localhost:34755/ ['http://localhost:33085/', 'http://localhost:45781/', 'http://localhost:36607/', 'http://localhost:38587/', 'http://localhost:34615/', 'http://localhost:36103/', 'http://localhost:45789/']
[rosmaster.master][INFO] 2026-08-29 23:35:20,064: publisherUpdate[/rosout] -> http://localhost:34755/ ['http://localhost:33085/', 'http://localhost:45781/', 'http://localhost:36607/', 'http://localhost:38587/', 'http://localhost:34615/', 'http://localhost:36103/', 'http://localhost:45789/']: sec=0.00, result=[1, '', 0]
[rosmaster.master][INFO] 2026-08-29 23:35:20,064: publisherUpdate[/rosout] -> http://localhost:34755/ ['http://localhost:33085/', 'http://localhost:45781/', 'http://localhost:36607/', 'http://localhost:38587/', 'http://localhost:34615/', 'http://localhost:36103/', 'http://localhost:45789/', 'http://localhost:33747/']
[rosmaster.master][INFO] 2026-08-29 23:35:20,066: publisherUpdate[/rosout] -> http://localhost:34755/ ['http://localhost:33085/', 'http://localhost:45781/', 'http://localhost:36607/', 'http://localhost:38587/', 'http://localhost:34615/', 'http://localhost:36103/', 'http://localhost:45789/', 'http://localhost:33747/']: sec=0.00, result=[1, '', 0]
[rosmaster.master][INFO] 2026-08-29 23:35:20,070: +SERVICE [/health_checker/get_loggers] /health_checker http://localhost:45789/
[rosmaster.master][INFO] 2026-08-29 23:35:20,072: +SERVICE [/health_checker/set_logger_level] /health_checker http://localhost:45789/
[rosmaster.master][INFO] 2026-08-29 23:35:20,080: +SUB [/yolo_detector/node_health] /health_checker http://localhost:45789/
[rosmaster.master][INFO] 2026-08-29 23:35:20,131: +SUB [/target_tracking_controller/node_health] /health_checker http://localhost:45789/
[rosmaster.master][INFO] 2026-08-29 23:35:20,133: +SUB [/vehicle_state_monitor/node_health] /health_checker http://localhost:45789/
[rosmaster.master][INFO] 2026-08-29 23:35:20,139: +SUB [/mission_manager/node_health] /health_checker http://localhost:45789/
[rosmaster.master][INFO] 2026-08-29 23:35:20,140: +SERVICE [/system_health_monitor/get_loggers] /system_health_monitor http://localhost:33747/
[rosmaster.master][INFO] 2026-08-29 23:35:20,143: +SUB [/safety_monitor/node_health] /health_checker http://localhost:45789/
[rosmaster.master][INFO] 2026-08-29 23:35:20,147: +SERVICE [/system_health_monitor/set_logger_level] /system_health_monitor http://localhost:33747/
[rosmaster.master][INFO] 2026-08-29 23:35:20,148: +SUB [/command_interpreter/node_health] /health_checker http://localhost:45789/
[rosmaster.master][INFO] 2026-08-29 23:35:20,150: +PUB [/system_health] /health_checker http://localhost:45789/
[rosmaster.master][INFO] 2026-08-29 23:35:20,153: +SERVICE [/health/check_all] /health_checker http://localhost:45789/
[rosmaster.master][INFO] 2026-08-29 23:35:20,155: +SERVICE [/health/restart_node] /health_checker http://localhost:45789/
[rosmaster.master][INFO] 2026-08-29 23:35:20,158: +CACHEDPARAM [/rosout_disable_topics_generation] by /health_checker
[rosmaster.master][INFO] 2026-08-29 23:35:20,234: +SUB [/health/check_all] /system_health_monitor http://localhost:33747/
[rosmaster.master][INFO] 2026-08-29 23:35:20,239: +PUB [/system_health] /system_health_monitor http://localhost:33747/
[rosmaster.master][INFO] 2026-08-29 23:35:20,244: +PUB [/diagnostic_status] /system_health_monitor http://localhost:33747/
[rosmaster.master][INFO] 2026-08-29 23:35:20,245: +PUB [/performance_metrics] /system_health_monitor http://localhost:33747/
[rosmaster.master][INFO] 2026-08-29 23:35:20,247: +PUB [/system_alert] /system_health_monitor http://localhost:33747/
[rosmaster.master][INFO] 2026-08-29 23:35:20,250: +CACHEDPARAM [/rosout_disable_topics_generation] by /system_health_monitor
[rosmaster.master][INFO] 2026-08-29 23:35:20,485: +PUB [/rosout] /safety_monitor http://localhost:37725/
[rosmaster.master][INFO] 2026-08-29 23:35:20,491: +SERVICE [/safety_monitor/get_loggers] /safety_monitor http://localhost:37725/
[rosmaster.master][INFO] 2026-08-29 23:35:20,493: +SERVICE [/safety_monitor/set_logger_level] /safety_monitor http://localhost:37725/
[rosmaster.master][INFO] 2026-08-29 23:35:20,500: +SUB [/mavros/local_position/pose] /safety_monitor http://localhost:37725/
[rosmaster.master][INFO] 2026-08-29 23:35:20,502: +SUB [/mavros/local_position/velocity] /safety_monitor http://localhost:37725/
[rosmaster.master][INFO] 2026-08-29 23:35:20,505: +SUB [/mavros/state] /safety_monitor http://localhost:37725/
[rosmaster.master][INFO] 2026-08-29 23:35:20,506: +PUB [/safety_status] /safety_monitor http://localhost:37725/
[rosmaster.master][INFO] 2026-08-29 23:35:20,507: +PUB [/safety_monitor/node_health] /safety_monitor http://localhost:37725/
[rosmaster.master][INFO] 2026-08-29 23:35:20,508: +PUB [/emergency_triggered] /safety_monitor http://localhost:37725/
[rosmaster.master][INFO] 2026-08-29 23:35:20,509: +SERVICE [/safety/geofence_enable] /safety_monitor http://localhost:37725/
[rosmaster.master][INFO] 2026-08-29 23:35:20,510: +SERVICE [/safety/geofence_disable] /safety_monitor http://localhost:37725/
[rosmaster.master][INFO] 2026-08-29 23:35:20,511: +SERVICE [/safety/check] /safety_monitor http://localhost:37725/
[rosmaster.master][INFO] 2026-08-29 23:35:20,513: +SERVICE [/safety/status] /safety_monitor http://localhost:37725/
[rosmaster.master][INFO] 2026-08-29 23:35:20,515: +CACHEDPARAM [/rosout_disable_topics_generation] by /safety_monitor
[rosmaster.master][INFO] 2026-08-29 23:35:20,517: +CACHEDPARAM [/rosout_disable_topics_generation] by /safety_monitor
[rosmaster.master][INFO] 2026-08-29 23:35:20,559: publisherUpdate[/rosout] -> http://localhost:34755/ ['http://localhost:33085/', 'http://localhost:45781/', 'http://localhost:36607/', 'http://localhost:38587/', 'http://localhost:34615/', 'http://localhost:36103/', 'http://localhost:45789/', 'http://localhost:33747/', 'http://localhost:37725/']
[rosmaster.master][INFO] 2026-08-29 23:35:20,561: publisherUpdate[/rosout] -> http://localhost:34755/ ['http://localhost:33085/', 'http://localhost:45781/', 'http://localhost:36607/', 'http://localhost:38587/', 'http://localhost:34615/', 'http://localhost:36103/', 'http://localhost:45789/', 'http://localhost:33747/', 'http://localhost:37725/']: sec=0.00, result=[1, '', 0]
[rosmaster.master][INFO] 2026-08-29 23:35:20,561: publisherUpdate[/safety_status] -> http://localhost:33085/ ['http://localhost:37725/']
[rosmaster.master][INFO] 2026-08-29 23:35:20,563: publisherUpdate[/safety_status] -> http://localhost:33085/ ['http://localhost:37725/']: sec=0.00, result=[1, '', 0]
[rosmaster.master][INFO] 2026-08-29 23:35:20,564: publisherUpdate[/safety_monitor/node_health] -> http://localhost:45789/ ['http://localhost:37725/']
[rosmaster.master][INFO] 2026-08-29 23:35:20,566: publisherUpdate[/safety_monitor/node_health] -> http://localhost:45789/ ['http://localhost:37725/']: sec=0.00, result=[1, '', 0]
[rosmaster.master][INFO] 2026-08-29 23:35:21,603: +PUB [/rosout] /target_tracking_controller http://localhost:35781/
[rosmaster.master][INFO] 2026-08-29 23:35:21,609: +SERVICE [/target_tracking_controller/get_loggers] /target_tracking_controller http://localhost:35781/
[rosmaster.master][INFO] 2026-08-29 23:35:21,610: +SERVICE [/target_tracking_controller/set_logger_level] /target_tracking_controller http://localhost:35781/
[rosmaster.master][INFO] 2026-08-29 23:35:21,616: +SUB [/mavros/local_position/odom] /target_tracking_controller http://localhost:35781/
[rosmaster.master][INFO] 2026-08-29 23:35:21,617: +SUB [/detected_objects] /target_tracking_controller http://localhost:35781/
[rosmaster.master][INFO] 2026-08-29 23:35:21,620: +SUB [/mavros/state] /target_tracking_controller http://localhost:35781/
[rosmaster.master][INFO] 2026-08-29 23:35:21,622: +SUB [/mission_status] /target_tracking_controller http://localhost:35781/
[rosmaster.master][INFO] 2026-08-29 23:35:21,623: +PUB [/tracked_targets] /target_tracking_controller http://localhost:35781/
[rosmaster.master][INFO] 2026-08-29 23:35:21,625: +PUB [/mavros/setpoint_velocity/cmd_vel_unstamped] /target_tracking_controller http://localhost:35781/
[rosmaster.master][INFO] 2026-08-29 23:35:21,627: +PUB [/mavros/setpoint_raw/local] /target_tracking_controller http://localhost:35781/
[rosmaster.master][INFO] 2026-08-29 23:35:21,630: +PUB [/target_tracking_controller/node_health] /target_tracking_controller http://localhost:35781/
[rosmaster.master][INFO] 2026-08-29 23:35:21,647: publisherUpdate[/rosout] -> http://localhost:34755/ ['http://localhost:33085/', 'http://localhost:45781/', 'http://localhost:36607/', 'http://localhost:38587/', 'http://localhost:34615/', 'http://localhost:36103/', 'http://localhost:45789/', 'http://localhost:33747/', 'http://localhost:37725/', 'http://localhost:35781/']
[rosmaster.master][INFO] 2026-08-29 23:35:21,649: publisherUpdate[/rosout] -> http://localhost:34755/ ['http://localhost:33085/', 'http://localhost:45781/', 'http://localhost:36607/', 'http://localhost:38587/', 'http://localhost:34615/', 'http://localhost:36103/', 'http://localhost:45789/', 'http://localhost:33747/', 'http://localhost:37725/', 'http://localhost:35781/']: sec=0.00, result=[1, '', 0]
[rosmaster.master][INFO] 2026-08-29 23:35:21,649: publisherUpdate[/tracked_targets] -> http://localhost:33085/ ['http://localhost:35781/']
[rosmaster.master][INFO] 2026-08-29 23:35:21,652: publisherUpdate[/tracked_targets] -> http://localhost:33085/ ['http://localhost:35781/']: sec=0.00, result=[1, '', 0]
[rosmaster.master][INFO] 2026-08-29 23:35:21,652: publisherUpdate[/target_tracking_controller/node_health] -> http://localhost:45789/ ['http://localhost:35781/']
[rosmaster.master][INFO] 2026-08-29 23:35:21,655: publisherUpdate[/target_tracking_controller/node_health] -> http://localhost:45789/ ['http://localhost:35781/']: sec=0.00, result=[1, '', 0]
[rosmaster.master][INFO] 2026-08-29 23:35:23,749: +CACHEDPARAM [/rosout_disable_topics_generation] by /target_tracking_controller
[rosmaster.master][INFO] 2026-08-29 23:35:25,166: +CACHEDPARAM [/rosout_disable_topics_generation] by /health_checker
[rosmaster.master][INFO] 2026-08-29 23:35:25,168: +CACHEDPARAM [/rosout_disable_topics_generation] by /health_checker
[rosmaster.master][INFO] 2026-08-29 23:35:25,169: +CACHEDPARAM [/rosout_disable_topics_generation] by /health_checker
[rosmaster.master][INFO] 2026-08-29 23:35:25,868: +CACHEDPARAM [/rosout_disable_topics_generation] by /target_tracking_controller
[rosmaster.master][INFO] 2026-08-29 23:35:25,871: +CACHEDPARAM [/rosout_disable_topics_generation] by /target_tracking_controller
[rosmaster.master][INFO] 2026-08-29 23:35:25,899: +PUB [/rosout] /yolo_detector http://localhost:40091/
[rosmaster.master][INFO] 2026-08-29 23:35:25,903: +SERVICE [/yolo_detector/get_loggers] /yolo_detector http://localhost:40091/
[rosmaster.master][INFO] 2026-08-29 23:35:25,904: +SERVICE [/yolo_detector/set_logger_level] /yolo_detector http://localhost:40091/
[rosmaster.master][INFO] 2026-08-29 23:35:25,909: +PUB [/yolo_detector/node_health] /yolo_detector http://localhost:40091/
[rosmaster.master][INFO] 2026-08-29 23:35:25,911: +SUB [/drone_control/command] /yolo_detector http://localhost:40091/
[rosmaster.master][INFO] 2026-08-29 23:35:25,912: +PUB [/command_response] /yolo_detector http://localhost:40091/
[rosmaster.master][INFO] 2026-08-29 23:35:25,914: +SUB [/mission_status] /yolo_detector http://localhost:40091/
[rosmaster.master][INFO] 2026-08-29 23:35:25,915: +CACHEDPARAM [/rosout_disable_topics_generation] by /yolo_detector
[rosmaster.master][INFO] 2026-08-29 23:35:25,975: publisherUpdate[/rosout] -> http://localhost:34755/ ['http://localhost:33085/', 'http://localhost:45781/', 'http://localhost:36607/', 'http://localhost:38587/', 'http://localhost:34615/', 'http://localhost:36103/', 'http://localhost:45789/', 'http://localhost:33747/', 'http://localhost:37725/', 'http://localhost:35781/', 'http://localhost:40091/']
[rosmaster.master][INFO] 2026-08-29 23:35:25,975: publisherUpdate[/yolo_detector/node_health] -> http://localhost:45789/ ['http://localhost:40091/']
[rosmaster.master][INFO] 2026-08-29 23:35:25,979: publisherUpdate[/rosout] -> http://localhost:34755/ ['http://localhost:33085/', 'http://localhost:45781/', 'http://localhost:36607/', 'http://localhost:38587/', 'http://localhost:34615/', 'http://localhost:36103/', 'http://localhost:45789/', 'http://localhost:33747/', 'http://localhost:37725/', 'http://localhost:35781/', 'http://localhost:40091/']: sec=0.00, result=[1, '', 0]
[rosmaster.master][INFO] 2026-08-29 23:35:25,980: publisherUpdate[/yolo_detector/node_health] -> http://localhost:45789/ ['http://localhost:40091/']: sec=0.00, result=[1, '', 0]
[rosmaster.master][INFO] 2026-08-29 23:35:26,227: +CACHEDPARAM [/rosout_disable_topics_generation] by /yolo_detector
[rosmaster.master][INFO] 2026-08-29 23:35:26,231: +SUB [/camera/color/image_raw] /yolo_detector http://localhost:40091/
[rosmaster.master][INFO] 2026-08-29 23:35:26,232: +PUB [/detected_objects] /yolo_detector http://localhost:40091/
[rosmaster.master][INFO] 2026-08-29 23:35:26,234: +CACHEDPARAM [/rosout_disable_topics_generation] by /yolo_detector
[rosmaster.master][INFO] 2026-08-29 23:35:26,236: +CACHEDPARAM [/rosout_disable_topics_generation] by /yolo_detector
[rosmaster.master][INFO] 2026-08-29 23:35:26,278: publisherUpdate[/detected_objects] -> http://localhost:35781/ ['http://localhost:40091/']
[rosmaster.master][INFO] 2026-08-29 23:35:26,281: publisherUpdate[/detected_objects] -> http://localhost:35781/ ['http://localhost:40091/']: sec=0.00, result=[1, '', 0]
[rosmaster.master][INFO] 2026-08-29 23:54:29,615: -SUB [/yolo_detector/node_health] /health_checker http://localhost:45789/
[rosmaster.master][INFO] 2026-08-29 23:54:29,616: -SUB [/target_tracking_controller/node_health] /health_checker http://localhost:45789/
[rosmaster.master][INFO] 2026-08-29 23:54:29,616: -SUB [/vehicle_state_monitor/node_health] /health_checker http://localhost:45789/
[rosmaster.master][INFO] 2026-08-29 23:54:29,616: -SUB [/mission_manager/node_health] /health_checker http://localhost:45789/
[rosmaster.master][INFO] 2026-08-29 23:54:29,616: -SUB [/safety_monitor/node_health] /health_checker http://localhost:45789/
[rosmaster.master][INFO] 2026-08-29 23:54:29,617: -SUB [/command_interpreter/node_health] /health_checker http://localhost:45789/
[rosmaster.master][INFO] 2026-08-29 23:54:29,617: -PUB [/rosout] /health_checker http://localhost:45789/
[rosmaster.master][INFO] 2026-08-29 23:54:29,617: -PUB [/system_health] /health_checker http://localhost:45789/
[rosmaster.master][INFO] 2026-08-29 23:54:29,617: -SERVICE [/health_checker/get_loggers] /health_checker rosrpc://localhost:41493
[rosmaster.master][INFO] 2026-08-29 23:54:29,617: -SERVICE [/health_checker/set_logger_level] /health_checker rosrpc://localhost:41493
[rosmaster.master][INFO] 2026-08-29 23:54:29,617: -SERVICE [/health/check_all] /health_checker rosrpc://localhost:41493
[rosmaster.master][INFO] 2026-08-29 23:54:29,617: -SERVICE [/health/restart_node] /health_checker rosrpc://localhost:41493
[rosmaster.master][INFO] 2026-08-29 23:54:29,620: -SUB [/drone_control/command] /command_interpreter http://localhost:45781/
[rosmaster.master][INFO] 2026-08-29 23:54:29,621: -PUB [/rosout] /command_interpreter http://localhost:45781/
[rosmaster.master][INFO] 2026-08-29 23:54:29,621: -PUB [/drone_control/command_response] /command_interpreter http://localhost:45781/
[rosmaster.master][INFO] 2026-08-29 23:54:29,621: -PUB [/command_interpreter/node_health] /command_interpreter http://localhost:45781/
[rosmaster.master][INFO] 2026-08-29 23:54:29,621: -SERVICE [/command_interpreter/get_loggers] /command_interpreter rosrpc://localhost:32797
[rosmaster.master][INFO] 2026-08-29 23:54:29,623: -SERVICE [/command_interpreter/set_logger_level] /command_interpreter rosrpc://localhost:32797
[rosmaster.master][INFO] 2026-08-29 23:54:29,623: publisherUpdate[/rosout] -> http://localhost:34755/ ['http://localhost:33085/', 'http://localhost:45781/', 'http://localhost:36607/', 'http://localhost:38587/', 'http://localhost:34615/', 'http://localhost:36103/', 'http://localhost:33747/', 'http://localhost:37725/', 'http://localhost:35781/', 'http://localhost:40091/']
[rosmaster.master][INFO] 2026-08-29 23:54:29,631: -SUB [/mavros/local_position/pose] /safety_monitor http://localhost:37725/
[rosmaster.master][INFO] 2026-08-29 23:54:29,631: -SUB [/mavros/local_position/velocity] /safety_monitor http://localhost:37725/
[rosmaster.master][INFO] 2026-08-29 23:54:29,631: -SUB [/mavros/state] /safety_monitor http://localhost:37725/
[rosmaster.master][INFO] 2026-08-29 23:54:29,631: -PUB [/rosout] /safety_monitor http://localhost:37725/
[rosmaster.master][INFO] 2026-08-29 23:54:29,631: -PUB [/safety_status] /safety_monitor http://localhost:37725/
[rosmaster.master][INFO] 2026-08-29 23:54:29,631: -PUB [/safety_monitor/node_health] /safety_monitor http://localhost:37725/
[rosmaster.master][INFO] 2026-08-29 23:54:29,631: -PUB [/emergency_triggered] /safety_monitor http://localhost:37725/
[rosmaster.master][INFO] 2026-08-29 23:54:29,631: -SERVICE [/safety_monitor/get_loggers] /safety_monitor rosrpc://localhost:40587
[rosmaster.master][INFO] 2026-08-29 23:54:29,631: -SERVICE [/safety_monitor/set_logger_level] /safety_monitor rosrpc://localhost:40587
[rosmaster.master][INFO] 2026-08-29 23:54:29,632: -SERVICE [/safety/geofence_enable] /safety_monitor rosrpc://localhost:40587
[rosmaster.master][INFO] 2026-08-29 23:54:29,632: -SERVICE [/safety/geofence_disable] /safety_monitor rosrpc://localhost:40587
[rosmaster.master][INFO] 2026-08-29 23:54:29,632: -SERVICE [/safety/check] /safety_monitor rosrpc://localhost:40587
[rosmaster.master][INFO] 2026-08-29 23:54:29,633: -SERVICE [/safety/status] /safety_monitor rosrpc://localhost:40587
[rosmaster.master][INFO] 2026-08-29 23:54:29,634: -SUB [/drone_control/command] /mission_manager http://localhost:33085/
[rosmaster.master][INFO] 2026-08-29 23:54:29,634: -SUB [/safety_status] /mission_manager http://localhost:33085/
[rosmaster.master][INFO] 2026-08-29 23:54:29,634: -SUB [/tracked_targets] /mission_manager http://localhost:33085/
[rosmaster.master][INFO] 2026-08-29 23:54:29,634: -PUB [/rosout] /mission_manager http://localhost:33085/
[rosmaster.master][INFO] 2026-08-29 23:54:29,635: -PUB [/mission_status] /mission_manager http://localhost:33085/
[rosmaster.master][INFO] 2026-08-29 23:54:29,642: -SUB [/mavros/local_position/odom] /target_tracking_controller http://localhost:35781/
[rosmaster.master][INFO] 2026-08-29 23:54:29,642: -SUB [/detected_objects] /target_tracking_controller http://localhost:35781/
[rosmaster.master][INFO] 2026-08-29 23:54:29,642: -SUB [/mavros/state] /target_tracking_controller http://localhost:35781/
[rosmaster.master][INFO] 2026-08-29 23:54:29,642: -SUB [/mission_status] /target_tracking_controller http://localhost:35781/
[rosmaster.master][INFO] 2026-08-29 23:54:29,642: -PUB [/rosout] /target_tracking_controller http://localhost:35781/
[rosmaster.master][INFO] 2026-08-29 23:54:29,642: -PUB [/tracked_targets] /target_tracking_controller http://localhost:35781/
[rosmaster.master][INFO] 2026-08-29 23:54:29,643: -PUB [/mavros/setpoint_velocity/cmd_vel_unstamped] /target_tracking_controller http://localhost:35781/
[rosmaster.master][INFO] 2026-08-29 23:54:29,643: -PUB [/mavros/setpoint_raw/local] /target_tracking_controller http://localhost:35781/
[rosmaster.master][INFO] 2026-08-29 23:54:29,643: -PUB [/target_tracking_controller/node_health] /target_tracking_controller http://localhost:35781/
[rosmaster.master][INFO] 2026-08-29 23:54:29,643: -SERVICE [/target_tracking_controller/get_loggers] /target_tracking_controller rosrpc://localhost:39433
[rosmaster.master][INFO] 2026-08-29 23:54:29,643: -SERVICE [/target_tracking_controller/set_logger_level] /target_tracking_controller rosrpc://localhost:39433
[rosmaster.master][INFO] 2026-08-29 23:54:29,644: -SUB [/drone_control/command] /yolo_detector http://localhost:40091/
[rosmaster.master][INFO] 2026-08-29 23:54:29,644: -SUB [/mission_status] /yolo_detector http://localhost:40091/
[rosmaster.master][INFO] 2026-08-29 23:54:29,645: -SUB [/camera/color/image_raw] /yolo_detector http://localhost:40091/
[rosmaster.master][INFO] 2026-08-29 23:54:29,645: -PUB [/rosout] /yolo_detector http://localhost:40091/
[rosmaster.master][INFO] 2026-08-29 23:54:29,645: -PUB [/yolo_detector/node_health] /yolo_detector http://localhost:40091/
[rosmaster.master][INFO] 2026-08-29 23:54:29,645: -PUB [/command_response] /yolo_detector http://localhost:40091/
[rosmaster.master][INFO] 2026-08-29 23:54:29,645: -PUB [/detected_objects] /yolo_detector http://localhost:40091/
[rosmaster.master][INFO] 2026-08-29 23:54:29,645: -SERVICE [/yolo_detector/get_loggers] /yolo_detector rosrpc://localhost:37309
[rosmaster.master][INFO] 2026-08-29 23:54:29,645: -SERVICE [/yolo_detector/set_logger_level] /yolo_detector rosrpc://localhost:37309
[rosmaster.master][INFO] 2026-08-29 23:54:29,646: -SUB [/mavros/imu/data] /sensor_fusion http://localhost:34615/
[rosmaster.master][INFO] 2026-08-29 23:54:29,646: -SUB [/mavros/global_position/global] /sensor_fusion http://localhost:34615/
[rosmaster.master][INFO] 2026-08-29 23:54:29,646: -SUB [/mavros/local_position/pose] /sensor_fusion http://localhost:34615/
[rosmaster.master][INFO] 2026-08-29 23:54:29,646: -PUB [/rosout] /sensor_fusion http://localhost:34615/
[rosmaster.master][INFO] 2026-08-29 23:54:29,646: -PUB [/sensor_fusion/node_health] /sensor_fusion http://localhost:34615/
[rosmaster.master][INFO] 2026-08-29 23:54:29,647: -SERVICE [/sensor_fusion/get_loggers] /sensor_fusion rosrpc://localhost:39857
[rosmaster.master][INFO] 2026-08-29 23:54:29,647: -SERVICE [/sensor_fusion/set_logger_level] /sensor_fusion rosrpc://localhost:39857
[rosmaster.master][INFO] 2026-08-29 23:54:29,651: publisherUpdate[/rosout] -> http://localhost:34755/ ['http://localhost:33085/', 'http://localhost:45781/', 'http://localhost:36607/', 'http://localhost:38587/', 'http://localhost:34615/', 'http://localhost:36103/', 'http://localhost:33747/', 'http://localhost:37725/', 'http://localhost:35781/', 'http://localhost:40091/']: sec=0.02, result=[1, '', 0]
[rosmaster.master][INFO] 2026-08-29 23:54:29,652: publisherUpdate[/rosout] -> http://localhost:34755/ ['http://localhost:33085/', 'http://localhost:36607/', 'http://localhost:38587/', 'http://localhost:34615/', 'http://localhost:36103/', 'http://localhost:33747/', 'http://localhost:37725/', 'http://localhost:35781/', 'http://localhost:40091/']
[rosmaster.master][INFO] 2026-08-29 23:54:29,657: -SUB [/health/check_all] /system_health_monitor http://localhost:33747/
[rosmaster.master][INFO] 2026-08-29 23:54:29,657: -PUB [/rosout] /system_health_monitor http://localhost:33747/
[rosmaster.master][INFO] 2026-08-29 23:54:29,657: -PUB [/system_health] /system_health_monitor http://localhost:33747/
[rosmaster.master][INFO] 2026-08-29 23:54:29,657: -PUB [/diagnostic_status] /system_health_monitor http://localhost:33747/
[rosmaster.master][INFO] 2026-08-29 23:54:29,658: -PUB [/performance_metrics] /system_health_monitor http://localhost:33747/
[rosmaster.master][INFO] 2026-08-29 23:54:29,658: publisherUpdate[/safety_status] -> http://localhost:33085/ []
[rosmaster.master][INFO] 2026-08-29 23:54:29,661: publisherUpdate[/rosout] -> http://localhost:34755/ ['http://localhost:33085/', 'http://localhost:36607/', 'http://localhost:38587/', 'http://localhost:34615/', 'http://localhost:36103/', 'http://localhost:33747/', 'http://localhost:37725/', 'http://localhost:35781/', 'http://localhost:40091/']: sec=0.01, result=[1, '', 0]
[rosmaster.master][INFO] 2026-08-29 23:54:29,661: -PUB [/rosout] /camera_calibration http://localhost:38587/
[rosmaster.master][INFO] 2026-08-29 23:54:29,662: -PUB [/camera/camera_info] /camera_calibration http://localhost:38587/
[rosmaster.master][INFO] 2026-08-29 23:54:29,662: -PUB [/tf] /camera_calibration http://localhost:38587/
[rosmaster.master][INFO] 2026-08-29 23:54:29,662: -SERVICE [/camera_calibration/get_loggers] /camera_calibration rosrpc://localhost:41725
[rosmaster.master][INFO] 2026-08-29 23:54:29,662: -SERVICE [/camera_calibration/set_logger_level] /camera_calibration rosrpc://localhost:41725
[rosmaster.master][INFO] 2026-08-29 23:54:29,663: -PUB [/mission_manager/node_health] /mission_manager http://localhost:33085/
[rosmaster.master][INFO] 2026-08-29 23:54:29,663: -SERVICE [/mission_manager/get_loggers] /mission_manager rosrpc://localhost:46363
[rosmaster.master][INFO] 2026-08-29 23:54:29,663: -SERVICE [/mission_manager/set_logger_level] /mission_manager rosrpc://localhost:46363
[rosmaster.master][INFO] 2026-08-29 23:54:29,661: publisherUpdate[/rosout] -> http://localhost:34755/ ['http://localhost:33085/', 'http://localhost:36607/', 'http://localhost:38587/', 'http://localhost:34615/', 'http://localhost:36103/', 'http://localhost:33747/', 'http://localhost:35781/', 'http://localhost:40091/']
[rosmaster.master][INFO] 2026-08-29 23:54:29,664: -SUB [/mavros/state] /vehicle_state_monitor http://localhost:36103/
[rosmaster.master][INFO] 2026-08-29 23:54:29,666: -SUB [/mavros/battery] /vehicle_state_monitor http://localhost:36103/
[rosmaster.master][INFO] 2026-08-29 23:54:29,666: -SUB [/mavros/local_position/velocity] /vehicle_state_monitor http://localhost:36103/
[rosmaster.master][INFO] 2026-08-29 23:54:29,666: -PUB [/rosout] /vehicle_state_monitor http://localhost:36103/
[rosmaster.master][INFO] 2026-08-29 23:54:29,666: -PUB [/drone_status] /vehicle_state_monitor http://localhost:36103/
[rosmaster.master][INFO] 2026-08-29 23:54:29,667: -PUB [/diagnostic_status] /vehicle_state_monitor http://localhost:36103/
[rosmaster.master][INFO] 2026-08-29 23:54:29,667: -PUB [/vehicle_state_monitor/node_health] /vehicle_state_monitor http://localhost:36103/
[rosmaster.master][INFO] 2026-08-29 23:54:29,667: -PUB [/battery_percentage] /vehicle_state_monitor http://localhost:36103/
[rosmaster.master][INFO] 2026-08-29 23:54:29,667: -SERVICE [/vehicle_state_monitor/get_loggers] /vehicle_state_monitor rosrpc://localhost:38027
[rosmaster.master][INFO] 2026-08-29 23:54:29,667: -SERVICE [/vehicle_state_monitor/set_logger_level] /vehicle_state_monitor rosrpc://localhost:38027
[rosmaster.master][INFO] 2026-08-29 23:54:29,667: -SERVICE [/drone_emergency_stop] /vehicle_state_monitor rosrpc://localhost:38027
[rosmaster.master][INFO] 2026-08-29 23:54:29,667: -SERVICE [/drone_arm] /vehicle_state_monitor rosrpc://localhost:38027
[rosmaster.master][INFO] 2026-08-29 23:54:29,667: -SERVICE [/drone_disarm] /vehicle_state_monitor rosrpc://localhost:38027
[rosmaster.master][INFO] 2026-08-29 23:54:29,667: -SERVICE [/drone_get_status] /vehicle_state_monitor rosrpc://localhost:38027
[rosmaster.master][INFO] 2026-08-29 23:54:29,670: -PUB [/system_alert] /system_health_monitor http://localhost:33747/
[rosmaster.master][INFO] 2026-08-29 23:54:29,671: publisherUpdate[/rosout] -> http://localhost:34755/ ['http://localhost:33085/', 'http://localhost:36607/', 'http://localhost:38587/', 'http://localhost:34615/', 'http://localhost:36103/', 'http://localhost:33747/', 'http://localhost:35781/', 'http://localhost:40091/']: sec=0.01, result=[1, '', 0]
[rosmaster.master][INFO] 2026-08-29 23:54:29,671: -SERVICE [/system_health_monitor/get_loggers] /system_health_monitor rosrpc://localhost:35799
[rosmaster.master][INFO] 2026-08-29 23:54:29,672: -SERVICE [/system_health_monitor/set_logger_level] /system_health_monitor rosrpc://localhost:35799
[rosmaster.master][INFO] 2026-08-29 23:54:29,672: publisherUpdate[/rosout] -> http://localhost:34755/ ['http://localhost:36607/', 'http://localhost:38587/', 'http://localhost:34615/', 'http://localhost:36103/', 'http://localhost:33747/', 'http://localhost:35781/', 'http://localhost:40091/']
[rosmaster.master][INFO] 2026-08-29 23:54:29,676: publisherUpdate[/rosout] -> http://localhost:34755/ ['http://localhost:36607/', 'http://localhost:38587/', 'http://localhost:34615/', 'http://localhost:36103/', 'http://localhost:33747/', 'http://localhost:35781/', 'http://localhost:40091/']: sec=0.00, result=[1, '', 0]
[rosmaster.master][INFO] 2026-08-29 23:54:29,676: publisherUpdate[/safety_status] -> http://localhost:33085/ []: sec=0.02, result=[1, '', 0]
[rosmaster.master][INFO] 2026-08-29 23:54:29,676: publisherUpdate[/mission_status] -> http://localhost:40091/ []
[rosmaster.master][INFO] 2026-08-29 23:54:29,676: publisherUpdate[/mission_status] -> http://localhost:35781/ []
[rosmaster.master][INFO] 2026-08-29 23:54:29,681: publisherUpdate[/mission_status] -> http://localhost:35781/ []: sec=0.00, exception=[Errno 111] Connection refused
[rosmaster.master][INFO] 2026-08-29 23:54:29,685: publisherUpdate[/mission_status] -> http://localhost:40091/ []: sec=0.01, exception=[Errno 111] Connection refused
[rosmaster.threadpool][ERROR] 2026-08-29 23:54:29,690: Traceback (most recent call last):
  File "/opt/ros/noetic/lib/python3/dist-packages/rosmaster/threadpool.py", line 218, in run
    result = cmd(*args)
  File "/opt/ros/noetic/lib/python3/dist-packages/rosmaster/master_api.py", line 210, in publisher_update_task
    ret = xmlrpcapi(api).publisherUpdate('/master', topic, pub_uris)
  File "/usr/lib/python3.8/xmlrpc/client.py", line 1109, in __call__
    return self.__send(self.__name, args)
  File "/usr/lib/python3.8/xmlrpc/client.py", line 1450, in __request
    response = self.__transport.request(
  File "/usr/lib/python3.8/xmlrpc/client.py", line 1153, in request
    return self.single_request(host, handler, request_body, verbose)
  File "/usr/lib/python3.8/xmlrpc/client.py", line 1165, in single_request
    http_conn = self.send_request(host, handler, request_body, verbose)
  File "/usr/lib/python3.8/xmlrpc/client.py", line 1278, in send_request
    self.send_content(connection, request_body)
  File "/usr/lib/python3.8/xmlrpc/client.py", line 1308, in send_content
    connection.endheaders(request_body)
  File "/usr/lib/python3.8/http/client.py", line 1251, in endheaders
    self._send_output(message_body, encode_chunked=encode_chunked)
  File "/usr/lib/python3.8/http/client.py", line 1011, in _send_output
    self.send(msg)
  File "/usr/lib/python3.8/http/client.py", line 951, in send
    self.connect()
  File "/usr/lib/python3.8/http/client.py", line 922, in connect
    self.sock = self._create_connection(
  File "/usr/lib/python3.8/socket.py", line 808, in create_connection
    raise err
  File "/usr/lib/python3.8/socket.py", line 796, in create_connection
    sock.connect(sa)
ConnectionRefusedError: [Errno 111] Connection refused

[rosmaster.master][INFO] 2026-08-29 23:54:29,691: publisherUpdate[/rosout] -> http://localhost:34755/ ['http://localhost:36607/', 'http://localhost:38587/', 'http://localhost:34615/', 'http://localhost:36103/', 'http://localhost:33747/', 'http://localhost:40091/']
[rosmaster.threadpool][ERROR] 2026-08-29 23:54:29,691: Traceback (most recent call last):
  File "/opt/ros/noetic/lib/python3/dist-packages/rosmaster/threadpool.py", line 218, in run
    result = cmd(*args)
  File "/opt/ros/noetic/lib/python3/dist-packages/rosmaster/master_api.py", line 210, in publisher_update_task
    ret = xmlrpcapi(api).publisherUpdate('/master', topic, pub_uris)
  File "/usr/lib/python3.8/xmlrpc/client.py", line 1109, in __call__
    return self.__send(self.__name, args)
  File "/usr/lib/python3.8/xmlrpc/client.py", line 1450, in __request
    response = self.__transport.request(
  File "/usr/lib/python3.8/xmlrpc/client.py", line 1153, in request
    return self.single_request(host, handler, request_body, verbose)
  File "/usr/lib/python3.8/xmlrpc/client.py", line 1165, in single_request
    http_conn = self.send_request(host, handler, request_body, verbose)
  File "/usr/lib/python3.8/xmlrpc/client.py", line 1278, in send_request
    self.send_content(connection, request_body)
  File "/usr/lib/python3.8/xmlrpc/client.py", line 1308, in send_content
    connection.endheaders(request_body)
  File "/usr/lib/python3.8/http/client.py", line 1251, in endheaders
    self._send_output(message_body, encode_chunked=encode_chunked)
  File "/usr/lib/python3.8/http/client.py", line 1011, in _send_output
    self.send(msg)
  File "/usr/lib/python3.8/http/client.py", line 951, in send
    self.connect()
  File "/usr/lib/python3.8/http/client.py", line 922, in connect
    self.sock = self._create_connection(
  File "/usr/lib/python3.8/socket.py", line 808, in create_connection
    raise err
  File "/usr/lib/python3.8/socket.py", line 796, in create_connection
    sock.connect(sa)
ConnectionRefusedError: [Errno 111] Connection refused

[rosmaster.master][INFO] 2026-08-29 23:54:29,692: publisherUpdate[/rosout] -> http://localhost:34755/ ['http://localhost:36607/', 'http://localhost:38587/', 'http://localhost:34615/', 'http://localhost:36103/', 'http://localhost:33747/', 'http://localhost:40091/']: sec=0.00, result=[1, '', 0]
[rosmaster.master][INFO] 2026-08-29 23:54:29,692: publisherUpdate[/rosout] -> http://localhost:34755/ ['http://localhost:36607/', 'http://localhost:38587/', 'http://localhost:34615/', 'http://localhost:36103/', 'http://localhost:33747/']
[rosmaster.master][INFO] 2026-08-29 23:54:29,693: publisherUpdate[/rosout] -> http://localhost:34755/ ['http://localhost:36607/', 'http://localhost:38587/', 'http://localhost:34615/', 'http://localhost:36103/', 'http://localhost:33747/']: sec=0.00, result=[1, '', 0]
[rosmaster.master][INFO] 2026-08-29 23:54:29,693: publisherUpdate[/rosout] -> http://localhost:34755/ ['http://localhost:36607/', 'http://localhost:38587/', 'http://localhost:36103/', 'http://localhost:33747/']
[rosmaster.master][INFO] 2026-08-29 23:54:29,693: publisherUpdate[/rosout] -> http://localhost:34755/ ['http://localhost:36607/', 'http://localhost:38587/', 'http://localhost:36103/', 'http://localhost:33747/']: sec=0.00, result=[1, '', 0]
[rosmaster.master][INFO] 2026-08-29 23:54:29,693: publisherUpdate[/rosout] -> http://localhost:34755/ ['http://localhost:36607/', 'http://localhost:38587/', 'http://localhost:36103/']
[rosmaster.master][INFO] 2026-08-29 23:54:29,694: publisherUpdate[/rosout] -> http://localhost:34755/ ['http://localhost:36607/', 'http://localhost:38587/', 'http://localhost:36103/']: sec=0.00, result=[1, '', 0]
[rosmaster.master][INFO] 2026-08-29 23:54:29,694: publisherUpdate[/rosout] -> http://localhost:34755/ ['http://localhost:36607/', 'http://localhost:36103/']
[rosmaster.master][INFO] 2026-08-29 23:54:29,695: publisherUpdate[/rosout] -> http://localhost:34755/ ['http://localhost:36607/', 'http://localhost:36103/']: sec=0.00, result=[1, '', 0]
[rosmaster.master][INFO] 2026-08-29 23:54:29,695: publisherUpdate[/rosout] -> http://localhost:34755/ ['http://localhost:36607/']
[rosmaster.master][INFO] 2026-08-29 23:54:29,696: publisherUpdate[/rosout] -> http://localhost:34755/ ['http://localhost:36607/']: sec=0.00, result=[1, '', 0]
[rosmaster.master][INFO] 2026-08-29 23:54:30,437: -PUB [/rosout] /parameter_validator http://localhost:36607/
[rosmaster.master][INFO] 2026-08-29 23:54:30,438: -SERVICE [/parameter_validator/get_loggers] /parameter_validator rosrpc://localhost:41017
[rosmaster.master][INFO] 2026-08-29 23:54:30,438: -SERVICE [/parameter_validator/set_logger_level] /parameter_validator rosrpc://localhost:41017
[rosmaster.master][INFO] 2026-08-29 23:54:30,500: publisherUpdate[/rosout] -> http://localhost:34755/ []
[rosmaster.master][INFO] 2026-08-29 23:54:30,502: publisherUpdate[/rosout] -> http://localhost:34755/ []: sec=0.00, result=[1, '', 0]
[rosmaster.master][INFO] 2026-08-29 23:54:31,317: -PUB [/rosout_agg] /rosout http://localhost:34755/
[rosmaster.master][INFO] 2026-08-29 23:54:31,318: -SUB [/rosout] /rosout http://localhost:34755/
[rosmaster.master][INFO] 2026-08-29 23:54:31,320: -SERVICE [/rosout/get_loggers] /rosout rosrpc://localhost:35889
[rosmaster.master][INFO] 2026-08-29 23:54:31,320: -SERVICE [/rosout/set_logger_level] /rosout rosrpc://localhost:35889
[rosmaster.master][INFO] 2026-08-29 23:54:31,322: -CACHEDPARAM [/rosout/omit_topics] by /rosout
[rosmaster.main][INFO] 2026-08-29 23:54:31,371: keyboard interrupt, will exit
[rosmaster.main][INFO] 2026-08-29 23:54:31,371: stopping master...
[rospy.core][INFO] 2026-08-29 23:54:31,371: signal_shutdown [atexit]
