[roslaunch][INFO] 2026-08-29 23:35:13,875: Checking log directory for disk usage. This may take a while.
Press Ctrl-C to interrupt
[roslaunch][INFO] 2026-08-29 23:35:13,907: Done checking log file disk usage. Usage is <1GB.
[roslaunch][INFO] 2026-08-29 23:35:13,908: roslaunch starting with args ['/opt/ros/noetic/bin/roslaunch', 'drone_control', 'kamikaze.launch', 'mode:=production']
[roslaunch][INFO] 2026-08-29 23:35:13,908: roslaunch env is environ({'ROS_VERSION': '1', 'PYTHONUNBUFFERED': '1', 'PKG_CONFIG_PATH': '/root/catkin_ws/devel/lib/pkgconfig:/opt/ros/noetic/lib/pkgconfig', 'ROS_PYTHON_VERSION': '3', 'HOSTNAME': 'kamikaze', 'ROS_PACKAGE_PATH': '/root/catkin_ws/src:/opt/ros/noetic/share', 'ROSLISP_PACKAGE_DIRECTORIES': '/root/catkin_ws/devel/share/common-lisp', 'PWD': '/root/catkin_ws', 'ENABLE_SIMULATION': 'false', 'ROS_IP': '127.0.0.1', 'HOME': '/root', 'LANG': 'C.UTF-8', 'ROS_ETC_DIR': '/opt/ros/noetic/etc/ros', 'CMAKE_PREFIX_PATH': '/root/catkin_ws/devel:/opt/ros/noetic', 'PYTHONPATH': '/root/catkin_ws/devel/lib/python3/dist-packages:/root/catkin_ws/devel/lib/python3/dist-packages:/opt/ros/noetic/lib/python3/dist-packages', 'DISPLAY': ':0', 'SHLVL': '0', 'ROS_MASTER_URI': 'http://localhost:11311', 'ROS_HOSTNAME': 'localhost', 'LD_LIBRARY_PATH': '/root/catkin_ws/devel/lib:/opt/ros/noetic/lib', 'ENABLE_PERFORMANCE_MONITORING': 'true', 'LC_ALL': 'C.UTF-8', 'PATH': '/opt/ros/noetic/bin:/usr/local/sbin:/usr/local/bin:/usr/sbin:/usr/bin:/sbin:/bin', 'DEBIAN_FRONTEND': 'noninteractive', 'ROS_ROOT': '/opt/ros/noetic/share/ros', 'ROS_DISTRO': 'noetic', 'QT_X11_NO_MITSHM': '1', 'ENABLE_GUI': 'false', 'ROS_LOG_FILENAME': '/root/.ros/log/487eda60-a402-11f1-9e87-1a78306416a9/roslaunch-kamikaze-1.log'})
[roslaunch][INFO] 2026-08-29 23:35:13,908: starting in server mode
[roslaunch.parent][INFO] 2026-08-29 23:35:13,908: starting roslaunch parent run
[roslaunch][INFO] 2026-08-29 23:35:13,909: loading roscore config file /opt/ros/noetic/etc/ros/roscore.xml
[roslaunch][INFO] 2026-08-29 23:35:14,381: Added core node of type [rosout/rosout] in namespace [/]
[roslaunch.config][INFO] 2026-08-29 23:35:14,382: loading config file /root/catkin_ws/src/drone_control/launch/kamikaze.launch
[roslaunch][INFO] 2026-08-29 23:35:14,459: Added node of type [drone_control/parameter_validator.py] in namespace [/]
[roslaunch][INFO] 2026-08-29 23:35:14,460: Added node of type [drone_control/command_interpreter.py] in namespace [/]
[roslaunch][INFO] 2026-08-29 23:35:14,461: Added node of type [drone_control/mission_manager.py] in namespace [/]
[roslaunch][INFO] 2026-08-29 23:35:14,461: Added node of type [drone_control/camera_calibration.py] in namespace [/]
[roslaunch][INFO] 2026-08-29 23:35:14,461: Added node of type [drone_control/yolo_detector.py] in namespace [/]
[roslaunch][INFO] 2026-08-29 23:35:14,462: Added node of type [drone_control/sensor_fusion.py] in namespace [/]
[roslaunch][INFO] 2026-08-29 23:35:14,463: Added node of type [drone_control/target_tracking_controller.py] in namespace [/]
[roslaunch][INFO] 2026-08-29 23:35:14,463: Added node of type [drone_control/vehicle_state_monitor.py] in namespace [/]
[roslaunch][INFO] 2026-08-29 23:35:14,464: Added node of type [drone_control/safety_monitor.py] in namespace [/]
[roslaunch][INFO] 2026-08-29 23:35:14,464: Added node of type [drone_control/system_health_monitor.py] in namespace [/]
[roslaunch][INFO] 2026-08-29 23:35:14,465: Added node of type [drone_control/health_checker.py] in namespace [/]
[roslaunch][INFO] 2026-08-29 23:35:14,465: ... selected machine [] for node of type [drone_control/parameter_validator.py]
[roslaunch][INFO] 2026-08-29 23:35:14,466: ... selected machine [] for node of type [drone_control/command_interpreter.py]
[roslaunch][INFO] 2026-08-29 23:35:14,466: ... selected machine [] for node of type [drone_control/mission_manager.py]
[roslaunch][INFO] 2026-08-29 23:35:14,466: ... selected machine [] for node of type [drone_control/camera_calibration.py]
[roslaunch][INFO] 2026-08-29 23:35:14,466: ... selected machine [] for node of type [drone_control/yolo_detector.py]
[roslaunch][INFO] 2026-08-29 23:35:14,466: ... selected machine [] for node of type [drone_control/sensor_fusion.py]
[roslaunch][INFO] 2026-08-29 23:35:14,466: ... selected machine [] for node of type [drone_control/target_tracking_controller.py]
[roslaunch][INFO] 2026-08-29 23:35:14,466: ... selected machine [] for node of type [drone_control/vehicle_state_monitor.py]
[roslaunch][INFO] 2026-08-29 23:35:14,466: ... selected machine [] for node of type [drone_control/safety_monitor.py]
[roslaunch][INFO] 2026-08-29 23:35:14,466: ... selected machine [] for node of type [drone_control/system_health_monitor.py]
[roslaunch][INFO] 2026-08-29 23:35:14,466: ... selected machine [] for node of type [drone_control/health_checker.py]
[roslaunch.pmon][INFO] 2026-08-29 23:35:14,470: start_process_monitor: creating ProcessMonitor
[roslaunch.pmon][INFO] 2026-08-29 23:35:14,470: created process monitor <ProcessMonitor(ProcessMonitor-1, initial daemon)>
[roslaunch.pmon][INFO] 2026-08-29 23:35:14,473: start_process_monitor: ProcessMonitor started
[roslaunch.parent][INFO] 2026-08-29 23:35:14,473: starting parent XML-RPC server
[roslaunch.server][INFO] 2026-08-29 23:35:14,473: starting roslaunch XML-RPC server
[roslaunch.server][INFO] 2026-08-29 23:35:14,473: waiting for roslaunch XML-RPC server to initialize
[xmlrpc][INFO] 2026-08-29 23:35:14,474: XML-RPC server binding to 127.0.0.1:0
[xmlrpc][INFO] 2026-08-29 23:35:14,474: Started XML-RPC server [http://localhost:41221/]
[xmlrpc][INFO] 2026-08-29 23:35:14,475: xml rpc node: starting XML-RPC server
[roslaunch][INFO] 2026-08-29 23:35:14,493: started roslaunch server http://localhost:41221/
[roslaunch.parent][INFO] 2026-08-29 23:35:14,494: ... parent XML-RPC server started
[roslaunch][INFO] 2026-08-29 23:35:14,496: master.is_running[http://localhost:11311]
[roslaunch][INFO] 2026-08-29 23:35:14,499: auto-starting new master
[roslaunch][INFO] 2026-08-29 23:35:14,499: create_master_process: rosmaster, /opt/ros/noetic/share/ros, 11311, 3, None, False
[roslaunch][INFO] 2026-08-29 23:35:14,499: process[master]: launching with args [['rosmaster', '--core', '-p', '11311', '-w', '3']]
[roslaunch.pmon][INFO] 2026-08-29 23:35:14,500: ProcessMonitor.register[master]
[roslaunch.pmon][INFO] 2026-08-29 23:35:14,500: ProcessMonitor.register[master] complete
[roslaunch][INFO] 2026-08-29 23:35:14,500: process[master]: starting os process
[roslaunch][INFO] 2026-08-29 23:35:14,500: process[master]: start w/ args [['rosmaster', '--core', '-p', '11311', '-w', '3', '__log:=/root/.ros/log/487eda60-a402-11f1-9e87-1a78306416a9/master.log']]
[roslaunch][INFO] 2026-08-29 23:35:14,500: process[master]: cwd will be [/root/.ros]
[roslaunch][INFO] 2026-08-29 23:35:14,506: process[master]: started with pid [82]
[roslaunch][INFO] 2026-08-29 23:35:14,506: master.is_running[http://localhost:11311]
[roslaunch][INFO] 2026-08-29 23:35:14,608: master.is_running[http://localhost:11311]
[roslaunch][INFO] 2026-08-29 23:35:14,715: master.is_running[http://localhost:11311]
[roslaunch][INFO] 2026-08-29 23:35:14,819: master.is_running[http://localhost:11311]
[roslaunch][INFO] 2026-08-29 23:35:14,923: master.is_running[http://localhost:11311]
[roslaunch][INFO] 2026-08-29 23:35:15,030: master.is_running[http://localhost:11311]
[roslaunch][INFO] 2026-08-29 23:35:15,175: master.is_running[http://localhost:11311]
[roslaunch][INFO] 2026-08-29 23:35:15,282: master.is_running[http://localhost:11311]
[roslaunch][INFO] 2026-08-29 23:35:15,385: master.is_running[http://localhost:11311]
[roslaunch][INFO] 2026-08-29 23:35:15,495: master.is_running[http://localhost:11311]
[roslaunch][INFO] 2026-08-29 23:35:15,508: master.is_running[http://localhost:11311]
[roslaunch][INFO] 2026-08-29 23:35:15,510: ROS_MASTER_URI=http://localhost:11311
[roslaunch][INFO] 2026-08-29 23:35:15,513: setting /run_id to 487eda60-a402-11f1-9e87-1a78306416a9
[roslaunch][INFO] 2026-08-29 23:35:15,516: setting /roslaunch/uris/host_localhost__41221' to http://localhost:41221/
[roslaunch][INFO] 2026-08-29 23:35:15,520: ... preparing to launch node of type [rosout/rosout]
[roslaunch][INFO] 2026-08-29 23:35:15,521: create_node_process: package[rosout] type[rosout] machine[Machine(name[] env_loader[None] address[localhost] ssh_port[22] user[None] assignable[True] timeout[10.0])] master_uri[http://localhost:11311]
[roslaunch][INFO] 2026-08-29 23:35:15,521: process[rosout-1]: env[{'ROS_VERSION': '1', 'PYTHONUNBUFFERED': '1', 'PKG_CONFIG_PATH': '/root/catkin_ws/devel/lib/pkgconfig:/opt/ros/noetic/lib/pkgconfig', 'ROS_PYTHON_VERSION': '3', 'HOSTNAME': 'kamikaze', 'ROS_PACKAGE_PATH': '/root/catkin_ws/src:/opt/ros/noetic/share', 'ROSLISP_PACKAGE_DIRECTORIES': '/root/catkin_ws/devel/share/common-lisp', 'PWD': '/root/catkin_ws', 'ENABLE_SIMULATION': 'false', 'ROS_IP': '127.0.0.1', 'HOME': '/root', 'LANG': 'C.UTF-8', 'ROS_ETC_DIR': '/opt/ros/noetic/etc/ros', 'CMAKE_PREFIX_PATH': '/root/catkin_ws/devel:/opt/ros/noetic', 'PYTHONPATH': '/root/catkin_ws/devel/lib/python3/dist-packages:/root/catkin_ws/devel/lib/python3/dist-packages:/opt/ros/noetic/lib/python3/dist-packages', 'DISPLAY': ':0', 'SHLVL': '0', 'ROS_MASTER_URI': 'http://localhost:11311', 'ROS_HOSTNAME': 'localhost', 'LD_LIBRARY_PATH': '/root/catkin_ws/devel/lib:/opt/ros/noetic/lib', 'ENABLE_PERFORMANCE_MONITORING': 'true', 'LC_ALL': 'C.UTF-8', 'PATH': '/opt/ros/noetic/bin:/usr/local/sbin:/usr/local/bin:/usr/sbin:/usr/bin:/sbin:/bin', 'DEBIAN_FRONTEND': 'noninteractive', 'ROS_ROOT': '/opt/ros/noetic/share/ros', 'ROS_DISTRO': 'noetic', 'QT_X11_NO_MITSHM': '1', 'ENABLE_GUI': 'false', 'ROS_LOG_FILENAME': '/root/.ros/log/487eda60-a402-11f1-9e87-1a78306416a9/roslaunch-kamikaze-1.log'}]
[roslaunch][INFO] 2026-08-29 23:35:15,543: process[rosout-1]: args[['/opt/ros/noetic/lib/rosout/rosout', '__name:=rosout']]
[roslaunch][INFO] 2026-08-29 23:35:15,543: ... created process [rosout-1]
[roslaunch.pmon][INFO] 2026-08-29 23:35:15,544: ProcessMonitor.register[rosout-1]
[roslaunch.pmon][INFO] 2026-08-29 23:35:15,544: ProcessMonitor.register[rosout-1] complete
[roslaunch][INFO] 2026-08-29 23:35:15,544: ... registered process [rosout-1]
[roslaunch][INFO] 2026-08-29 23:35:15,544: process[rosout-1]: starting os process
[roslaunch][INFO] 2026-08-29 23:35:15,545: process[rosout-1]: start w/ args [['/opt/ros/noetic/lib/rosout/rosout', '__name:=rosout', '__log:=/root/.ros/log/487eda60-a402-11f1-9e87-1a78306416a9/rosout-1.log']]
[roslaunch][INFO] 2026-08-29 23:35:15,545: process[rosout-1]: cwd will be [/root/.ros]
[roslaunch][INFO] 2026-08-29 23:35:15,553: process[rosout-1]: started with pid [99]
[roslaunch][INFO] 2026-08-29 23:35:15,554: ... successfully launched [rosout-1]
[roslaunch][INFO] 2026-08-29 23:35:15,554: load_parameters starting ...
[roslaunch][INFO] 2026-08-29 23:35:15,663: ... load_parameters complete
[roslaunch][INFO] 2026-08-29 23:35:15,663: launch_nodes: launching local nodes ...
[roslaunch][INFO] 2026-08-29 23:35:15,665: ... preparing to launch node of type [drone_control/parameter_validator.py]
[roslaunch][INFO] 2026-08-29 23:35:15,665: create_node_process: package[drone_control] type[parameter_validator.py] machine[Machine(name[] env_loader[None] address[localhost] ssh_port[22] user[None] assignable[True] timeout[10.0])] master_uri[http://localhost:11311]
[roslaunch][INFO] 2026-08-29 23:35:15,665: process[parameter_validator-2]: env[{'ROS_VERSION': '1', 'PYTHONUNBUFFERED': '1', 'PKG_CONFIG_PATH': '/root/catkin_ws/devel/lib/pkgconfig:/opt/ros/noetic/lib/pkgconfig', 'ROS_PYTHON_VERSION': '3', 'HOSTNAME': 'kamikaze', 'ROS_PACKAGE_PATH': '/root/catkin_ws/src:/opt/ros/noetic/share', 'ROSLISP_PACKAGE_DIRECTORIES': '/root/catkin_ws/devel/share/common-lisp', 'PWD': '/root/catkin_ws', 'ENABLE_SIMULATION': 'false', 'ROS_IP': '127.0.0.1', 'HOME': '/root', 'LANG': 'C.UTF-8', 'ROS_ETC_DIR': '/opt/ros/noetic/etc/ros', 'CMAKE_PREFIX_PATH': '/root/catkin_ws/devel:/opt/ros/noetic', 'PYTHONPATH': '/root/catkin_ws/devel/lib/python3/dist-packages:/root/catkin_ws/devel/lib/python3/dist-packages:/opt/ros/noetic/lib/python3/dist-packages', 'DISPLAY': ':0', 'SHLVL': '0', 'ROS_MASTER_URI': 'http://localhost:11311', 'ROS_HOSTNAME': 'localhost', 'LD_LIBRARY_PATH': '/root/catkin_ws/devel/lib:/opt/ros/noetic/lib', 'ENABLE_PERFORMANCE_MONITORING': 'true', 'LC_ALL': 'C.UTF-8', 'PATH': '/opt/ros/noetic/bin:/usr/local/sbin:/usr/local/bin:/usr/sbin:/usr/bin:/sbin:/bin', 'DEBIAN_FRONTEND': 'noninteractive', 'ROS_ROOT': '/opt/ros/noetic/share/ros', 'ROS_DISTRO': 'noetic', 'QT_X11_NO_MITSHM': '1', 'ENABLE_GUI': 'false', 'ROS_LOG_FILENAME': '/root/.ros/log/487eda60-a402-11f1-9e87-1a78306416a9/roslaunch-kamikaze-1.log'}]
[roslaunch][INFO] 2026-08-29 23:35:15,668: process[parameter_validator-2]: args[['/root/catkin_ws/devel/lib/drone_control/parameter_validator.py', '__name:=parameter_validator']]
[roslaunch][INFO] 2026-08-29 23:35:15,668: ... created process [parameter_validator-2]
[roslaunch.pmon][INFO] 2026-08-29 23:35:15,668: ProcessMonitor.register[parameter_validator-2]
[roslaunch.pmon][INFO] 2026-08-29 23:35:15,668: ProcessMonitor.register[parameter_validator-2] complete
[roslaunch][INFO] 2026-08-29 23:35:15,669: ... registered process [parameter_validator-2]
[roslaunch][INFO] 2026-08-29 23:35:15,669: process[parameter_validator-2]: starting os process
[roslaunch][INFO] 2026-08-29 23:35:15,669: process[parameter_validator-2]: start w/ args [['/root/catkin_ws/devel/lib/drone_control/parameter_validator.py', '__name:=parameter_validator', '__log:=/root/.ros/log/487eda60-a402-11f1-9e87-1a78306416a9/parameter_validator-2.log']]
[roslaunch][INFO] 2026-08-29 23:35:15,669: process[parameter_validator-2]: cwd will be [/root/.ros]
[roslaunch][INFO] 2026-08-29 23:35:15,677: process[parameter_validator-2]: started with pid [102]
[roslaunch][INFO] 2026-08-29 23:35:15,677: ... successfully launched [parameter_validator-2]
[roslaunch][INFO] 2026-08-29 23:35:15,678: ... preparing to launch node of type [drone_control/command_interpreter.py]
[roslaunch][INFO] 2026-08-29 23:35:15,678: create_node_process: package[drone_control] type[command_interpreter.py] machine[Machine(name[] env_loader[None] address[localhost] ssh_port[22] user[None] assignable[True] timeout[10.0])] master_uri[http://localhost:11311]
[roslaunch][INFO] 2026-08-29 23:35:15,678: process[command_interpreter-3]: env[{'ROS_VERSION': '1', 'PYTHONUNBUFFERED': '1', 'PKG_CONFIG_PATH': '/root/catkin_ws/devel/lib/pkgconfig:/opt/ros/noetic/lib/pkgconfig', 'ROS_PYTHON_VERSION': '3', 'HOSTNAME': 'kamikaze', 'ROS_PACKAGE_PATH': '/root/catkin_ws/src:/opt/ros/noetic/share', 'ROSLISP_PACKAGE_DIRECTORIES': '/root/catkin_ws/devel/share/common-lisp', 'PWD': '/root/catkin_ws', 'ENABLE_SIMULATION': 'false', 'ROS_IP': '127.0.0.1', 'HOME': '/root', 'LANG': 'C.UTF-8', 'ROS_ETC_DIR': '/opt/ros/noetic/etc/ros', 'CMAKE_PREFIX_PATH': '/root/catkin_ws/devel:/opt/ros/noetic', 'PYTHONPATH': '/root/catkin_ws/devel/lib/python3/dist-packages:/root/catkin_ws/devel/lib/python3/dist-packages:/opt/ros/noetic/lib/python3/dist-packages', 'DISPLAY': ':0', 'SHLVL': '0', 'ROS_MASTER_URI': 'http://localhost:11311', 'ROS_HOSTNAME': 'localhost', 'LD_LIBRARY_PATH': '/root/catkin_ws/devel/lib:/opt/ros/noetic/lib', 'ENABLE_PERFORMANCE_MONITORING': 'true', 'LC_ALL': 'C.UTF-8', 'PATH': '/opt/ros/noetic/bin:/usr/local/sbin:/usr/local/bin:/usr/sbin:/usr/bin:/sbin:/bin', 'DEBIAN_FRONTEND': 'noninteractive', 'ROS_ROOT': '/opt/ros/noetic/share/ros', 'ROS_DISTRO': 'noetic', 'QT_X11_NO_MITSHM': '1', 'ENABLE_GUI': 'false', 'ROS_LOG_FILENAME': '/root/.ros/log/487eda60-a402-11f1-9e87-1a78306416a9/roslaunch-kamikaze-1.log'}]
[roslaunch][INFO] 2026-08-29 23:35:15,681: process[command_interpreter-3]: args[['/root/catkin_ws/devel/lib/drone_control/command_interpreter.py', '__name:=command_interpreter']]
[roslaunch][INFO] 2026-08-29 23:35:15,681: ... created process [command_interpreter-3]
[roslaunch.pmon][INFO] 2026-08-29 23:35:15,682: ProcessMonitor.register[command_interpreter-3]
[roslaunch.pmon][INFO] 2026-08-29 23:35:15,682: ProcessMonitor.register[command_interpreter-3] complete
[roslaunch][INFO] 2026-08-29 23:35:15,682: ... registered process [command_interpreter-3]
[roslaunch][INFO] 2026-08-29 23:35:15,682: process[command_interpreter-3]: starting os process
[roslaunch][INFO] 2026-08-29 23:35:15,682: process[command_interpreter-3]: start w/ args [['/root/catkin_ws/devel/lib/drone_control/command_interpreter.py', '__name:=command_interpreter', '__log:=/root/.ros/log/487eda60-a402-11f1-9e87-1a78306416a9/command_interpreter-3.log']]
[roslaunch][INFO] 2026-08-29 23:35:15,683: process[command_interpreter-3]: cwd will be [/root/.ros]
[roslaunch][INFO] 2026-08-29 23:35:15,691: process[command_interpreter-3]: started with pid [103]
[roslaunch][INFO] 2026-08-29 23:35:15,691: ... successfully launched [command_interpreter-3]
[roslaunch][INFO] 2026-08-29 23:35:15,692: ... preparing to launch node of type [drone_control/mission_manager.py]
[roslaunch][INFO] 2026-08-29 23:35:15,692: create_node_process: package[drone_control] type[mission_manager.py] machine[Machine(name[] env_loader[None] address[localhost] ssh_port[22] user[None] assignable[True] timeout[10.0])] master_uri[http://localhost:11311]
[roslaunch][INFO] 2026-08-29 23:35:15,692: process[mission_manager-4]: env[{'ROS_VERSION': '1', 'PYTHONUNBUFFERED': '1', 'PKG_CONFIG_PATH': '/root/catkin_ws/devel/lib/pkgconfig:/opt/ros/noetic/lib/pkgconfig', 'ROS_PYTHON_VERSION': '3', 'HOSTNAME': 'kamikaze', 'ROS_PACKAGE_PATH': '/root/catkin_ws/src:/opt/ros/noetic/share', 'ROSLISP_PACKAGE_DIRECTORIES': '/root/catkin_ws/devel/share/common-lisp', 'PWD': '/root/catkin_ws', 'ENABLE_SIMULATION': 'false', 'ROS_IP': '127.0.0.1', 'HOME': '/root', 'LANG': 'C.UTF-8', 'ROS_ETC_DIR': '/opt/ros/noetic/etc/ros', 'CMAKE_PREFIX_PATH': '/root/catkin_ws/devel:/opt/ros/noetic', 'PYTHONPATH': '/root/catkin_ws/devel/lib/python3/dist-packages:/root/catkin_ws/devel/lib/python3/dist-packages:/opt/ros/noetic/lib/python3/dist-packages', 'DISPLAY': ':0', 'SHLVL': '0', 'ROS_MASTER_URI': 'http://localhost:11311', 'ROS_HOSTNAME': 'localhost', 'LD_LIBRARY_PATH': '/root/catkin_ws/devel/lib:/opt/ros/noetic/lib', 'ENABLE_PERFORMANCE_MONITORING': 'true', 'LC_ALL': 'C.UTF-8', 'PATH': '/opt/ros/noetic/bin:/usr/local/sbin:/usr/local/bin:/usr/sbin:/usr/bin:/sbin:/bin', 'DEBIAN_FRONTEND': 'noninteractive', 'ROS_ROOT': '/opt/ros/noetic/share/ros', 'ROS_DISTRO': 'noetic', 'QT_X11_NO_MITSHM': '1', 'ENABLE_GUI': 'false', 'ROS_LOG_FILENAME': '/root/.ros/log/487eda60-a402-11f1-9e87-1a78306416a9/roslaunch-kamikaze-1.log'}]
[roslaunch][INFO] 2026-08-29 23:35:15,695: process[mission_manager-4]: args[['/root/catkin_ws/devel/lib/drone_control/mission_manager.py', '__name:=mission_manager']]
[roslaunch][INFO] 2026-08-29 23:35:15,695: ... created process [mission_manager-4]
[roslaunch.pmon][INFO] 2026-08-29 23:35:15,695: ProcessMonitor.register[mission_manager-4]
[roslaunch.pmon][INFO] 2026-08-29 23:35:15,695: ProcessMonitor.register[mission_manager-4] complete
[roslaunch][INFO] 2026-08-29 23:35:15,695: ... registered process [mission_manager-4]
[roslaunch][INFO] 2026-08-29 23:35:15,695: process[mission_manager-4]: starting os process
[roslaunch][INFO] 2026-08-29 23:35:15,696: process[mission_manager-4]: start w/ args [['/root/catkin_ws/devel/lib/drone_control/mission_manager.py', '__name:=mission_manager', '__log:=/root/.ros/log/487eda60-a402-11f1-9e87-1a78306416a9/mission_manager-4.log']]
[roslaunch][INFO] 2026-08-29 23:35:15,696: process[mission_manager-4]: cwd will be [/root/.ros]
[roslaunch][INFO] 2026-08-29 23:35:15,704: process[mission_manager-4]: started with pid [104]
[roslaunch][INFO] 2026-08-29 23:35:15,705: ... successfully launched [mission_manager-4]
[roslaunch][INFO] 2026-08-29 23:35:15,706: ... preparing to launch node of type [drone_control/camera_calibration.py]
[roslaunch][INFO] 2026-08-29 23:35:15,706: create_node_process: package[drone_control] type[camera_calibration.py] machine[Machine(name[] env_loader[None] address[localhost] ssh_port[22] user[None] assignable[True] timeout[10.0])] master_uri[http://localhost:11311]
[roslaunch][INFO] 2026-08-29 23:35:15,706: process[camera_calibration-5]: env[{'ROS_VERSION': '1', 'PYTHONUNBUFFERED': '1', 'PKG_CONFIG_PATH': '/root/catkin_ws/devel/lib/pkgconfig:/opt/ros/noetic/lib/pkgconfig', 'ROS_PYTHON_VERSION': '3', 'HOSTNAME': 'kamikaze', 'ROS_PACKAGE_PATH': '/root/catkin_ws/src:/opt/ros/noetic/share', 'ROSLISP_PACKAGE_DIRECTORIES': '/root/catkin_ws/devel/share/common-lisp', 'PWD': '/root/catkin_ws', 'ENABLE_SIMULATION': 'false', 'ROS_IP': '127.0.0.1', 'HOME': '/root', 'LANG': 'C.UTF-8', 'ROS_ETC_DIR': '/opt/ros/noetic/etc/ros', 'CMAKE_PREFIX_PATH': '/root/catkin_ws/devel:/opt/ros/noetic', 'PYTHONPATH': '/root/catkin_ws/devel/lib/python3/dist-packages:/root/catkin_ws/devel/lib/python3/dist-packages:/opt/ros/noetic/lib/python3/dist-packages', 'DISPLAY': ':0', 'SHLVL': '0', 'ROS_MASTER_URI': 'http://localhost:11311', 'ROS_HOSTNAME': 'localhost', 'LD_LIBRARY_PATH': '/root/catkin_ws/devel/lib:/opt/ros/noetic/lib', 'ENABLE_PERFORMANCE_MONITORING': 'true', 'LC_ALL': 'C.UTF-8', 'PATH': '/opt/ros/noetic/bin:/usr/local/sbin:/usr/local/bin:/usr/sbin:/usr/bin:/sbin:/bin', 'DEBIAN_FRONTEND': 'noninteractive', 'ROS_ROOT': '/opt/ros/noetic/share/ros', 'ROS_DISTRO': 'noetic', 'QT_X11_NO_MITSHM': '1', 'ENABLE_GUI': 'false', 'ROS_LOG_FILENAME': '/root/.ros/log/487eda60-a402-11f1-9e87-1a78306416a9/roslaunch-kamikaze-1.log'}]
[roslaunch][INFO] 2026-08-29 23:35:15,709: process[camera_calibration-5]: args[['/root/catkin_ws/devel/lib/drone_control/camera_calibration.py', '__name:=camera_calibration']]
[roslaunch][INFO] 2026-08-29 23:35:15,710: ... created process [camera_calibration-5]
[roslaunch.pmon][INFO] 2026-08-29 23:35:15,710: ProcessMonitor.register[camera_calibration-5]
[roslaunch.pmon][INFO] 2026-08-29 23:35:15,710: ProcessMonitor.register[camera_calibration-5] complete
[roslaunch][INFO] 2026-08-29 23:35:15,710: ... registered process [camera_calibration-5]
[roslaunch][INFO] 2026-08-29 23:35:15,710: process[camera_calibration-5]: starting os process
[roslaunch][INFO] 2026-08-29 23:35:15,711: process[camera_calibration-5]: start w/ args [['/root/catkin_ws/devel/lib/drone_control/camera_calibration.py', '__name:=camera_calibration', '__log:=/root/.ros/log/487eda60-a402-11f1-9e87-1a78306416a9/camera_calibration-5.log']]
[roslaunch][INFO] 2026-08-29 23:35:15,711: process[camera_calibration-5]: cwd will be [/root/.ros]
[roslaunch][INFO] 2026-08-29 23:35:15,721: process[camera_calibration-5]: started with pid [105]
[roslaunch][INFO] 2026-08-29 23:35:15,722: ... successfully launched [camera_calibration-5]
[roslaunch][INFO] 2026-08-29 23:35:15,722: ... preparing to launch node of type [drone_control/yolo_detector.py]
[roslaunch][INFO] 2026-08-29 23:35:15,722: create_node_process: package[drone_control] type[yolo_detector.py] machine[Machine(name[] env_loader[None] address[localhost] ssh_port[22] user[None] assignable[True] timeout[10.0])] master_uri[http://localhost:11311]
[roslaunch][INFO] 2026-08-29 23:35:15,723: process[yolo_detector-6]: env[{'ROS_VERSION': '1', 'PYTHONUNBUFFERED': '1', 'PKG_CONFIG_PATH': '/root/catkin_ws/devel/lib/pkgconfig:/opt/ros/noetic/lib/pkgconfig', 'ROS_PYTHON_VERSION': '3', 'HOSTNAME': 'kamikaze', 'ROS_PACKAGE_PATH': '/root/catkin_ws/src:/opt/ros/noetic/share', 'ROSLISP_PACKAGE_DIRECTORIES': '/root/catkin_ws/devel/share/common-lisp', 'PWD': '/root/catkin_ws', 'ENABLE_SIMULATION': 'false', 'ROS_IP': '127.0.0.1', 'HOME': '/root', 'LANG': 'C.UTF-8', 'ROS_ETC_DIR': '/opt/ros/noetic/etc/ros', 'CMAKE_PREFIX_PATH': '/root/catkin_ws/devel:/opt/ros/noetic', 'PYTHONPATH': '/root/catkin_ws/devel/lib/python3/dist-packages:/root/catkin_ws/devel/lib/python3/dist-packages:/opt/ros/noetic/lib/python3/dist-packages', 'DISPLAY': ':0', 'SHLVL': '0', 'ROS_MASTER_URI': 'http://localhost:11311', 'ROS_HOSTNAME': 'localhost', 'LD_LIBRARY_PATH': '/root/catkin_ws/devel/lib:/opt/ros/noetic/lib', 'ENABLE_PERFORMANCE_MONITORING': 'true', 'LC_ALL': 'C.UTF-8', 'PATH': '/opt/ros/noetic/bin:/usr/local/sbin:/usr/local/bin:/usr/sbin:/usr/bin:/sbin:/bin', 'DEBIAN_FRONTEND': 'noninteractive', 'ROS_ROOT': '/opt/ros/noetic/share/ros', 'ROS_DISTRO': 'noetic', 'QT_X11_NO_MITSHM': '1', 'ENABLE_GUI': 'false', 'ROS_LOG_FILENAME': '/root/.ros/log/487eda60-a402-11f1-9e87-1a78306416a9/roslaunch-kamikaze-1.log'}]
[roslaunch][INFO] 2026-08-29 23:35:15,726: process[yolo_detector-6]: args[['/root/catkin_ws/devel/lib/drone_control/yolo_detector.py', '__name:=yolo_detector']]
[roslaunch][INFO] 2026-08-29 23:35:15,726: ... created process [yolo_detector-6]
[roslaunch.pmon][INFO] 2026-08-29 23:35:15,727: ProcessMonitor.register[yolo_detector-6]
[roslaunch.pmon][INFO] 2026-08-29 23:35:15,727: ProcessMonitor.register[yolo_detector-6] complete
[roslaunch][INFO] 2026-08-29 23:35:15,727: ... registered process [yolo_detector-6]
[roslaunch][INFO] 2026-08-29 23:35:15,727: process[yolo_detector-6]: starting os process
[roslaunch][INFO] 2026-08-29 23:35:15,728: process[yolo_detector-6]: start w/ args [['/root/catkin_ws/devel/lib/drone_control/yolo_detector.py', '__name:=yolo_detector', '__log:=/root/.ros/log/487eda60-a402-11f1-9e87-1a78306416a9/yolo_detector-6.log']]
[roslaunch][INFO] 2026-08-29 23:35:15,728: process[yolo_detector-6]: cwd will be [/root/.ros]
[roslaunch][INFO] 2026-08-29 23:35:15,738: process[yolo_detector-6]: started with pid [106]
[roslaunch][INFO] 2026-08-29 23:35:15,739: ... successfully launched [yolo_detector-6]
[roslaunch][INFO] 2026-08-29 23:35:15,740: ... preparing to launch node of type [drone_control/sensor_fusion.py]
[roslaunch][INFO] 2026-08-29 23:35:15,740: create_node_process: package[drone_control] type[sensor_fusion.py] machine[Machine(name[] env_loader[None] address[localhost] ssh_port[22] user[None] assignable[True] timeout[10.0])] master_uri[http://localhost:11311]
[roslaunch][INFO] 2026-08-29 23:35:15,741: process[sensor_fusion-7]: env[{'ROS_VERSION': '1', 'PYTHONUNBUFFERED': '1', 'PKG_CONFIG_PATH': '/root/catkin_ws/devel/lib/pkgconfig:/opt/ros/noetic/lib/pkgconfig', 'ROS_PYTHON_VERSION': '3', 'HOSTNAME': 'kamikaze', 'ROS_PACKAGE_PATH': '/root/catkin_ws/src:/opt/ros/noetic/share', 'ROSLISP_PACKAGE_DIRECTORIES': '/root/catkin_ws/devel/share/common-lisp', 'PWD': '/root/catkin_ws', 'ENABLE_SIMULATION': 'false', 'ROS_IP': '127.0.0.1', 'HOME': '/root', 'LANG': 'C.UTF-8', 'ROS_ETC_DIR': '/opt/ros/noetic/etc/ros', 'CMAKE_PREFIX_PATH': '/root/catkin_ws/devel:/opt/ros/noetic', 'PYTHONPATH': '/root/catkin_ws/devel/lib/python3/dist-packages:/root/catkin_ws/devel/lib/python3/dist-packages:/opt/ros/noetic/lib/python3/dist-packages', 'DISPLAY': ':0', 'SHLVL': '0', 'ROS_MASTER_URI': 'http://localhost:11311', 'ROS_HOSTNAME': 'localhost', 'LD_LIBRARY_PATH': '/root/catkin_ws/devel/lib:/opt/ros/noetic/lib', 'ENABLE_PERFORMANCE_MONITORING': 'true', 'LC_ALL': 'C.UTF-8', 'PATH': '/opt/ros/noetic/bin:/usr/local/sbin:/usr/local/bin:/usr/sbin:/usr/bin:/sbin:/bin', 'DEBIAN_FRONTEND': 'noninteractive', 'ROS_ROOT': '/opt/ros/noetic/share/ros', 'ROS_DISTRO': 'noetic', 'QT_X11_NO_MITSHM': '1', 'ENABLE_GUI': 'false', 'ROS_LOG_FILENAME': '/root/.ros/log/487eda60-a402-11f1-9e87-1a78306416a9/roslaunch-kamikaze-1.log'}]
[roslaunch][INFO] 2026-08-29 23:35:15,744: process[sensor_fusion-7]: args[['/root/catkin_ws/devel/lib/drone_control/sensor_fusion.py', '__name:=sensor_fusion']]
[roslaunch][INFO] 2026-08-29 23:35:15,745: ... created process [sensor_fusion-7]
[roslaunch.pmon][INFO] 2026-08-29 23:35:15,745: ProcessMonitor.register[sensor_fusion-7]
[roslaunch.pmon][INFO] 2026-08-29 23:35:15,746: ProcessMonitor.register[sensor_fusion-7] complete
[roslaunch][INFO] 2026-08-29 23:35:15,746: ... registered process [sensor_fusion-7]
[roslaunch][INFO] 2026-08-29 23:35:15,746: process[sensor_fusion-7]: starting os process
[roslaunch][INFO] 2026-08-29 23:35:15,747: process[sensor_fusion-7]: start w/ args [['/root/catkin_ws/devel/lib/drone_control/sensor_fusion.py', '__name:=sensor_fusion', '__log:=/root/.ros/log/487eda60-a402-11f1-9e87-1a78306416a9/sensor_fusion-7.log']]
[roslaunch][INFO] 2026-08-29 23:35:15,747: process[sensor_fusion-7]: cwd will be [/root/.ros]
[roslaunch][INFO] 2026-08-29 23:35:15,759: process[sensor_fusion-7]: started with pid [107]
[roslaunch][INFO] 2026-08-29 23:35:15,760: ... successfully launched [sensor_fusion-7]
[roslaunch][INFO] 2026-08-29 23:35:15,760: ... preparing to launch node of type [drone_control/target_tracking_controller.py]
[roslaunch][INFO] 2026-08-29 23:35:15,761: create_node_process: package[drone_control] type[target_tracking_controller.py] machine[Machine(name[] env_loader[None] address[localhost] ssh_port[22] user[None] assignable[True] timeout[10.0])] master_uri[http://localhost:11311]
[roslaunch][INFO] 2026-08-29 23:35:15,761: process[target_tracking_controller-8]: env[{'ROS_VERSION': '1', 'PYTHONUNBUFFERED': '1', 'PKG_CONFIG_PATH': '/root/catkin_ws/devel/lib/pkgconfig:/opt/ros/noetic/lib/pkgconfig', 'ROS_PYTHON_VERSION': '3', 'HOSTNAME': 'kamikaze', 'ROS_PACKAGE_PATH': '/root/catkin_ws/src:/opt/ros/noetic/share', 'ROSLISP_PACKAGE_DIRECTORIES': '/root/catkin_ws/devel/share/common-lisp', 'PWD': '/root/catkin_ws', 'ENABLE_SIMULATION': 'false', 'ROS_IP': '127.0.0.1', 'HOME': '/root', 'LANG': 'C.UTF-8', 'ROS_ETC_DIR': '/opt/ros/noetic/etc/ros', 'CMAKE_PREFIX_PATH': '/root/catkin_ws/devel:/opt/ros/noetic', 'PYTHONPATH': '/root/catkin_ws/devel/lib/python3/dist-packages:/root/catkin_ws/devel/lib/python3/dist-packages:/opt/ros/noetic/lib/python3/dist-packages', 'DISPLAY': ':0', 'SHLVL': '0', 'ROS_MASTER_URI': 'http://localhost:11311', 'ROS_HOSTNAME': 'localhost', 'LD_LIBRARY_PATH': '/root/catkin_ws/devel/lib:/opt/ros/noetic/lib', 'ENABLE_PERFORMANCE_MONITORING': 'true', 'LC_ALL': 'C.UTF-8', 'PATH': '/opt/ros/noetic/bin:/usr/local/sbin:/usr/local/bin:/usr/sbin:/usr/bin:/sbin:/bin', 'DEBIAN_FRONTEND': 'noninteractive', 'ROS_ROOT': '/opt/ros/noetic/share/ros', 'ROS_DISTRO': 'noetic', 'QT_X11_NO_MITSHM': '1', 'ENABLE_GUI': 'false', 'ROS_LOG_FILENAME': '/root/.ros/log/487eda60-a402-11f1-9e87-1a78306416a9/roslaunch-kamikaze-1.log'}]
[roslaunch][INFO] 2026-08-29 23:35:15,767: process[target_tracking_controller-8]: args[['/root/catkin_ws/devel/lib/drone_control/target_tracking_controller.py', '__name:=target_tracking_controller']]
[roslaunch][INFO] 2026-08-29 23:35:15,768: ... created process [target_tracking_controller-8]
[roslaunch.pmon][INFO] 2026-08-29 23:35:15,768: ProcessMonitor.register[target_tracking_controller-8]
[roslaunch.pmon][INFO] 2026-08-29 23:35:15,768: ProcessMonitor.register[target_tracking_controller-8] complete
[roslaunch][INFO] 2026-08-29 23:35:15,768: ... registered process [target_tracking_controller-8]
[roslaunch][INFO] 2026-08-29 23:35:15,769: process[target_tracking_controller-8]: starting os process
[roslaunch][INFO] 2026-08-29 23:35:15,769: process[target_tracking_controller-8]: start w/ args [['/root/catkin_ws/devel/lib/drone_control/target_tracking_controller.py', '__name:=target_tracking_controller', '__log:=/root/.ros/log/487eda60-a402-11f1-9e87-1a78306416a9/target_tracking_controller-8.log']]
[roslaunch][INFO] 2026-08-29 23:35:15,769: process[target_tracking_controller-8]: cwd will be [/root/.ros]
[roslaunch][INFO] 2026-08-29 23:35:15,830: process[target_tracking_controller-8]: started with pid [109]
[roslaunch][INFO] 2026-08-29 23:35:15,832: ... successfully launched [target_tracking_controller-8]
[roslaunch][INFO] 2026-08-29 23:35:15,833: ... preparing to launch node of type [drone_control/vehicle_state_monitor.py]
[roslaunch][INFO] 2026-08-29 23:35:15,833: create_node_process: package[drone_control] type[vehicle_state_monitor.py] machine[Machine(name[] env_loader[None] address[localhost] ssh_port[22] user[None] assignable[True] timeout[10.0])] master_uri[http://localhost:11311]
[roslaunch][INFO] 2026-08-29 23:35:15,833: process[vehicle_state_monitor-9]: env[{'ROS_VERSION': '1', 'PYTHONUNBUFFERED': '1', 'PKG_CONFIG_PATH': '/root/catkin_ws/devel/lib/pkgconfig:/opt/ros/noetic/lib/pkgconfig', 'ROS_PYTHON_VERSION': '3', 'HOSTNAME': 'kamikaze', 'ROS_PACKAGE_PATH': '/root/catkin_ws/src:/opt/ros/noetic/share', 'ROSLISP_PACKAGE_DIRECTORIES': '/root/catkin_ws/devel/share/common-lisp', 'PWD': '/root/catkin_ws', 'ENABLE_SIMULATION': 'false', 'ROS_IP': '127.0.0.1', 'HOME': '/root', 'LANG': 'C.UTF-8', 'ROS_ETC_DIR': '/opt/ros/noetic/etc/ros', 'CMAKE_PREFIX_PATH': '/root/catkin_ws/devel:/opt/ros/noetic', 'PYTHONPATH': '/root/catkin_ws/devel/lib/python3/dist-packages:/root/catkin_ws/devel/lib/python3/dist-packages:/opt/ros/noetic/lib/python3/dist-packages', 'DISPLAY': ':0', 'SHLVL': '0', 'ROS_MASTER_URI': 'http://localhost:11311', 'ROS_HOSTNAME': 'localhost', 'LD_LIBRARY_PATH': '/root/catkin_ws/devel/lib:/opt/ros/noetic/lib', 'ENABLE_PERFORMANCE_MONITORING': 'true', 'LC_ALL': 'C.UTF-8', 'PATH': '/opt/ros/noetic/bin:/usr/local/sbin:/usr/local/bin:/usr/sbin:/usr/bin:/sbin:/bin', 'DEBIAN_FRONTEND': 'noninteractive', 'ROS_ROOT': '/opt/ros/noetic/share/ros', 'ROS_DISTRO': 'noetic', 'QT_X11_NO_MITSHM': '1', 'ENABLE_GUI': 'false', 'ROS_LOG_FILENAME': '/root/.ros/log/487eda60-a402-11f1-9e87-1a78306416a9/roslaunch-kamikaze-1.log'}]
[roslaunch][INFO] 2026-08-29 23:35:15,837: process[vehicle_state_monitor-9]: args[['/root/catkin_ws/devel/lib/drone_control/vehicle_state_monitor.py', '__name:=vehicle_state_monitor']]
[roslaunch][INFO] 2026-08-29 23:35:15,837: ... created process [vehicle_state_monitor-9]
[roslaunch.pmon][INFO] 2026-08-29 23:35:15,837: ProcessMonitor.register[vehicle_state_monitor-9]
[roslaunch.pmon][INFO] 2026-08-29 23:35:15,838: ProcessMonitor.register[vehicle_state_monitor-9] complete
[roslaunch][INFO] 2026-08-29 23:35:15,838: ... registered process [vehicle_state_monitor-9]
[roslaunch][INFO] 2026-08-29 23:35:15,838: process[vehicle_state_monitor-9]: starting os process
[roslaunch][INFO] 2026-08-29 23:35:15,838: process[vehicle_state_monitor-9]: start w/ args [['/root/catkin_ws/devel/lib/drone_control/vehicle_state_monitor.py', '__name:=vehicle_state_monitor', '__log:=/root/.ros/log/487eda60-a402-11f1-9e87-1a78306416a9/vehicle_state_monitor-9.log']]
[roslaunch][INFO] 2026-08-29 23:35:15,838: process[vehicle_state_monitor-9]: cwd will be [/root/.ros]
[roslaunch][INFO] 2026-08-29 23:35:15,850: process[vehicle_state_monitor-9]: started with pid [112]
[roslaunch][INFO] 2026-08-29 23:35:15,854: ... successfully launched [vehicle_state_monitor-9]
[roslaunch][INFO] 2026-08-29 23:35:15,854: ... preparing to launch node of type [drone_control/safety_monitor.py]
[roslaunch][INFO] 2026-08-29 23:35:15,855: create_node_process: package[drone_control] type[safety_monitor.py] machine[Machine(name[] env_loader[None] address[localhost] ssh_port[22] user[None] assignable[True] timeout[10.0])] master_uri[http://localhost:11311]
[roslaunch][INFO] 2026-08-29 23:35:15,855: process[safety_monitor-10]: env[{'ROS_VERSION': '1', 'PYTHONUNBUFFERED': '1', 'PKG_CONFIG_PATH': '/root/catkin_ws/devel/lib/pkgconfig:/opt/ros/noetic/lib/pkgconfig', 'ROS_PYTHON_VERSION': '3', 'HOSTNAME': 'kamikaze', 'ROS_PACKAGE_PATH': '/root/catkin_ws/src:/opt/ros/noetic/share', 'ROSLISP_PACKAGE_DIRECTORIES': '/root/catkin_ws/devel/share/common-lisp', 'PWD': '/root/catkin_ws', 'ENABLE_SIMULATION': 'false', 'ROS_IP': '127.0.0.1', 'HOME': '/root', 'LANG': 'C.UTF-8', 'ROS_ETC_DIR': '/opt/ros/noetic/etc/ros', 'CMAKE_PREFIX_PATH': '/root/catkin_ws/devel:/opt/ros/noetic', 'PYTHONPATH': '/root/catkin_ws/devel/lib/python3/dist-packages:/root/catkin_ws/devel/lib/python3/dist-packages:/opt/ros/noetic/lib/python3/dist-packages', 'DISPLAY': ':0', 'SHLVL': '0', 'ROS_MASTER_URI': 'http://localhost:11311', 'ROS_HOSTNAME': 'localhost', 'LD_LIBRARY_PATH': '/root/catkin_ws/devel/lib:/opt/ros/noetic/lib', 'ENABLE_PERFORMANCE_MONITORING': 'true', 'LC_ALL': 'C.UTF-8', 'PATH': '/opt/ros/noetic/bin:/usr/local/sbin:/usr/local/bin:/usr/sbin:/usr/bin:/sbin:/bin', 'DEBIAN_FRONTEND': 'noninteractive', 'ROS_ROOT': '/opt/ros/noetic/share/ros', 'ROS_DISTRO': 'noetic', 'QT_X11_NO_MITSHM': '1', 'ENABLE_GUI': 'false', 'ROS_LOG_FILENAME': '/root/.ros/log/487eda60-a402-11f1-9e87-1a78306416a9/roslaunch-kamikaze-1.log'}]
[roslaunch][INFO] 2026-08-29 23:35:15,870: process[safety_monitor-10]: args[['/root/catkin_ws/devel/lib/drone_control/safety_monitor.py', '__name:=safety_monitor']]
[roslaunch][INFO] 2026-08-29 23:35:15,870: ... created process [safety_monitor-10]
[roslaunch.pmon][INFO] 2026-08-29 23:35:15,871: ProcessMonitor.register[safety_monitor-10]
[roslaunch.pmon][INFO] 2026-08-29 23:35:15,871: ProcessMonitor.register[safety_monitor-10] complete
[roslaunch][INFO] 2026-08-29 23:35:15,871: ... registered process [safety_monitor-10]
[roslaunch][INFO] 2026-08-29 23:35:15,871: process[safety_monitor-10]: starting os process
[roslaunch][INFO] 2026-08-29 23:35:15,872: process[safety_monitor-10]: start w/ args [['/root/catkin_ws/devel/lib/drone_control/safety_monitor.py', '__name:=safety_monitor', '__log:=/root/.ros/log/487eda60-a402-11f1-9e87-1a78306416a9/safety_monitor-10.log']]
[roslaunch][INFO] 2026-08-29 23:35:15,875: process[safety_monitor-10]: cwd will be [/root/.ros]
[roslaunch][INFO] 2026-08-29 23:35:15,962: process[safety_monitor-10]: started with pid [114]
[roslaunch][INFO] 2026-08-29 23:35:15,963: ... successfully launched [safety_monitor-10]
[roslaunch][INFO] 2026-08-29 23:35:15,963: ... preparing to launch node of type [drone_control/system_health_monitor.py]
[roslaunch][INFO] 2026-08-29 23:35:15,963: create_node_process: package[drone_control] type[system_health_monitor.py] machine[Machine(name[] env_loader[None] address[localhost] ssh_port[22] user[None] assignable[True] timeout[10.0])] master_uri[http://localhost:11311]
[roslaunch][INFO] 2026-08-29 23:35:15,964: process[system_health_monitor-11]: env[{'ROS_VERSION': '1', 'PYTHONUNBUFFERED': '1', 'PKG_CONFIG_PATH': '/root/catkin_ws/devel/lib/pkgconfig:/opt/ros/noetic/lib/pkgconfig', 'ROS_PYTHON_VERSION': '3', 'HOSTNAME': 'kamikaze', 'ROS_PACKAGE_PATH': '/root/catkin_ws/src:/opt/ros/noetic/share', 'ROSLISP_PACKAGE_DIRECTORIES': '/root/catkin_ws/devel/share/common-lisp', 'PWD': '/root/catkin_ws', 'ENABLE_SIMULATION': 'false', 'ROS_IP': '127.0.0.1', 'HOME': '/root', 'LANG': 'C.UTF-8', 'ROS_ETC_DIR': '/opt/ros/noetic/etc/ros', 'CMAKE_PREFIX_PATH': '/root/catkin_ws/devel:/opt/ros/noetic', 'PYTHONPATH': '/root/catkin_ws/devel/lib/python3/dist-packages:/root/catkin_ws/devel/lib/python3/dist-packages:/opt/ros/noetic/lib/python3/dist-packages', 'DISPLAY': ':0', 'SHLVL': '0', 'ROS_MASTER_URI': 'http://localhost:11311', 'ROS_HOSTNAME': 'localhost', 'LD_LIBRARY_PATH': '/root/catkin_ws/devel/lib:/opt/ros/noetic/lib', 'ENABLE_PERFORMANCE_MONITORING': 'true', 'LC_ALL': 'C.UTF-8', 'PATH': '/opt/ros/noetic/bin:/usr/local/sbin:/usr/local/bin:/usr/sbin:/usr/bin:/sbin:/bin', 'DEBIAN_FRONTEND': 'noninteractive', 'ROS_ROOT': '/opt/ros/noetic/share/ros', 'ROS_DISTRO': 'noetic', 'QT_X11_NO_MITSHM': '1', 'ENABLE_GUI': 'false', 'ROS_LOG_FILENAME': '/root/.ros/log/487eda60-a402-11f1-9e87-1a78306416a9/roslaunch-kamikaze-1.log'}]
[roslaunch][INFO] 2026-08-29 23:35:15,970: process[system_health_monitor-11]: args[['/root/catkin_ws/devel/lib/drone_control/system_health_monitor.py', '__name:=system_health_monitor']]
[roslaunch][INFO] 2026-08-29 23:35:15,970: ... created process [system_health_monitor-11]
[roslaunch.pmon][INFO] 2026-08-29 23:35:15,970: ProcessMonitor.register[system_health_monitor-11]
[roslaunch.pmon][INFO] 2026-08-29 23:35:15,971: ProcessMonitor.register[system_health_monitor-11] complete
[roslaunch][INFO] 2026-08-29 23:35:15,971: ... registered process [system_health_monitor-11]
[roslaunch][INFO] 2026-08-29 23:35:15,971: process[system_health_monitor-11]: starting os process
[roslaunch][INFO] 2026-08-29 23:35:15,971: process[system_health_monitor-11]: start w/ args [['/root/catkin_ws/devel/lib/drone_control/system_health_monitor.py', '__name:=system_health_monitor', '__log:=/root/.ros/log/487eda60-a402-11f1-9e87-1a78306416a9/system_health_monitor-11.log']]
[roslaunch][INFO] 2026-08-29 23:35:15,971: process[system_health_monitor-11]: cwd will be [/root/.ros]
[roslaunch][INFO] 2026-08-29 23:35:16,045: process[system_health_monitor-11]: started with pid [115]
[roslaunch][INFO] 2026-08-29 23:35:16,046: ... successfully launched [system_health_monitor-11]
[roslaunch][INFO] 2026-08-29 23:35:16,046: ... preparing to launch node of type [drone_control/health_checker.py]
[roslaunch][INFO] 2026-08-29 23:35:16,047: create_node_process: package[drone_control] type[health_checker.py] machine[Machine(name[] env_loader[None] address[localhost] ssh_port[22] user[None] assignable[True] timeout[10.0])] master_uri[http://localhost:11311]
[roslaunch][INFO] 2026-08-29 23:35:16,048: process[health_checker-12]: env[{'ROS_VERSION': '1', 'PYTHONUNBUFFERED': '1', 'PKG_CONFIG_PATH': '/root/catkin_ws/devel/lib/pkgconfig:/opt/ros/noetic/lib/pkgconfig', 'ROS_PYTHON_VERSION': '3', 'HOSTNAME': 'kamikaze', 'ROS_PACKAGE_PATH': '/root/catkin_ws/src:/opt/ros/noetic/share', 'ROSLISP_PACKAGE_DIRECTORIES': '/root/catkin_ws/devel/share/common-lisp', 'PWD': '/root/catkin_ws', 'ENABLE_SIMULATION': 'false', 'ROS_IP': '127.0.0.1', 'HOME': '/root', 'LANG': 'C.UTF-8', 'ROS_ETC_DIR': '/opt/ros/noetic/etc/ros', 'CMAKE_PREFIX_PATH': '/root/catkin_ws/devel:/opt/ros/noetic', 'PYTHONPATH': '/root/catkin_ws/devel/lib/python3/dist-packages:/root/catkin_ws/devel/lib/python3/dist-packages:/opt/ros/noetic/lib/python3/dist-packages', 'DISPLAY': ':0', 'SHLVL': '0', 'ROS_MASTER_URI': 'http://localhost:11311', 'ROS_HOSTNAME': 'localhost', 'LD_LIBRARY_PATH': '/root/catkin_ws/devel/lib:/opt/ros/noetic/lib', 'ENABLE_PERFORMANCE_MONITORING': 'true', 'LC_ALL': 'C.UTF-8', 'PATH': '/opt/ros/noetic/bin:/usr/local/sbin:/usr/local/bin:/usr/sbin:/usr/bin:/sbin:/bin', 'DEBIAN_FRONTEND': 'noninteractive', 'ROS_ROOT': '/opt/ros/noetic/share/ros', 'ROS_DISTRO': 'noetic', 'QT_X11_NO_MITSHM': '1', 'ENABLE_GUI': 'false', 'ROS_LOG_FILENAME': '/root/.ros/log/487eda60-a402-11f1-9e87-1a78306416a9/roslaunch-kamikaze-1.log'}]
[roslaunch][INFO] 2026-08-29 23:35:16,066: process[health_checker-12]: args[['/root/catkin_ws/devel/lib/drone_control/health_checker.py', '__name:=health_checker']]
[roslaunch][INFO] 2026-08-29 23:35:16,066: ... created process [health_checker-12]
[roslaunch.pmon][INFO] 2026-08-29 23:35:16,067: ProcessMonitor.register[health_checker-12]
[roslaunch.pmon][INFO] 2026-08-29 23:35:16,067: ProcessMonitor.register[health_checker-12] complete
[roslaunch][INFO] 2026-08-29 23:35:16,067: ... registered process [health_checker-12]
[roslaunch][INFO] 2026-08-29 23:35:16,067: process[health_checker-12]: starting os process
[roslaunch][INFO] 2026-08-29 23:35:16,067: process[health_checker-12]: start w/ args [['/root/catkin_ws/devel/lib/drone_control/health_checker.py', '__name:=health_checker', '__log:=/root/.ros/log/487eda60-a402-11f1-9e87-1a78306416a9/health_checker-12.log']]
[roslaunch][INFO] 2026-08-29 23:35:16,068: process[health_checker-12]: cwd will be [/root/.ros]
[roslaunch][INFO] 2026-08-29 23:35:16,154: process[health_checker-12]: started with pid [116]
[roslaunch][INFO] 2026-08-29 23:35:16,166: ... successfully launched [health_checker-12]
[roslaunch][INFO] 2026-08-29 23:35:16,167: ... launch_nodes complete
[roslaunch.pmon][INFO] 2026-08-29 23:35:16,167: registrations completed <ProcessMonitor(ProcessMonitor-1, started daemon 140737361721088)>
[roslaunch.parent][INFO] 2026-08-29 23:35:16,168: ... roslaunch parent running, waiting for process exit
[roslaunch][INFO] 2026-08-29 23:35:16,172: spin
[roslaunch.pmon][INFO] 2026-08-29 23:54:29,551: ProcessMonitor.shutdown <ProcessMonitor(ProcessMonitor-1, started daemon 140737361721088)>
[roslaunch.pmon][INFO] 2026-08-29 23:54:29,604: ProcessMonitor._post_run <ProcessMonitor(ProcessMonitor-1, started daemon 140737361721088)>
[roslaunch.pmon][INFO] 2026-08-29 23:54:29,605: ProcessMonitor._post_run <ProcessMonitor(ProcessMonitor-1, started daemon 140737361721088)>: remaining procs are [<roslaunch.nodeprocess.LocalProcess object at 0x7ffffb734f70>, <roslaunch.nodeprocess.LocalProcess object at 0x7ffffb734ee0>, <roslaunch.nodeprocess.LocalProcess object at 0x7fffe95bbeb0>, <roslaunch.nodeprocess.LocalProcess object at 0x7ffffb7342e0>, <roslaunch.nodeprocess.LocalProcess object at 0x7ffffb734bb0>, <roslaunch.nodeprocess.LocalProcess object at 0x7ffffb734d60>, <roslaunch.nodeprocess.LocalProcess object at 0x7ffffb6cd8b0>, <roslaunch.nodeprocess.LocalProcess object at 0x7ffffb6cdd00>, <roslaunch.nodeprocess.LocalProcess object at 0x7ffffb6cd6d0>, <roslaunch.nodeprocess.LocalProcess object at 0x7ffffb6cd820>, <roslaunch.nodeprocess.LocalProcess object at 0x7ffffb6cda30>, <roslaunch.nodeprocess.LocalProcess object at 0x7ffffb6cdf10>, <roslaunch.nodeprocess.LocalProcess object at 0x7ffffb6cdca0>]
[roslaunch.pmon][INFO] 2026-08-29 23:54:29,605: ProcessMonitor exit: killing health_checker-12
[roslaunch][INFO] 2026-08-29 23:54:29,606: [health_checker-12] killing on exit
[roslaunch][INFO] 2026-08-29 23:54:29,608: process[health_checker-12]: killing os process with pid[116] pgid[116]
[roslaunch][INFO] 2026-08-29 23:54:29,609: [health_checker-12] sending SIGINT to pgid [116]
[roslaunch.pmon][INFO] 2026-08-29 23:54:29,608: ProcessMonitor exit: killing system_health_monitor-11
[roslaunch.pmon][INFO] 2026-08-29 23:54:29,609: ProcessMonitor exit: killing safety_monitor-10
[roslaunch][INFO] 2026-08-29 23:54:29,611: [safety_monitor-10] killing on exit
[roslaunch.pmon][INFO] 2026-08-29 23:54:29,610: ProcessMonitor exit: killing vehicle_state_monitor-9
[roslaunch][INFO] 2026-08-29 23:54:29,612: [vehicle_state_monitor-9] killing on exit
[roslaunch][INFO] 2026-08-29 23:54:29,609: [health_checker-12] sent SIGINT to pgid [116]
[roslaunch][INFO] 2026-08-29 23:54:29,610: [system_health_monitor-11] killing on exit
[roslaunch.pmon][INFO] 2026-08-29 23:54:29,611: ProcessMonitor exit: killing sensor_fusion-7
[roslaunch][INFO] 2026-08-29 23:54:29,614: [sensor_fusion-7] killing on exit
[roslaunch.pmon][INFO] 2026-08-29 23:54:29,610: ProcessMonitor exit: killing target_tracking_controller-8
[roslaunch][INFO] 2026-08-29 23:54:29,615: [target_tracking_controller-8] killing on exit
[roslaunch][INFO] 2026-08-29 23:54:29,615: process[target_tracking_controller-8]: killing os process with pid[109] pgid[109]
[roslaunch.pmon][INFO] 2026-08-29 23:54:29,613: ProcessMonitor exit: killing camera_calibration-5
[roslaunch][INFO] 2026-08-29 23:54:29,615: [camera_calibration-5] killing on exit
[roslaunch][INFO] 2026-08-29 23:54:29,615: process[camera_calibration-5]: killing os process with pid[105] pgid[105]
[roslaunch][INFO] 2026-08-29 23:54:29,615: [camera_calibration-5] sending SIGINT to pgid [105]
[roslaunch][INFO] 2026-08-29 23:54:29,611: process[safety_monitor-10]: killing os process with pid[114] pgid[114]
[roslaunch][INFO] 2026-08-29 23:54:29,616: [safety_monitor-10] sending SIGINT to pgid [114]
[roslaunch][INFO] 2026-08-29 23:54:29,616: [safety_monitor-10] sent SIGINT to pgid [114]
[roslaunch][INFO] 2026-08-29 23:54:29,614: process[sensor_fusion-7]: killing os process with pid[107] pgid[107]
[roslaunch.pmon][INFO] 2026-08-29 23:54:29,612: ProcessMonitor exit: killing yolo_detector-6
[roslaunch][INFO] 2026-08-29 23:54:29,616: [camera_calibration-5] sent SIGINT to pgid [105]
[roslaunch.pmon][INFO] 2026-08-29 23:54:29,614: ProcessMonitor exit: killing command_interpreter-3
[roslaunch][INFO] 2026-08-29 23:54:29,617: [command_interpreter-3] killing on exit
[roslaunch][INFO] 2026-08-29 23:54:29,617: process[command_interpreter-3]: killing os process with pid[103] pgid[103]
[roslaunch][INFO] 2026-08-29 23:54:29,617: [command_interpreter-3] sending SIGINT to pgid [103]
[roslaunch][INFO] 2026-08-29 23:54:29,617: [command_interpreter-3] sent SIGINT to pgid [103]
[roslaunch][INFO] 2026-08-29 23:54:29,613: process[system_health_monitor-11]: killing os process with pid[115] pgid[115]
[roslaunch][INFO] 2026-08-29 23:54:29,618: [system_health_monitor-11] sending SIGINT to pgid [115]
[roslaunch][INFO] 2026-08-29 23:54:29,616: [sensor_fusion-7] sending SIGINT to pgid [107]
[roslaunch][INFO] 2026-08-29 23:54:29,618: [system_health_monitor-11] sent SIGINT to pgid [115]
[roslaunch.pmon][INFO] 2026-08-29 23:54:29,613: ProcessMonitor exit: killing mission_manager-4
[roslaunch][INFO] 2026-08-29 23:54:29,615: [target_tracking_controller-8] sending SIGINT to pgid [109]
[roslaunch][INFO] 2026-08-29 23:54:29,612: process[vehicle_state_monitor-9]: killing os process with pid[112] pgid[112]
[roslaunch][INFO] 2026-08-29 23:54:29,616: [yolo_detector-6] killing on exit
[roslaunch][INFO] 2026-08-29 23:54:29,618: [sensor_fusion-7] sent SIGINT to pgid [107]
[roslaunch][INFO] 2026-08-29 23:54:29,623: process[yolo_detector-6]: killing os process with pid[106] pgid[106]
[roslaunch][INFO] 2026-08-29 23:54:29,623: [yolo_detector-6] sending SIGINT to pgid [106]
[roslaunch][INFO] 2026-08-29 23:54:29,621: [mission_manager-4] killing on exit
[roslaunch][INFO] 2026-08-29 23:54:29,623: [yolo_detector-6] sent SIGINT to pgid [106]
[roslaunch][INFO] 2026-08-29 23:54:29,621: [target_tracking_controller-8] sent SIGINT to pgid [109]
[roslaunch][INFO] 2026-08-29 23:54:29,624: process[mission_manager-4]: killing os process with pid[104] pgid[104]
[roslaunch][INFO] 2026-08-29 23:54:29,624: [mission_manager-4] sending SIGINT to pgid [104]
[roslaunch][INFO] 2026-08-29 23:54:29,622: [vehicle_state_monitor-9] sending SIGINT to pgid [112]
[roslaunch][INFO] 2026-08-29 23:54:29,625: [vehicle_state_monitor-9] sent SIGINT to pgid [112]
[roslaunch][INFO] 2026-08-29 23:54:29,624: [mission_manager-4] sent SIGINT to pgid [104]
[roslaunch][INFO] 2026-08-29 23:54:30,430: process[sensor_fusion-7]: SIGINT killed with return value 0
[roslaunch.pmon][INFO] 2026-08-29 23:54:30,430: ProcessMonitor exit: killing parameter_validator-2
[roslaunch][INFO] 2026-08-29 23:54:30,430: [parameter_validator-2] killing on exit
[roslaunch][INFO] 2026-08-29 23:54:30,431: process[parameter_validator-2]: killing os process with pid[102] pgid[102]
[roslaunch][INFO] 2026-08-29 23:54:30,431: [parameter_validator-2] sending SIGINT to pgid [102]
[roslaunch][INFO] 2026-08-29 23:54:30,431: [parameter_validator-2] sent SIGINT to pgid [102]
[roslaunch][INFO] 2026-08-29 23:54:30,520: process[health_checker-12]: SIGINT killed with return value 0
[roslaunch][INFO] 2026-08-29 23:54:30,522: process[command_interpreter-3]: SIGINT killed with return value 0
[roslaunch][INFO] 2026-08-29 23:54:30,523: process[camera_calibration-5]: SIGINT killed with return value 0
[roslaunch][INFO] 2026-08-29 23:54:30,523: process[safety_monitor-10]: SIGINT killed with return value 0
[roslaunch][INFO] 2026-08-29 23:54:30,528: process[system_health_monitor-11]: SIGINT killed with return value 0
[roslaunch][INFO] 2026-08-29 23:54:30,534: process[mission_manager-4]: SIGINT killed with return value 0
[roslaunch][INFO] 2026-08-29 23:54:30,628: process[target_tracking_controller-8]: SIGINT killed with return value 0
[roslaunch][INFO] 2026-08-29 23:54:30,634: process[vehicle_state_monitor-9]: SIGINT killed with return value 0
[roslaunch][INFO] 2026-08-29 23:54:31,045: process[yolo_detector-6]: SIGINT killed with return value 0
[roslaunch][INFO] 2026-08-29 23:54:31,159: process[parameter_validator-2]: SIGINT killed with return value 0
[roslaunch.pmon][INFO] 2026-08-29 23:54:31,159: ProcessMonitor exit: killing rosout-1
[roslaunch][INFO] 2026-08-29 23:54:31,160: [rosout-1] killing on exit
[roslaunch][INFO] 2026-08-29 23:54:31,160: process[rosout-1]: killing os process with pid[99] pgid[99]
[roslaunch][INFO] 2026-08-29 23:54:31,160: [rosout-1] sending SIGINT to pgid [99]
[roslaunch][INFO] 2026-08-29 23:54:31,160: [rosout-1] sent SIGINT to pgid [99]
[roslaunch][INFO] 2026-08-29 23:54:31,370: process[rosout-1]: SIGINT killed with return value 0
[roslaunch.pmon][INFO] 2026-08-29 23:54:31,370: ProcessMonitor exit: killing master
[roslaunch][INFO] 2026-08-29 23:54:31,370: [master] killing on exit
[roslaunch][INFO] 2026-08-29 23:54:31,370: process[master]: killing os process with pid[82] pgid[82]
[roslaunch][INFO] 2026-08-29 23:54:31,370: [master] sending SIGINT to pgid [82]
[roslaunch][INFO] 2026-08-29 23:54:31,370: [master] sent SIGINT to pgid [82]
[roslaunch][INFO] 2026-08-29 23:54:31,580: process[master]: SIGINT killed with return value 0
[roslaunch.pmon][INFO] 2026-08-29 23:54:31,580: ProcessMonitor exit: cleaning up data structures and signals
[roslaunch.pmon][INFO] 2026-08-29 23:54:31,581: ProcessMonitor exit: pmon has shutdown
[roslaunch][INFO] 2026-08-29 23:54:31,581: process monitor is done spinning, initiating full shutdown
[roslaunch][INFO] 2026-08-29 23:54:31,581: runner.stop()
[roslaunch][INFO] 2026-08-29 23:54:31,581: shutting down processing monitor...
[roslaunch][INFO] 2026-08-29 23:54:31,581: shutting down processing monitor <ProcessMonitor(ProcessMonitor-1, stopped daemon 140737361721088)>
[roslaunch.pmon][INFO] 2026-08-29 23:54:31,582: ProcessMonitor.shutdown <ProcessMonitor(ProcessMonitor-1, stopped daemon 140737361721088)>
[roslaunch][INFO] 2026-08-29 23:54:31,582: ... shutting down processing monitor complete
[roslaunch][INFO] 2026-08-29 23:54:31,582: done
[roslaunch.pmon][INFO] 2026-08-29 23:54:31,582: ProcessMonitor.shutdown <ProcessMonitor(ProcessMonitor-1, stopped daemon 140737361721088)>
[rospy.core][INFO] 2026-08-29 23:54:31,583: signal_shutdown [atexit]
