

1788046515.868214082  Node Startup
1788046519.453255414 INFO /mission_manager [mission_manager.py:115(MissionManager.__init__)] [topics: /drone_control/command, /mission_status, /safety_status, /mission_manager/node_health, /rosout, /tracked_targets] Mission Manager initialized
1788046519.557417154 INFO /command_interpreter [command_interpreter.py:65(CommandInterpreter.__init__)] [topics: /drone_control/command_response, /rosout, /command_interpreter/node_health, /drone_control/command] Command Interpreter initialized
1788046519.847869157 INFO /parameter_validator [parameter_validator.py:65(ParameterValidator.__init__)] [topics: /rosout] Parameter validator initialized successfully
1788046519.753770589 INFO /camera_calibration [camera_calibration.py:29(CameraCalibration.__init__)] [topics: /rosout, /camera/camera_info, /tf] Camera calibration node started
1788046519.851830959 INFO /sensor_fusion [sensor_fusion.py:40(SensorFusion.__init__)] [topics: /mavros/local_position/pose, /rosout, /mavros/imu/data, /sensor_fusion/node_health, /mavros/global_position/global] Sensor Fusion initialized
1788046520.041234970 INFO /vehicle_state_monitor [vehicle_state_monitor.py:83(VehicleStateMonitor.__init__)] [topics: /diagnostic_status, /rosout, /vehicle_state_monitor/node_health, /mavros/state, /drone_status, /mavros/battery, /mavros/local_position/velocity, /battery_percentage] Vehicle State Monitor started
1788046520.159413337 INFO /health_checker [health_checker.py:58(HealthChecker.__init__)] [topics: /vehicle_state_monitor/node_health, /system_health, /command_interpreter/node_health, /rosout, /target_tracking_controller/node_health, /safety_monitor/node_health, /yolo_detector/node_health, /mission_manager/node_health] Health Checker initialized
1788046520.251513004 INFO /system_health_monitor [system_health_monitor.py:77(SystemHealthMonitor.__init__)] [topics: /system_health, /diagnostic_status, /performance_metrics, /rosout, /system_alert, /health/check_all] System Health Monitor initialized
1788046520.517874717 INFO /safety_monitor [safety_monitor.py:78(SafetyMonitor.__init__)] [topics: /mavros/local_position/pose, /safety_status, /safety_monitor/node_health, /emergency_triggered, /mavros/state, /rosout, /mavros/local_position/velocity] Health publisher: /safety_monitor/node_health
1788046523.750346660 WARN /target_tracking_controller [target_tracking_controller.py:103(TargetTrackingController.__init__)] [topics: /mission_status, /mavros/setpoint_raw/local, /rosout, /tracked_targets, /target_tracking_controller/node_health, /mavros/state, /mavros/setpoint_velocity/cmd_vel_unstamped, /detected_objects, /mavros/local_position/odom] MAVROS set_mode service not available: timeout exceeded while waiting for service /mavros/set_mode
1788046525.167421102 WARN /health_checker [health_checker.py:90(HealthChecker._check_health)] [topics: /vehicle_state_monitor/node_health, /system_health, /command_interpreter/node_health, /rosout, /target_tracking_controller/node_health, /safety_monitor/node_health, /yolo_detector/node_health, /mission_manager/node_health] Unhealthy nodes: 2
1788046525.168930530 WARN /health_checker [health_checker.py:92(HealthChecker._check_health)] [topics: /vehicle_state_monitor/node_health, /system_health, /command_interpreter/node_health, /rosout, /target_tracking_controller/node_health, /safety_monitor/node_health, /yolo_detector/node_health, /mission_manager/node_health]   yolo_detector: No health report
1788046525.170250654 WARN /health_checker [health_checker.py:92(HealthChecker._check_health)] [topics: /vehicle_state_monitor/node_health, /system_health, /command_interpreter/node_health, /rosout, /target_tracking_controller/node_health, /safety_monitor/node_health, /yolo_detector/node_health, /mission_manager/node_health]   target_tracking_controller: No health report
1788046525.869585752 WARN /target_tracking_controller [target_tracking_controller.py:110(TargetTrackingController.__init__)] [topics: /mission_status, /mavros/setpoint_raw/local, /rosout, /tracked_targets, /target_tracking_controller/node_health, /mavros/state, /mavros/setpoint_velocity/cmd_vel_unstamped, /detected_objects, /mavros/local_position/odom] MAVROS arming service not available: timeout exceeded while waiting for service /mavros/cmd/arming
1788046525.871883630 INFO /target_tracking_controller [target_tracking_controller.py:126(TargetTrackingController.__init__)] [topics: /mission_status, /mavros/setpoint_raw/local, /rosout, /tracked_targets, /target_tracking_controller/node_health, /mavros/state, /mavros/setpoint_velocity/cmd_vel_unstamped, /detected_objects, /mavros/local_position/odom] Target Tracking Controller started in SEARCHING mode
1788046525.915942430 INFO /yolo_detector [yolo_detector.py:102(YOLODetector._load_model)] [topics: /drone_control/command, /mission_status, /command_response, /yolo_detector/node_health, /rosout] Loading YOLO model from: /PX4-Autopilot/yolov8s.pt
1788046526.228420257 INFO /yolo_detector [yolo_detector.py:121(YOLODetector._load_model)] [topics: /drone_control/command, /mission_status, /command_response, /yolo_detector/node_health, /rosout] YOLO model loaded successfully!
1788046526.235603570 INFO /yolo_detector [yolo_detector.py:96(YOLODetector.__init__)] [topics: /camera/color/image_raw, /drone_control/command, /mission_status, /detected_objects, /command_response, /yolo_detector/node_health, /rosout] YOLO Detector initialized in production mode
1788046526.237627506 INFO /yolo_detector [yolo_detector.py:97(YOLODetector.__init__)] [topics: /camera/color/image_raw, /drone_control/command, /mission_status, /detected_objects, /command_response, /yolo_detector/node_health, /rosout] Vehicle classes: [2, 3, 5, 6, 7]
