[rospy.client][INFO] 2026-08-29 23:35:21,474: init_node, name[/target_tracking_controller], pid[109]
[xmlrpc][INFO] 2026-08-29 23:35:21,477: XML-RPC server binding to 127.0.0.1:0
[xmlrpc][INFO] 2026-08-29 23:35:21,479: Started XML-RPC server [http://localhost:35781/]
[rospy.impl.masterslave][INFO] 2026-08-29 23:35:21,479: _ready: http://localhost:35781/
[rospy.init][INFO] 2026-08-29 23:35:21,480: ROS Slave URI: [http://localhost:35781/]
[rospy.registration][INFO] 2026-08-29 23:35:21,480: Registering with master node http://localhost:11311
[xmlrpc][INFO] 2026-08-29 23:35:21,481: xml rpc node: starting XML-RPC server
[rospy.init][INFO] 2026-08-29 23:35:21,586: registered with master
[rospy.rosout][INFO] 2026-08-29 23:35:21,586: initializing /rosout core topic
[rospy.rosout][INFO] 2026-08-29 23:35:21,606: connected to core topic /rosout
[rospy.simtime][INFO] 2026-08-29 23:35:21,607: /use_sim_time is not set, will not subscribe to simulated time [/clock] topic
[rospy.internal][INFO] 2026-08-29 23:35:21,629: topic[/mission_status] adding connection to [http://localhost:33085/], count 0
[rospy.internal][INFO] 2026-08-29 23:35:21,657: topic[/tracked_targets] adding connection to [/mission_manager], count 0
[rospy.internal][INFO] 2026-08-29 23:35:21,658: topic[/target_tracking_controller/node_health] adding connection to [/health_checker], count 0
[rospy.internal][INFO] 2026-08-29 23:35:21,855: topic[/rosout] adding connection to [/rosout], count 0
[rosout][WARNING] 2026-08-29 23:35:23,748: MAVROS set_mode service not available: timeout exceeded while waiting for service /mavros/set_mode
[rosout][WARNING] 2026-08-29 23:35:25,867: MAVROS arming service not available: timeout exceeded while waiting for service /mavros/cmd/arming
[rosout][INFO] 2026-08-29 23:35:25,870: Target Tracking Controller started in SEARCHING mode
[rospy.internal][INFO] 2026-08-29 23:35:26,284: topic[/detected_objects] adding connection to [http://localhost:40091/], count 0
[rospy.core][INFO] 2026-08-29 23:54:29,622: signal_shutdown [signal-2]
[rospy.internal][INFO] 2026-08-29 23:54:29,653: topic[/rosout] removing connection to /rosout
[rospy.internal][INFO] 2026-08-29 23:54:29,654: topic[/tracked_targets] removing connection to /mission_manager
[rospy.internal][INFO] 2026-08-29 23:54:29,657: topic[/target_tracking_controller/node_health] removing connection to /health_checker
[rospy.internal][INFO] 2026-08-29 23:54:29,659: topic[/detected_objects] removing connection to http://localhost:40091/
[rospy.internal][INFO] 2026-08-29 23:54:29,659: topic[/detected_objects] removing connection to http://localhost:40091/
[rospy.internal][INFO] 2026-08-29 23:54:29,659: topic[/mission_status] removing connection to http://localhost:33085/
[rospy.impl.masterslave][INFO] 2026-08-29 23:54:29,660: signal-2
[rospy.core][INFO] 2026-08-29 23:54:30,234: signal_shutdown [atexit]
