[rospy.client][INFO] 2026-08-30 02:32:38,057: init_node, name[/mission_manager], pid[109]
[xmlrpc][INFO] 2026-08-30 02:32:38,065: XML-RPC server binding to 127.0.0.1:0
[xmlrpc][INFO] 2026-08-30 02:32:38,132: Started XML-RPC server [http://localhost:43293/]
[rospy.impl.masterslave][INFO] 2026-08-30 02:32:38,135: _ready: http://localhost:43293/
[rospy.init][INFO] 2026-08-30 02:32:38,136: ROS Slave URI: [http://localhost:43293/]
[rospy.registration][INFO] 2026-08-30 02:32:38,140: Registering with master node http://localhost:11311
[xmlrpc][INFO] 2026-08-30 02:32:38,140: xml rpc node: starting XML-RPC server
[rospy.init][INFO] 2026-08-30 02:32:38,316: registered with master
[rospy.rosout][INFO] 2026-08-30 02:32:38,317: initializing /rosout core topic
[rospy.rosout][INFO] 2026-08-30 02:32:38,365: connected to core topic /rosout
[rospy.simtime][INFO] 2026-08-30 02:32:38,435: /use_sim_time is not set, will not subscribe to simulated time [/clock] topic
[rosout][INFO] 2026-08-30 02:32:38,555: Mission Manager initialized
[rospy.internal][INFO] 2026-08-30 02:32:38,578: topic[/rosout] adding connection to [/rosout], count 0
[rospy.internal][INFO] 2026-08-30 02:32:38,878: topic[/mission_manager/node_health] adding connection to [/health_checker], count 0
[rospy.internal][INFO] 2026-08-30 02:32:38,945: topic[/safety_status] adding connection to [http://localhost:39897/], count 0
[rospy.internal][INFO] 2026-08-30 02:32:40,312: topic[/mission_status] adding connection to [/target_tracking_controller], count 0
[rospy.internal][INFO] 2026-08-30 02:32:40,363: topic[/tracked_targets] adding connection to [http://localhost:39597/], count 0
[rospy.internal][INFO] 2026-08-30 02:32:42,538: topic[/mission_status] adding connection to [/yolo_detector], count 1
[rospy.core][INFO] 2026-08-30 03:07:09,483: signal_shutdown [signal-2]
[rospy.internal][INFO] 2026-08-30 03:07:09,695: topic[/rosout] removing connection to /rosout
[rospy.internal][INFO] 2026-08-30 03:07:09,709: topic[/mission_status] removing connection to /target_tracking_controller
[rospy.internal][INFO] 2026-08-30 03:07:09,710: topic[/mission_status] removing connection to /yolo_detector
[rospy.internal][INFO] 2026-08-30 03:07:09,710: topic[/mission_manager/node_health] removing connection to /health_checker
[rospy.internal][INFO] 2026-08-30 03:07:09,727: topic[/safety_status] removing connection to http://localhost:39897/
[rospy.internal][INFO] 2026-08-30 03:07:09,727: topic[/tracked_targets] removing connection to http://localhost:39597/
[rospy.impl.masterslave][INFO] 2026-08-30 03:07:09,727: signal-2
[rospy.core][INFO] 2026-08-30 03:07:10,104: signal_shutdown [atexit]
