[rospy.client][INFO] 2026-08-30 02:32:38,668: init_node, name[/safety_monitor], pid[115]
[xmlrpc][INFO] 2026-08-30 02:32:38,674: XML-RPC server binding to 127.0.0.1:0
[xmlrpc][INFO] 2026-08-30 02:32:38,678: Started XML-RPC server [http://localhost:39897/]
[rospy.init][INFO] 2026-08-30 02:32:38,678: ROS Slave URI: [http://localhost:39897/]
[rospy.impl.masterslave][INFO] 2026-08-30 02:32:38,679: _ready: http://localhost:39897/
[rospy.registration][INFO] 2026-08-30 02:32:38,681: Registering with master node http://localhost:11311
[xmlrpc][INFO] 2026-08-30 02:32:38,681: xml rpc node: starting XML-RPC server
[rospy.init][INFO] 2026-08-30 02:32:38,779: registered with master
[rospy.rosout][INFO] 2026-08-30 02:32:38,780: initializing /rosout core topic
[rospy.rosout][INFO] 2026-08-30 02:32:38,816: connected to core topic /rosout
[rospy.simtime][INFO] 2026-08-30 02:32:38,818: /use_sim_time is not set, will not subscribe to simulated time [/clock] topic
[rosout][INFO] 2026-08-30 02:32:38,890: Safety Monitor initialized
[rosout][INFO] 2026-08-30 02:32:38,893: Health publisher: /safety_monitor/node_health
[rospy.internal][INFO] 2026-08-30 02:32:38,962: topic[/safety_monitor/node_health] adding connection to [/health_checker], count 0
[rospy.internal][INFO] 2026-08-30 02:32:38,964: topic[/safety_status] adding connection to [/mission_manager], count 0
[rospy.internal][INFO] 2026-08-30 02:32:39,066: topic[/rosout] adding connection to [/rosout], count 0
[rospy.core][INFO] 2026-08-30 03:07:09,453: signal_shutdown [signal-2]
[rospy.internal][INFO] 2026-08-30 03:07:09,730: topic[/rosout] removing connection to /rosout
[rospy.internal][INFO] 2026-08-30 03:07:09,742: topic[/safety_status] removing connection to /mission_manager
[rospy.internal][INFO] 2026-08-30 03:07:09,746: topic[/safety_monitor/node_health] removing connection to /health_checker
[rospy.impl.masterslave][INFO] 2026-08-30 03:07:09,747: signal-2
[rospy.core][INFO] 2026-08-30 03:07:10,104: signal_shutdown [atexit]
