[rospy.client][INFO] 2026-08-30 02:32:42,477: init_node, name[/yolo_detector], pid[111]
[xmlrpc][INFO] 2026-08-30 02:32:42,480: XML-RPC server binding to 127.0.0.1:0
[xmlrpc][INFO] 2026-08-30 02:32:42,481: Started XML-RPC server [http://localhost:43587/]
[rospy.impl.masterslave][INFO] 2026-08-30 02:32:42,482: _ready: http://localhost:43587/
[rospy.registration][INFO] 2026-08-30 02:32:42,483: Registering with master node http://localhost:11311
[xmlrpc][INFO] 2026-08-30 02:32:42,483: xml rpc node: starting XML-RPC server
[rospy.init][INFO] 2026-08-30 02:32:42,483: ROS Slave URI: [http://localhost:43587/]
[rospy.init][INFO] 2026-08-30 02:32:42,484: registered with master
[rospy.rosout][INFO] 2026-08-30 02:32:42,484: initializing /rosout core topic
[rospy.rosout][INFO] 2026-08-30 02:32:42,488: connected to core topic /rosout
[rospy.simtime][INFO] 2026-08-30 02:32:42,489: /use_sim_time is not set, will not subscribe to simulated time [/clock] topic
[rosout][INFO] 2026-08-30 02:32:42,503: Loading YOLO model from: /PX4-Autopilot/yolov8s.pt
[rospy.internal][INFO] 2026-08-30 02:32:42,517: topic[/mission_status] adding connection to [http://localhost:43293/], count 0
[rospy.internal][INFO] 2026-08-30 02:32:42,556: topic[/yolo_detector/node_health] adding connection to [/health_checker], count 0
[rosout][INFO] 2026-08-30 02:32:42,654: YOLO model loaded successfully!
[rosout][INFO] 2026-08-30 02:32:42,659: YOLO Detector initialized in production mode
[rosout][INFO] 2026-08-30 02:32:42,660: Vehicle classes: [2, 3, 5, 6, 7]
[rospy.internal][INFO] 2026-08-30 02:32:42,698: topic[/detected_objects] adding connection to [/target_tracking_controller], count 0
[rospy.internal][INFO] 2026-08-30 02:32:42,754: topic[/rosout] adding connection to [/rosout], count 0
[rospy.core][INFO] 2026-08-30 03:07:09,506: signal_shutdown [signal-2]
[rospy.internal][INFO] 2026-08-30 03:07:09,639: topic[/rosout] removing connection to /rosout
[rospy.internal][INFO] 2026-08-30 03:07:09,644: topic[/yolo_detector/node_health] removing connection to /health_checker
[rospy.internal][INFO] 2026-08-30 03:07:09,645: topic[/detected_objects] removing connection to /target_tracking_controller
[rospy.internal][INFO] 2026-08-30 03:07:09,646: topic[/mission_status] removing connection to http://localhost:43293/
[rospy.impl.masterslave][INFO] 2026-08-30 03:07:09,647: signal-2
[rospy.core][INFO] 2026-08-30 03:07:10,245: signal_shutdown [atexit]
