[rospy.client][INFO] 2026-08-30 10:08:54,252: init_node, name[/health_checker], pid[113]
[xmlrpc][INFO] 2026-08-30 10:08:54,258: XML-RPC server binding to 0.0.0.0:0
[xmlrpc][INFO] 2026-08-30 10:08:54,262: Started XML-RPC server [http://kamikaze:46261/]
[rospy.impl.masterslave][INFO] 2026-08-30 10:08:54,263: _ready: http://kamikaze:46261/
[rospy.init][INFO] 2026-08-30 10:08:54,262: ROS Slave URI: [http://kamikaze:46261/]
[rospy.registration][INFO] 2026-08-30 10:08:54,264: Registering with master node http://kamikaze:11311
[xmlrpc][INFO] 2026-08-30 10:08:54,265: xml rpc node: starting XML-RPC server
[rospy.init][INFO] 2026-08-30 10:08:54,363: registered with master
[rospy.rosout][INFO] 2026-08-30 10:08:54,364: initializing /rosout core topic
[rospy.rosout][INFO] 2026-08-30 10:08:54,393: connected to core topic /rosout
[rospy.simtime][INFO] 2026-08-30 10:08:54,396: /use_sim_time is not set, will not subscribe to simulated time [/clock] topic
[rospy.internal][INFO] 2026-08-30 10:08:54,469: topic[/vehicle_state_monitor/node_health] adding connection to [http://kamikaze:38759/], count 0
[rosout][INFO] 2026-08-30 10:08:54,504: Health Checker initialized
[rospy.internal][INFO] 2026-08-30 10:08:54,516: topic[/mission_manager/node_health] adding connection to [http://kamikaze:42187/], count 0
[rospy.internal][INFO] 2026-08-30 10:08:54,519: topic[/command_interpreter/node_health] adding connection to [http://kamikaze:33509/], count 0
[rospy.internal][INFO] 2026-08-30 10:08:54,519: topic[/safety_monitor/node_health] adding connection to [http://kamikaze:45393/], count 0
[rospy.internal][INFO] 2026-08-30 10:08:54,660: topic[/rosout] adding connection to [/rosout], count 0
[rospy.internal][INFO] 2026-08-30 10:08:55,462: topic[/target_tracking_controller/node_health] adding connection to [http://kamikaze:40529/], count 0
[rosout][WARNING] 2026-08-30 10:08:59,510: Unhealthy nodes: 2
[rosout][WARNING] 2026-08-30 10:08:59,513:   yolo_detector: No health report
[rosout][WARNING] 2026-08-30 10:08:59,516:   target_tracking_controller: No health report
[rospy.internal][INFO] 2026-08-30 10:08:59,916: topic[/yolo_detector/node_health] adding connection to [http://kamikaze:40861/], count 0
