[rosmaster.main][INFO] 2026-08-30 10:08:48,508: initialization complete, waiting for shutdown
[rosmaster.main][INFO] 2026-08-30 10:08:48,512: Starting ROS Master Node
[xmlrpc][INFO] 2026-08-30 10:08:48,518: XML-RPC server binding to 0.0.0.0:11311
[xmlrpc][INFO] 2026-08-30 10:08:48,522: Started XML-RPC server [http://kamikaze:11311/]
[rosmaster.master][INFO] 2026-08-30 10:08:48,523: Master initialized: port[11311], uri[http://kamikaze:11311/]
[xmlrpc][INFO] 2026-08-30 10:08:48,523: xml rpc node: starting XML-RPC server
[rosmaster.master][INFO] 2026-08-30 10:08:48,565: +PARAM [/run_id] by /roslaunch
[rosmaster.master][INFO] 2026-08-30 10:08:48,569: +PARAM [/roslaunch/uris/host_kamikaze__46057] by /roslaunch
[rosmaster.master][INFO] 2026-08-30 10:08:48,696: +PARAM [/rosversion] by /roslaunch
[rosmaster.master][INFO] 2026-08-30 10:08:48,697: +PARAM [/rosdistro] by /roslaunch
[rosmaster.master][INFO] 2026-08-30 10:08:48,697: +PARAM [/target_params/detection/model/path] by /roslaunch
[rosmaster.master][INFO] 2026-08-30 10:08:48,697: +PARAM [/target_params/detection/model/device] by /roslaunch
[rosmaster.master][INFO] 2026-08-30 10:08:48,698: +PARAM [/target_params/detection/model/input_size] by /roslaunch
[rosmaster.master][INFO] 2026-08-30 10:08:48,698: +PARAM [/target_params/detection/model/batch_size] by /roslaunch
[rosmaster.master][INFO] 2026-08-30 10:08:48,699: +PARAM [/target_params/detection/confidence_threshold] by /roslaunch
[rosmaster.master][INFO] 2026-08-30 10:08:48,699: +PARAM [/target_params/detection/nms_threshold] by /roslaunch
[rosmaster.master][INFO] 2026-08-30 10:08:48,699: +PARAM [/target_params/detection/max_detections] by /roslaunch
[rosmaster.master][INFO] 2026-08-30 10:08:48,699: +PARAM [/target_params/detection/vehicle_classes] by /roslaunch
[rosmaster.master][INFO] 2026-08-30 10:08:48,699: +PARAM [/target_params/detection/class_thresholds/class_1] by /roslaunch
[rosmaster.master][INFO] 2026-08-30 10:08:48,700: +PARAM [/target_params/detection/class_thresholds/class_2] by /roslaunch
[rosmaster.master][INFO] 2026-08-30 10:08:48,700: +PARAM [/target_params/detection/class_thresholds/class_3] by /roslaunch
[rosmaster.master][INFO] 2026-08-30 10:08:48,701: +PARAM [/target_params/detection/class_thresholds/class_5] by /roslaunch
[rosmaster.master][INFO] 2026-08-30 10:08:48,701: +PARAM [/target_params/detection/class_thresholds/class_6] by /roslaunch
[rosmaster.master][INFO] 2026-08-30 10:08:48,701: +PARAM [/target_params/detection/class_thresholds/class_7] by /roslaunch
[rosmaster.master][INFO] 2026-08-30 10:08:48,702: +PARAM [/target_params/detection/class_thresholds/class_8] by /roslaunch
[rosmaster.master][INFO] 2026-08-30 10:08:48,702: +PARAM [/target_params/detection/performance/max_fps] by /roslaunch
[rosmaster.master][INFO] 2026-08-30 10:08:48,702: +PARAM [/target_params/detection/performance/frame_skip] by /roslaunch
[rosmaster.master][INFO] 2026-08-30 10:08:48,703: +PARAM [/target_params/detection/performance/parallel_inference] by /roslaunch
[rosmaster.master][INFO] 2026-08-30 10:08:48,703: +PARAM [/target_params/detection/performance/gpu_memory_limit] by /roslaunch
[rosmaster.master][INFO] 2026-08-30 10:08:48,703: +PARAM [/target_params/tracking/engagement_distance] by /roslaunch
[rosmaster.master][INFO] 2026-08-30 10:08:48,703: +PARAM [/target_params/tracking/attack_distance] by /roslaunch
[rosmaster.master][INFO] 2026-08-30 10:08:48,704: +PARAM [/target_params/tracking/disengagement_distance] by /roslaunch
[rosmaster.master][INFO] 2026-08-30 10:08:48,705: +PARAM [/target_params/tracking/max_tracks] by /roslaunch
[rosmaster.master][INFO] 2026-08-30 10:08:48,706: +PARAM [/target_params/tracking/max_lost_frames] by /roslaunch
[rosmaster.master][INFO] 2026-08-30 10:08:48,706: +PARAM [/target_params/tracking/min_track_length] by /roslaunch
[rosmaster.master][INFO] 2026-08-30 10:08:48,706: +PARAM [/target_params/tracking/track_confidence_threshold] by /roslaunch
[rosmaster.master][INFO] 2026-08-30 10:08:48,707: +PARAM [/target_params/tracking/association/iou_threshold] by /roslaunch
[rosmaster.master][INFO] 2026-08-30 10:08:48,707: +PARAM [/target_params/tracking/association/distance_threshold] by /roslaunch
[rosmaster.master][INFO] 2026-08-30 10:08:48,708: +PARAM [/target_params/tracking/association/appearance_weight] by /roslaunch
[rosmaster.master][INFO] 2026-08-30 10:08:48,708: +PARAM [/target_params/tracking/association/motion_weight] by /roslaunch
[rosmaster.master][INFO] 2026-08-30 10:08:48,709: +PARAM [/target_params/tracking/kalman/dt] by /roslaunch
[rosmaster.master][INFO] 2026-08-30 10:08:48,709: +PARAM [/target_params/tracking/kalman/process_noise] by /roslaunch
[rosmaster.master][INFO] 2026-08-30 10:08:48,709: +PARAM [/target_params/tracking/kalman/measurement_noise] by /roslaunch
[rosmaster.master][INFO] 2026-08-30 10:08:48,709: +PARAM [/target_params/tracking/kalman/initial_velocity] by /roslaunch
[rosmaster.master][INFO] 2026-08-30 10:08:48,710: +PARAM [/target_params/tracking/kalman/state_dim] by /roslaunch
[rosmaster.master][INFO] 2026-08-30 10:08:48,710: +PARAM [/target_params/tracking/kalman/measurement_dim] by /roslaunch
[rosmaster.master][INFO] 2026-08-30 10:08:48,710: +PARAM [/target_params/behavior/speed_classes/stationary] by /roslaunch
[rosmaster.master][INFO] 2026-08-30 10:08:48,710: +PARAM [/target_params/behavior/speed_classes/slow] by /roslaunch
[rosmaster.master][INFO] 2026-08-30 10:08:48,710: +PARAM [/target_params/behavior/speed_classes/medium] by /roslaunch
[rosmaster.master][INFO] 2026-08-30 10:08:48,711: +PARAM [/target_params/behavior/speed_classes/fast] by /roslaunch
[rosmaster.master][INFO] 2026-08-30 10:08:48,711: +PARAM [/target_params/behavior/speed_classes/extreme] by /roslaunch
[rosmaster.master][INFO] 2026-08-30 10:08:48,711: +PARAM [/target_params/behavior/models/random_walk/noise_scale] by /roslaunch
[rosmaster.master][INFO] 2026-08-30 10:08:48,711: +PARAM [/target_params/behavior/models/random_walk/persistence] by /roslaunch
[rosmaster.master][INFO] 2026-08-30 10:08:48,712: +PARAM [/target_params/behavior/models/pursuit/max_acceleration] by /roslaunch
[rosmaster.master][INFO] 2026-08-30 10:08:48,712: +PARAM [/target_params/behavior/models/pursuit/max_turn_rate] by /roslaunch
[rosmaster.master][INFO] 2026-08-30 10:08:48,713: +PARAM [/target_params/behavior/models/evasion/max_acceleration] by /roslaunch
[rosmaster.master][INFO] 2026-08-30 10:08:48,713: +PARAM [/target_params/behavior/models/evasion/max_turn_rate] by /roslaunch
[rosmaster.master][INFO] 2026-08-30 10:08:48,713: +PARAM [/target_params/behavior/threat/distance_weights] by /roslaunch
[rosmaster.master][INFO] 2026-08-30 10:08:48,713: +PARAM [/target_params/behavior/threat/speed_thresholds/low] by /roslaunch
[rosmaster.master][INFO] 2026-08-30 10:08:48,713: +PARAM [/target_params/behavior/threat/speed_thresholds/medium] by /roslaunch
[rosmaster.master][INFO] 2026-08-30 10:08:48,714: +PARAM [/target_params/behavior/threat/speed_thresholds/high] by /roslaunch
[rosmaster.master][INFO] 2026-08-30 10:08:48,714: +PARAM [/target_params/behavior/threat/priority_boost] by /roslaunch
[rosmaster.master][INFO] 2026-08-30 10:08:48,714: +PARAM [/target_params/performance/update_rates/detection] by /roslaunch
[rosmaster.master][INFO] 2026-08-30 10:08:48,714: +PARAM [/target_params/performance/update_rates/tracking] by /roslaunch
[rosmaster.master][INFO] 2026-08-30 10:08:48,714: +PARAM [/target_params/performance/update_rates/control] by /roslaunch
[rosmaster.master][INFO] 2026-08-30 10:08:48,715: +PARAM [/target_params/performance/update_rates/state] by /roslaunch
[rosmaster.master][INFO] 2026-08-30 10:08:48,715: +PARAM [/target_params/performance/latency/max_detection] by /roslaunch
[rosmaster.master][INFO] 2026-08-30 10:08:48,715: +PARAM [/target_params/performance/latency/max_tracking] by /roslaunch
[rosmaster.master][INFO] 2026-08-30 10:08:48,715: +PARAM [/target_params/performance/latency/max_control] by /roslaunch
[rosmaster.master][INFO] 2026-08-30 10:08:48,715: +PARAM [/target_params/performance/resources/max_memory_mb] by /roslaunch
[rosmaster.master][INFO] 2026-08-30 10:08:48,716: +PARAM [/target_params/performance/resources/max_cpu_percent] by /roslaunch
[rosmaster.master][INFO] 2026-08-30 10:08:48,716: +PARAM [/target_params/performance/resources/max_gpu_memory_mb] by /roslaunch
[rosmaster.master][INFO] 2026-08-30 10:08:48,716: +PARAM [/target_params/camera/fx] by /roslaunch
[rosmaster.master][INFO] 2026-08-30 10:08:48,716: +PARAM [/target_params/camera/fy] by /roslaunch
[rosmaster.master][INFO] 2026-08-30 10:08:48,717: +PARAM [/target_params/camera/cx] by /roslaunch
[rosmaster.master][INFO] 2026-08-30 10:08:48,717: +PARAM [/target_params/camera/cy] by /roslaunch
[rosmaster.master][INFO] 2026-08-30 10:08:48,717: +PARAM [/target_params/camera/width] by /roslaunch
[rosmaster.master][INFO] 2026-08-30 10:08:48,717: +PARAM [/target_params/camera/height] by /roslaunch
[rosmaster.master][INFO] 2026-08-30 10:08:48,717: +PARAM [/target_params/camera/fov] by /roslaunch
[rosmaster.master][INFO] 2026-08-30 10:08:48,718: +PARAM [/camera_calib/camera/id] by /roslaunch
[rosmaster.master][INFO] 2026-08-30 10:08:48,718: +PARAM [/camera_calib/camera/model] by /roslaunch
[rosmaster.master][INFO] 2026-08-30 10:08:48,718: +PARAM [/camera_calib/camera/width] by /roslaunch
[rosmaster.master][INFO] 2026-08-30 10:08:48,718: +PARAM [/camera_calib/camera/height] by /roslaunch
[rosmaster.master][INFO] 2026-08-30 10:08:48,718: +PARAM [/camera_calib/camera/intrinsic/fx] by /roslaunch
[rosmaster.master][INFO] 2026-08-30 10:08:48,720: +PARAM [/camera_calib/camera/intrinsic/fy] by /roslaunch
[rosmaster.master][INFO] 2026-08-30 10:08:48,720: +PARAM [/camera_calib/camera/intrinsic/cx] by /roslaunch
[rosmaster.master][INFO] 2026-08-30 10:08:48,720: +PARAM [/camera_calib/camera/intrinsic/cy] by /roslaunch
[rosmaster.master][INFO] 2026-08-30 10:08:48,721: +PARAM [/camera_calib/camera/intrinsic/fov] by /roslaunch
[rosmaster.master][INFO] 2026-08-30 10:08:48,721: +PARAM [/camera_calib/camera/distortion/model] by /roslaunch
[rosmaster.master][INFO] 2026-08-30 10:08:48,721: +PARAM [/camera_calib/camera/distortion/coefficients/k1] by /roslaunch
[rosmaster.master][INFO] 2026-08-30 10:08:48,721: +PARAM [/camera_calib/camera/distortion/coefficients/k2] by /roslaunch
[rosmaster.master][INFO] 2026-08-30 10:08:48,721: +PARAM [/camera_calib/camera/distortion/coefficients/p1] by /roslaunch
[rosmaster.master][INFO] 2026-08-30 10:08:48,722: +PARAM [/camera_calib/camera/distortion/coefficients/p2] by /roslaunch
[rosmaster.master][INFO] 2026-08-30 10:08:48,722: +PARAM [/camera_calib/camera/distortion/coefficients/k3] by /roslaunch
[rosmaster.master][INFO] 2026-08-30 10:08:48,722: +PARAM [/camera_calib/camera/projection/P] by /roslaunch
[rosmaster.master][INFO] 2026-08-30 10:08:48,722: +PARAM [/camera_calib/camera/rectification/R] by /roslaunch
[rosmaster.master][INFO] 2026-08-30 10:08:48,722: +PARAM [/camera_calib/camera/extrinsic/translation] by /roslaunch
[rosmaster.master][INFO] 2026-08-30 10:08:48,723: +PARAM [/camera_calib/camera/extrinsic/rotation] by /roslaunch
[rosmaster.master][INFO] 2026-08-30 10:08:48,723: +PARAM [/camera_calib/camera/extrinsic/rotation_matrix] by /roslaunch
[rosmaster.master][INFO] 2026-08-30 10:08:48,723: +PARAM [/camera_calib/camera/calibration/date] by /roslaunch
[rosmaster.master][INFO] 2026-08-30 10:08:48,723: +PARAM [/camera_calib/camera/calibration/method] by /roslaunch
[rosmaster.master][INFO] 2026-08-30 10:08:48,723: +PARAM [/camera_calib/camera/calibration/reprojection_error] by /roslaunch
[rosmaster.master][INFO] 2026-08-30 10:08:48,725: +PARAM [/camera_calib/camera/calibration/status] by /roslaunch
[rosmaster.master][INFO] 2026-08-30 10:08:48,725: +PARAM [/camera_calib/image_processing/preprocessing/resize] by /roslaunch
[rosmaster.master][INFO] 2026-08-30 10:08:48,725: +PARAM [/camera_calib/image_processing/preprocessing/normalize] by /roslaunch
[rosmaster.master][INFO] 2026-08-30 10:08:48,726: +PARAM [/camera_calib/image_processing/preprocessing/mean] by /roslaunch
[rosmaster.master][INFO] 2026-08-30 10:08:48,726: +PARAM [/camera_calib/image_processing/preprocessing/std] by /roslaunch
[rosmaster.master][INFO] 2026-08-30 10:08:48,726: +PARAM [/camera_calib/image_processing/color_space] by /roslaunch
[rosmaster.master][INFO] 2026-08-30 10:08:48,726: +PARAM [/camera_calib/image_processing/roi/enabled] by /roslaunch
[rosmaster.master][INFO] 2026-08-30 10:08:48,727: +PARAM [/camera_calib/image_processing/roi/x] by /roslaunch
[rosmaster.master][INFO] 2026-08-30 10:08:48,727: +PARAM [/camera_calib/image_processing/roi/y] by /roslaunch
[rosmaster.master][INFO] 2026-08-30 10:08:48,727: +PARAM [/camera_calib/image_processing/roi/width] by /roslaunch
[rosmaster.master][INFO] 2026-08-30 10:08:48,727: +PARAM [/camera_calib/image_processing/roi/height] by /roslaunch
[rosmaster.master][INFO] 2026-08-30 10:08:48,727: +PARAM [/camera_calib/image_processing/augmentation/horizontal_flip] by /roslaunch
[rosmaster.master][INFO] 2026-08-30 10:08:48,728: +PARAM [/camera_calib/image_processing/augmentation/rotation] by /roslaunch
[rosmaster.master][INFO] 2026-08-30 10:08:48,728: +PARAM [/camera_calib/image_processing/augmentation/scale] by /roslaunch
[rosmaster.master][INFO] 2026-08-30 10:08:48,728: +PARAM [/camera_calib/image_processing/augmentation/brightness] by /roslaunch
[rosmaster.master][INFO] 2026-08-30 10:08:48,728: +PARAM [/camera_calib/stereo/enabled] by /roslaunch
[rosmaster.master][INFO] 2026-08-30 10:08:48,728: +PARAM [/camera_calib/stereo/baseline] by /roslaunch
[rosmaster.master][INFO] 2026-08-30 10:08:48,729: +PARAM [/camera_calib/stereo/depth/min_distance] by /roslaunch
[rosmaster.master][INFO] 2026-08-30 10:08:48,729: +PARAM [/camera_calib/stereo/depth/max_distance] by /roslaunch
[rosmaster.master][INFO] 2026-08-30 10:08:48,729: +PARAM [/camera_calib/stereo/depth/disparity_range] by /roslaunch
[rosmaster.master][INFO] 2026-08-30 10:08:48,729: +PARAM [/camera_calib/stereo/matching/algorithm] by /roslaunch
[rosmaster.master][INFO] 2026-08-30 10:08:48,729: +PARAM [/camera_calib/stereo/matching/num_disparities] by /roslaunch
[rosmaster.master][INFO] 2026-08-30 10:08:48,729: +PARAM [/camera_calib/stereo/matching/block_size] by /roslaunch
[rosmaster.master][INFO] 2026-08-30 10:08:48,730: +PARAM [/camera_calib/stereo/matching/p1] by /roslaunch
[rosmaster.master][INFO] 2026-08-30 10:08:48,730: +PARAM [/camera_calib/stereo/matching/p2] by /roslaunch
[rosmaster.master][INFO] 2026-08-30 10:08:48,730: +PARAM [/flight_control/pid/position/x/p] by /roslaunch
[rosmaster.master][INFO] 2026-08-30 10:08:48,730: +PARAM [/flight_control/pid/position/x/i] by /roslaunch
[rosmaster.master][INFO] 2026-08-30 10:08:48,730: +PARAM [/flight_control/pid/position/x/d] by /roslaunch
[rosmaster.master][INFO] 2026-08-30 10:08:48,731: +PARAM [/flight_control/pid/position/x/integral_clamp] by /roslaunch
[rosmaster.master][INFO] 2026-08-30 10:08:48,731: +PARAM [/flight_control/pid/position/y/p] by /roslaunch
[rosmaster.master][INFO] 2026-08-30 10:08:48,731: +PARAM [/flight_control/pid/position/y/i] by /roslaunch
[rosmaster.master][INFO] 2026-08-30 10:08:48,731: +PARAM [/flight_control/pid/position/y/d] by /roslaunch
[rosmaster.master][INFO] 2026-08-30 10:08:48,731: +PARAM [/flight_control/pid/position/y/integral_clamp] by /roslaunch
[rosmaster.master][INFO] 2026-08-30 10:08:48,731: +PARAM [/flight_control/pid/position/z/p] by /roslaunch
[rosmaster.master][INFO] 2026-08-30 10:08:48,732: +PARAM [/flight_control/pid/position/z/i] by /roslaunch
[rosmaster.master][INFO] 2026-08-30 10:08:48,732: +PARAM [/flight_control/pid/position/z/d] by /roslaunch
[rosmaster.master][INFO] 2026-08-30 10:08:48,732: +PARAM [/flight_control/pid/position/z/integral_clamp] by /roslaunch
[rosmaster.master][INFO] 2026-08-30 10:08:48,732: +PARAM [/flight_control/pid/velocity/x/p] by /roslaunch
[rosmaster.master][INFO] 2026-08-30 10:08:48,732: +PARAM [/flight_control/pid/velocity/x/i] by /roslaunch
[rosmaster.master][INFO] 2026-08-30 10:08:48,732: +PARAM [/flight_control/pid/velocity/x/d] by /roslaunch
[rosmaster.master][INFO] 2026-08-30 10:08:48,732: +PARAM [/flight_control/pid/velocity/y/p] by /roslaunch
[rosmaster.master][INFO] 2026-08-30 10:08:48,733: +PARAM [/flight_control/pid/velocity/y/i] by /roslaunch
[rosmaster.master][INFO] 2026-08-30 10:08:48,733: +PARAM [/flight_control/pid/velocity/y/d] by /roslaunch
[rosmaster.master][INFO] 2026-08-30 10:08:48,733: +PARAM [/flight_control/pid/velocity/z/p] by /roslaunch
[rosmaster.master][INFO] 2026-08-30 10:08:48,733: +PARAM [/flight_control/pid/velocity/z/i] by /roslaunch
[rosmaster.master][INFO] 2026-08-30 10:08:48,733: +PARAM [/flight_control/pid/velocity/z/d] by /roslaunch
[rosmaster.master][INFO] 2026-08-30 10:08:48,733: +PARAM [/flight_control/pid/attitude/roll/p] by /roslaunch
[rosmaster.master][INFO] 2026-08-30 10:08:48,734: +PARAM [/flight_control/pid/attitude/roll/i] by /roslaunch
[rosmaster.master][INFO] 2026-08-30 10:08:48,734: +PARAM [/flight_control/pid/attitude/roll/d] by /roslaunch
[rosmaster.master][INFO] 2026-08-30 10:08:48,735: +PARAM [/flight_control/pid/attitude/pitch/p] by /roslaunch
[rosmaster.master][INFO] 2026-08-30 10:08:48,735: +PARAM [/flight_control/pid/attitude/pitch/i] by /roslaunch
[rosmaster.master][INFO] 2026-08-30 10:08:48,735: +PARAM [/flight_control/pid/attitude/pitch/d] by /roslaunch
[rosmaster.master][INFO] 2026-08-30 10:08:48,735: +PARAM [/flight_control/pid/attitude/yaw/p] by /roslaunch
[rosmaster.master][INFO] 2026-08-30 10:08:48,735: +PARAM [/flight_control/pid/attitude/yaw/i] by /roslaunch
[rosmaster.master][INFO] 2026-08-30 10:08:48,736: +PARAM [/flight_control/pid/attitude/yaw/d] by /roslaunch
[rosmaster.master][INFO] 2026-08-30 10:08:48,736: +PARAM [/flight_control/pid/rate/roll/p] by /roslaunch
[rosmaster.master][INFO] 2026-08-30 10:08:48,736: +PARAM [/flight_control/pid/rate/roll/i] by /roslaunch
[rosmaster.master][INFO] 2026-08-30 10:08:48,736: +PARAM [/flight_control/pid/rate/roll/d] by /roslaunch
[rosmaster.master][INFO] 2026-08-30 10:08:48,736: +PARAM [/flight_control/pid/rate/pitch/p] by /roslaunch
[rosmaster.master][INFO] 2026-08-30 10:08:48,736: +PARAM [/flight_control/pid/rate/pitch/i] by /roslaunch
[rosmaster.master][INFO] 2026-08-30 10:08:48,737: +PARAM [/flight_control/pid/rate/pitch/d] by /roslaunch
[rosmaster.master][INFO] 2026-08-30 10:08:48,737: +PARAM [/flight_control/pid/rate/yaw/p] by /roslaunch
[rosmaster.master][INFO] 2026-08-30 10:08:48,737: +PARAM [/flight_control/pid/rate/yaw/i] by /roslaunch
[rosmaster.master][INFO] 2026-08-30 10:08:48,737: +PARAM [/flight_control/pid/rate/yaw/d] by /roslaunch
[rosmaster.master][INFO] 2026-08-30 10:08:48,737: +PARAM [/flight_control/dynamics/constraints/max_velocity] by /roslaunch
[rosmaster.master][INFO] 2026-08-30 10:08:48,737: +PARAM [/flight_control/dynamics/constraints/max_acceleration] by /roslaunch
[rosmaster.master][INFO] 2026-08-30 10:08:48,738: +PARAM [/flight_control/dynamics/constraints/max_yaw_rate] by /roslaunch
[rosmaster.master][INFO] 2026-08-30 10:08:48,738: +PARAM [/flight_control/dynamics/safety_margins/min_altitude] by /roslaunch
[rosmaster.master][INFO] 2026-08-30 10:08:48,738: +PARAM [/flight_control/dynamics/safety_margins/max_altitude] by /roslaunch
[rosmaster.master][INFO] 2026-08-30 10:08:48,738: +PARAM [/flight_control/dynamics/safety_margins/max_tilt] by /roslaunch
[rosmaster.master][INFO] 2026-08-30 10:08:48,739: +PARAM [/flight_control/dynamics/safety_margins/max_rotation_rate] by /roslaunch
[rosmaster.master][INFO] 2026-08-30 10:08:48,739: +PARAM [/flight_control/dynamics/vehicle/mass] by /roslaunch
[rosmaster.master][INFO] 2026-08-30 10:08:48,739: +PARAM [/flight_control/dynamics/vehicle/moment_of_inertia] by /roslaunch
[rosmaster.master][INFO] 2026-08-30 10:08:48,739: +PARAM [/flight_control/dynamics/vehicle/thrust_to_weight] by /roslaunch
[rosmaster.master][INFO] 2026-08-30 10:08:48,740: +PARAM [/flight_control/dynamics/vehicle/max_thrust] by /roslaunch
[rosmaster.master][INFO] 2026-08-30 10:08:48,740: +PARAM [/flight_control/mission/search_patterns/type] by /roslaunch
[rosmaster.master][INFO] 2026-08-30 10:08:48,740: +PARAM [/flight_control/mission/search_patterns/params/radius] by /roslaunch
[rosmaster.master][INFO] 2026-08-30 10:08:48,741: +PARAM [/flight_control/mission/search_patterns/params/spacing] by /roslaunch
[rosmaster.master][INFO] 2026-08-30 10:08:48,741: +PARAM [/flight_control/mission/search_patterns/params/altitude] by /roslaunch
[rosmaster.master][INFO] 2026-08-30 10:08:48,741: +PARAM [/flight_control/mission/engagement/mode] by /roslaunch
[rosmaster.master][INFO] 2026-08-30 10:08:48,741: +PARAM [/flight_control/mission/engagement/priority_high] by /roslaunch
[rosmaster.master][INFO] 2026-08-30 10:08:48,741: +PARAM [/flight_control/mission/engagement/priority_low] by /roslaunch
[rosmaster.master][INFO] 2026-08-30 10:08:48,742: +PARAM [/flight_control/mission/collision_avoidance/enable] by /roslaunch
[rosmaster.master][INFO] 2026-08-30 10:08:48,742: +PARAM [/flight_control/mission/collision_avoidance/min_distance] by /roslaunch
[rosmaster.master][INFO] 2026-08-30 10:08:48,742: +PARAM [/flight_control/mission/collision_avoidance/safety_margin] by /roslaunch
[rosmaster.master][INFO] 2026-08-30 10:08:48,742: +PARAM [/flight_control/mission/collision_avoidance/avoidance_method] by /roslaunch
[rosmaster.master][INFO] 2026-08-30 10:08:48,743: +PARAM [/flight_control/mission/waypoints/tolerance] by /roslaunch
[rosmaster.master][INFO] 2026-08-30 10:08:48,743: +PARAM [/flight_control/mission/waypoints/loiter_time] by /roslaunch
[rosmaster.master][INFO] 2026-08-30 10:08:48,743: +PARAM [/flight_control/mission/waypoints/approach_speed] by /roslaunch
[rosmaster.master][INFO] 2026-08-30 10:08:48,743: +PARAM [/flight_control/simulation/physics/enable_gravity] by /roslaunch
[rosmaster.master][INFO] 2026-08-30 10:08:48,743: +PARAM [/flight_control/simulation/physics/enable_wind] by /roslaunch
[rosmaster.master][INFO] 2026-08-30 10:08:48,744: +PARAM [/flight_control/simulation/physics/enable_turbulence] by /roslaunch
[rosmaster.master][INFO] 2026-08-30 10:08:48,744: +PARAM [/flight_control/simulation/environment/wind_speed] by /roslaunch
[rosmaster.master][INFO] 2026-08-30 10:08:48,744: +PARAM [/flight_control/simulation/environment/wind_direction] by /roslaunch
[rosmaster.master][INFO] 2026-08-30 10:08:48,744: +PARAM [/flight_control/simulation/environment/turbulence_intensity] by /roslaunch
[rosmaster.master][INFO] 2026-08-30 10:08:48,744: +PARAM [/flight_control/simulation/noise/sensor_noise] by /roslaunch
[rosmaster.master][INFO] 2026-08-30 10:08:48,744: +PARAM [/flight_control/simulation/noise/actuator_noise] by /roslaunch
[rosmaster.master][INFO] 2026-08-30 10:08:48,745: +PARAM [/flight_control/simulation/noise/time_delay] by /roslaunch
[rosmaster.master][INFO] 2026-08-30 10:08:48,745: +PARAM [/flight_control/simulation/speed/simulation_speed] by /roslaunch
[rosmaster.master][INFO] 2026-08-30 10:08:48,745: +PARAM [/flight_control/simulation/speed/real_time_factor] by /roslaunch
[rosmaster.master][INFO] 2026-08-30 10:08:48,745: +PARAM [/kalman_filter/kalman_filter/type] by /roslaunch
[rosmaster.master][INFO] 2026-08-30 10:08:48,745: +PARAM [/kalman_filter/kalman_filter/state_dim] by /roslaunch
[rosmaster.master][INFO] 2026-08-30 10:08:48,745: +PARAM [/kalman_filter/kalman_filter/measurement_dim] by /roslaunch
[rosmaster.master][INFO] 2026-08-30 10:08:48,745: +PARAM [/kalman_filter/kalman_filter/noise/process/position] by /roslaunch
[rosmaster.master][INFO] 2026-08-30 10:08:48,745: +PARAM [/kalman_filter/kalman_filter/noise/process/velocity] by /roslaunch
[rosmaster.master][INFO] 2026-08-30 10:08:48,746: +PARAM [/kalman_filter/kalman_filter/noise/process/acceleration] by /roslaunch
[rosmaster.master][INFO] 2026-08-30 10:08:48,746: +PARAM [/kalman_filter/kalman_filter/noise/measurement/position] by /roslaunch
[rosmaster.master][INFO] 2026-08-30 10:08:48,746: +PARAM [/kalman_filter/kalman_filter/parameters/dt] by /roslaunch
[rosmaster.master][INFO] 2026-08-30 10:08:48,746: +PARAM [/kalman_filter/kalman_filter/parameters/adaptive/enabled] by /roslaunch
[rosmaster.master][INFO] 2026-08-30 10:08:48,746: +PARAM [/kalman_filter/kalman_filter/parameters/adaptive/update_rate] by /roslaunch
[rosmaster.master][INFO] 2026-08-30 10:08:48,746: +PARAM [/kalman_filter/kalman_filter/parameters/adaptive/innovation_threshold] by /roslaunch
[rosmaster.master][INFO] 2026-08-30 10:08:48,746: +PARAM [/kalman_filter/kalman_filter/parameters/outlier_rejection/enabled] by /roslaunch
[rosmaster.master][INFO] 2026-08-30 10:08:48,747: +PARAM [/kalman_filter/kalman_filter/parameters/outlier_rejection/mahalanobis_threshold] by /roslaunch
[rosmaster.master][INFO] 2026-08-30 10:08:48,747: +PARAM [/kalman_filter/kalman_filter/parameters/outlier_rejection/gating] by /roslaunch
[rosmaster.master][INFO] 2026-08-30 10:08:48,747: +PARAM [/kalman_filter/kalman_filter/parameters/initialization/max_measurements] by /roslaunch
[rosmaster.master][INFO] 2026-08-30 10:08:48,747: +PARAM [/kalman_filter/kalman_filter/parameters/initialization/min_velocity_samples] by /roslaunch
[rosmaster.master][INFO] 2026-08-30 10:08:48,747: +PARAM [/kalman_filter/kalman_filter/parameters/convergence/max_iterations] by /roslaunch
[rosmaster.master][INFO] 2026-08-30 10:08:48,747: +PARAM [/kalman_filter/kalman_filter/parameters/convergence/epsilon] by /roslaunch
[rosmaster.master][INFO] 2026-08-30 10:08:48,748: +PARAM [/kalman_filter/kalman_filter/multi_target/enabled] by /roslaunch
[rosmaster.master][INFO] 2026-08-30 10:08:48,748: +PARAM [/kalman_filter/kalman_filter/multi_target/max_targets] by /roslaunch
[rosmaster.master][INFO] 2026-08-30 10:08:48,748: +PARAM [/kalman_filter/kalman_filter/multi_target/association/method] by /roslaunch
[rosmaster.master][INFO] 2026-08-30 10:08:48,748: +PARAM [/kalman_filter/kalman_filter/multi_target/association/gating/enabled] by /roslaunch
[rosmaster.master][INFO] 2026-08-30 10:08:48,749: +PARAM [/kalman_filter/kalman_filter/multi_target/association/gating/gate_size] by /roslaunch
[rosmaster.master][INFO] 2026-08-30 10:08:48,749: +PARAM [/kalman_filter/kalman_filter/multi_target/association/gating/dynamic_gating] by /roslaunch
[rosmaster.master][INFO] 2026-08-30 10:08:48,749: +PARAM [/kalman_filter/kalman_filter/multi_target/association/track_management/birth_probability] by /roslaunch
[rosmaster.master][INFO] 2026-08-30 10:08:48,749: +PARAM [/kalman_filter/kalman_filter/multi_target/association/track_management/death_threshold] by /roslaunch
[rosmaster.master][INFO] 2026-08-30 10:08:48,749: +PARAM [/kalman_filter/kalman_filter/multi_target/association/track_management/merge_threshold] by /roslaunch
[rosmaster.master][INFO] 2026-08-30 10:08:48,749: +PARAM [/kalman_filter/kalman_filter/multi_target/scoring/position_weight] by /roslaunch
[rosmaster.master][INFO] 2026-08-30 10:08:48,750: +PARAM [/kalman_filter/kalman_filter/multi_target/scoring/velocity_weight] by /roslaunch
[rosmaster.master][INFO] 2026-08-30 10:08:48,750: +PARAM [/kalman_filter/kalman_filter/multi_target/scoring/appearance_weight] by /roslaunch
[rosmaster.master][INFO] 2026-08-30 10:08:48,750: +PARAM [/kalman_filter/kalman_filter/multi_target/scoring/history_length] by /roslaunch
[rosmaster.master][INFO] 2026-08-30 10:08:48,750: +PARAM [/kalman_filter/sensor_fusion/sensors] by /roslaunch
[rosmaster.master][INFO] 2026-08-30 10:08:48,750: +PARAM [/kalman_filter/sensor_fusion/algorithms/type] by /roslaunch
[rosmaster.master][INFO] 2026-08-30 10:08:48,751: +PARAM [/kalman_filter/sensor_fusion/algorithms/centralized/measurement_dim] by /roslaunch
[rosmaster.master][INFO] 2026-08-30 10:08:48,751: +PARAM [/kalman_filter/sensor_fusion/algorithms/track_to_track/covariance_intersection] by /roslaunch
[rosmaster.master][INFO] 2026-08-30 10:08:48,751: +PARAM [/kalman_filter/sensor_fusion/algorithms/track_to_track/gamma] by /roslaunch
[rosmaster.master][INFO] 2026-08-30 10:08:48,751: +PARAM [/system_params/ros/master/uri] by /roslaunch
[rosmaster.master][INFO] 2026-08-30 10:08:48,751: +PARAM [/system_params/ros/master/timeout] by /roslaunch
[rosmaster.master][INFO] 2026-08-30 10:08:48,751: +PARAM [/system_params/ros/node/name] by /roslaunch
[rosmaster.master][INFO] 2026-08-30 10:08:48,752: +PARAM [/system_params/ros/node/namespace] by /roslaunch
[rosmaster.master][INFO] 2026-08-30 10:08:48,752: +PARAM [/system_params/ros/topics/camera_image] by /roslaunch
[rosmaster.master][INFO] 2026-08-30 10:08:48,752: +PARAM [/system_params/ros/topics/camera_info] by /roslaunch
[rosmaster.master][INFO] 2026-08-30 10:08:48,752: +PARAM [/system_params/ros/topics/vehicle_state] by /roslaunch
[rosmaster.master][INFO] 2026-08-30 10:08:48,752: +PARAM [/system_params/ros/topics/vehicle_position] by /roslaunch
[rosmaster.master][INFO] 2026-08-30 10:08:48,753: +PARAM [/system_params/ros/topics/vehicle_velocity] by /roslaunch
[rosmaster.master][INFO] 2026-08-30 10:08:48,753: +PARAM [/system_params/ros/topics/vehicle_attitude] by /roslaunch
[rosmaster.master][INFO] 2026-08-30 10:08:48,753: +PARAM [/system_params/ros/topics/battery_status] by /roslaunch
[rosmaster.master][INFO] 2026-08-30 10:08:48,753: +PARAM [/system_params/ros/topics/detection_output] by /roslaunch
[rosmaster.master][INFO] 2026-08-30 10:08:48,754: +PARAM [/system_params/ros/topics/tracked_targets] by /roslaunch
[rosmaster.master][INFO] 2026-08-30 10:08:48,754: +PARAM [/system_params/ros/topics/control_command] by /roslaunch
[rosmaster.master][INFO] 2026-08-30 10:08:48,755: +PARAM [/system_params/ros/topics/safety_status] by /roslaunch
[rosmaster.master][INFO] 2026-08-30 10:08:48,755: +PARAM [/system_params/ros/topics/diagnostic_status] by /roslaunch
[rosmaster.master][INFO] 2026-08-30 10:08:48,755: +PARAM [/system_params/ros/topics/debug_info] by /roslaunch
[rosmaster.master][INFO] 2026-08-30 10:08:48,755: +PARAM [/system_params/ros/topics/performance_metrics] by /roslaunch
[rosmaster.master][INFO] 2026-08-30 10:08:48,755: +PARAM [/system_params/ros/topics/test_results] by /roslaunch
[rosmaster.master][INFO] 2026-08-30 10:08:48,755: +PARAM [/system_params/ros/topics/test_status] by /roslaunch
[rosmaster.master][INFO] 2026-08-30 10:08:48,756: +PARAM [/system_params/logging/level] by /roslaunch
[rosmaster.master][INFO] 2026-08-30 10:08:48,756: +PARAM [/system_params/logging/outputs/console] by /roslaunch
[rosmaster.master][INFO] 2026-08-30 10:08:48,756: +PARAM [/system_params/logging/outputs/file] by /roslaunch
[rosmaster.master][INFO] 2026-08-30 10:08:48,756: +PARAM [/system_params/logging/outputs/rosout] by /roslaunch
[rosmaster.master][INFO] 2026-08-30 10:08:48,756: +PARAM [/system_params/logging/file/directory] by /roslaunch
[rosmaster.master][INFO] 2026-08-30 10:08:48,757: +PARAM [/system_params/logging/file/max_size] by /roslaunch
[rosmaster.master][INFO] 2026-08-30 10:08:48,757: +PARAM [/system_params/logging/file/max_files] by /roslaunch
[rosmaster.master][INFO] 2026-08-30 10:08:48,757: +PARAM [/system_params/logging/file/format] by /roslaunch
[rosmaster.master][INFO] 2026-08-30 10:08:48,757: +PARAM [/system_params/logging/performance/enabled] by /roslaunch
[rosmaster.master][INFO] 2026-08-30 10:08:48,757: +PARAM [/system_params/logging/performance/interval] by /roslaunch
[rosmaster.master][INFO] 2026-08-30 10:08:48,758: +PARAM [/system_params/logging/performance/metrics] by /roslaunch
[rosmaster.master][INFO] 2026-08-30 10:08:48,758: +PARAM [/system_params/logging/performance/output_file] by /roslaunch
[rosmaster.master][INFO] 2026-08-30 10:08:48,758: +PARAM [/system_params/safety/geofence/enabled] by /roslaunch
[rosmaster.master][INFO] 2026-08-30 10:08:48,758: +PARAM [/system_params/safety/geofence/shape] by /roslaunch
[rosmaster.master][INFO] 2026-08-30 10:08:48,758: +PARAM [/system_params/safety/geofence/radius] by /roslaunch
[rosmaster.master][INFO] 2026-08-30 10:08:48,759: +PARAM [/system_params/safety/geofence/height] by /roslaunch
[rosmaster.master][INFO] 2026-08-30 10:08:48,759: +PARAM [/system_params/safety/emergency/action] by /roslaunch
[rosmaster.master][INFO] 2026-08-30 10:08:48,759: +PARAM [/system_params/safety/emergency/altitude_min] by /roslaunch
[rosmaster.master][INFO] 2026-08-30 10:08:48,759: +PARAM [/system_params/safety/emergency/altitude_max] by /roslaunch
[rosmaster.master][INFO] 2026-08-30 10:08:48,759: +PARAM [/system_params/safety/failsafe/battery_critical] by /roslaunch
[rosmaster.master][INFO] 2026-08-30 10:08:48,760: +PARAM [/system_params/safety/failsafe/lost_connection] by /roslaunch
[rosmaster.master][INFO] 2026-08-30 10:08:48,760: +PARAM [/system_params/safety/failsafe/gps_failure] by /roslaunch
[rosmaster.master][INFO] 2026-08-30 10:08:48,760: +PARAM [/system_params/safety/failsafe/sensor_failure] by /roslaunch
[rosmaster.master][INFO] 2026-08-30 10:08:48,760: +PARAM [/system_params/safety/failsafe/exceeded_geofence] by /roslaunch
[rosmaster.master][INFO] 2026-08-30 10:08:48,761: +PARAM [/system_params/safety/health/check_interval] by /roslaunch
[rosmaster.master][INFO] 2026-08-30 10:08:48,761: +PARAM [/system_params/safety/health/restart_on_failure] by /roslaunch
[rosmaster.master][INFO] 2026-08-30 10:08:48,761: +PARAM [/system_params/safety/health/max_restarts] by /roslaunch
[rosmaster.master][INFO] 2026-08-30 10:08:48,761: +PARAM [/system_params/safety/health/restart_delay] by /roslaunch
[rosmaster.master][INFO] 2026-08-30 10:08:48,761: +PARAM [/system_params/performance/threads/detection_pool] by /roslaunch
[rosmaster.master][INFO] 2026-08-30 10:08:48,761: +PARAM [/system_params/performance/threads/control_pool] by /roslaunch
[rosmaster.master][INFO] 2026-08-30 10:08:48,762: +PARAM [/system_params/performance/queues/input_queue_size] by /roslaunch
[rosmaster.master][INFO] 2026-08-30 10:08:48,762: +PARAM [/system_params/performance/queues/output_queue_size] by /roslaunch
[rosmaster.master][INFO] 2026-08-30 10:08:48,762: +PARAM [/system_params/performance/memory/cache_images] by /roslaunch
[rosmaster.master][INFO] 2026-08-30 10:08:48,762: +PARAM [/system_params/performance/memory/max_cache_size] by /roslaunch
[rosmaster.master][INFO] 2026-08-30 10:08:48,762: +PARAM [/system_params/performance/memory/max_cached_messages] by /roslaunch
[rosmaster.master][INFO] 2026-08-30 10:08:48,763: +PARAM [/system_params/performance/timing/use_sim_time] by /roslaunch
[rosmaster.master][INFO] 2026-08-30 10:08:48,763: +PARAM [/system_params/performance/timing/publish_rate] by /roslaunch
[rosmaster.master][INFO] 2026-08-30 10:08:48,763: +PARAM [/system_params/performance/timing/control_rate] by /roslaunch
[rosmaster.master][INFO] 2026-08-30 10:08:48,763: +PARAM [/system_params/network/px4/udp_port] by /roslaunch
[rosmaster.master][INFO] 2026-08-30 10:08:48,763: +PARAM [/system_params/network/px4/tcp_port] by /roslaunch
[rosmaster.master][INFO] 2026-08-30 10:08:48,763: +PARAM [/system_params/network/px4/heartbeat_rate] by /roslaunch
[rosmaster.master][INFO] 2026-08-30 10:08:48,764: +PARAM [/system_params/network/mavros/fcu_url] by /roslaunch
[rosmaster.master][INFO] 2026-08-30 10:08:48,764: +PARAM [/system_params/network/mavros/gcs_url] by /roslaunch
[rosmaster.master][INFO] 2026-08-30 10:08:48,764: +PARAM [/system_params/network/timeout] by /roslaunch
[rosmaster.master][INFO] 2026-08-30 10:08:48,764: +PARAM [/system_params/network/reconnect_attempts] by /roslaunch
[rosmaster.master][INFO] 2026-08-30 10:08:48,765: +PARAM [/system_params/network/reconnect_delay] by /roslaunch
[rosmaster.master][INFO] 2026-08-30 10:08:48,765: +PARAM [/system_params/performance/publish_rate] by /roslaunch
[rosmaster.master][INFO] 2026-08-30 10:08:48,765: +PARAM [/use_simulation] by /roslaunch
[rosmaster.master][INFO] 2026-08-30 10:08:48,765: +PARAM [/parameter_validator/config_dir] by /roslaunch
[rosmaster.master][INFO] 2026-08-30 10:08:48,765: +PARAM [/parameter_validator/validate_on_startup] by /roslaunch
[rosmaster.master][INFO] 2026-08-30 10:08:48,765: +PARAM [/mission_manager/mission_config] by /roslaunch
[rosmaster.master][INFO] 2026-08-30 10:08:48,766: +PARAM [/camera_calibration/simulation_mode] by /roslaunch
[rosmaster.master][INFO] 2026-08-30 10:08:48,766: +PARAM [/yolo_detector/model_path] by /roslaunch
[rosmaster.master][INFO] 2026-08-30 10:08:48,766: +PARAM [/yolo_detector/device] by /roslaunch
[rosmaster.master][INFO] 2026-08-30 10:08:48,766: +PARAM [/sensor_fusion/publish_rate] by /roslaunch
[rosmaster.master][INFO] 2026-08-30 10:08:48,766: +PARAM [/sensor_fusion/simulation_mode] by /roslaunch
[rosmaster.master][INFO] 2026-08-30 10:08:48,766: +PARAM [/target_tracking_controller/simulation_mode] by /roslaunch
[rosmaster.master][INFO] 2026-08-30 10:08:48,766: +PARAM [/vehicle_state_monitor/simulation_mode] by /roslaunch
[rosmaster.master][INFO] 2026-08-30 10:08:48,767: +PARAM [/safety_monitor/enable_geofence] by /roslaunch
[rosmaster.master][INFO] 2026-08-30 10:08:48,768: +PARAM [/safety_monitor/simulation_mode] by /roslaunch
[rosmaster.master][INFO] 2026-08-30 10:08:48,768: +PARAM [/system_health_monitor/monitoring_interval] by /roslaunch
[rosmaster.master][INFO] 2026-08-30 10:08:48,768: +PARAM [/system_health_monitor/critical_threshold_cpu] by /roslaunch
[rosmaster.master][INFO] 2026-08-30 10:08:48,769: +PARAM [/system_health_monitor/critical_threshold_memory] by /roslaunch
[rosmaster.master][INFO] 2026-08-30 10:08:48,769: +PARAM [/system_health_monitor/warning_threshold_cpu] by /roslaunch
[rosmaster.master][INFO] 2026-08-30 10:08:48,769: +PARAM [/system_health_monitor/warning_threshold_memory] by /roslaunch
[rosmaster.master][INFO] 2026-08-30 10:08:48,770: +PARAM [/system_health_monitor/enable_network_monitoring] by /roslaunch
[rosmaster.master][INFO] 2026-08-30 10:08:48,770: +PARAM [/system_health_monitor/enable_disk_monitoring] by /roslaunch
[rosmaster.master][INFO] 2026-08-30 10:08:48,770: +PARAM [/system_health_monitor/enable_process_monitoring] by /roslaunch
[rosmaster.master][INFO] 2026-08-30 10:08:48,770: +PARAM [/health_checker/monitored_nodes] by /roslaunch
[rosmaster.master][INFO] 2026-08-30 10:08:48,770: +PARAM [/health_checker/check_interval] by /roslaunch
[rosmaster.master][INFO] 2026-08-30 10:08:48,771: +PARAM [/health_checker/timeout_threshold] by /roslaunch
[rosmaster.master][INFO] 2026-08-30 10:08:48,771: +PARAM [/health_checker/restart_on_failure] by /roslaunch
[rosmaster.master][INFO] 2026-08-30 10:08:48,771: +PARAM [/health_checker/max_restarts] by /roslaunch
[rosmaster.master][INFO] 2026-08-30 10:08:48,854: +SERVICE [/rosout/get_loggers] /rosout http://kamikaze:39463/
[rosmaster.master][INFO] 2026-08-30 10:08:48,856: +SERVICE [/rosout/set_logger_level] /rosout http://kamikaze:39463/
[rosmaster.master][INFO] 2026-08-30 10:08:48,866: +PUB [/rosout_agg] /rosout http://kamikaze:39463/
[rosmaster.master][INFO] 2026-08-30 10:08:48,877: +SUB [/rosout] /rosout http://kamikaze:39463/
[rosmaster.master][INFO] 2026-08-30 10:08:53,167: +PUB [/rosout] /mission_manager http://kamikaze:42187/
[rosmaster.master][INFO] 2026-08-30 10:08:53,229: publisherUpdate[/rosout] -> http://kamikaze:39463/ ['http://kamikaze:42187/']
[rosmaster.master][INFO] 2026-08-30 10:08:53,233: +PUB [/rosout] /command_interpreter http://kamikaze:33509/
[rosmaster.master][INFO] 2026-08-30 10:08:53,244: +SERVICE [/mission_manager/get_loggers] /mission_manager http://kamikaze:42187/
[rosmaster.master][INFO] 2026-08-30 10:08:53,252: +SERVICE [/mission_manager/set_logger_level] /mission_manager http://kamikaze:42187/
[rosmaster.master][INFO] 2026-08-30 10:08:53,263: +SERVICE [/command_interpreter/get_loggers] /command_interpreter http://kamikaze:33509/
[rosmaster.master][INFO] 2026-08-30 10:08:53,314: +SERVICE [/command_interpreter/set_logger_level] /command_interpreter http://kamikaze:33509/
[rosmaster.master][INFO] 2026-08-30 10:08:53,415: +PUB [/mission_status] /mission_manager http://kamikaze:42187/
[rosmaster.master][INFO] 2026-08-30 10:08:53,419: +PUB [/mission_manager/node_health] /mission_manager http://kamikaze:42187/
[rosmaster.master][INFO] 2026-08-30 10:08:53,430: +SUB [/drone_control/command] /command_interpreter http://kamikaze:33509/
[rosmaster.master][INFO] 2026-08-30 10:08:53,432: +PUB [/rosout] /camera_calibration http://kamikaze:40631/
[rosmaster.master][INFO] 2026-08-30 10:08:53,433: publisherUpdate[/rosout] -> http://kamikaze:39463/ ['http://kamikaze:42187/']: sec=0.20, result=[1, '', 0]
[rosmaster.master][INFO] 2026-08-30 10:08:53,439: publisherUpdate[/rosout] -> http://kamikaze:39463/ ['http://kamikaze:42187/', 'http://kamikaze:33509/']
[rosmaster.master][INFO] 2026-08-30 10:08:53,440: +PUB [/drone_control/command_response] /command_interpreter http://kamikaze:33509/
[rosmaster.master][INFO] 2026-08-30 10:08:53,442: +SUB [/drone_control/command] /mission_manager http://kamikaze:42187/
[rosmaster.master][INFO] 2026-08-30 10:08:53,443: +PUB [/rosout] /parameter_validator http://kamikaze:32949/
[rosmaster.master][INFO] 2026-08-30 10:08:53,446: +PUB [/command_interpreter/node_health] /command_interpreter http://kamikaze:33509/
[rosmaster.master][INFO] 2026-08-30 10:08:53,447: publisherUpdate[/rosout] -> http://kamikaze:39463/ ['http://kamikaze:42187/', 'http://kamikaze:33509/']: sec=0.01, result=[1, '', 0]
[rosmaster.master][INFO] 2026-08-30 10:08:53,447: publisherUpdate[/rosout] -> http://kamikaze:39463/ ['http://kamikaze:42187/', 'http://kamikaze:33509/', 'http://kamikaze:40631/']
[rosmaster.master][INFO] 2026-08-30 10:08:53,448: publisherUpdate[/rosout] -> http://kamikaze:39463/ ['http://kamikaze:42187/', 'http://kamikaze:33509/', 'http://kamikaze:40631/']: sec=0.00, result=[1, '', 0]
[rosmaster.master][INFO] 2026-08-30 10:08:53,449: publisherUpdate[/rosout] -> http://kamikaze:39463/ ['http://kamikaze:42187/', 'http://kamikaze:33509/', 'http://kamikaze:40631/', 'http://kamikaze:32949/']
[rosmaster.master][INFO] 2026-08-30 10:08:53,453: publisherUpdate[/rosout] -> http://kamikaze:39463/ ['http://kamikaze:42187/', 'http://kamikaze:33509/', 'http://kamikaze:40631/', 'http://kamikaze:32949/']: sec=0.00, result=[1, '', 0]
[rosmaster.master][INFO] 2026-08-30 10:08:53,460: +SUB [/safety_status] /mission_manager http://kamikaze:42187/
[rosmaster.master][INFO] 2026-08-30 10:08:53,515: +SERVICE [/camera_calibration/get_loggers] /camera_calibration http://kamikaze:40631/
[rosmaster.master][INFO] 2026-08-30 10:08:53,516: +CACHEDPARAM [/rosout_disable_topics_generation] by /command_interpreter
[rosmaster.master][INFO] 2026-08-30 10:08:53,527: +SERVICE [/parameter_validator/get_loggers] /parameter_validator http://kamikaze:32949/
[rosmaster.master][INFO] 2026-08-30 10:08:53,529: +SERVICE [/camera_calibration/set_logger_level] /camera_calibration http://kamikaze:40631/
[rosmaster.master][INFO] 2026-08-30 10:08:53,531: +SERVICE [/parameter_validator/set_logger_level] /parameter_validator http://kamikaze:32949/
[rosmaster.master][INFO] 2026-08-30 10:08:53,536: +SUB [/tracked_targets] /mission_manager http://kamikaze:42187/
[rosmaster.master][INFO] 2026-08-30 10:08:53,544: +PUB [/camera/camera_info] /camera_calibration http://kamikaze:40631/
[rosmaster.master][INFO] 2026-08-30 10:08:53,551: +PUB [/tf] /camera_calibration http://kamikaze:40631/
[rosmaster.master][INFO] 2026-08-30 10:08:53,560: +CACHEDPARAM [/rosout_disable_topics_generation] by /camera_calibration
[rosmaster.master][INFO] 2026-08-30 10:08:53,567: +CACHEDPARAM [/rosout_disable_topics_generation] by /mission_manager
[rosmaster.master][INFO] 2026-08-30 10:08:53,718: +CACHEDPARAM [/rosout/omit_topics] by /rosout
[rosmaster.master][INFO] 2026-08-30 10:08:53,742: +CACHEDPARAM [/rosout_disable_topics_generation] by /parameter_validator
[rosmaster.master][INFO] 2026-08-30 10:08:53,745: +CACHEDPARAM [/rosout_disable_topics_generation] by /parameter_validator
[rosmaster.master][INFO] 2026-08-30 10:08:54,030: +PUB [/rosout] /vehicle_state_monitor http://kamikaze:38759/
[rosmaster.master][INFO] 2026-08-30 10:08:54,031: publisherUpdate[/rosout] -> http://kamikaze:39463/ ['http://kamikaze:42187/', 'http://kamikaze:33509/', 'http://kamikaze:40631/', 'http://kamikaze:32949/', 'http://kamikaze:38759/']
[rosmaster.master][INFO] 2026-08-30 10:08:54,038: publisherUpdate[/rosout] -> http://kamikaze:39463/ ['http://kamikaze:42187/', 'http://kamikaze:33509/', 'http://kamikaze:40631/', 'http://kamikaze:32949/', 'http://kamikaze:38759/']: sec=0.00, result=[1, '', 0]
[rosmaster.master][INFO] 2026-08-30 10:08:54,056: +SERVICE [/vehicle_state_monitor/get_loggers] /vehicle_state_monitor http://kamikaze:38759/
[rosmaster.master][INFO] 2026-08-30 10:08:54,061: +SERVICE [/vehicle_state_monitor/set_logger_level] /vehicle_state_monitor http://kamikaze:38759/
[rosmaster.master][INFO] 2026-08-30 10:08:54,071: +SUB [/mavros/state] /vehicle_state_monitor http://kamikaze:38759/
[rosmaster.master][INFO] 2026-08-30 10:08:54,119: +SUB [/mavros/battery] /vehicle_state_monitor http://kamikaze:38759/
[rosmaster.master][INFO] 2026-08-30 10:08:54,125: +SUB [/mavros/local_position/velocity] /vehicle_state_monitor http://kamikaze:38759/
[rosmaster.master][INFO] 2026-08-30 10:08:54,128: +PUB [/drone_status] /vehicle_state_monitor http://kamikaze:38759/
[rosmaster.master][INFO] 2026-08-30 10:08:54,131: +PUB [/diagnostic_status] /vehicle_state_monitor http://kamikaze:38759/
[rosmaster.master][INFO] 2026-08-30 10:08:54,132: +PUB [/vehicle_state_monitor/node_health] /vehicle_state_monitor http://kamikaze:38759/
[rosmaster.master][INFO] 2026-08-30 10:08:54,134: +PUB [/battery_percentage] /vehicle_state_monitor http://kamikaze:38759/
[rosmaster.master][INFO] 2026-08-30 10:08:54,135: +SERVICE [/drone_emergency_stop] /vehicle_state_monitor http://kamikaze:38759/
[rosmaster.master][INFO] 2026-08-30 10:08:54,136: +SERVICE [/drone_arm] /vehicle_state_monitor http://kamikaze:38759/
[rosmaster.master][INFO] 2026-08-30 10:08:54,137: +SERVICE [/drone_disarm] /vehicle_state_monitor http://kamikaze:38759/
[rosmaster.master][INFO] 2026-08-30 10:08:54,139: +SERVICE [/drone_get_status] /vehicle_state_monitor http://kamikaze:38759/
[rosmaster.master][INFO] 2026-08-30 10:08:54,150: +CACHEDPARAM [/rosout_disable_topics_generation] by /vehicle_state_monitor
[rosmaster.master][INFO] 2026-08-30 10:08:54,169: +PUB [/rosout] /safety_monitor http://kamikaze:45393/
[rosmaster.master][INFO] 2026-08-30 10:08:54,220: publisherUpdate[/rosout] -> http://kamikaze:39463/ ['http://kamikaze:42187/', 'http://kamikaze:33509/', 'http://kamikaze:40631/', 'http://kamikaze:32949/', 'http://kamikaze:38759/', 'http://kamikaze:45393/']
[rosmaster.master][INFO] 2026-08-30 10:08:54,221: +SERVICE [/safety_monitor/get_loggers] /safety_monitor http://kamikaze:45393/
[rosmaster.master][INFO] 2026-08-30 10:08:54,227: publisherUpdate[/rosout] -> http://kamikaze:39463/ ['http://kamikaze:42187/', 'http://kamikaze:33509/', 'http://kamikaze:40631/', 'http://kamikaze:32949/', 'http://kamikaze:38759/', 'http://kamikaze:45393/']: sec=0.01, result=[1, '', 0]
[rosmaster.master][INFO] 2026-08-30 10:08:54,228: +SERVICE [/safety_monitor/set_logger_level] /safety_monitor http://kamikaze:45393/
[rosmaster.master][INFO] 2026-08-30 10:08:54,236: +SUB [/mavros/local_position/pose] /safety_monitor http://kamikaze:45393/
[rosmaster.master][INFO] 2026-08-30 10:08:54,238: +SUB [/mavros/local_position/velocity] /safety_monitor http://kamikaze:45393/
[rosmaster.master][INFO] 2026-08-30 10:08:54,241: +SUB [/mavros/state] /safety_monitor http://kamikaze:45393/
[rosmaster.master][INFO] 2026-08-30 10:08:54,242: +PUB [/safety_status] /safety_monitor http://kamikaze:45393/
[rosmaster.master][INFO] 2026-08-30 10:08:54,243: +PUB [/safety_monitor/node_health] /safety_monitor http://kamikaze:45393/
[rosmaster.master][INFO] 2026-08-30 10:08:54,244: +PUB [/emergency_triggered] /safety_monitor http://kamikaze:45393/
[rosmaster.master][INFO] 2026-08-30 10:08:54,245: +SERVICE [/safety/geofence_enable] /safety_monitor http://kamikaze:45393/
[rosmaster.master][INFO] 2026-08-30 10:08:54,246: +SERVICE [/safety/geofence_disable] /safety_monitor http://kamikaze:45393/
[rosmaster.master][INFO] 2026-08-30 10:08:54,247: +SERVICE [/safety/check] /safety_monitor http://kamikaze:45393/
[rosmaster.master][INFO] 2026-08-30 10:08:54,248: +SERVICE [/safety/status] /safety_monitor http://kamikaze:45393/
[rosmaster.master][INFO] 2026-08-30 10:08:54,251: +CACHEDPARAM [/rosout_disable_topics_generation] by /safety_monitor
[rosmaster.master][INFO] 2026-08-30 10:08:54,254: +CACHEDPARAM [/rosout_disable_topics_generation] by /safety_monitor
[rosmaster.master][INFO] 2026-08-30 10:08:54,275: +PUB [/rosout] /system_health_monitor http://kamikaze:38975/
[rosmaster.master][INFO] 2026-08-30 10:08:54,286: +SERVICE [/system_health_monitor/get_loggers] /system_health_monitor http://kamikaze:38975/
[rosmaster.master][INFO] 2026-08-30 10:08:54,291: +SERVICE [/system_health_monitor/set_logger_level] /system_health_monitor http://kamikaze:38975/
[rosmaster.master][INFO] 2026-08-30 10:08:54,302: +SUB [/health/check_all] /system_health_monitor http://kamikaze:38975/
[rosmaster.master][INFO] 2026-08-30 10:08:54,304: +PUB [/system_health] /system_health_monitor http://kamikaze:38975/
[rosmaster.master][INFO] 2026-08-30 10:08:54,307: +PUB [/diagnostic_status] /system_health_monitor http://kamikaze:38975/
[rosmaster.master][INFO] 2026-08-30 10:08:54,308: +PUB [/performance_metrics] /system_health_monitor http://kamikaze:38975/
[rosmaster.master][INFO] 2026-08-30 10:08:54,310: +PUB [/system_alert] /system_health_monitor http://kamikaze:38975/
[rosmaster.master][INFO] 2026-08-30 10:08:54,312: +CACHEDPARAM [/rosout_disable_topics_generation] by /system_health_monitor
[rosmaster.master][INFO] 2026-08-30 10:08:54,327: publisherUpdate[/safety_status] -> http://kamikaze:42187/ ['http://kamikaze:45393/']
[rosmaster.master][INFO] 2026-08-30 10:08:54,332: publisherUpdate[/rosout] -> http://kamikaze:39463/ ['http://kamikaze:42187/', 'http://kamikaze:33509/', 'http://kamikaze:40631/', 'http://kamikaze:32949/', 'http://kamikaze:38759/', 'http://kamikaze:45393/', 'http://kamikaze:38975/']
[rosmaster.master][INFO] 2026-08-30 10:08:54,334: publisherUpdate[/safety_status] -> http://kamikaze:42187/ ['http://kamikaze:45393/']: sec=0.01, result=[1, '', 0]
[rosmaster.master][INFO] 2026-08-30 10:08:54,336: publisherUpdate[/rosout] -> http://kamikaze:39463/ ['http://kamikaze:42187/', 'http://kamikaze:33509/', 'http://kamikaze:40631/', 'http://kamikaze:32949/', 'http://kamikaze:38759/', 'http://kamikaze:45393/', 'http://kamikaze:38975/']: sec=0.00, result=[1, '', 0]
[rosmaster.master][INFO] 2026-08-30 10:08:54,387: +PUB [/rosout] /health_checker http://kamikaze:46261/
[rosmaster.master][INFO] 2026-08-30 10:08:54,394: +PUB [/rosout] /sensor_fusion http://kamikaze:45401/
[rosmaster.master][INFO] 2026-08-30 10:08:54,399: +SERVICE [/health_checker/get_loggers] /health_checker http://kamikaze:46261/
[rosmaster.master][INFO] 2026-08-30 10:08:54,402: +SERVICE [/health_checker/set_logger_level] /health_checker http://kamikaze:46261/
[rosmaster.master][INFO] 2026-08-30 10:08:54,411: +SERVICE [/sensor_fusion/get_loggers] /sensor_fusion http://kamikaze:45401/
[rosmaster.master][INFO] 2026-08-30 10:08:54,415: +SERVICE [/sensor_fusion/set_logger_level] /sensor_fusion http://kamikaze:45401/
[rosmaster.master][INFO] 2026-08-30 10:08:54,416: +SUB [/yolo_detector/node_health] /health_checker http://kamikaze:46261/
[rosmaster.master][INFO] 2026-08-30 10:08:54,421: +SUB [/target_tracking_controller/node_health] /health_checker http://kamikaze:46261/
[rosmaster.master][INFO] 2026-08-30 10:08:54,430: +SUB [/mavros/imu/data] /sensor_fusion http://kamikaze:45401/
[rosmaster.master][INFO] 2026-08-30 10:08:54,431: +SUB [/vehicle_state_monitor/node_health] /health_checker http://kamikaze:46261/
[rosmaster.master][INFO] 2026-08-30 10:08:54,436: +SUB [/mavros/global_position/global] /sensor_fusion http://kamikaze:45401/
[rosmaster.master][INFO] 2026-08-30 10:08:54,436: publisherUpdate[/rosout] -> http://kamikaze:39463/ ['http://kamikaze:42187/', 'http://kamikaze:33509/', 'http://kamikaze:40631/', 'http://kamikaze:32949/', 'http://kamikaze:38759/', 'http://kamikaze:45393/', 'http://kamikaze:38975/', 'http://kamikaze:46261/']
[rosmaster.master][INFO] 2026-08-30 10:08:54,437: +SUB [/mission_manager/node_health] /health_checker http://kamikaze:46261/
[rosmaster.master][INFO] 2026-08-30 10:08:54,442: publisherUpdate[/rosout] -> http://kamikaze:39463/ ['http://kamikaze:42187/', 'http://kamikaze:33509/', 'http://kamikaze:40631/', 'http://kamikaze:32949/', 'http://kamikaze:38759/', 'http://kamikaze:45393/', 'http://kamikaze:38975/', 'http://kamikaze:46261/']: sec=0.00, result=[1, '', 0]
[rosmaster.master][INFO] 2026-08-30 10:08:54,444: publisherUpdate[/rosout] -> http://kamikaze:39463/ ['http://kamikaze:42187/', 'http://kamikaze:33509/', 'http://kamikaze:40631/', 'http://kamikaze:32949/', 'http://kamikaze:38759/', 'http://kamikaze:45393/', 'http://kamikaze:38975/', 'http://kamikaze:46261/', 'http://kamikaze:45401/']
[rosmaster.master][INFO] 2026-08-30 10:08:54,446: publisherUpdate[/rosout] -> http://kamikaze:39463/ ['http://kamikaze:42187/', 'http://kamikaze:33509/', 'http://kamikaze:40631/', 'http://kamikaze:32949/', 'http://kamikaze:38759/', 'http://kamikaze:45393/', 'http://kamikaze:38975/', 'http://kamikaze:46261/', 'http://kamikaze:45401/']: sec=0.00, result=[1, '', 0]
[rosmaster.master][INFO] 2026-08-30 10:08:54,460: +SUB [/safety_monitor/node_health] /health_checker http://kamikaze:46261/
[rosmaster.master][INFO] 2026-08-30 10:08:54,466: +SUB [/mavros/local_position/pose] /sensor_fusion http://kamikaze:45401/
[rosmaster.master][INFO] 2026-08-30 10:08:54,470: +PUB [/sensor_fusion/node_health] /sensor_fusion http://kamikaze:45401/
[rosmaster.master][INFO] 2026-08-30 10:08:54,473: +SUB [/command_interpreter/node_health] /health_checker http://kamikaze:46261/
[rosmaster.master][INFO] 2026-08-30 10:08:54,479: +PUB [/system_health] /health_checker http://kamikaze:46261/
[rosmaster.master][INFO] 2026-08-30 10:08:54,483: +CACHEDPARAM [/rosout_disable_topics_generation] by /sensor_fusion
[rosmaster.master][INFO] 2026-08-30 10:08:54,486: +SERVICE [/health/check_all] /health_checker http://kamikaze:46261/
[rosmaster.master][INFO] 2026-08-30 10:08:54,495: +SERVICE [/health/restart_node] /health_checker http://kamikaze:46261/
[rosmaster.master][INFO] 2026-08-30 10:08:54,509: +CACHEDPARAM [/rosout_disable_topics_generation] by /health_checker
[rosmaster.master][INFO] 2026-08-30 10:08:55,303: +PUB [/rosout] /target_tracking_controller http://kamikaze:40529/
[rosmaster.master][INFO] 2026-08-30 10:08:55,316: +SERVICE [/target_tracking_controller/get_loggers] /target_tracking_controller http://kamikaze:40529/
[rosmaster.master][INFO] 2026-08-30 10:08:55,318: +SERVICE [/target_tracking_controller/set_logger_level] /target_tracking_controller http://kamikaze:40529/
[rosmaster.master][INFO] 2026-08-30 10:08:55,338: +SUB [/mavros/local_position/odom] /target_tracking_controller http://kamikaze:40529/
[rosmaster.master][INFO] 2026-08-30 10:08:55,341: +SUB [/detected_objects] /target_tracking_controller http://kamikaze:40529/
[rosmaster.master][INFO] 2026-08-30 10:08:55,342: publisherUpdate[/rosout] -> http://kamikaze:39463/ ['http://kamikaze:42187/', 'http://kamikaze:33509/', 'http://kamikaze:40631/', 'http://kamikaze:32949/', 'http://kamikaze:38759/', 'http://kamikaze:45393/', 'http://kamikaze:38975/', 'http://kamikaze:46261/', 'http://kamikaze:45401/', 'http://kamikaze:40529/']
[rosmaster.master][INFO] 2026-08-30 10:08:55,348: publisherUpdate[/rosout] -> http://kamikaze:39463/ ['http://kamikaze:42187/', 'http://kamikaze:33509/', 'http://kamikaze:40631/', 'http://kamikaze:32949/', 'http://kamikaze:38759/', 'http://kamikaze:45393/', 'http://kamikaze:38975/', 'http://kamikaze:46261/', 'http://kamikaze:45401/', 'http://kamikaze:40529/']: sec=0.01, result=[1, '', 0]
[rosmaster.master][INFO] 2026-08-30 10:08:55,352: +SUB [/mavros/state] /target_tracking_controller http://kamikaze:40529/
[rosmaster.master][INFO] 2026-08-30 10:08:55,355: +SUB [/mission_status] /target_tracking_controller http://kamikaze:40529/
[rosmaster.master][INFO] 2026-08-30 10:08:55,359: +PUB [/tracked_targets] /target_tracking_controller http://kamikaze:40529/
[rosmaster.master][INFO] 2026-08-30 10:08:55,362: +PUB [/mavros/setpoint_velocity/cmd_vel_unstamped] /target_tracking_controller http://kamikaze:40529/
[rosmaster.master][INFO] 2026-08-30 10:08:55,362: publisherUpdate[/tracked_targets] -> http://kamikaze:42187/ ['http://kamikaze:40529/']
[rosmaster.master][INFO] 2026-08-30 10:08:55,369: publisherUpdate[/tracked_targets] -> http://kamikaze:42187/ ['http://kamikaze:40529/']: sec=0.01, result=[1, '', 0]
[rosmaster.master][INFO] 2026-08-30 10:08:55,372: +PUB [/mavros/setpoint_raw/local] /target_tracking_controller http://kamikaze:40529/
[rosmaster.master][INFO] 2026-08-30 10:08:55,381: +PUB [/target_tracking_controller/node_health] /target_tracking_controller http://kamikaze:40529/
[rosmaster.master][INFO] 2026-08-30 10:08:55,451: publisherUpdate[/target_tracking_controller/node_health] -> http://kamikaze:46261/ ['http://kamikaze:40529/']
[rosmaster.master][INFO] 2026-08-30 10:08:55,455: publisherUpdate[/target_tracking_controller/node_health] -> http://kamikaze:46261/ ['http://kamikaze:40529/']: sec=0.00, result=[1, '', 0]
[rosmaster.master][INFO] 2026-08-30 10:08:57,521: +CACHEDPARAM [/rosout_disable_topics_generation] by /target_tracking_controller
[rosmaster.master][INFO] 2026-08-30 10:08:59,424: +PUB [/rosout] /trajectory_planner http://trajectory:46503/
[rosmaster.master][INFO] 2026-08-30 10:08:59,432: +SERVICE [/trajectory_planner/get_loggers] /trajectory_planner http://trajectory:46503/
[rosmaster.master][INFO] 2026-08-30 10:08:59,434: +SERVICE [/trajectory_planner/set_logger_level] /trajectory_planner http://trajectory:46503/
[rosmaster.master][INFO] 2026-08-30 10:08:59,444: +SUB [/mavros/local_position/odom] /trajectory_planner http://trajectory:46503/
[rosmaster.master][INFO] 2026-08-30 10:08:59,447: +SUB [/tracked_targets] /trajectory_planner http://trajectory:46503/
[rosmaster.master][INFO] 2026-08-30 10:08:59,451: +SUB [/mission_status] /trajectory_planner http://trajectory:46503/
[rosmaster.master][INFO] 2026-08-30 10:08:59,453: +PUB [/planned_trajectory] /trajectory_planner http://trajectory:46503/
[rosmaster.master][INFO] 2026-08-30 10:08:59,459: +PUB [/waypoints] /trajectory_planner http://trajectory:46503/
[rosmaster.master][INFO] 2026-08-30 10:08:59,461: +PUB [/path] /trajectory_planner http://trajectory:46503/
[rosmaster.master][INFO] 2026-08-30 10:08:59,462: +PUB [/planner_status] /trajectory_planner http://trajectory:46503/
[rosmaster.master][INFO] 2026-08-30 10:08:59,481: +CACHEDPARAM [/rosout_disable_topics_generation] by /trajectory_planner
[rosmaster.master][INFO] 2026-08-30 10:08:59,490: publisherUpdate[/rosout] -> http://kamikaze:39463/ ['http://kamikaze:42187/', 'http://kamikaze:33509/', 'http://kamikaze:40631/', 'http://kamikaze:32949/', 'http://kamikaze:38759/', 'http://kamikaze:45393/', 'http://kamikaze:38975/', 'http://kamikaze:46261/', 'http://kamikaze:45401/', 'http://kamikaze:40529/', 'http://trajectory:46503/']
[rosmaster.master][INFO] 2026-08-30 10:08:59,502: publisherUpdate[/rosout] -> http://kamikaze:39463/ ['http://kamikaze:42187/', 'http://kamikaze:33509/', 'http://kamikaze:40631/', 'http://kamikaze:32949/', 'http://kamikaze:38759/', 'http://kamikaze:45393/', 'http://kamikaze:38975/', 'http://kamikaze:46261/', 'http://kamikaze:45401/', 'http://kamikaze:40529/', 'http://trajectory:46503/']: sec=0.01, result=[1, '', 0]
[rosmaster.master][INFO] 2026-08-30 10:08:59,511: +CACHEDPARAM [/rosout_disable_topics_generation] by /health_checker
[rosmaster.master][INFO] 2026-08-30 10:08:59,514: +CACHEDPARAM [/rosout_disable_topics_generation] by /health_checker
[rosmaster.master][INFO] 2026-08-30 10:08:59,517: +CACHEDPARAM [/rosout_disable_topics_generation] by /health_checker
[rosmaster.master][INFO] 2026-08-30 10:08:59,530: +PUB [/rosout] /performance_monitor http://performance:35825/
[rosmaster.master][INFO] 2026-08-30 10:08:59,537: +SERVICE [/performance_monitor/get_loggers] /performance_monitor http://performance:35825/
[rosmaster.master][INFO] 2026-08-30 10:08:59,538: +SERVICE [/performance_monitor/set_logger_level] /performance_monitor http://performance:35825/
[rosmaster.master][INFO] 2026-08-30 10:08:59,547: +SUB [/performance/command] /performance_monitor http://performance:35825/
[rosmaster.master][INFO] 2026-08-30 10:08:59,549: +SUB [/performance/benchmark] /performance_monitor http://performance:35825/
[rosmaster.master][INFO] 2026-08-30 10:08:59,550: +PUB [/performance/metrics] /performance_monitor http://performance:35825/
[rosmaster.master][INFO] 2026-08-30 10:08:59,551: +PUB [/performance/benchmark_results] /performance_monitor http://performance:35825/
[rosmaster.master][INFO] 2026-08-30 10:08:59,552: +PUB [/performance/alert] /performance_monitor http://performance:35825/
[rosmaster.master][INFO] 2026-08-30 10:08:59,553: +PUB [/diagnostic_status] /performance_monitor http://performance:35825/
[rosmaster.master][INFO] 2026-08-30 10:08:59,556: +CACHEDPARAM [/rosout_disable_topics_generation] by /performance_monitor
[rosmaster.master][INFO] 2026-08-30 10:08:59,604: publisherUpdate[/rosout] -> http://kamikaze:39463/ ['http://kamikaze:42187/', 'http://kamikaze:33509/', 'http://kamikaze:40631/', 'http://kamikaze:32949/', 'http://kamikaze:38759/', 'http://kamikaze:45393/', 'http://kamikaze:38975/', 'http://kamikaze:46261/', 'http://kamikaze:45401/', 'http://kamikaze:40529/', 'http://trajectory:46503/', 'http://performance:35825/']
[rosmaster.master][INFO] 2026-08-30 10:08:59,607: publisherUpdate[/rosout] -> http://kamikaze:39463/ ['http://kamikaze:42187/', 'http://kamikaze:33509/', 'http://kamikaze:40631/', 'http://kamikaze:32949/', 'http://kamikaze:38759/', 'http://kamikaze:45393/', 'http://kamikaze:38975/', 'http://kamikaze:46261/', 'http://kamikaze:45401/', 'http://kamikaze:40529/', 'http://trajectory:46503/', 'http://performance:35825/']: sec=0.00, result=[1, '', 0]
[rosmaster.master][INFO] 2026-08-30 10:08:59,656: +CACHEDPARAM [/rosout_disable_topics_generation] by /target_tracking_controller
[rosmaster.master][INFO] 2026-08-30 10:08:59,660: +CACHEDPARAM [/rosout_disable_topics_generation] by /target_tracking_controller
[rosmaster.master][INFO] 2026-08-30 10:08:59,799: +PUB [/rosout] /yolo_detector http://kamikaze:40861/
[rosmaster.master][INFO] 2026-08-30 10:08:59,804: +SERVICE [/yolo_detector/get_loggers] /yolo_detector http://kamikaze:40861/
[rosmaster.master][INFO] 2026-08-30 10:08:59,805: +SERVICE [/yolo_detector/set_logger_level] /yolo_detector http://kamikaze:40861/
[rosmaster.master][INFO] 2026-08-30 10:08:59,809: publisherUpdate[/rosout] -> http://kamikaze:39463/ ['http://kamikaze:42187/', 'http://kamikaze:33509/', 'http://kamikaze:40631/', 'http://kamikaze:32949/', 'http://kamikaze:38759/', 'http://kamikaze:45393/', 'http://kamikaze:38975/', 'http://kamikaze:46261/', 'http://kamikaze:45401/', 'http://kamikaze:40529/', 'http://trajectory:46503/', 'http://performance:35825/', 'http://kamikaze:40861/']
[rosmaster.master][INFO] 2026-08-30 10:08:59,811: publisherUpdate[/rosout] -> http://kamikaze:39463/ ['http://kamikaze:42187/', 'http://kamikaze:33509/', 'http://kamikaze:40631/', 'http://kamikaze:32949/', 'http://kamikaze:38759/', 'http://kamikaze:45393/', 'http://kamikaze:38975/', 'http://kamikaze:46261/', 'http://kamikaze:45401/', 'http://kamikaze:40529/', 'http://trajectory:46503/', 'http://performance:35825/', 'http://kamikaze:40861/']: sec=0.00, result=[1, '', 0]
[rosmaster.master][INFO] 2026-08-30 10:08:59,813: +PUB [/yolo_detector/node_health] /yolo_detector http://kamikaze:40861/
[rosmaster.master][INFO] 2026-08-30 10:08:59,815: +SUB [/drone_control/command] /yolo_detector http://kamikaze:40861/
[rosmaster.master][INFO] 2026-08-30 10:08:59,816: +PUB [/command_response] /yolo_detector http://kamikaze:40861/
[rosmaster.master][INFO] 2026-08-30 10:08:59,818: +SUB [/mission_status] /yolo_detector http://kamikaze:40861/
[rosmaster.master][INFO] 2026-08-30 10:08:59,820: +CACHEDPARAM [/rosout_disable_topics_generation] by /yolo_detector
[rosmaster.master][INFO] 2026-08-30 10:08:59,911: publisherUpdate[/yolo_detector/node_health] -> http://kamikaze:46261/ ['http://kamikaze:40861/']
[rosmaster.master][INFO] 2026-08-30 10:08:59,913: publisherUpdate[/yolo_detector/node_health] -> http://kamikaze:46261/ ['http://kamikaze:40861/']: sec=0.00, result=[1, '', 0]
[rosmaster.master][INFO] 2026-08-30 10:08:59,975: +CACHEDPARAM [/rosout_disable_topics_generation] by /yolo_detector
[rosmaster.master][INFO] 2026-08-30 10:08:59,977: +SUB [/camera/color/image_raw] /yolo_detector http://kamikaze:40861/
[rosmaster.master][INFO] 2026-08-30 10:08:59,978: +PUB [/detected_objects] /yolo_detector http://kamikaze:40861/
[rosmaster.master][INFO] 2026-08-30 10:08:59,980: +CACHEDPARAM [/rosout_disable_topics_generation] by /yolo_detector
[rosmaster.master][INFO] 2026-08-30 10:08:59,982: +CACHEDPARAM [/rosout_disable_topics_generation] by /yolo_detector
[rosmaster.master][INFO] 2026-08-30 10:09:00,014: publisherUpdate[/detected_objects] -> http://kamikaze:40529/ ['http://kamikaze:40861/']
[rosmaster.master][INFO] 2026-08-30 10:09:00,017: publisherUpdate[/detected_objects] -> http://kamikaze:40529/ ['http://kamikaze:40861/']: sec=0.00, result=[1, '', 0]
[rosmaster.master][INFO] 2026-08-30 10:09:01,561: +CACHEDPARAM [/rosout_disable_topics_generation] by /performance_monitor
[rosmaster.master][INFO] 2026-08-30 10:09:06,566: +CACHEDPARAM [/rosout_disable_topics_generation] by /performance_monitor
[rosmaster.master][INFO] 2026-08-30 10:09:11,572: +CACHEDPARAM [/rosout_disable_topics_generation] by /performance_monitor
[rosmaster.master][INFO] 2026-08-30 10:09:12,849: +CACHEDPARAM [/rosout_disable_topics_generation] by /performance_monitor
[rosmaster.master][INFO] 2026-08-30 10:09:13,580: +CACHEDPARAM [/rosout_disable_topics_generation] by /performance_monitor
[rosmaster.master][INFO] 2026-08-30 10:09:14,763: +CACHEDPARAM [/rosout_disable_topics_generation] by /performance_monitor
[rosmaster.master][INFO] 2026-08-30 10:09:14,817: +CACHEDPARAM [/rosout_disable_topics_generation] by /performance_monitor
[rosmaster.master][INFO] 2026-08-30 10:09:14,819: +CACHEDPARAM [/rosout_disable_topics_generation] by /performance_monitor
[rosmaster.master][INFO] 2026-08-30 10:09:19,821: +CACHEDPARAM [/rosout_disable_topics_generation] by /performance_monitor
[rosmaster.master][INFO] 2026-08-30 10:09:21,046: +CACHEDPARAM [/rosout_disable_topics_generation] by /performance_monitor
[rosmaster.master][INFO] 2026-08-30 10:09:21,802: +CACHEDPARAM [/rosout_disable_topics_generation] by /performance_monitor
[rosmaster.master][INFO] 2026-08-30 10:09:22,981: +CACHEDPARAM [/rosout_disable_topics_generation] by /performance_monitor
[rosmaster.master][INFO] 2026-08-30 10:09:23,035: +CACHEDPARAM [/rosout_disable_topics_generation] by /performance_monitor
[rosmaster.master][INFO] 2026-08-30 10:09:23,037: +CACHEDPARAM [/rosout_disable_topics_generation] by /performance_monitor
[rosmaster.master][INFO] 2026-08-30 10:09:28,044: +CACHEDPARAM [/rosout_disable_topics_generation] by /performance_monitor
[rosmaster.master][INFO] 2026-08-30 10:09:29,517: +CACHEDPARAM [/rosout_disable_topics_generation] by /performance_monitor
[rosmaster.master][INFO] 2026-08-30 10:09:30,253: +CACHEDPARAM [/rosout_disable_topics_generation] by /performance_monitor
[rosmaster.master][INFO] 2026-08-30 10:09:31,439: +CACHEDPARAM [/rosout_disable_topics_generation] by /performance_monitor
[rosmaster.master][INFO] 2026-08-30 10:09:31,493: +CACHEDPARAM [/rosout_disable_topics_generation] by /performance_monitor
[rosmaster.master][INFO] 2026-08-30 10:09:31,496: +CACHEDPARAM [/rosout_disable_topics_generation] by /performance_monitor
[rosmaster.master][INFO] 2026-08-30 10:09:36,499: +CACHEDPARAM [/rosout_disable_topics_generation] by /performance_monitor
[rosmaster.master][INFO] 2026-08-30 10:09:37,799: +CACHEDPARAM [/rosout_disable_topics_generation] by /performance_monitor
[rosmaster.master][INFO] 2026-08-30 10:09:38,502: +CACHEDPARAM [/rosout_disable_topics_generation] by /performance_monitor
[rosmaster.master][INFO] 2026-08-30 10:09:39,690: +CACHEDPARAM [/rosout_disable_topics_generation] by /performance_monitor
[rosmaster.master][INFO] 2026-08-30 10:09:39,737: +CACHEDPARAM [/rosout_disable_topics_generation] by /performance_monitor
[rosmaster.master][INFO] 2026-08-30 10:09:39,738: +CACHEDPARAM [/rosout_disable_topics_generation] by /performance_monitor
[rosmaster.master][INFO] 2026-08-30 10:09:44,741: +CACHEDPARAM [/rosout_disable_topics_generation] by /performance_monitor
[rosmaster.master][INFO] 2026-08-30 10:09:45,990: +CACHEDPARAM [/rosout_disable_topics_generation] by /performance_monitor
[rosmaster.master][INFO] 2026-08-30 10:09:46,706: +CACHEDPARAM [/rosout_disable_topics_generation] by /performance_monitor
[rosmaster.master][INFO] 2026-08-30 10:09:47,881: +CACHEDPARAM [/rosout_disable_topics_generation] by /performance_monitor
[rosmaster.master][INFO] 2026-08-30 10:09:47,933: +CACHEDPARAM [/rosout_disable_topics_generation] by /performance_monitor
[rosmaster.master][INFO] 2026-08-30 10:09:47,934: +CACHEDPARAM [/rosout_disable_topics_generation] by /performance_monitor
[rosmaster.master][INFO] 2026-08-30 10:09:52,936: +CACHEDPARAM [/rosout_disable_topics_generation] by /performance_monitor
[rosmaster.master][INFO] 2026-08-30 10:09:54,183: +CACHEDPARAM [/rosout_disable_topics_generation] by /performance_monitor
[rosmaster.master][INFO] 2026-08-30 10:09:54,873: +CACHEDPARAM [/rosout_disable_topics_generation] by /performance_monitor
[rosmaster.master][INFO] 2026-08-30 10:09:56,056: +CACHEDPARAM [/rosout_disable_topics_generation] by /performance_monitor
[rosmaster.master][INFO] 2026-08-30 10:09:56,107: +CACHEDPARAM [/rosout_disable_topics_generation] by /performance_monitor
[rosmaster.master][INFO] 2026-08-30 10:09:56,109: +CACHEDPARAM [/rosout_disable_topics_generation] by /performance_monitor
[rosmaster.master][INFO] 2026-08-30 10:10:01,111: +CACHEDPARAM [/rosout_disable_topics_generation] by /performance_monitor
[rosmaster.master][INFO] 2026-08-30 10:10:02,356: +CACHEDPARAM [/rosout_disable_topics_generation] by /performance_monitor
[rosmaster.master][INFO] 2026-08-30 10:10:03,077: +CACHEDPARAM [/rosout_disable_topics_generation] by /performance_monitor
[rosmaster.master][INFO] 2026-08-30 10:10:04,300: +CACHEDPARAM [/rosout_disable_topics_generation] by /performance_monitor
[rosmaster.master][INFO] 2026-08-30 10:10:04,355: +CACHEDPARAM [/rosout_disable_topics_generation] by /performance_monitor
[rosmaster.master][INFO] 2026-08-30 10:10:04,357: +CACHEDPARAM [/rosout_disable_topics_generation] by /performance_monitor
[rosmaster.master][INFO] 2026-08-30 10:10:09,359: +CACHEDPARAM [/rosout_disable_topics_generation] by /performance_monitor
[rosmaster.master][INFO] 2026-08-30 10:10:10,667: +CACHEDPARAM [/rosout_disable_topics_generation] by /performance_monitor
[rosmaster.master][INFO] 2026-08-30 10:10:11,362: +CACHEDPARAM [/rosout_disable_topics_generation] by /performance_monitor
[rosmaster.master][INFO] 2026-08-30 10:10:12,534: +CACHEDPARAM [/rosout_disable_topics_generation] by /performance_monitor
[rosmaster.master][INFO] 2026-08-30 10:10:12,584: +CACHEDPARAM [/rosout_disable_topics_generation] by /performance_monitor
[rosmaster.master][INFO] 2026-08-30 10:10:12,586: +CACHEDPARAM [/rosout_disable_topics_generation] by /performance_monitor
[rosmaster.master][INFO] 2026-08-30 10:10:17,589: +CACHEDPARAM [/rosout_disable_topics_generation] by /performance_monitor
[rosmaster.master][INFO] 2026-08-30 10:10:18,867: +CACHEDPARAM [/rosout_disable_topics_generation] by /performance_monitor
[rosmaster.master][INFO] 2026-08-30 10:10:19,559: +CACHEDPARAM [/rosout_disable_topics_generation] by /performance_monitor
[rosmaster.master][INFO] 2026-08-30 10:10:20,734: +CACHEDPARAM [/rosout_disable_topics_generation] by /performance_monitor
[rosmaster.master][INFO] 2026-08-30 10:10:20,812: +CACHEDPARAM [/rosout_disable_topics_generation] by /performance_monitor
[rosmaster.master][INFO] 2026-08-30 10:10:20,814: +CACHEDPARAM [/rosout_disable_topics_generation] by /performance_monitor
[rosmaster.master][INFO] 2026-08-30 10:10:25,818: +CACHEDPARAM [/rosout_disable_topics_generation] by /performance_monitor
[rosmaster.master][INFO] 2026-08-30 10:10:27,255: +CACHEDPARAM [/rosout_disable_topics_generation] by /performance_monitor
[rosmaster.master][INFO] 2026-08-30 10:10:27,950: +CACHEDPARAM [/rosout_disable_topics_generation] by /performance_monitor
[rosmaster.master][INFO] 2026-08-30 10:10:29,116: +CACHEDPARAM [/rosout_disable_topics_generation] by /performance_monitor
[rosmaster.master][INFO] 2026-08-30 10:10:29,214: +CACHEDPARAM [/rosout_disable_topics_generation] by /performance_monitor
[rosmaster.master][INFO] 2026-08-30 10:10:29,215: +CACHEDPARAM [/rosout_disable_topics_generation] by /performance_monitor
[rosmaster.master][INFO] 2026-08-30 10:10:34,218: +CACHEDPARAM [/rosout_disable_topics_generation] by /performance_monitor
[rosmaster.master][INFO] 2026-08-30 10:10:35,444: +CACHEDPARAM [/rosout_disable_topics_generation] by /performance_monitor
[rosmaster.master][INFO] 2026-08-30 10:10:36,121: +CACHEDPARAM [/rosout_disable_topics_generation] by /performance_monitor
[rosmaster.master][INFO] 2026-08-30 10:10:37,334: +CACHEDPARAM [/rosout_disable_topics_generation] by /performance_monitor
[rosmaster.master][INFO] 2026-08-30 10:10:37,389: +CACHEDPARAM [/rosout_disable_topics_generation] by /performance_monitor
[rosmaster.master][INFO] 2026-08-30 10:10:37,392: +CACHEDPARAM [/rosout_disable_topics_generation] by /performance_monitor
[rosmaster.master][INFO] 2026-08-30 10:10:42,395: +CACHEDPARAM [/rosout_disable_topics_generation] by /performance_monitor
[rosmaster.master][INFO] 2026-08-30 10:10:43,803: +CACHEDPARAM [/rosout_disable_topics_generation] by /performance_monitor
[rosmaster.master][INFO] 2026-08-30 10:10:44,528: +CACHEDPARAM [/rosout_disable_topics_generation] by /performance_monitor
[rosmaster.master][INFO] 2026-08-30 10:10:45,710: +CACHEDPARAM [/rosout_disable_topics_generation] by /performance_monitor
[rosmaster.master][INFO] 2026-08-30 10:10:45,763: +CACHEDPARAM [/rosout_disable_topics_generation] by /performance_monitor
[rosmaster.master][INFO] 2026-08-30 10:10:45,765: +CACHEDPARAM [/rosout_disable_topics_generation] by /performance_monitor
[rosmaster.master][INFO] 2026-08-30 10:10:50,768: +CACHEDPARAM [/rosout_disable_topics_generation] by /performance_monitor
[rosmaster.master][INFO] 2026-08-30 10:10:52,025: +CACHEDPARAM [/rosout_disable_topics_generation] by /performance_monitor
[rosmaster.master][INFO] 2026-08-30 10:10:52,717: +CACHEDPARAM [/rosout_disable_topics_generation] by /performance_monitor
[rosmaster.master][INFO] 2026-08-30 10:10:53,905: +CACHEDPARAM [/rosout_disable_topics_generation] by /performance_monitor
[rosmaster.master][INFO] 2026-08-30 10:10:53,953: +CACHEDPARAM [/rosout_disable_topics_generation] by /performance_monitor
[rosmaster.master][INFO] 2026-08-30 10:10:53,955: +CACHEDPARAM [/rosout_disable_topics_generation] by /performance_monitor
[rosmaster.master][INFO] 2026-08-30 10:10:58,958: +CACHEDPARAM [/rosout_disable_topics_generation] by /performance_monitor
[rosmaster.master][INFO] 2026-08-30 10:11:00,694: +CACHEDPARAM [/rosout_disable_topics_generation] by /performance_monitor
[rosmaster.master][INFO] 2026-08-30 10:11:01,516: +CACHEDPARAM [/rosout_disable_topics_generation] by /performance_monitor
[rosmaster.master][INFO] 2026-08-30 10:11:02,724: +CACHEDPARAM [/rosout_disable_topics_generation] by /performance_monitor
[rosmaster.master][INFO] 2026-08-30 10:11:02,772: +CACHEDPARAM [/rosout_disable_topics_generation] by /performance_monitor
[rosmaster.master][INFO] 2026-08-30 10:11:02,773: +CACHEDPARAM [/rosout_disable_topics_generation] by /performance_monitor
[rosmaster.master][INFO] 2026-08-30 10:11:07,776: +CACHEDPARAM [/rosout_disable_topics_generation] by /performance_monitor
[rosmaster.master][INFO] 2026-08-30 10:11:09,019: +CACHEDPARAM [/rosout_disable_topics_generation] by /performance_monitor
[rosmaster.master][INFO] 2026-08-30 10:11:09,729: +CACHEDPARAM [/rosout_disable_topics_generation] by /performance_monitor
[rosmaster.master][INFO] 2026-08-30 10:11:10,856: +CACHEDPARAM [/rosout_disable_topics_generation] by /performance_monitor
[rosmaster.master][INFO] 2026-08-30 10:11:10,916: +CACHEDPARAM [/rosout_disable_topics_generation] by /performance_monitor
[rosmaster.master][INFO] 2026-08-30 10:11:10,918: +CACHEDPARAM [/rosout_disable_topics_generation] by /performance_monitor
[rosmaster.master][INFO] 2026-08-30 10:11:15,920: +CACHEDPARAM [/rosout_disable_topics_generation] by /performance_monitor
[rosmaster.master][INFO] 2026-08-30 10:11:17,171: +CACHEDPARAM [/rosout_disable_topics_generation] by /performance_monitor
[rosmaster.master][INFO] 2026-08-30 10:11:17,881: +CACHEDPARAM [/rosout_disable_topics_generation] by /performance_monitor
[rosmaster.master][INFO] 2026-08-30 10:11:19,002: +CACHEDPARAM [/rosout_disable_topics_generation] by /performance_monitor
[rosmaster.master][INFO] 2026-08-30 10:11:19,056: +CACHEDPARAM [/rosout_disable_topics_generation] by /performance_monitor
[rosmaster.master][INFO] 2026-08-30 10:11:19,057: +CACHEDPARAM [/rosout_disable_topics_generation] by /performance_monitor
[rosmaster.master][INFO] 2026-08-30 10:11:24,059: +CACHEDPARAM [/rosout_disable_topics_generation] by /performance_monitor
[rosmaster.master][INFO] 2026-08-30 10:11:26,298: +CACHEDPARAM [/rosout_disable_topics_generation] by /performance_monitor
[rosmaster.master][INFO] 2026-08-30 10:11:27,381: +CACHEDPARAM [/rosout_disable_topics_generation] by /performance_monitor
[rosmaster.master][INFO] 2026-08-30 10:11:28,548: +CACHEDPARAM [/rosout_disable_topics_generation] by /performance_monitor
[rosmaster.master][INFO] 2026-08-30 10:11:28,600: +CACHEDPARAM [/rosout_disable_topics_generation] by /performance_monitor
[rosmaster.master][INFO] 2026-08-30 10:11:28,602: +CACHEDPARAM [/rosout_disable_topics_generation] by /performance_monitor
[rosmaster.master][INFO] 2026-08-30 10:11:33,606: +CACHEDPARAM [/rosout_disable_topics_generation] by /performance_monitor
[rosmaster.master][INFO] 2026-08-30 10:11:33,677: -SUB [/mavros/local_position/odom] /trajectory_planner http://trajectory:46503/
[rosmaster.master][INFO] 2026-08-30 10:11:33,677: -SUB [/tracked_targets] /trajectory_planner http://trajectory:46503/
[rosmaster.master][INFO] 2026-08-30 10:11:33,677: -SUB [/mission_status] /trajectory_planner http://trajectory:46503/
[rosmaster.master][INFO] 2026-08-30 10:11:33,677: -PUB [/rosout] /trajectory_planner http://trajectory:46503/
[rosmaster.master][INFO] 2026-08-30 10:11:33,677: -PUB [/planned_trajectory] /trajectory_planner http://trajectory:46503/
[rosmaster.master][INFO] 2026-08-30 10:11:33,678: -PUB [/waypoints] /trajectory_planner http://trajectory:46503/
[rosmaster.master][INFO] 2026-08-30 10:11:33,678: -PUB [/path] /trajectory_planner http://trajectory:46503/
[rosmaster.master][INFO] 2026-08-30 10:11:33,678: -PUB [/planner_status] /trajectory_planner http://trajectory:46503/
[rosmaster.master][INFO] 2026-08-30 10:11:33,678: -SERVICE [/trajectory_planner/get_loggers] /trajectory_planner rosrpc://trajectory:32925
[rosmaster.master][INFO] 2026-08-30 10:11:33,678: -SERVICE [/trajectory_planner/set_logger_level] /trajectory_planner rosrpc://trajectory:32925
[rosmaster.master][INFO] 2026-08-30 10:11:33,681: publisherUpdate[/rosout] -> http://kamikaze:39463/ ['http://kamikaze:42187/', 'http://kamikaze:33509/', 'http://kamikaze:40631/', 'http://kamikaze:32949/', 'http://kamikaze:38759/', 'http://kamikaze:45393/', 'http://kamikaze:38975/', 'http://kamikaze:46261/', 'http://kamikaze:45401/', 'http://kamikaze:40529/', 'http://performance:35825/', 'http://kamikaze:40861/']
[rosmaster.master][INFO] 2026-08-30 10:11:33,698: -SUB [/performance/command] /performance_monitor http://performance:35825/
[rosmaster.master][INFO] 2026-08-30 10:11:33,700: -SUB [/performance/benchmark] /performance_monitor http://performance:35825/
[rosmaster.master][INFO] 2026-08-30 10:11:33,704: -PUB [/rosout] /performance_monitor http://performance:35825/
[rosmaster.master][INFO] 2026-08-30 10:11:33,704: -PUB [/performance/metrics] /performance_monitor http://performance:35825/
[rosmaster.master][INFO] 2026-08-30 10:11:33,705: -PUB [/performance/benchmark_results] /performance_monitor http://performance:35825/
[rosmaster.master][INFO] 2026-08-30 10:11:33,705: -PUB [/performance/alert] /performance_monitor http://performance:35825/
[rosmaster.master][INFO] 2026-08-30 10:11:33,709: -PUB [/diagnostic_status] /performance_monitor http://performance:35825/
[rosmaster.master][INFO] 2026-08-30 10:11:33,710: publisherUpdate[/rosout] -> http://kamikaze:39463/ ['http://kamikaze:42187/', 'http://kamikaze:33509/', 'http://kamikaze:40631/', 'http://kamikaze:32949/', 'http://kamikaze:38759/', 'http://kamikaze:45393/', 'http://kamikaze:38975/', 'http://kamikaze:46261/', 'http://kamikaze:45401/', 'http://kamikaze:40529/', 'http://performance:35825/', 'http://kamikaze:40861/']: sec=0.02, result=[1, '', 0]
[rosmaster.master][INFO] 2026-08-30 10:11:33,710: -SERVICE [/performance_monitor/get_loggers] /performance_monitor rosrpc://performance:40473
[rosmaster.master][INFO] 2026-08-30 10:11:33,711: -SERVICE [/performance_monitor/set_logger_level] /performance_monitor rosrpc://performance:40473
[rosmaster.master][INFO] 2026-08-30 10:11:33,711: publisherUpdate[/rosout] -> http://kamikaze:39463/ ['http://kamikaze:42187/', 'http://kamikaze:33509/', 'http://kamikaze:40631/', 'http://kamikaze:32949/', 'http://kamikaze:38759/', 'http://kamikaze:45393/', 'http://kamikaze:38975/', 'http://kamikaze:46261/', 'http://kamikaze:45401/', 'http://kamikaze:40529/', 'http://kamikaze:40861/']
[rosmaster.master][INFO] 2026-08-30 10:11:33,713: publisherUpdate[/rosout] -> http://kamikaze:39463/ ['http://kamikaze:42187/', 'http://kamikaze:33509/', 'http://kamikaze:40631/', 'http://kamikaze:32949/', 'http://kamikaze:38759/', 'http://kamikaze:45393/', 'http://kamikaze:38975/', 'http://kamikaze:46261/', 'http://kamikaze:45401/', 'http://kamikaze:40529/', 'http://kamikaze:40861/']: sec=0.00, result=[1, '', 0]
