[rospy.client][INFO] 2026-08-30 10:08:52,949: init_node, name[/mission_manager], pid[104]
[xmlrpc][INFO] 2026-08-30 10:08:52,967: XML-RPC server binding to 0.0.0.0:0
[xmlrpc][INFO] 2026-08-30 10:08:53,023: Started XML-RPC server [http://kamikaze:42187/]
[rospy.init][INFO] 2026-08-30 10:08:53,024: ROS Slave URI: [http://kamikaze:42187/]
[rospy.impl.masterslave][INFO] 2026-08-30 10:08:53,025: _ready: http://kamikaze:42187/
[rospy.registration][INFO] 2026-08-30 10:08:53,030: Registering with master node http://kamikaze:11311
[xmlrpc][INFO] 2026-08-30 10:08:53,032: xml rpc node: starting XML-RPC server
[rospy.init][INFO] 2026-08-30 10:08:53,125: registered with master
[rospy.rosout][INFO] 2026-08-30 10:08:53,126: initializing /rosout core topic
[rospy.rosout][INFO] 2026-08-30 10:08:53,223: connected to core topic /rosout
[rospy.simtime][INFO] 2026-08-30 10:08:53,230: /use_sim_time is not set, will not subscribe to simulated time [/clock] topic
[rosout][INFO] 2026-08-30 10:08:53,558: Mission Manager initialized
[rospy.internal][INFO] 2026-08-30 10:08:53,663: topic[/rosout] adding connection to [/rosout], count 0
[rospy.internal][INFO] 2026-08-30 10:08:54,343: topic[/safety_status] adding connection to [http://kamikaze:45393/], count 0
[rospy.internal][INFO] 2026-08-30 10:08:54,523: topic[/mission_manager/node_health] adding connection to [/health_checker], count 0
[rospy.internal][INFO] 2026-08-30 10:08:55,381: topic[/tracked_targets] adding connection to [http://kamikaze:40529/], count 0
[rospy.internal][INFO] 2026-08-30 10:08:55,394: topic[/mission_status] adding connection to [/target_tracking_controller], count 0
[rospy.internal][INFO] 2026-08-30 10:08:59,468: topic[/mission_status] adding connection to [/trajectory_planner], count 1
[rospy.internal][INFO] 2026-08-30 10:08:59,837: topic[/mission_status] adding connection to [/yolo_detector], count 2
[rospy.internal][INFO] 2026-08-30 10:11:33,915: topic[/mission_status] removing connection to /trajectory_planner
