[roslaunch][INFO] 2026-08-30 10:08:45,829: Checking log directory for disk usage. This may take a while.
Press Ctrl-C to interrupt
[roslaunch][INFO] 2026-08-30 10:08:45,875: Done checking log file disk usage. Usage is <1GB.
[roslaunch][INFO] 2026-08-30 10:08:45,876: roslaunch starting with args ['/opt/ros/noetic/bin/roslaunch', 'drone_control', 'kamikaze.launch', 'mode:=production']
[roslaunch][INFO] 2026-08-30 10:08:45,876: roslaunch env is environ({'ROS_VERSION': '1', 'PYTHONUNBUFFERED': '1', 'PKG_CONFIG_PATH': '/root/catkin_ws/devel/lib/pkgconfig:/opt/ros/noetic/lib/pkgconfig', 'ROS_PYTHON_VERSION': '3', 'HOSTNAME': 'kamikaze', 'ROS_PACKAGE_PATH': '/root/catkin_ws/src:/opt/ros/noetic/share', 'ROSLISP_PACKAGE_DIRECTORIES': '/root/catkin_ws/devel/share/common-lisp', 'PWD': '/root/catkin_ws', 'ENABLE_SIMULATION': 'false', 'ROS_IP': 'kamikaze', 'HOME': '/root', 'LANG': 'C.UTF-8', 'ROS_ETC_DIR': '/opt/ros/noetic/etc/ros', 'CMAKE_PREFIX_PATH': '/root/catkin_ws/devel:/opt/ros/noetic', 'PYTHONPATH': '/root/catkin_ws/devel/lib/python3/dist-packages:/root/catkin_ws/devel/lib/python3/dist-packages:/opt/ros/noetic/lib/python3/dist-packages', 'DISPLAY': ':0', 'SHLVL': '0', 'ROS_MASTER_URI': 'http://kamikaze:11311', 'ROS_HOSTNAME': 'kamikaze', 'LD_LIBRARY_PATH': '/root/catkin_ws/devel/lib:/opt/ros/noetic/lib', 'ENABLE_PERFORMANCE_MONITORING': 'true', 'LC_ALL': 'C.UTF-8', 'PATH': '/opt/ros/noetic/bin:/usr/local/sbin:/usr/local/bin:/usr/sbin:/usr/bin:/sbin:/bin', 'DEBIAN_FRONTEND': 'noninteractive', 'ROS_ROOT': '/opt/ros/noetic/share/ros', 'ROS_DISTRO': 'noetic', 'QT_X11_NO_MITSHM': '1', 'ENABLE_GUI': 'false', 'ROS_LOG_FILENAME': '/root/.ros/log/c9625c4e-a45a-11f1-b831-a2ba2ba98ad8/roslaunch-kamikaze-1.log'})
[roslaunch][INFO] 2026-08-30 10:08:45,877: starting in server mode
[roslaunch.parent][INFO] 2026-08-30 10:08:45,877: starting roslaunch parent run
[roslaunch][INFO] 2026-08-30 10:08:45,878: loading roscore config file /opt/ros/noetic/etc/ros/roscore.xml
[roslaunch][INFO] 2026-08-30 10:08:46,745: Added core node of type [rosout/rosout] in namespace [/]
[roslaunch.config][INFO] 2026-08-30 10:08:46,746: loading config file /root/catkin_ws/src/drone_control/launch/kamikaze.launch
[roslaunch][INFO] 2026-08-30 10:08:46,884: Added node of type [drone_control/parameter_validator.py] in namespace [/]
[roslaunch][INFO] 2026-08-30 10:08:46,885: Added node of type [drone_control/command_interpreter.py] in namespace [/]
[roslaunch][INFO] 2026-08-30 10:08:46,887: Added node of type [drone_control/mission_manager.py] in namespace [/]
[roslaunch][INFO] 2026-08-30 10:08:46,888: Added node of type [drone_control/camera_calibration.py] in namespace [/]
[roslaunch][INFO] 2026-08-30 10:08:46,889: Added node of type [drone_control/yolo_detector.py] in namespace [/]
[roslaunch][INFO] 2026-08-30 10:08:46,890: Added node of type [drone_control/sensor_fusion.py] in namespace [/]
[roslaunch][INFO] 2026-08-30 10:08:46,891: Added node of type [drone_control/target_tracking_controller.py] in namespace [/]
[roslaunch][INFO] 2026-08-30 10:08:46,892: Added node of type [drone_control/vehicle_state_monitor.py] in namespace [/]
[roslaunch][INFO] 2026-08-30 10:08:46,893: Added node of type [drone_control/safety_monitor.py] in namespace [/]
[roslaunch][INFO] 2026-08-30 10:08:46,894: Added node of type [drone_control/system_health_monitor.py] in namespace [/]
[roslaunch][INFO] 2026-08-30 10:08:46,896: Added node of type [drone_control/health_checker.py] in namespace [/]
[roslaunch][INFO] 2026-08-30 10:08:46,896: ... selected machine [] for node of type [drone_control/parameter_validator.py]
[roslaunch][INFO] 2026-08-30 10:08:46,896: ... selected machine [] for node of type [drone_control/command_interpreter.py]
[roslaunch][INFO] 2026-08-30 10:08:46,897: ... selected machine [] for node of type [drone_control/mission_manager.py]
[roslaunch][INFO] 2026-08-30 10:08:46,897: ... selected machine [] for node of type [drone_control/camera_calibration.py]
[roslaunch][INFO] 2026-08-30 10:08:46,897: ... selected machine [] for node of type [drone_control/yolo_detector.py]
[roslaunch][INFO] 2026-08-30 10:08:46,897: ... selected machine [] for node of type [drone_control/sensor_fusion.py]
[roslaunch][INFO] 2026-08-30 10:08:46,897: ... selected machine [] for node of type [drone_control/target_tracking_controller.py]
[roslaunch][INFO] 2026-08-30 10:08:46,897: ... selected machine [] for node of type [drone_control/vehicle_state_monitor.py]
[roslaunch][INFO] 2026-08-30 10:08:46,897: ... selected machine [] for node of type [drone_control/safety_monitor.py]
[roslaunch][INFO] 2026-08-30 10:08:46,898: ... selected machine [] for node of type [drone_control/system_health_monitor.py]
[roslaunch][INFO] 2026-08-30 10:08:46,898: ... selected machine [] for node of type [drone_control/health_checker.py]
[roslaunch.pmon][INFO] 2026-08-30 10:08:46,907: start_process_monitor: creating ProcessMonitor
[roslaunch.pmon][INFO] 2026-08-30 10:08:46,908: created process monitor <ProcessMonitor(ProcessMonitor-1, initial daemon)>
[roslaunch.pmon][INFO] 2026-08-30 10:08:46,912: start_process_monitor: ProcessMonitor started
[roslaunch.parent][INFO] 2026-08-30 10:08:46,912: starting parent XML-RPC server
[roslaunch.server][INFO] 2026-08-30 10:08:46,913: starting roslaunch XML-RPC server
[roslaunch.server][INFO] 2026-08-30 10:08:46,913: waiting for roslaunch XML-RPC server to initialize
[xmlrpc][INFO] 2026-08-30 10:08:46,914: XML-RPC server binding to 0.0.0.0:0
[xmlrpc][INFO] 2026-08-30 10:08:46,915: Started XML-RPC server [http://kamikaze:46057/]
[xmlrpc][INFO] 2026-08-30 10:08:46,916: xml rpc node: starting XML-RPC server
[roslaunch][INFO] 2026-08-30 10:08:46,934: started roslaunch server http://kamikaze:46057/
[roslaunch.parent][INFO] 2026-08-30 10:08:46,936: ... parent XML-RPC server started
[roslaunch][INFO] 2026-08-30 10:08:46,941: master.is_running[http://kamikaze:11311]
[roslaunch][INFO] 2026-08-30 10:08:46,946: auto-starting new master
[roslaunch][INFO] 2026-08-30 10:08:46,947: create_master_process: rosmaster, /opt/ros/noetic/share/ros, 11311, 3, None, False
[roslaunch][INFO] 2026-08-30 10:08:46,948: process[master]: launching with args [['rosmaster', '--core', '-p', '11311', '-w', '3']]
[roslaunch.pmon][INFO] 2026-08-30 10:08:46,949: ProcessMonitor.register[master]
[roslaunch.pmon][INFO] 2026-08-30 10:08:46,949: ProcessMonitor.register[master] complete
[roslaunch][INFO] 2026-08-30 10:08:46,950: process[master]: starting os process
[roslaunch][INFO] 2026-08-30 10:08:46,951: process[master]: start w/ args [['rosmaster', '--core', '-p', '11311', '-w', '3', '__log:=/root/.ros/log/c9625c4e-a45a-11f1-b831-a2ba2ba98ad8/master.log']]
[roslaunch][INFO] 2026-08-30 10:08:46,951: process[master]: cwd will be [/root/.ros]
[roslaunch][INFO] 2026-08-30 10:08:46,963: process[master]: started with pid [59]
[roslaunch][INFO] 2026-08-30 10:08:46,965: master.is_running[http://kamikaze:11311]
[roslaunch][INFO] 2026-08-30 10:08:47,070: master.is_running[http://kamikaze:11311]
[roslaunch][INFO] 2026-08-30 10:08:47,195: master.is_running[http://kamikaze:11311]
[roslaunch][INFO] 2026-08-30 10:08:47,297: master.is_running[http://kamikaze:11311]
[roslaunch][INFO] 2026-08-30 10:08:47,399: master.is_running[http://kamikaze:11311]
[roslaunch][INFO] 2026-08-30 10:08:47,503: master.is_running[http://kamikaze:11311]
[roslaunch][INFO] 2026-08-30 10:08:47,605: master.is_running[http://kamikaze:11311]
[roslaunch][INFO] 2026-08-30 10:08:47,707: master.is_running[http://kamikaze:11311]
[roslaunch][INFO] 2026-08-30 10:08:47,812: master.is_running[http://kamikaze:11311]
[roslaunch][INFO] 2026-08-30 10:08:47,916: master.is_running[http://kamikaze:11311]
[roslaunch][INFO] 2026-08-30 10:08:48,017: master.is_running[http://kamikaze:11311]
[roslaunch][INFO] 2026-08-30 10:08:48,126: master.is_running[http://kamikaze:11311]
[roslaunch][INFO] 2026-08-30 10:08:48,232: master.is_running[http://kamikaze:11311]
[roslaunch][INFO] 2026-08-30 10:08:48,333: master.is_running[http://kamikaze:11311]
[roslaunch][INFO] 2026-08-30 10:08:48,437: master.is_running[http://kamikaze:11311]
[roslaunch][INFO] 2026-08-30 10:08:48,541: master.is_running[http://kamikaze:11311]
[roslaunch][INFO] 2026-08-30 10:08:48,552: master.is_running[http://kamikaze:11311]
[roslaunch][INFO] 2026-08-30 10:08:48,558: ROS_MASTER_URI=http://kamikaze:11311
[roslaunch][INFO] 2026-08-30 10:08:48,563: setting /run_id to c9625c4e-a45a-11f1-b831-a2ba2ba98ad8
[roslaunch][INFO] 2026-08-30 10:08:48,567: setting /roslaunch/uris/host_kamikaze__46057' to http://kamikaze:46057/
[roslaunch][INFO] 2026-08-30 10:08:48,574: ... preparing to launch node of type [rosout/rosout]
[roslaunch][INFO] 2026-08-30 10:08:48,575: create_node_process: package[rosout] type[rosout] machine[Machine(name[] env_loader[None] address[localhost] ssh_port[22] user[None] assignable[True] timeout[10.0])] master_uri[http://kamikaze:11311]
[roslaunch][INFO] 2026-08-30 10:08:48,576: process[rosout-1]: env[{'ROS_VERSION': '1', 'PYTHONUNBUFFERED': '1', 'PKG_CONFIG_PATH': '/root/catkin_ws/devel/lib/pkgconfig:/opt/ros/noetic/lib/pkgconfig', 'ROS_PYTHON_VERSION': '3', 'HOSTNAME': 'kamikaze', 'ROS_PACKAGE_PATH': '/root/catkin_ws/src:/opt/ros/noetic/share', 'ROSLISP_PACKAGE_DIRECTORIES': '/root/catkin_ws/devel/share/common-lisp', 'PWD': '/root/catkin_ws', 'ENABLE_SIMULATION': 'false', 'ROS_IP': 'kamikaze', 'HOME': '/root', 'LANG': 'C.UTF-8', 'ROS_ETC_DIR': '/opt/ros/noetic/etc/ros', 'CMAKE_PREFIX_PATH': '/root/catkin_ws/devel:/opt/ros/noetic', 'PYTHONPATH': '/root/catkin_ws/devel/lib/python3/dist-packages:/root/catkin_ws/devel/lib/python3/dist-packages:/opt/ros/noetic/lib/python3/dist-packages', 'DISPLAY': ':0', 'SHLVL': '0', 'ROS_MASTER_URI': 'http://kamikaze:11311', 'ROS_HOSTNAME': 'kamikaze', 'LD_LIBRARY_PATH': '/root/catkin_ws/devel/lib:/opt/ros/noetic/lib', 'ENABLE_PERFORMANCE_MONITORING': 'true', 'LC_ALL': 'C.UTF-8', 'PATH': '/opt/ros/noetic/bin:/usr/local/sbin:/usr/local/bin:/usr/sbin:/usr/bin:/sbin:/bin', 'DEBIAN_FRONTEND': 'noninteractive', 'ROS_ROOT': '/opt/ros/noetic/share/ros', 'ROS_DISTRO': 'noetic', 'QT_X11_NO_MITSHM': '1', 'ENABLE_GUI': 'false', 'ROS_LOG_FILENAME': '/root/.ros/log/c9625c4e-a45a-11f1-b831-a2ba2ba98ad8/roslaunch-kamikaze-1.log'}]
[roslaunch][INFO] 2026-08-30 10:08:48,620: process[rosout-1]: args[['/opt/ros/noetic/lib/rosout/rosout', '__name:=rosout']]
[roslaunch][INFO] 2026-08-30 10:08:48,622: ... created process [rosout-1]
[roslaunch.pmon][INFO] 2026-08-30 10:08:48,623: ProcessMonitor.register[rosout-1]
[roslaunch.pmon][INFO] 2026-08-30 10:08:48,623: ProcessMonitor.register[rosout-1] complete
[roslaunch][INFO] 2026-08-30 10:08:48,623: ... registered process [rosout-1]
[roslaunch][INFO] 2026-08-30 10:08:48,623: process[rosout-1]: starting os process
[roslaunch][INFO] 2026-08-30 10:08:48,624: process[rosout-1]: start w/ args [['/opt/ros/noetic/lib/rosout/rosout', '__name:=rosout', '__log:=/root/.ros/log/c9625c4e-a45a-11f1-b831-a2ba2ba98ad8/rosout-1.log']]
[roslaunch][INFO] 2026-08-30 10:08:48,624: process[rosout-1]: cwd will be [/root/.ros]
[roslaunch][INFO] 2026-08-30 10:08:48,637: process[rosout-1]: started with pid [93]
[roslaunch][INFO] 2026-08-30 10:08:48,639: ... successfully launched [rosout-1]
[roslaunch][INFO] 2026-08-30 10:08:48,640: load_parameters starting ...
[roslaunch][INFO] 2026-08-30 10:08:48,837: ... load_parameters complete
[roslaunch][INFO] 2026-08-30 10:08:48,838: launch_nodes: launching local nodes ...
[roslaunch][INFO] 2026-08-30 10:08:48,841: ... preparing to launch node of type [drone_control/parameter_validator.py]
[roslaunch][INFO] 2026-08-30 10:08:48,841: create_node_process: package[drone_control] type[parameter_validator.py] machine[Machine(name[] env_loader[None] address[localhost] ssh_port[22] user[None] assignable[True] timeout[10.0])] master_uri[http://kamikaze:11311]
[roslaunch][INFO] 2026-08-30 10:08:48,841: process[parameter_validator-2]: env[{'ROS_VERSION': '1', 'PYTHONUNBUFFERED': '1', 'PKG_CONFIG_PATH': '/root/catkin_ws/devel/lib/pkgconfig:/opt/ros/noetic/lib/pkgconfig', 'ROS_PYTHON_VERSION': '3', 'HOSTNAME': 'kamikaze', 'ROS_PACKAGE_PATH': '/root/catkin_ws/src:/opt/ros/noetic/share', 'ROSLISP_PACKAGE_DIRECTORIES': '/root/catkin_ws/devel/share/common-lisp', 'PWD': '/root/catkin_ws', 'ENABLE_SIMULATION': 'false', 'ROS_IP': 'kamikaze', 'HOME': '/root', 'LANG': 'C.UTF-8', 'ROS_ETC_DIR': '/opt/ros/noetic/etc/ros', 'CMAKE_PREFIX_PATH': '/root/catkin_ws/devel:/opt/ros/noetic', 'PYTHONPATH': '/root/catkin_ws/devel/lib/python3/dist-packages:/root/catkin_ws/devel/lib/python3/dist-packages:/opt/ros/noetic/lib/python3/dist-packages', 'DISPLAY': ':0', 'SHLVL': '0', 'ROS_MASTER_URI': 'http://kamikaze:11311', 'ROS_HOSTNAME': 'kamikaze', 'LD_LIBRARY_PATH': '/root/catkin_ws/devel/lib:/opt/ros/noetic/lib', 'ENABLE_PERFORMANCE_MONITORING': 'true', 'LC_ALL': 'C.UTF-8', 'PATH': '/opt/ros/noetic/bin:/usr/local/sbin:/usr/local/bin:/usr/sbin:/usr/bin:/sbin:/bin', 'DEBIAN_FRONTEND': 'noninteractive', 'ROS_ROOT': '/opt/ros/noetic/share/ros', 'ROS_DISTRO': 'noetic', 'QT_X11_NO_MITSHM': '1', 'ENABLE_GUI': 'false', 'ROS_LOG_FILENAME': '/root/.ros/log/c9625c4e-a45a-11f1-b831-a2ba2ba98ad8/roslaunch-kamikaze-1.log'}]
[roslaunch][INFO] 2026-08-30 10:08:48,845: process[parameter_validator-2]: args[['/root/catkin_ws/devel/lib/drone_control/parameter_validator.py', '__name:=parameter_validator']]
[roslaunch][INFO] 2026-08-30 10:08:48,845: ... created process [parameter_validator-2]
[roslaunch.pmon][INFO] 2026-08-30 10:08:48,845: ProcessMonitor.register[parameter_validator-2]
[roslaunch.pmon][INFO] 2026-08-30 10:08:48,846: ProcessMonitor.register[parameter_validator-2] complete
[roslaunch][INFO] 2026-08-30 10:08:48,846: ... registered process [parameter_validator-2]
[roslaunch][INFO] 2026-08-30 10:08:48,846: process[parameter_validator-2]: starting os process
[roslaunch][INFO] 2026-08-30 10:08:48,847: process[parameter_validator-2]: start w/ args [['/root/catkin_ws/devel/lib/drone_control/parameter_validator.py', '__name:=parameter_validator', '__log:=/root/.ros/log/c9625c4e-a45a-11f1-b831-a2ba2ba98ad8/parameter_validator-2.log']]
[roslaunch][INFO] 2026-08-30 10:08:48,847: process[parameter_validator-2]: cwd will be [/root/.ros]
[roslaunch][INFO] 2026-08-30 10:08:48,857: process[parameter_validator-2]: started with pid [98]
[roslaunch][INFO] 2026-08-30 10:08:48,857: ... successfully launched [parameter_validator-2]
[roslaunch][INFO] 2026-08-30 10:08:48,858: ... preparing to launch node of type [drone_control/command_interpreter.py]
[roslaunch][INFO] 2026-08-30 10:08:48,858: create_node_process: package[drone_control] type[command_interpreter.py] machine[Machine(name[] env_loader[None] address[localhost] ssh_port[22] user[None] assignable[True] timeout[10.0])] master_uri[http://kamikaze:11311]
[roslaunch][INFO] 2026-08-30 10:08:48,858: process[command_interpreter-3]: env[{'ROS_VERSION': '1', 'PYTHONUNBUFFERED': '1', 'PKG_CONFIG_PATH': '/root/catkin_ws/devel/lib/pkgconfig:/opt/ros/noetic/lib/pkgconfig', 'ROS_PYTHON_VERSION': '3', 'HOSTNAME': 'kamikaze', 'ROS_PACKAGE_PATH': '/root/catkin_ws/src:/opt/ros/noetic/share', 'ROSLISP_PACKAGE_DIRECTORIES': '/root/catkin_ws/devel/share/common-lisp', 'PWD': '/root/catkin_ws', 'ENABLE_SIMULATION': 'false', 'ROS_IP': 'kamikaze', 'HOME': '/root', 'LANG': 'C.UTF-8', 'ROS_ETC_DIR': '/opt/ros/noetic/etc/ros', 'CMAKE_PREFIX_PATH': '/root/catkin_ws/devel:/opt/ros/noetic', 'PYTHONPATH': '/root/catkin_ws/devel/lib/python3/dist-packages:/root/catkin_ws/devel/lib/python3/dist-packages:/opt/ros/noetic/lib/python3/dist-packages', 'DISPLAY': ':0', 'SHLVL': '0', 'ROS_MASTER_URI': 'http://kamikaze:11311', 'ROS_HOSTNAME': 'kamikaze', 'LD_LIBRARY_PATH': '/root/catkin_ws/devel/lib:/opt/ros/noetic/lib', 'ENABLE_PERFORMANCE_MONITORING': 'true', 'LC_ALL': 'C.UTF-8', 'PATH': '/opt/ros/noetic/bin:/usr/local/sbin:/usr/local/bin:/usr/sbin:/usr/bin:/sbin:/bin', 'DEBIAN_FRONTEND': 'noninteractive', 'ROS_ROOT': '/opt/ros/noetic/share/ros', 'ROS_DISTRO': 'noetic', 'QT_X11_NO_MITSHM': '1', 'ENABLE_GUI': 'false', 'ROS_LOG_FILENAME': '/root/.ros/log/c9625c4e-a45a-11f1-b831-a2ba2ba98ad8/roslaunch-kamikaze-1.log'}]
[roslaunch][INFO] 2026-08-30 10:08:48,862: process[command_interpreter-3]: args[['/root/catkin_ws/devel/lib/drone_control/command_interpreter.py', '__name:=command_interpreter']]
[roslaunch][INFO] 2026-08-30 10:08:48,863: ... created process [command_interpreter-3]
[roslaunch.pmon][INFO] 2026-08-30 10:08:48,863: ProcessMonitor.register[command_interpreter-3]
[roslaunch.pmon][INFO] 2026-08-30 10:08:48,864: ProcessMonitor.register[command_interpreter-3] complete
[roslaunch][INFO] 2026-08-30 10:08:48,864: ... registered process [command_interpreter-3]
[roslaunch][INFO] 2026-08-30 10:08:48,864: process[command_interpreter-3]: starting os process
[roslaunch][INFO] 2026-08-30 10:08:48,864: process[command_interpreter-3]: start w/ args [['/root/catkin_ws/devel/lib/drone_control/command_interpreter.py', '__name:=command_interpreter', '__log:=/root/.ros/log/c9625c4e-a45a-11f1-b831-a2ba2ba98ad8/command_interpreter-3.log']]
[roslaunch][INFO] 2026-08-30 10:08:48,865: process[command_interpreter-3]: cwd will be [/root/.ros]
[roslaunch][INFO] 2026-08-30 10:08:48,874: process[command_interpreter-3]: started with pid [102]
[roslaunch][INFO] 2026-08-30 10:08:48,876: ... successfully launched [command_interpreter-3]
[roslaunch][INFO] 2026-08-30 10:08:48,876: ... preparing to launch node of type [drone_control/mission_manager.py]
[roslaunch][INFO] 2026-08-30 10:08:48,876: create_node_process: package[drone_control] type[mission_manager.py] machine[Machine(name[] env_loader[None] address[localhost] ssh_port[22] user[None] assignable[True] timeout[10.0])] master_uri[http://kamikaze:11311]
[roslaunch][INFO] 2026-08-30 10:08:48,877: process[mission_manager-4]: env[{'ROS_VERSION': '1', 'PYTHONUNBUFFERED': '1', 'PKG_CONFIG_PATH': '/root/catkin_ws/devel/lib/pkgconfig:/opt/ros/noetic/lib/pkgconfig', 'ROS_PYTHON_VERSION': '3', 'HOSTNAME': 'kamikaze', 'ROS_PACKAGE_PATH': '/root/catkin_ws/src:/opt/ros/noetic/share', 'ROSLISP_PACKAGE_DIRECTORIES': '/root/catkin_ws/devel/share/common-lisp', 'PWD': '/root/catkin_ws', 'ENABLE_SIMULATION': 'false', 'ROS_IP': 'kamikaze', 'HOME': '/root', 'LANG': 'C.UTF-8', 'ROS_ETC_DIR': '/opt/ros/noetic/etc/ros', 'CMAKE_PREFIX_PATH': '/root/catkin_ws/devel:/opt/ros/noetic', 'PYTHONPATH': '/root/catkin_ws/devel/lib/python3/dist-packages:/root/catkin_ws/devel/lib/python3/dist-packages:/opt/ros/noetic/lib/python3/dist-packages', 'DISPLAY': ':0', 'SHLVL': '0', 'ROS_MASTER_URI': 'http://kamikaze:11311', 'ROS_HOSTNAME': 'kamikaze', 'LD_LIBRARY_PATH': '/root/catkin_ws/devel/lib:/opt/ros/noetic/lib', 'ENABLE_PERFORMANCE_MONITORING': 'true', 'LC_ALL': 'C.UTF-8', 'PATH': '/opt/ros/noetic/bin:/usr/local/sbin:/usr/local/bin:/usr/sbin:/usr/bin:/sbin:/bin', 'DEBIAN_FRONTEND': 'noninteractive', 'ROS_ROOT': '/opt/ros/noetic/share/ros', 'ROS_DISTRO': 'noetic', 'QT_X11_NO_MITSHM': '1', 'ENABLE_GUI': 'false', 'ROS_LOG_FILENAME': '/root/.ros/log/c9625c4e-a45a-11f1-b831-a2ba2ba98ad8/roslaunch-kamikaze-1.log'}]
[roslaunch][INFO] 2026-08-30 10:08:48,880: process[mission_manager-4]: args[['/root/catkin_ws/devel/lib/drone_control/mission_manager.py', '__name:=mission_manager']]
[roslaunch][INFO] 2026-08-30 10:08:48,890: ... created process [mission_manager-4]
[roslaunch.pmon][INFO] 2026-08-30 10:08:48,891: ProcessMonitor.register[mission_manager-4]
[roslaunch.pmon][INFO] 2026-08-30 10:08:48,891: ProcessMonitor.register[mission_manager-4] complete
[roslaunch][INFO] 2026-08-30 10:08:48,892: ... registered process [mission_manager-4]
[roslaunch][INFO] 2026-08-30 10:08:48,892: process[mission_manager-4]: starting os process
[roslaunch][INFO] 2026-08-30 10:08:48,893: process[mission_manager-4]: start w/ args [['/root/catkin_ws/devel/lib/drone_control/mission_manager.py', '__name:=mission_manager', '__log:=/root/.ros/log/c9625c4e-a45a-11f1-b831-a2ba2ba98ad8/mission_manager-4.log']]
[roslaunch][INFO] 2026-08-30 10:08:48,894: process[mission_manager-4]: cwd will be [/root/.ros]
[roslaunch][INFO] 2026-08-30 10:08:48,904: process[mission_manager-4]: started with pid [104]
[roslaunch][INFO] 2026-08-30 10:08:48,905: ... successfully launched [mission_manager-4]
[roslaunch][INFO] 2026-08-30 10:08:48,905: ... preparing to launch node of type [drone_control/camera_calibration.py]
[roslaunch][INFO] 2026-08-30 10:08:48,906: create_node_process: package[drone_control] type[camera_calibration.py] machine[Machine(name[] env_loader[None] address[localhost] ssh_port[22] user[None] assignable[True] timeout[10.0])] master_uri[http://kamikaze:11311]
[roslaunch][INFO] 2026-08-30 10:08:48,906: process[camera_calibration-5]: env[{'ROS_VERSION': '1', 'PYTHONUNBUFFERED': '1', 'PKG_CONFIG_PATH': '/root/catkin_ws/devel/lib/pkgconfig:/opt/ros/noetic/lib/pkgconfig', 'ROS_PYTHON_VERSION': '3', 'HOSTNAME': 'kamikaze', 'ROS_PACKAGE_PATH': '/root/catkin_ws/src:/opt/ros/noetic/share', 'ROSLISP_PACKAGE_DIRECTORIES': '/root/catkin_ws/devel/share/common-lisp', 'PWD': '/root/catkin_ws', 'ENABLE_SIMULATION': 'false', 'ROS_IP': 'kamikaze', 'HOME': '/root', 'LANG': 'C.UTF-8', 'ROS_ETC_DIR': '/opt/ros/noetic/etc/ros', 'CMAKE_PREFIX_PATH': '/root/catkin_ws/devel:/opt/ros/noetic', 'PYTHONPATH': '/root/catkin_ws/devel/lib/python3/dist-packages:/root/catkin_ws/devel/lib/python3/dist-packages:/opt/ros/noetic/lib/python3/dist-packages', 'DISPLAY': ':0', 'SHLVL': '0', 'ROS_MASTER_URI': 'http://kamikaze:11311', 'ROS_HOSTNAME': 'kamikaze', 'LD_LIBRARY_PATH': '/root/catkin_ws/devel/lib:/opt/ros/noetic/lib', 'ENABLE_PERFORMANCE_MONITORING': 'true', 'LC_ALL': 'C.UTF-8', 'PATH': '/opt/ros/noetic/bin:/usr/local/sbin:/usr/local/bin:/usr/sbin:/usr/bin:/sbin:/bin', 'DEBIAN_FRONTEND': 'noninteractive', 'ROS_ROOT': '/opt/ros/noetic/share/ros', 'ROS_DISTRO': 'noetic', 'QT_X11_NO_MITSHM': '1', 'ENABLE_GUI': 'false', 'ROS_LOG_FILENAME': '/root/.ros/log/c9625c4e-a45a-11f1-b831-a2ba2ba98ad8/roslaunch-kamikaze-1.log'}]
[roslaunch][INFO] 2026-08-30 10:08:48,912: process[camera_calibration-5]: args[['/root/catkin_ws/devel/lib/drone_control/camera_calibration.py', '__name:=camera_calibration']]
[roslaunch][INFO] 2026-08-30 10:08:48,913: ... created process [camera_calibration-5]
[roslaunch.pmon][INFO] 2026-08-30 10:08:48,913: ProcessMonitor.register[camera_calibration-5]
[roslaunch.pmon][INFO] 2026-08-30 10:08:48,913: ProcessMonitor.register[camera_calibration-5] complete
[roslaunch][INFO] 2026-08-30 10:08:48,914: ... registered process [camera_calibration-5]
[roslaunch][INFO] 2026-08-30 10:08:48,914: process[camera_calibration-5]: starting os process
[roslaunch][INFO] 2026-08-30 10:08:48,915: process[camera_calibration-5]: start w/ args [['/root/catkin_ws/devel/lib/drone_control/camera_calibration.py', '__name:=camera_calibration', '__log:=/root/.ros/log/c9625c4e-a45a-11f1-b831-a2ba2ba98ad8/camera_calibration-5.log']]
[roslaunch][INFO] 2026-08-30 10:08:48,915: process[camera_calibration-5]: cwd will be [/root/.ros]
[roslaunch][INFO] 2026-08-30 10:08:48,924: process[camera_calibration-5]: started with pid [106]
[roslaunch][INFO] 2026-08-30 10:08:48,926: ... successfully launched [camera_calibration-5]
[roslaunch][INFO] 2026-08-30 10:08:48,926: ... preparing to launch node of type [drone_control/yolo_detector.py]
[roslaunch][INFO] 2026-08-30 10:08:48,927: create_node_process: package[drone_control] type[yolo_detector.py] machine[Machine(name[] env_loader[None] address[localhost] ssh_port[22] user[None] assignable[True] timeout[10.0])] master_uri[http://kamikaze:11311]
[roslaunch][INFO] 2026-08-30 10:08:48,927: process[yolo_detector-6]: env[{'ROS_VERSION': '1', 'PYTHONUNBUFFERED': '1', 'PKG_CONFIG_PATH': '/root/catkin_ws/devel/lib/pkgconfig:/opt/ros/noetic/lib/pkgconfig', 'ROS_PYTHON_VERSION': '3', 'HOSTNAME': 'kamikaze', 'ROS_PACKAGE_PATH': '/root/catkin_ws/src:/opt/ros/noetic/share', 'ROSLISP_PACKAGE_DIRECTORIES': '/root/catkin_ws/devel/share/common-lisp', 'PWD': '/root/catkin_ws', 'ENABLE_SIMULATION': 'false', 'ROS_IP': 'kamikaze', 'HOME': '/root', 'LANG': 'C.UTF-8', 'ROS_ETC_DIR': '/opt/ros/noetic/etc/ros', 'CMAKE_PREFIX_PATH': '/root/catkin_ws/devel:/opt/ros/noetic', 'PYTHONPATH': '/root/catkin_ws/devel/lib/python3/dist-packages:/root/catkin_ws/devel/lib/python3/dist-packages:/opt/ros/noetic/lib/python3/dist-packages', 'DISPLAY': ':0', 'SHLVL': '0', 'ROS_MASTER_URI': 'http://kamikaze:11311', 'ROS_HOSTNAME': 'kamikaze', 'LD_LIBRARY_PATH': '/root/catkin_ws/devel/lib:/opt/ros/noetic/lib', 'ENABLE_PERFORMANCE_MONITORING': 'true', 'LC_ALL': 'C.UTF-8', 'PATH': '/opt/ros/noetic/bin:/usr/local/sbin:/usr/local/bin:/usr/sbin:/usr/bin:/sbin:/bin', 'DEBIAN_FRONTEND': 'noninteractive', 'ROS_ROOT': '/opt/ros/noetic/share/ros', 'ROS_DISTRO': 'noetic', 'QT_X11_NO_MITSHM': '1', 'ENABLE_GUI': 'false', 'ROS_LOG_FILENAME': '/root/.ros/log/c9625c4e-a45a-11f1-b831-a2ba2ba98ad8/roslaunch-kamikaze-1.log'}]
[roslaunch][INFO] 2026-08-30 10:08:48,931: process[yolo_detector-6]: args[['/root/catkin_ws/devel/lib/drone_control/yolo_detector.py', '__name:=yolo_detector']]
[roslaunch][INFO] 2026-08-30 10:08:48,932: ... created process [yolo_detector-6]
[roslaunch.pmon][INFO] 2026-08-30 10:08:48,932: ProcessMonitor.register[yolo_detector-6]
[roslaunch.pmon][INFO] 2026-08-30 10:08:48,932: ProcessMonitor.register[yolo_detector-6] complete
[roslaunch][INFO] 2026-08-30 10:08:48,932: ... registered process [yolo_detector-6]
[roslaunch][INFO] 2026-08-30 10:08:48,932: process[yolo_detector-6]: starting os process
[roslaunch][INFO] 2026-08-30 10:08:48,933: process[yolo_detector-6]: start w/ args [['/root/catkin_ws/devel/lib/drone_control/yolo_detector.py', '__name:=yolo_detector', '__log:=/root/.ros/log/c9625c4e-a45a-11f1-b831-a2ba2ba98ad8/yolo_detector-6.log']]
[roslaunch][INFO] 2026-08-30 10:08:48,933: process[yolo_detector-6]: cwd will be [/root/.ros]
[roslaunch][INFO] 2026-08-30 10:08:48,943: process[yolo_detector-6]: started with pid [107]
[roslaunch][INFO] 2026-08-30 10:08:48,944: ... successfully launched [yolo_detector-6]
[roslaunch][INFO] 2026-08-30 10:08:48,945: ... preparing to launch node of type [drone_control/sensor_fusion.py]
[roslaunch][INFO] 2026-08-30 10:08:48,945: create_node_process: package[drone_control] type[sensor_fusion.py] machine[Machine(name[] env_loader[None] address[localhost] ssh_port[22] user[None] assignable[True] timeout[10.0])] master_uri[http://kamikaze:11311]
[roslaunch][INFO] 2026-08-30 10:08:48,946: process[sensor_fusion-7]: env[{'ROS_VERSION': '1', 'PYTHONUNBUFFERED': '1', 'PKG_CONFIG_PATH': '/root/catkin_ws/devel/lib/pkgconfig:/opt/ros/noetic/lib/pkgconfig', 'ROS_PYTHON_VERSION': '3', 'HOSTNAME': 'kamikaze', 'ROS_PACKAGE_PATH': '/root/catkin_ws/src:/opt/ros/noetic/share', 'ROSLISP_PACKAGE_DIRECTORIES': '/root/catkin_ws/devel/share/common-lisp', 'PWD': '/root/catkin_ws', 'ENABLE_SIMULATION': 'false', 'ROS_IP': 'kamikaze', 'HOME': '/root', 'LANG': 'C.UTF-8', 'ROS_ETC_DIR': '/opt/ros/noetic/etc/ros', 'CMAKE_PREFIX_PATH': '/root/catkin_ws/devel:/opt/ros/noetic', 'PYTHONPATH': '/root/catkin_ws/devel/lib/python3/dist-packages:/root/catkin_ws/devel/lib/python3/dist-packages:/opt/ros/noetic/lib/python3/dist-packages', 'DISPLAY': ':0', 'SHLVL': '0', 'ROS_MASTER_URI': 'http://kamikaze:11311', 'ROS_HOSTNAME': 'kamikaze', 'LD_LIBRARY_PATH': '/root/catkin_ws/devel/lib:/opt/ros/noetic/lib', 'ENABLE_PERFORMANCE_MONITORING': 'true', 'LC_ALL': 'C.UTF-8', 'PATH': '/opt/ros/noetic/bin:/usr/local/sbin:/usr/local/bin:/usr/sbin:/usr/bin:/sbin:/bin', 'DEBIAN_FRONTEND': 'noninteractive', 'ROS_ROOT': '/opt/ros/noetic/share/ros', 'ROS_DISTRO': 'noetic', 'QT_X11_NO_MITSHM': '1', 'ENABLE_GUI': 'false', 'ROS_LOG_FILENAME': '/root/.ros/log/c9625c4e-a45a-11f1-b831-a2ba2ba98ad8/roslaunch-kamikaze-1.log'}]
[roslaunch][INFO] 2026-08-30 10:08:48,951: process[sensor_fusion-7]: args[['/root/catkin_ws/devel/lib/drone_control/sensor_fusion.py', '__name:=sensor_fusion']]
[roslaunch][INFO] 2026-08-30 10:08:48,952: ... created process [sensor_fusion-7]
[roslaunch.pmon][INFO] 2026-08-30 10:08:48,952: ProcessMonitor.register[sensor_fusion-7]
[roslaunch.pmon][INFO] 2026-08-30 10:08:48,952: ProcessMonitor.register[sensor_fusion-7] complete
[roslaunch][INFO] 2026-08-30 10:08:48,952: ... registered process [sensor_fusion-7]
[roslaunch][INFO] 2026-08-30 10:08:48,953: process[sensor_fusion-7]: starting os process
[roslaunch][INFO] 2026-08-30 10:08:48,953: process[sensor_fusion-7]: start w/ args [['/root/catkin_ws/devel/lib/drone_control/sensor_fusion.py', '__name:=sensor_fusion', '__log:=/root/.ros/log/c9625c4e-a45a-11f1-b831-a2ba2ba98ad8/sensor_fusion-7.log']]
[roslaunch][INFO] 2026-08-30 10:08:48,953: process[sensor_fusion-7]: cwd will be [/root/.ros]
[roslaunch][INFO] 2026-08-30 10:08:48,968: process[sensor_fusion-7]: started with pid [108]
[roslaunch][INFO] 2026-08-30 10:08:48,969: ... successfully launched [sensor_fusion-7]
[roslaunch][INFO] 2026-08-30 10:08:48,969: ... preparing to launch node of type [drone_control/target_tracking_controller.py]
[roslaunch][INFO] 2026-08-30 10:08:48,969: create_node_process: package[drone_control] type[target_tracking_controller.py] machine[Machine(name[] env_loader[None] address[localhost] ssh_port[22] user[None] assignable[True] timeout[10.0])] master_uri[http://kamikaze:11311]
[roslaunch][INFO] 2026-08-30 10:08:48,971: process[target_tracking_controller-8]: env[{'ROS_VERSION': '1', 'PYTHONUNBUFFERED': '1', 'PKG_CONFIG_PATH': '/root/catkin_ws/devel/lib/pkgconfig:/opt/ros/noetic/lib/pkgconfig', 'ROS_PYTHON_VERSION': '3', 'HOSTNAME': 'kamikaze', 'ROS_PACKAGE_PATH': '/root/catkin_ws/src:/opt/ros/noetic/share', 'ROSLISP_PACKAGE_DIRECTORIES': '/root/catkin_ws/devel/share/common-lisp', 'PWD': '/root/catkin_ws', 'ENABLE_SIMULATION': 'false', 'ROS_IP': 'kamikaze', 'HOME': '/root', 'LANG': 'C.UTF-8', 'ROS_ETC_DIR': '/opt/ros/noetic/etc/ros', 'CMAKE_PREFIX_PATH': '/root/catkin_ws/devel:/opt/ros/noetic', 'PYTHONPATH': '/root/catkin_ws/devel/lib/python3/dist-packages:/root/catkin_ws/devel/lib/python3/dist-packages:/opt/ros/noetic/lib/python3/dist-packages', 'DISPLAY': ':0', 'SHLVL': '0', 'ROS_MASTER_URI': 'http://kamikaze:11311', 'ROS_HOSTNAME': 'kamikaze', 'LD_LIBRARY_PATH': '/root/catkin_ws/devel/lib:/opt/ros/noetic/lib', 'ENABLE_PERFORMANCE_MONITORING': 'true', 'LC_ALL': 'C.UTF-8', 'PATH': '/opt/ros/noetic/bin:/usr/local/sbin:/usr/local/bin:/usr/sbin:/usr/bin:/sbin:/bin', 'DEBIAN_FRONTEND': 'noninteractive', 'ROS_ROOT': '/opt/ros/noetic/share/ros', 'ROS_DISTRO': 'noetic', 'QT_X11_NO_MITSHM': '1', 'ENABLE_GUI': 'false', 'ROS_LOG_FILENAME': '/root/.ros/log/c9625c4e-a45a-11f1-b831-a2ba2ba98ad8/roslaunch-kamikaze-1.log'}]
[roslaunch][INFO] 2026-08-30 10:08:48,975: process[target_tracking_controller-8]: args[['/root/catkin_ws/devel/lib/drone_control/target_tracking_controller.py', '__name:=target_tracking_controller']]
[roslaunch][INFO] 2026-08-30 10:08:48,976: ... created process [target_tracking_controller-8]
[roslaunch.pmon][INFO] 2026-08-30 10:08:48,976: ProcessMonitor.register[target_tracking_controller-8]
[roslaunch.pmon][INFO] 2026-08-30 10:08:48,976: ProcessMonitor.register[target_tracking_controller-8] complete
[roslaunch][INFO] 2026-08-30 10:08:48,976: ... registered process [target_tracking_controller-8]
[roslaunch][INFO] 2026-08-30 10:08:48,977: process[target_tracking_controller-8]: starting os process
[roslaunch][INFO] 2026-08-30 10:08:48,977: process[target_tracking_controller-8]: start w/ args [['/root/catkin_ws/devel/lib/drone_control/target_tracking_controller.py', '__name:=target_tracking_controller', '__log:=/root/.ros/log/c9625c4e-a45a-11f1-b831-a2ba2ba98ad8/target_tracking_controller-8.log']]
[roslaunch][INFO] 2026-08-30 10:08:48,977: process[target_tracking_controller-8]: cwd will be [/root/.ros]
[roslaunch][INFO] 2026-08-30 10:08:49,082: process[target_tracking_controller-8]: started with pid [109]
[roslaunch][INFO] 2026-08-30 10:08:49,082: ... successfully launched [target_tracking_controller-8]
[roslaunch][INFO] 2026-08-30 10:08:49,083: ... preparing to launch node of type [drone_control/vehicle_state_monitor.py]
[roslaunch][INFO] 2026-08-30 10:08:49,083: create_node_process: package[drone_control] type[vehicle_state_monitor.py] machine[Machine(name[] env_loader[None] address[localhost] ssh_port[22] user[None] assignable[True] timeout[10.0])] master_uri[http://kamikaze:11311]
[roslaunch][INFO] 2026-08-30 10:08:49,083: process[vehicle_state_monitor-9]: env[{'ROS_VERSION': '1', 'PYTHONUNBUFFERED': '1', 'PKG_CONFIG_PATH': '/root/catkin_ws/devel/lib/pkgconfig:/opt/ros/noetic/lib/pkgconfig', 'ROS_PYTHON_VERSION': '3', 'HOSTNAME': 'kamikaze', 'ROS_PACKAGE_PATH': '/root/catkin_ws/src:/opt/ros/noetic/share', 'ROSLISP_PACKAGE_DIRECTORIES': '/root/catkin_ws/devel/share/common-lisp', 'PWD': '/root/catkin_ws', 'ENABLE_SIMULATION': 'false', 'ROS_IP': 'kamikaze', 'HOME': '/root', 'LANG': 'C.UTF-8', 'ROS_ETC_DIR': '/opt/ros/noetic/etc/ros', 'CMAKE_PREFIX_PATH': '/root/catkin_ws/devel:/opt/ros/noetic', 'PYTHONPATH': '/root/catkin_ws/devel/lib/python3/dist-packages:/root/catkin_ws/devel/lib/python3/dist-packages:/opt/ros/noetic/lib/python3/dist-packages', 'DISPLAY': ':0', 'SHLVL': '0', 'ROS_MASTER_URI': 'http://kamikaze:11311', 'ROS_HOSTNAME': 'kamikaze', 'LD_LIBRARY_PATH': '/root/catkin_ws/devel/lib:/opt/ros/noetic/lib', 'ENABLE_PERFORMANCE_MONITORING': 'true', 'LC_ALL': 'C.UTF-8', 'PATH': '/opt/ros/noetic/bin:/usr/local/sbin:/usr/local/bin:/usr/sbin:/usr/bin:/sbin:/bin', 'DEBIAN_FRONTEND': 'noninteractive', 'ROS_ROOT': '/opt/ros/noetic/share/ros', 'ROS_DISTRO': 'noetic', 'QT_X11_NO_MITSHM': '1', 'ENABLE_GUI': 'false', 'ROS_LOG_FILENAME': '/root/.ros/log/c9625c4e-a45a-11f1-b831-a2ba2ba98ad8/roslaunch-kamikaze-1.log'}]
[roslaunch][INFO] 2026-08-30 10:08:49,093: process[vehicle_state_monitor-9]: args[['/root/catkin_ws/devel/lib/drone_control/vehicle_state_monitor.py', '__name:=vehicle_state_monitor']]
[roslaunch][INFO] 2026-08-30 10:08:49,094: ... created process [vehicle_state_monitor-9]
[roslaunch.pmon][INFO] 2026-08-30 10:08:49,094: ProcessMonitor.register[vehicle_state_monitor-9]
[roslaunch.pmon][INFO] 2026-08-30 10:08:49,094: ProcessMonitor.register[vehicle_state_monitor-9] complete
[roslaunch][INFO] 2026-08-30 10:08:49,094: ... registered process [vehicle_state_monitor-9]
[roslaunch][INFO] 2026-08-30 10:08:49,095: process[vehicle_state_monitor-9]: starting os process
[roslaunch][INFO] 2026-08-30 10:08:49,095: process[vehicle_state_monitor-9]: start w/ args [['/root/catkin_ws/devel/lib/drone_control/vehicle_state_monitor.py', '__name:=vehicle_state_monitor', '__log:=/root/.ros/log/c9625c4e-a45a-11f1-b831-a2ba2ba98ad8/vehicle_state_monitor-9.log']]
[roslaunch][INFO] 2026-08-30 10:08:49,095: process[vehicle_state_monitor-9]: cwd will be [/root/.ros]
[roslaunch][INFO] 2026-08-30 10:08:49,154: process[vehicle_state_monitor-9]: started with pid [110]
[roslaunch][INFO] 2026-08-30 10:08:49,157: ... successfully launched [vehicle_state_monitor-9]
[roslaunch][INFO] 2026-08-30 10:08:49,158: ... preparing to launch node of type [drone_control/safety_monitor.py]
[roslaunch][INFO] 2026-08-30 10:08:49,158: create_node_process: package[drone_control] type[safety_monitor.py] machine[Machine(name[] env_loader[None] address[localhost] ssh_port[22] user[None] assignable[True] timeout[10.0])] master_uri[http://kamikaze:11311]
[roslaunch][INFO] 2026-08-30 10:08:49,159: process[safety_monitor-10]: env[{'ROS_VERSION': '1', 'PYTHONUNBUFFERED': '1', 'PKG_CONFIG_PATH': '/root/catkin_ws/devel/lib/pkgconfig:/opt/ros/noetic/lib/pkgconfig', 'ROS_PYTHON_VERSION': '3', 'HOSTNAME': 'kamikaze', 'ROS_PACKAGE_PATH': '/root/catkin_ws/src:/opt/ros/noetic/share', 'ROSLISP_PACKAGE_DIRECTORIES': '/root/catkin_ws/devel/share/common-lisp', 'PWD': '/root/catkin_ws', 'ENABLE_SIMULATION': 'false', 'ROS_IP': 'kamikaze', 'HOME': '/root', 'LANG': 'C.UTF-8', 'ROS_ETC_DIR': '/opt/ros/noetic/etc/ros', 'CMAKE_PREFIX_PATH': '/root/catkin_ws/devel:/opt/ros/noetic', 'PYTHONPATH': '/root/catkin_ws/devel/lib/python3/dist-packages:/root/catkin_ws/devel/lib/python3/dist-packages:/opt/ros/noetic/lib/python3/dist-packages', 'DISPLAY': ':0', 'SHLVL': '0', 'ROS_MASTER_URI': 'http://kamikaze:11311', 'ROS_HOSTNAME': 'kamikaze', 'LD_LIBRARY_PATH': '/root/catkin_ws/devel/lib:/opt/ros/noetic/lib', 'ENABLE_PERFORMANCE_MONITORING': 'true', 'LC_ALL': 'C.UTF-8', 'PATH': '/opt/ros/noetic/bin:/usr/local/sbin:/usr/local/bin:/usr/sbin:/usr/bin:/sbin:/bin', 'DEBIAN_FRONTEND': 'noninteractive', 'ROS_ROOT': '/opt/ros/noetic/share/ros', 'ROS_DISTRO': 'noetic', 'QT_X11_NO_MITSHM': '1', 'ENABLE_GUI': 'false', 'ROS_LOG_FILENAME': '/root/.ros/log/c9625c4e-a45a-11f1-b831-a2ba2ba98ad8/roslaunch-kamikaze-1.log'}]
[roslaunch][INFO] 2026-08-30 10:08:49,224: process[safety_monitor-10]: args[['/root/catkin_ws/devel/lib/drone_control/safety_monitor.py', '__name:=safety_monitor']]
[roslaunch][INFO] 2026-08-30 10:08:49,225: ... created process [safety_monitor-10]
[roslaunch.pmon][INFO] 2026-08-30 10:08:49,225: ProcessMonitor.register[safety_monitor-10]
[roslaunch.pmon][INFO] 2026-08-30 10:08:49,226: ProcessMonitor.register[safety_monitor-10] complete
[roslaunch][INFO] 2026-08-30 10:08:49,226: ... registered process [safety_monitor-10]
[roslaunch][INFO] 2026-08-30 10:08:49,226: process[safety_monitor-10]: starting os process
[roslaunch][INFO] 2026-08-30 10:08:49,226: process[safety_monitor-10]: start w/ args [['/root/catkin_ws/devel/lib/drone_control/safety_monitor.py', '__name:=safety_monitor', '__log:=/root/.ros/log/c9625c4e-a45a-11f1-b831-a2ba2ba98ad8/safety_monitor-10.log']]
[roslaunch][INFO] 2026-08-30 10:08:49,227: process[safety_monitor-10]: cwd will be [/root/.ros]
[roslaunch][INFO] 2026-08-30 10:08:49,250: process[safety_monitor-10]: started with pid [111]
[roslaunch][INFO] 2026-08-30 10:08:49,253: ... successfully launched [safety_monitor-10]
[roslaunch][INFO] 2026-08-30 10:08:49,254: ... preparing to launch node of type [drone_control/system_health_monitor.py]
[roslaunch][INFO] 2026-08-30 10:08:49,254: create_node_process: package[drone_control] type[system_health_monitor.py] machine[Machine(name[] env_loader[None] address[localhost] ssh_port[22] user[None] assignable[True] timeout[10.0])] master_uri[http://kamikaze:11311]
[roslaunch][INFO] 2026-08-30 10:08:49,255: process[system_health_monitor-11]: env[{'ROS_VERSION': '1', 'PYTHONUNBUFFERED': '1', 'PKG_CONFIG_PATH': '/root/catkin_ws/devel/lib/pkgconfig:/opt/ros/noetic/lib/pkgconfig', 'ROS_PYTHON_VERSION': '3', 'HOSTNAME': 'kamikaze', 'ROS_PACKAGE_PATH': '/root/catkin_ws/src:/opt/ros/noetic/share', 'ROSLISP_PACKAGE_DIRECTORIES': '/root/catkin_ws/devel/share/common-lisp', 'PWD': '/root/catkin_ws', 'ENABLE_SIMULATION': 'false', 'ROS_IP': 'kamikaze', 'HOME': '/root', 'LANG': 'C.UTF-8', 'ROS_ETC_DIR': '/opt/ros/noetic/etc/ros', 'CMAKE_PREFIX_PATH': '/root/catkin_ws/devel:/opt/ros/noetic', 'PYTHONPATH': '/root/catkin_ws/devel/lib/python3/dist-packages:/root/catkin_ws/devel/lib/python3/dist-packages:/opt/ros/noetic/lib/python3/dist-packages', 'DISPLAY': ':0', 'SHLVL': '0', 'ROS_MASTER_URI': 'http://kamikaze:11311', 'ROS_HOSTNAME': 'kamikaze', 'LD_LIBRARY_PATH': '/root/catkin_ws/devel/lib:/opt/ros/noetic/lib', 'ENABLE_PERFORMANCE_MONITORING': 'true', 'LC_ALL': 'C.UTF-8', 'PATH': '/opt/ros/noetic/bin:/usr/local/sbin:/usr/local/bin:/usr/sbin:/usr/bin:/sbin:/bin', 'DEBIAN_FRONTEND': 'noninteractive', 'ROS_ROOT': '/opt/ros/noetic/share/ros', 'ROS_DISTRO': 'noetic', 'QT_X11_NO_MITSHM': '1', 'ENABLE_GUI': 'false', 'ROS_LOG_FILENAME': '/root/.ros/log/c9625c4e-a45a-11f1-b831-a2ba2ba98ad8/roslaunch-kamikaze-1.log'}]
[roslaunch][INFO] 2026-08-30 10:08:49,262: process[system_health_monitor-11]: args[['/root/catkin_ws/devel/lib/drone_control/system_health_monitor.py', '__name:=system_health_monitor']]
[roslaunch][INFO] 2026-08-30 10:08:49,263: ... created process [system_health_monitor-11]
[roslaunch.pmon][INFO] 2026-08-30 10:08:49,263: ProcessMonitor.register[system_health_monitor-11]
[roslaunch.pmon][INFO] 2026-08-30 10:08:49,263: ProcessMonitor.register[system_health_monitor-11] complete
[roslaunch][INFO] 2026-08-30 10:08:49,263: ... registered process [system_health_monitor-11]
[roslaunch][INFO] 2026-08-30 10:08:49,263: process[system_health_monitor-11]: starting os process
[roslaunch][INFO] 2026-08-30 10:08:49,264: process[system_health_monitor-11]: start w/ args [['/root/catkin_ws/devel/lib/drone_control/system_health_monitor.py', '__name:=system_health_monitor', '__log:=/root/.ros/log/c9625c4e-a45a-11f1-b831-a2ba2ba98ad8/system_health_monitor-11.log']]
[roslaunch][INFO] 2026-08-30 10:08:49,264: process[system_health_monitor-11]: cwd will be [/root/.ros]
[roslaunch][INFO] 2026-08-30 10:08:49,355: process[system_health_monitor-11]: started with pid [112]
[roslaunch][INFO] 2026-08-30 10:08:49,365: ... successfully launched [system_health_monitor-11]
[roslaunch][INFO] 2026-08-30 10:08:49,366: ... preparing to launch node of type [drone_control/health_checker.py]
[roslaunch][INFO] 2026-08-30 10:08:49,367: create_node_process: package[drone_control] type[health_checker.py] machine[Machine(name[] env_loader[None] address[localhost] ssh_port[22] user[None] assignable[True] timeout[10.0])] master_uri[http://kamikaze:11311]
[roslaunch][INFO] 2026-08-30 10:08:49,371: process[health_checker-12]: env[{'ROS_VERSION': '1', 'PYTHONUNBUFFERED': '1', 'PKG_CONFIG_PATH': '/root/catkin_ws/devel/lib/pkgconfig:/opt/ros/noetic/lib/pkgconfig', 'ROS_PYTHON_VERSION': '3', 'HOSTNAME': 'kamikaze', 'ROS_PACKAGE_PATH': '/root/catkin_ws/src:/opt/ros/noetic/share', 'ROSLISP_PACKAGE_DIRECTORIES': '/root/catkin_ws/devel/share/common-lisp', 'PWD': '/root/catkin_ws', 'ENABLE_SIMULATION': 'false', 'ROS_IP': 'kamikaze', 'HOME': '/root', 'LANG': 'C.UTF-8', 'ROS_ETC_DIR': '/opt/ros/noetic/etc/ros', 'CMAKE_PREFIX_PATH': '/root/catkin_ws/devel:/opt/ros/noetic', 'PYTHONPATH': '/root/catkin_ws/devel/lib/python3/dist-packages:/root/catkin_ws/devel/lib/python3/dist-packages:/opt/ros/noetic/lib/python3/dist-packages', 'DISPLAY': ':0', 'SHLVL': '0', 'ROS_MASTER_URI': 'http://kamikaze:11311', 'ROS_HOSTNAME': 'kamikaze', 'LD_LIBRARY_PATH': '/root/catkin_ws/devel/lib:/opt/ros/noetic/lib', 'ENABLE_PERFORMANCE_MONITORING': 'true', 'LC_ALL': 'C.UTF-8', 'PATH': '/opt/ros/noetic/bin:/usr/local/sbin:/usr/local/bin:/usr/sbin:/usr/bin:/sbin:/bin', 'DEBIAN_FRONTEND': 'noninteractive', 'ROS_ROOT': '/opt/ros/noetic/share/ros', 'ROS_DISTRO': 'noetic', 'QT_X11_NO_MITSHM': '1', 'ENABLE_GUI': 'false', 'ROS_LOG_FILENAME': '/root/.ros/log/c9625c4e-a45a-11f1-b831-a2ba2ba98ad8/roslaunch-kamikaze-1.log'}]
[roslaunch][INFO] 2026-08-30 10:08:49,419: process[health_checker-12]: args[['/root/catkin_ws/devel/lib/drone_control/health_checker.py', '__name:=health_checker']]
[roslaunch][INFO] 2026-08-30 10:08:49,423: ... created process [health_checker-12]
[roslaunch.pmon][INFO] 2026-08-30 10:08:49,423: ProcessMonitor.register[health_checker-12]
[roslaunch.pmon][INFO] 2026-08-30 10:08:49,423: ProcessMonitor.register[health_checker-12] complete
[roslaunch][INFO] 2026-08-30 10:08:49,424: ... registered process [health_checker-12]
[roslaunch][INFO] 2026-08-30 10:08:49,424: process[health_checker-12]: starting os process
[roslaunch][INFO] 2026-08-30 10:08:49,428: process[health_checker-12]: start w/ args [['/root/catkin_ws/devel/lib/drone_control/health_checker.py', '__name:=health_checker', '__log:=/root/.ros/log/c9625c4e-a45a-11f1-b831-a2ba2ba98ad8/health_checker-12.log']]
[roslaunch][INFO] 2026-08-30 10:08:49,429: process[health_checker-12]: cwd will be [/root/.ros]
[roslaunch][INFO] 2026-08-30 10:08:49,452: process[health_checker-12]: started with pid [113]
[roslaunch][INFO] 2026-08-30 10:08:49,459: ... successfully launched [health_checker-12]
[roslaunch][INFO] 2026-08-30 10:08:49,459: ... launch_nodes complete
[roslaunch.pmon][INFO] 2026-08-30 10:08:49,459: registrations completed <ProcessMonitor(ProcessMonitor-1, started daemon 140737361721088)>
[roslaunch.parent][INFO] 2026-08-30 10:08:49,460: ... roslaunch parent running, waiting for process exit
[roslaunch][INFO] 2026-08-30 10:08:49,460: spin
