

1788084528.862616046  Node Startup
1788084533.618082046 INFO /mission_manager [mission_manager.py:115(MissionManager.__init__)] [topics: /mission_status, /drone_control/command, /rosout, /tracked_targets, /mission_manager/node_health, /safety_status] Mission Manager initialized
1788084533.523052215 INFO /command_interpreter [command_interpreter.py:65(CommandInterpreter.__init__)] [topics: /drone_control/command_response, /rosout, /command_interpreter/node_health, /drone_control/command] Command Interpreter initialized
1788084533.561308860 INFO /camera_calibration [camera_calibration.py:29(CameraCalibration.__init__)] [topics: /tf, /camera/camera_info, /rosout] Camera calibration node started
1788084533.745992660 INFO /parameter_validator [parameter_validator.py:65(ParameterValidator.__init__)] [topics: /rosout] Parameter validator initialized successfully
1788084534.152507543 INFO /vehicle_state_monitor [vehicle_state_monitor.py:83(VehicleStateMonitor.__init__)] [topics: /vehicle_state_monitor/node_health, /battery_percentage, /mavros/battery, /rosout, /mavros/state, /drone_status, /mavros/local_position/velocity, /diagnostic_status] Vehicle State Monitor started
1788084534.254928827 INFO /safety_monitor [safety_monitor.py:78(SafetyMonitor.__init__)] [topics: /rosout, /safety_status, /mavros/local_position/pose, /safety_monitor/node_health, /mavros/local_position/velocity, /emergency_triggered, /mavros/state] Health publisher: /safety_monitor/node_health
1788084534.313625574 INFO /system_health_monitor [system_health_monitor.py:77(SystemHealthMonitor.__init__)] [topics: /performance_metrics, /system_health, /diagnostic_status, /health/check_all, /rosout, /system_alert] System Health Monitor initialized
1788084534.511005878 INFO /health_checker [health_checker.py:58(HealthChecker.__init__)] [topics: /command_interpreter/node_health, /safety_monitor/node_health, /rosout, /yolo_detector/node_health, /mission_manager/node_health, /vehicle_state_monitor/node_health, /target_tracking_controller/node_health, /system_health] Health Checker initialized
1788084534.484830141 INFO /sensor_fusion [sensor_fusion.py:40(SensorFusion.__init__)] [topics: /rosout, /mavros/local_position/pose, /sensor_fusion/node_health, /mavros/global_position/global, /mavros/imu/data] Sensor Fusion initialized
1788084537.523455858 WARN /target_tracking_controller [target_tracking_controller.py:103(TargetTrackingController.__init__)] [topics: /mavros/local_position/odom, /tracked_targets, /mavros/setpoint_raw/local, /mission_status, /mavros/setpoint_velocity/cmd_vel_unstamped, /detected_objects, /target_tracking_controller/node_health, /rosout, /mavros/state] MAVROS set_mode service not available: timeout exceeded while waiting for service /mavros/set_mode
1788084539.512753486 WARN /health_checker [health_checker.py:90(HealthChecker._check_health)] [topics: /command_interpreter/node_health, /safety_monitor/node_health, /rosout, /yolo_detector/node_health, /mission_manager/node_health, /vehicle_state_monitor/node_health, /target_tracking_controller/node_health, /system_health] Unhealthy nodes: 2
1788084539.515577316 WARN /health_checker [health_checker.py:92(HealthChecker._check_health)] [topics: /command_interpreter/node_health, /safety_monitor/node_health, /rosout, /yolo_detector/node_health, /mission_manager/node_health, /vehicle_state_monitor/node_health, /target_tracking_controller/node_health, /system_health]   yolo_detector: No health report
1788084539.518166542 WARN /health_checker [health_checker.py:92(HealthChecker._check_health)] [topics: /command_interpreter/node_health, /safety_monitor/node_health, /rosout, /yolo_detector/node_health, /mission_manager/node_health, /vehicle_state_monitor/node_health, /target_tracking_controller/node_health, /system_health]   target_tracking_controller: No health report
1788084539.482926130 INFO /trajectory_planner [trajectory_planner.py:94(TrajectoryPlanner.__init__)] [topics: /path, /waypoints, /mavros/local_position/odom, /mission_status, /planner_status, /tracked_targets, /planned_trajectory, /rosout] Trajectory Planner initialized
1788084539.657956838 WARN /target_tracking_controller [target_tracking_controller.py:110(TargetTrackingController.__init__)] [topics: /mavros/local_position/odom, /tracked_targets, /mavros/setpoint_raw/local, /mission_status, /mavros/setpoint_velocity/cmd_vel_unstamped, /detected_objects, /target_tracking_controller/node_health, /rosout, /mavros/state] MAVROS arming service not available: timeout exceeded while waiting for service /mavros/cmd/arming
1788084539.661271572 INFO /target_tracking_controller [target_tracking_controller.py:126(TargetTrackingController.__init__)] [topics: /mavros/local_position/odom, /tracked_targets, /mavros/setpoint_raw/local, /mission_status, /mavros/setpoint_velocity/cmd_vel_unstamped, /detected_objects, /target_tracking_controller/node_health, /rosout, /mavros/state] Target Tracking Controller started in SEARCHING mode
1788084539.557441473 INFO /performance_monitor [performance_monitor.py:103(PerformanceMonitor.__init__)] [topics: /diagnostic_status, /performance/benchmark_results, /rosout, /performance/benchmark, /performance/command, /performance/metrics, /performance/alert] Performance Monitor initialized
1788084539.983192682 INFO /yolo_detector [yolo_detector.py:97(YOLODetector.__init__)] [topics: /detected_objects, /command_response, /drone_control/command, /camera/color/image_raw, /rosout, /yolo_detector/node_health, /mission_status] Vehicle classes: [2, 3, 5, 6, 7]
1788084541.562434196 INFO /performance_monitor [performance_monitor.py:121(PerformanceMonitor.start_monitoring)] [topics: /diagnostic_status, /performance/benchmark_results, /rosout, /performance/benchmark, /performance/command, /performance/metrics, /performance/alert] Performance monitoring started
1788084546.568097352 INFO /performance_monitor [performance_monitor.py:381(PerformanceMonitor.benchmark_fps)] [topics: /diagnostic_status, /performance/benchmark_results, /rosout, /performance/benchmark, /performance/command, /performance/metrics, /performance/alert] Running FPS benchmark...
1788084551.572761535 INFO /performance_monitor [performance_monitor.py:414(PerformanceMonitor.benchmark_cpu)] [topics: /diagnostic_status, /performance/benchmark_results, /rosout, /performance/benchmark, /performance/command, /performance/metrics, /performance/alert] Running CPU benchmark...
1788084552.851433038 INFO /performance_monitor [performance_monitor.py:438(PerformanceMonitor.benchmark_memory)] [topics: /diagnostic_status, /performance/benchmark_results, /rosout, /performance/benchmark, /performance/command, /performance/metrics, /performance/alert] Running memory benchmark...
1788084553.581241607 INFO /performance_monitor [performance_monitor.py:474(PerformanceMonitor.benchmark_network)] [topics: /diagnostic_status, /performance/benchmark_results, /rosout, /performance/benchmark, /performance/command, /performance/metrics, /performance/alert] Running network benchmark...
1788084554.764269113 INFO /performance_monitor [performance_monitor.py:520(PerformanceMonitor.benchmark_application)] [topics: /diagnostic_status, /performance/benchmark_results, /rosout, /performance/benchmark, /performance/command, /performance/metrics, /performance/alert] Running application benchmark...
1788084554.818434476 INFO /performance_monitor [performance_monitor.py:373(PerformanceMonitor.run_benchmark)] [topics: /diagnostic_status, /performance/benchmark_results, /rosout, /performance/benchmark, /performance/command, /performance/metrics, /performance/alert] Benchmark completed with overall score: 0.63
1788084554.819753885 INFO /performance_monitor [performance_monitor.py:381(PerformanceMonitor.benchmark_fps)] [topics: /diagnostic_status, /performance/benchmark_results, /rosout, /performance/benchmark, /performance/command, /performance/metrics, /performance/alert] Running FPS benchmark...
1788084559.822532176 INFO /performance_monitor [performance_monitor.py:414(PerformanceMonitor.benchmark_cpu)] [topics: /diagnostic_status, /performance/benchmark_results, /rosout, /performance/benchmark, /performance/command, /performance/metrics, /performance/alert] Running CPU benchmark...
1788084561.047092914 INFO /performance_monitor [performance_monitor.py:438(PerformanceMonitor.benchmark_memory)] [topics: /diagnostic_status, /performance/benchmark_results, /rosout, /performance/benchmark, /performance/command, /performance/metrics, /performance/alert] Running memory benchmark...
1788084561.803775310 INFO /performance_monitor [performance_monitor.py:474(PerformanceMonitor.benchmark_network)] [topics: /diagnostic_status, /performance/benchmark_results, /rosout, /performance/benchmark, /performance/command, /performance/metrics, /performance/alert] Running network benchmark...
1788084562.982409000 INFO /performance_monitor [performance_monitor.py:520(PerformanceMonitor.benchmark_application)] [topics: /diagnostic_status, /performance/benchmark_results, /rosout, /performance/benchmark, /performance/command, /performance/metrics, /performance/alert] Running application benchmark...
1788084563.036496162 INFO /performance_monitor [performance_monitor.py:373(PerformanceMonitor.run_benchmark)] [topics: /diagnostic_status, /performance/benchmark_results, /rosout, /performance/benchmark, /performance/command, /performance/metrics, /performance/alert] Benchmark completed with overall score: 0.63
1788084563.039051294 INFO /performance_monitor [performance_monitor.py:381(PerformanceMonitor.benchmark_fps)] [topics: /diagnostic_status, /performance/benchmark_results, /rosout, /performance/benchmark, /performance/command, /performance/metrics, /performance/alert] Running FPS benchmark...
1788084568.048145771 INFO /performance_monitor [performance_monitor.py:414(PerformanceMonitor.benchmark_cpu)] [topics: /diagnostic_status, /performance/benchmark_results, /rosout, /performance/benchmark, /performance/command, /performance/metrics, /performance/alert] Running CPU benchmark...
1788084569.518743038 INFO /performance_monitor [performance_monitor.py:438(PerformanceMonitor.benchmark_memory)] [topics: /diagnostic_status, /performance/benchmark_results, /rosout, /performance/benchmark, /performance/command, /performance/metrics, /performance/alert] Running memory benchmark...
1788084570.254002332 INFO /performance_monitor [performance_monitor.py:474(PerformanceMonitor.benchmark_network)] [topics: /diagnostic_status, /performance/benchmark_results, /rosout, /performance/benchmark, /performance/command, /performance/metrics, /performance/alert] Running network benchmark...
1788084571.440665483 INFO /performance_monitor [performance_monitor.py:520(PerformanceMonitor.benchmark_application)] [topics: /diagnostic_status, /performance/benchmark_results, /rosout, /performance/benchmark, /performance/command, /performance/metrics, /performance/alert] Running application benchmark...
1788084571.494907140 INFO /performance_monitor [performance_monitor.py:373(PerformanceMonitor.run_benchmark)] [topics: /diagnostic_status, /performance/benchmark_results, /rosout, /performance/benchmark, /performance/command, /performance/metrics, /performance/alert] Benchmark completed with overall score: 0.63
1788084571.497526884 INFO /performance_monitor [performance_monitor.py:381(PerformanceMonitor.benchmark_fps)] [topics: /diagnostic_status, /performance/benchmark_results, /rosout, /performance/benchmark, /performance/command, /performance/metrics, /performance/alert] Running FPS benchmark...
1788084576.501217126 INFO /performance_monitor [performance_monitor.py:414(PerformanceMonitor.benchmark_cpu)] [topics: /diagnostic_status, /performance/benchmark_results, /rosout, /performance/benchmark, /performance/command, /performance/metrics, /performance/alert] Running CPU benchmark...
1788084577.799931764 INFO /performance_monitor [performance_monitor.py:438(PerformanceMonitor.benchmark_memory)] [topics: /diagnostic_status, /performance/benchmark_results, /rosout, /performance/benchmark, /performance/command, /performance/metrics, /performance/alert] Running memory benchmark...
1788084578.503293514 INFO /performance_monitor [performance_monitor.py:474(PerformanceMonitor.benchmark_network)] [topics: /diagnostic_status, /performance/benchmark_results, /rosout, /performance/benchmark, /performance/command, /performance/metrics, /performance/alert] Running network benchmark...
1788084579.691634893 INFO /performance_monitor [performance_monitor.py:520(PerformanceMonitor.benchmark_application)] [topics: /diagnostic_status, /performance/benchmark_results, /rosout, /performance/benchmark, /performance/command, /performance/metrics, /performance/alert] Running application benchmark...
1788084579.738121986 INFO /performance_monitor [performance_monitor.py:373(PerformanceMonitor.run_benchmark)] [topics: /diagnostic_status, /performance/benchmark_results, /rosout, /performance/benchmark, /performance/command, /performance/metrics, /performance/alert] Benchmark completed with overall score: 0.63
1788084579.739577770 INFO /performance_monitor [performance_monitor.py:381(PerformanceMonitor.benchmark_fps)] [topics: /diagnostic_status, /performance/benchmark_results, /rosout, /performance/benchmark, /performance/command, /performance/metrics, /performance/alert] Running FPS benchmark...
1788084584.742652416 INFO /performance_monitor [performance_monitor.py:414(PerformanceMonitor.benchmark_cpu)] [topics: /diagnostic_status, /performance/benchmark_results, /rosout, /performance/benchmark, /performance/command, /performance/metrics, /performance/alert] Running CPU benchmark...
1788084585.992948532 INFO /performance_monitor [performance_monitor.py:438(PerformanceMonitor.benchmark_memory)] [topics: /diagnostic_status, /performance/benchmark_results, /rosout, /performance/benchmark, /performance/command, /performance/metrics, /performance/alert] Running memory benchmark...
1788084586.707166433 INFO /performance_monitor [performance_monitor.py:474(PerformanceMonitor.benchmark_network)] [topics: /diagnostic_status, /performance/benchmark_results, /rosout, /performance/benchmark, /performance/command, /performance/metrics, /performance/alert] Running network benchmark...
1788084587.881828784 INFO /performance_monitor [performance_monitor.py:520(PerformanceMonitor.benchmark_application)] [topics: /diagnostic_status, /performance/benchmark_results, /rosout, /performance/benchmark, /performance/command, /performance/metrics, /performance/alert] Running application benchmark...
1788084587.933694124 INFO /performance_monitor [performance_monitor.py:373(PerformanceMonitor.run_benchmark)] [topics: /diagnostic_status, /performance/benchmark_results, /rosout, /performance/benchmark, /performance/command, /performance/metrics, /performance/alert] Benchmark completed with overall score: 0.63
1788084587.935109376 INFO /performance_monitor [performance_monitor.py:381(PerformanceMonitor.benchmark_fps)] [topics: /diagnostic_status, /performance/benchmark_results, /rosout, /performance/benchmark, /performance/command, /performance/metrics, /performance/alert] Running FPS benchmark...
1788084592.937427520 INFO /performance_monitor [performance_monitor.py:414(PerformanceMonitor.benchmark_cpu)] [topics: /diagnostic_status, /performance/benchmark_results, /rosout, /performance/benchmark, /performance/command, /performance/metrics, /performance/alert] Running CPU benchmark...
1788084594.184163570 INFO /performance_monitor [performance_monitor.py:438(PerformanceMonitor.benchmark_memory)] [topics: /diagnostic_status, /performance/benchmark_results, /rosout, /performance/benchmark, /performance/command, /performance/metrics, /performance/alert] Running memory benchmark...
1788084594.875352144 INFO /performance_monitor [performance_monitor.py:474(PerformanceMonitor.benchmark_network)] [topics: /diagnostic_status, /performance/benchmark_results, /rosout, /performance/benchmark, /performance/command, /performance/metrics, /performance/alert] Running network benchmark...
1788084596.057136058 INFO /performance_monitor [performance_monitor.py:520(PerformanceMonitor.benchmark_application)] [topics: /diagnostic_status, /performance/benchmark_results, /rosout, /performance/benchmark, /performance/command, /performance/metrics, /performance/alert] Running application benchmark...
1788084596.108315467 INFO /performance_monitor [performance_monitor.py:373(PerformanceMonitor.run_benchmark)] [topics: /diagnostic_status, /performance/benchmark_results, /rosout, /performance/benchmark, /performance/command, /performance/metrics, /performance/alert] Benchmark completed with overall score: 0.63
1788084596.109863519 INFO /performance_monitor [performance_monitor.py:381(PerformanceMonitor.benchmark_fps)] [topics: /diagnostic_status, /performance/benchmark_results, /rosout, /performance/benchmark, /performance/command, /performance/metrics, /performance/alert] Running FPS benchmark...
1788084601.113485813 INFO /performance_monitor [performance_monitor.py:414(PerformanceMonitor.benchmark_cpu)] [topics: /diagnostic_status, /performance/benchmark_results, /rosout, /performance/benchmark, /performance/command, /performance/metrics, /performance/alert] Running CPU benchmark...
1788084602.357578754 INFO /performance_monitor [performance_monitor.py:438(PerformanceMonitor.benchmark_memory)] [topics: /diagnostic_status, /performance/benchmark_results, /rosout, /performance/benchmark, /performance/command, /performance/metrics, /performance/alert] Running memory benchmark...
1788084603.078224182 INFO /performance_monitor [performance_monitor.py:474(PerformanceMonitor.benchmark_network)] [topics: /diagnostic_status, /performance/benchmark_results, /rosout, /performance/benchmark, /performance/command, /performance/metrics, /performance/alert] Running network benchmark...
1788084604.301683664 INFO /performance_monitor [performance_monitor.py:520(PerformanceMonitor.benchmark_application)] [topics: /diagnostic_status, /performance/benchmark_results, /rosout, /performance/benchmark, /performance/command, /performance/metrics, /performance/alert] Running application benchmark...
1788084604.355981349 INFO /performance_monitor [performance_monitor.py:373(PerformanceMonitor.run_benchmark)] [topics: /diagnostic_status, /performance/benchmark_results, /rosout, /performance/benchmark, /performance/command, /performance/metrics, /performance/alert] Benchmark completed with overall score: 0.63
1788084604.358300447 INFO /performance_monitor [performance_monitor.py:381(PerformanceMonitor.benchmark_fps)] [topics: /diagnostic_status, /performance/benchmark_results, /rosout, /performance/benchmark, /performance/command, /performance/metrics, /performance/alert] Running FPS benchmark...
1788084609.360491514 INFO /performance_monitor [performance_monitor.py:414(PerformanceMonitor.benchmark_cpu)] [topics: /diagnostic_status, /performance/benchmark_results, /rosout, /performance/benchmark, /performance/command, /performance/metrics, /performance/alert] Running CPU benchmark...
1788084610.668433904 INFO /performance_monitor [performance_monitor.py:438(PerformanceMonitor.benchmark_memory)] [topics: /diagnostic_status, /performance/benchmark_results, /rosout, /performance/benchmark, /performance/command, /performance/metrics, /performance/alert] Running memory benchmark...
1788084611.366633892 INFO /performance_monitor [performance_monitor.py:474(PerformanceMonitor.benchmark_network)] [topics: /diagnostic_status, /performance/benchmark_results, /rosout, /performance/benchmark, /performance/command, /performance/metrics, /performance/alert] Running network benchmark...
1788084612.535301446 INFO /performance_monitor [performance_monitor.py:520(PerformanceMonitor.benchmark_application)] [topics: /diagnostic_status, /performance/benchmark_results, /rosout, /performance/benchmark, /performance/command, /performance/metrics, /performance/alert] Running application benchmark...
1788084612.585469484 INFO /performance_monitor [performance_monitor.py:373(PerformanceMonitor.run_benchmark)] [topics: /diagnostic_status, /performance/benchmark_results, /rosout, /performance/benchmark, /performance/command, /performance/metrics, /performance/alert] Benchmark completed with overall score: 0.63
1788084612.587983608 INFO /performance_monitor [performance_monitor.py:381(PerformanceMonitor.benchmark_fps)] [topics: /diagnostic_status, /performance/benchmark_results, /rosout, /performance/benchmark, /performance/command, /performance/metrics, /performance/alert] Running FPS benchmark...
1788084617.590642452 INFO /performance_monitor [performance_monitor.py:414(PerformanceMonitor.benchmark_cpu)] [topics: /diagnostic_status, /performance/benchmark_results, /rosout, /performance/benchmark, /performance/command, /performance/metrics, /performance/alert] Running CPU benchmark...
1788084618.870008945 INFO /performance_monitor [performance_monitor.py:438(PerformanceMonitor.benchmark_memory)] [topics: /diagnostic_status, /performance/benchmark_results, /rosout, /performance/benchmark, /performance/command, /performance/metrics, /performance/alert] Running memory benchmark...
1788084619.560352563 INFO /performance_monitor [performance_monitor.py:474(PerformanceMonitor.benchmark_network)] [topics: /diagnostic_status, /performance/benchmark_results, /rosout, /performance/benchmark, /performance/command, /performance/metrics, /performance/alert] Running network benchmark...
1788084620.735661029 INFO /performance_monitor [performance_monitor.py:520(PerformanceMonitor.benchmark_application)] [topics: /diagnostic_status, /performance/benchmark_results, /rosout, /performance/benchmark, /performance/command, /performance/metrics, /performance/alert] Running application benchmark...
1788084620.813814878 INFO /performance_monitor [performance_monitor.py:373(PerformanceMonitor.run_benchmark)] [topics: /diagnostic_status, /performance/benchmark_results, /rosout, /performance/benchmark, /performance/command, /performance/metrics, /performance/alert] Benchmark completed with overall score: 0.63
1788084620.816026926 INFO /performance_monitor [performance_monitor.py:381(PerformanceMonitor.benchmark_fps)] [topics: /diagnostic_status, /performance/benchmark_results, /rosout, /performance/benchmark, /performance/command, /performance/metrics, /performance/alert] Running FPS benchmark...
1788084625.820411205 INFO /performance_monitor [performance_monitor.py:414(PerformanceMonitor.benchmark_cpu)] [topics: /diagnostic_status, /performance/benchmark_results, /rosout, /performance/benchmark, /performance/command, /performance/metrics, /performance/alert] Running CPU benchmark...
1788084627.259798288 INFO /performance_monitor [performance_monitor.py:438(PerformanceMonitor.benchmark_memory)] [topics: /diagnostic_status, /performance/benchmark_results, /rosout, /performance/benchmark, /performance/command, /performance/metrics, /performance/alert] Running memory benchmark...
1788084627.955080270 INFO /performance_monitor [performance_monitor.py:474(PerformanceMonitor.benchmark_network)] [topics: /diagnostic_status, /performance/benchmark_results, /rosout, /performance/benchmark, /performance/command, /performance/metrics, /performance/alert] Running network benchmark...
1788084629.116881370 INFO /performance_monitor [performance_monitor.py:520(PerformanceMonitor.benchmark_application)] [topics: /diagnostic_status, /performance/benchmark_results, /rosout, /performance/benchmark, /performance/command, /performance/metrics, /performance/alert] Running application benchmark...
1788084629.214863777 INFO /performance_monitor [performance_monitor.py:373(PerformanceMonitor.run_benchmark)] [topics: /diagnostic_status, /performance/benchmark_results, /rosout, /performance/benchmark, /performance/command, /performance/metrics, /performance/alert] Benchmark completed with overall score: 0.63
1788084629.216288328 INFO /performance_monitor [performance_monitor.py:381(PerformanceMonitor.benchmark_fps)] [topics: /diagnostic_status, /performance/benchmark_results, /rosout, /performance/benchmark, /performance/command, /performance/metrics, /performance/alert] Running FPS benchmark...
1788084634.219525575 INFO /performance_monitor [performance_monitor.py:414(PerformanceMonitor.benchmark_cpu)] [topics: /diagnostic_status, /performance/benchmark_results, /rosout, /performance/benchmark, /performance/command, /performance/metrics, /performance/alert] Running CPU benchmark...
1788084635.445446729 INFO /performance_monitor [performance_monitor.py:438(PerformanceMonitor.benchmark_memory)] [topics: /diagnostic_status, /performance/benchmark_results, /rosout, /performance/benchmark, /performance/command, /performance/metrics, /performance/alert] Running memory benchmark...
1788084636.122424364 INFO /performance_monitor [performance_monitor.py:474(PerformanceMonitor.benchmark_network)] [topics: /diagnostic_status, /performance/benchmark_results, /rosout, /performance/benchmark, /performance/command, /performance/metrics, /performance/alert] Running network benchmark...
1788084637.335984468 INFO /performance_monitor [performance_monitor.py:520(PerformanceMonitor.benchmark_application)] [topics: /diagnostic_status, /performance/benchmark_results, /rosout, /performance/benchmark, /performance/command, /performance/metrics, /performance/alert] Running application benchmark...
1788084637.391050100 INFO /performance_monitor [performance_monitor.py:373(PerformanceMonitor.run_benchmark)] [topics: /diagnostic_status, /performance/benchmark_results, /rosout, /performance/benchmark, /performance/command, /performance/metrics, /performance/alert] Benchmark completed with overall score: 0.63
1788084637.393249511 INFO /performance_monitor [performance_monitor.py:381(PerformanceMonitor.benchmark_fps)] [topics: /diagnostic_status, /performance/benchmark_results, /rosout, /performance/benchmark, /performance/command, /performance/metrics, /performance/alert] Running FPS benchmark...
1788084642.396537065 INFO /performance_monitor [performance_monitor.py:414(PerformanceMonitor.benchmark_cpu)] [topics: /diagnostic_status, /performance/benchmark_results, /rosout, /performance/benchmark, /performance/command, /performance/metrics, /performance/alert] Running CPU benchmark...
1788084643.806195020 INFO /performance_monitor [performance_monitor.py:438(PerformanceMonitor.benchmark_memory)] [topics: /diagnostic_status, /performance/benchmark_results, /rosout, /performance/benchmark, /performance/command, /performance/metrics, /performance/alert] Running memory benchmark...
1788084644.529818773 INFO /performance_monitor [performance_monitor.py:474(PerformanceMonitor.benchmark_network)] [topics: /diagnostic_status, /performance/benchmark_results, /rosout, /performance/benchmark, /performance/command, /performance/metrics, /performance/alert] Running network benchmark...
1788084645.710877656 INFO /performance_monitor [performance_monitor.py:520(PerformanceMonitor.benchmark_application)] [topics: /diagnostic_status, /performance/benchmark_results, /rosout, /performance/benchmark, /performance/command, /performance/metrics, /performance/alert] Running application benchmark...
1788084645.764345169 INFO /performance_monitor [performance_monitor.py:373(PerformanceMonitor.run_benchmark)] [topics: /diagnostic_status, /performance/benchmark_results, /rosout, /performance/benchmark, /performance/command, /performance/metrics, /performance/alert] Benchmark completed with overall score: 0.63
1788084645.766185522 INFO /performance_monitor [performance_monitor.py:381(PerformanceMonitor.benchmark_fps)] [topics: /diagnostic_status, /performance/benchmark_results, /rosout, /performance/benchmark, /performance/command, /performance/metrics, /performance/alert] Running FPS benchmark...
1788084650.769614696 INFO /performance_monitor [performance_monitor.py:414(PerformanceMonitor.benchmark_cpu)] [topics: /diagnostic_status, /performance/benchmark_results, /rosout, /performance/benchmark, /performance/command, /performance/metrics, /performance/alert] Running CPU benchmark...
1788084652.026149034 INFO /performance_monitor [performance_monitor.py:438(PerformanceMonitor.benchmark_memory)] [topics: /diagnostic_status, /performance/benchmark_results, /rosout, /performance/benchmark, /performance/command, /performance/metrics, /performance/alert] Running memory benchmark...
1788084652.721235513 INFO /performance_monitor [performance_monitor.py:474(PerformanceMonitor.benchmark_network)] [topics: /diagnostic_status, /performance/benchmark_results, /rosout, /performance/benchmark, /performance/command, /performance/metrics, /performance/alert] Running network benchmark...
1788084653.906563758 INFO /performance_monitor [performance_monitor.py:520(PerformanceMonitor.benchmark_application)] [topics: /diagnostic_status, /performance/benchmark_results, /rosout, /performance/benchmark, /performance/command, /performance/metrics, /performance/alert] Running application benchmark...
1788084653.954042196 INFO /performance_monitor [performance_monitor.py:373(PerformanceMonitor.run_benchmark)] [topics: /diagnostic_status, /performance/benchmark_results, /rosout, /performance/benchmark, /performance/command, /performance/metrics, /performance/alert] Benchmark completed with overall score: 0.63
1788084653.955612182 INFO /performance_monitor [performance_monitor.py:381(PerformanceMonitor.benchmark_fps)] [topics: /diagnostic_status, /performance/benchmark_results, /rosout, /performance/benchmark, /performance/command, /performance/metrics, /performance/alert] Running FPS benchmark...
1788084658.958987951 INFO /performance_monitor [performance_monitor.py:414(PerformanceMonitor.benchmark_cpu)] [topics: /diagnostic_status, /performance/benchmark_results, /rosout, /performance/benchmark, /performance/command, /performance/metrics, /performance/alert] Running CPU benchmark...
1788084660.696385383 INFO /performance_monitor [performance_monitor.py:438(PerformanceMonitor.benchmark_memory)] [topics: /diagnostic_status, /performance/benchmark_results, /rosout, /performance/benchmark, /performance/command, /performance/metrics, /performance/alert] Running memory benchmark...
1788084661.517019748 INFO /performance_monitor [performance_monitor.py:474(PerformanceMonitor.benchmark_network)] [topics: /diagnostic_status, /performance/benchmark_results, /rosout, /performance/benchmark, /performance/command, /performance/metrics, /performance/alert] Running network benchmark...
1788084662.725342512 INFO /performance_monitor [performance_monitor.py:520(PerformanceMonitor.benchmark_application)] [topics: /diagnostic_status, /performance/benchmark_results, /rosout, /performance/benchmark, /performance/command, /performance/metrics, /performance/alert] Running application benchmark...
1788084662.772866964 INFO /performance_monitor [performance_monitor.py:373(PerformanceMonitor.run_benchmark)] [topics: /diagnostic_status, /performance/benchmark_results, /rosout, /performance/benchmark, /performance/command, /performance/metrics, /performance/alert] Benchmark completed with overall score: 0.63
1788084662.774135828 INFO /performance_monitor [performance_monitor.py:381(PerformanceMonitor.benchmark_fps)] [topics: /diagnostic_status, /performance/benchmark_results, /rosout, /performance/benchmark, /performance/command, /performance/metrics, /performance/alert] Running FPS benchmark...
1788084667.777511358 INFO /performance_monitor [performance_monitor.py:414(PerformanceMonitor.benchmark_cpu)] [topics: /diagnostic_status, /performance/benchmark_results, /rosout, /performance/benchmark, /performance/command, /performance/metrics, /performance/alert] Running CPU benchmark...
1788084669.026831626 INFO /performance_monitor [performance_monitor.py:438(PerformanceMonitor.benchmark_memory)] [topics: /diagnostic_status, /performance/benchmark_results, /rosout, /performance/benchmark, /performance/command, /performance/metrics, /performance/alert] Running memory benchmark...
1788084669.729885578 INFO /performance_monitor [performance_monitor.py:474(PerformanceMonitor.benchmark_network)] [topics: /diagnostic_status, /performance/benchmark_results, /rosout, /performance/benchmark, /performance/command, /performance/metrics, /performance/alert] Running network benchmark...
1788084670.857310295 INFO /performance_monitor [performance_monitor.py:520(PerformanceMonitor.benchmark_application)] [topics: /diagnostic_status, /performance/benchmark_results, /rosout, /performance/benchmark, /performance/command, /performance/metrics, /performance/alert] Running application benchmark...
1788084670.917888402 INFO /performance_monitor [performance_monitor.py:373(PerformanceMonitor.run_benchmark)] [topics: /diagnostic_status, /performance/benchmark_results, /rosout, /performance/benchmark, /performance/command, /performance/metrics, /performance/alert] Benchmark completed with overall score: 0.63
1788084670.919587373 INFO /performance_monitor [performance_monitor.py:381(PerformanceMonitor.benchmark_fps)] [topics: /diagnostic_status, /performance/benchmark_results, /rosout, /performance/benchmark, /performance/command, /performance/metrics, /performance/alert] Running FPS benchmark...
1788084675.922355175 INFO /performance_monitor [performance_monitor.py:414(PerformanceMonitor.benchmark_cpu)] [topics: /diagnostic_status, /performance/benchmark_results, /rosout, /performance/benchmark, /performance/command, /performance/metrics, /performance/alert] Running CPU benchmark...
1788084677.171896219 INFO /performance_monitor [performance_monitor.py:438(PerformanceMonitor.benchmark_memory)] [topics: /diagnostic_status, /performance/benchmark_results, /rosout, /performance/benchmark, /performance/command, /performance/metrics, /performance/alert] Running memory benchmark...
1788084677.882608413 INFO /performance_monitor [performance_monitor.py:474(PerformanceMonitor.benchmark_network)] [topics: /diagnostic_status, /performance/benchmark_results, /rosout, /performance/benchmark, /performance/command, /performance/metrics, /performance/alert] Running network benchmark...
1788084679.003665447 INFO /performance_monitor [performance_monitor.py:520(PerformanceMonitor.benchmark_application)] [topics: /diagnostic_status, /performance/benchmark_results, /rosout, /performance/benchmark, /performance/command, /performance/metrics, /performance/alert] Running application benchmark...
1788084679.056693553 INFO /performance_monitor [performance_monitor.py:373(PerformanceMonitor.run_benchmark)] [topics: /diagnostic_status, /performance/benchmark_results, /rosout, /performance/benchmark, /performance/command, /performance/metrics, /performance/alert] Benchmark completed with overall score: 0.63
1788084679.058020353 INFO /performance_monitor [performance_monitor.py:381(PerformanceMonitor.benchmark_fps)] [topics: /diagnostic_status, /performance/benchmark_results, /rosout, /performance/benchmark, /performance/command, /performance/metrics, /performance/alert] Running FPS benchmark...
1788084684.061047077 INFO /performance_monitor [performance_monitor.py:414(PerformanceMonitor.benchmark_cpu)] [topics: /diagnostic_status, /performance/benchmark_results, /rosout, /performance/benchmark, /performance/command, /performance/metrics, /performance/alert] Running CPU benchmark...
1788084686.306899547 INFO /performance_monitor [performance_monitor.py:438(PerformanceMonitor.benchmark_memory)] [topics: /diagnostic_status, /performance/benchmark_results, /rosout, /performance/benchmark, /performance/command, /performance/metrics, /performance/alert] Running memory benchmark...
1788084687.382308959 INFO /performance_monitor [performance_monitor.py:474(PerformanceMonitor.benchmark_network)] [topics: /diagnostic_status, /performance/benchmark_results, /rosout, /performance/benchmark, /performance/command, /performance/metrics, /performance/alert] Running network benchmark...
1788084688.549120426 INFO /performance_monitor [performance_monitor.py:520(PerformanceMonitor.benchmark_application)] [topics: /diagnostic_status, /performance/benchmark_results, /rosout, /performance/benchmark, /performance/command, /performance/metrics, /performance/alert] Running application benchmark...
1788084688.601642131 INFO /performance_monitor [performance_monitor.py:373(PerformanceMonitor.run_benchmark)] [topics: /diagnostic_status, /performance/benchmark_results, /rosout, /performance/benchmark, /performance/command, /performance/metrics, /performance/alert] Benchmark completed with overall score: 0.63
1788084688.603295326 INFO /performance_monitor [performance_monitor.py:381(PerformanceMonitor.benchmark_fps)] [topics: /diagnostic_status, /performance/benchmark_results, /rosout, /performance/benchmark, /performance/command, /performance/metrics, /performance/alert] Running FPS benchmark...
1788084693.608037948 INFO /performance_monitor [performance_monitor.py:414(PerformanceMonitor.benchmark_cpu)] [topics: /diagnostic_status, /performance/benchmark_results, /rosout, /performance/benchmark, /performance/command, /performance/metrics, /performance/alert] Running CPU benchmark...
