[rospy.client][INFO] 2026-09-01 13:18:40,855: init_node, name[/trajectory_planner], pid[1]
[xmlrpc][INFO] 2026-09-01 13:18:40,864: XML-RPC server binding to 0.0.0.0:0
[xmlrpc][INFO] 2026-09-01 13:18:40,869: Started XML-RPC server [http://trajectory:40057/]
[rospy.init][INFO] 2026-09-01 13:18:40,869: ROS Slave URI: [http://trajectory:40057/]
[rospy.impl.masterslave][INFO] 2026-09-01 13:18:40,870: _ready: http://trajectory:40057/
[rospy.registration][INFO] 2026-09-01 13:18:40,876: Registering with master node http://kamikaze:11311
[xmlrpc][INFO] 2026-09-01 13:18:40,879: xml rpc node: starting XML-RPC server
[rospy.init][INFO] 2026-09-01 13:18:40,972: registered with master
[rospy.rosout][INFO] 2026-09-01 13:18:40,972: initializing /rosout core topic
[rospy.rosout][INFO] 2026-09-01 13:18:41,031: connected to core topic /rosout
[rospy.simtime][INFO] 2026-09-01 13:18:41,036: /use_sim_time is not set, will not subscribe to simulated time [/clock] topic
[rospy.internal][INFO] 2026-09-01 13:18:41,168: topic[/mission_status] adding connection to [http://kamikaze:43831/], count 0
[rosout][INFO] 2026-09-01 13:18:41,207: Trajectory Planner initialized
[rospy.internal][INFO] 2026-09-01 13:18:41,268: topic[/rosout] adding connection to [/rosout], count 0
[rospy.internal][INFO] 2026-09-01 13:18:41,338: topic[/tracked_targets] adding connection to [http://kamikaze:40965/], count 0
[rospy.internal][INFO] 2026-09-01 13:18:47,068: topic[/tracked_targets] removing connection to http://kamikaze:40965/
[rospy.internal][INFO] 2026-09-01 13:18:56,579: topic[/tracked_targets] adding connection to [http://kamikaze:37257/], count 0
[rospy.internal][INFO] 2026-09-01 13:18:59,275: topic[/tracked_targets] removing connection to http://kamikaze:37257/
[rospy.internal][INFO] 2026-09-01 13:19:10,297: topic[/tracked_targets] adding connection to [http://kamikaze:45367/], count 0
[rospy.internal][INFO] 2026-09-01 13:19:16,637: topic[/tracked_targets] removing connection to http://kamikaze:45367/
[rospy.internal][INFO] 2026-09-01 13:19:16,781: topic[/tracked_targets] adding connection to [http://kamikaze:37313/], count 0
[rospy.internal][INFO] 2026-09-01 13:19:20,582: topic[/tracked_targets] removing connection to http://kamikaze:37313/
[rospy.internal][INFO] 2026-09-01 13:19:42,983: topic[/tracked_targets] adding connection to [http://kamikaze:36053/], count 0
[rospy.internal][INFO] 2026-09-01 13:19:46,916: topic[/tracked_targets] removing connection to http://kamikaze:36053/
[rospy.internal][INFO] 2026-09-01 13:19:46,962: topic[/tracked_targets] adding connection to [http://kamikaze:40801/], count 0
[rospy.internal][INFO] 2026-09-01 13:19:47,381: topic[/tracked_targets] removing connection to http://kamikaze:40801/
[rospy.internal][INFO] 2026-09-01 13:19:49,585: topic[/tracked_targets] adding connection to [http://kamikaze:44639/], count 0
