[rospy.client][INFO] 2026-08-30 10:18:07,001: init_node, name[/health_checker], pid[119]
[xmlrpc][INFO] 2026-08-30 10:18:07,010: XML-RPC server binding to 0.0.0.0:0
[xmlrpc][INFO] 2026-08-30 10:18:07,020: Started XML-RPC server [http://kamikaze:42339/]
[rospy.init][INFO] 2026-08-30 10:18:07,021: ROS Slave URI: [http://kamikaze:42339/]
[rospy.impl.masterslave][INFO] 2026-08-30 10:18:07,022: _ready: http://kamikaze:42339/
[rospy.registration][INFO] 2026-08-30 10:18:07,028: Registering with master node http://kamikaze:11311
[xmlrpc][INFO] 2026-08-30 10:18:07,030: xml rpc node: starting XML-RPC server
[rospy.init][INFO] 2026-08-30 10:18:07,124: registered with master
[rospy.rosout][INFO] 2026-08-30 10:18:07,125: initializing /rosout core topic
[rospy.rosout][INFO] 2026-08-30 10:18:07,182: connected to core topic /rosout
[rospy.simtime][INFO] 2026-08-30 10:18:07,189: /use_sim_time is not set, will not subscribe to simulated time [/clock] topic
[rospy.internal][INFO] 2026-08-30 10:18:07,430: topic[/vehicle_state_monitor/node_health] adding connection to [http://kamikaze:43417/], count 0
[rospy.internal][INFO] 2026-08-30 10:18:07,440: topic[/command_interpreter/node_health] adding connection to [http://kamikaze:36199/], count 0
[rospy.internal][INFO] 2026-08-30 10:18:07,468: topic[/mission_manager/node_health] adding connection to [http://kamikaze:33325/], count 0
[rosout][INFO] 2026-08-30 10:18:07,471: Health Checker initialized
[rospy.internal][INFO] 2026-08-30 10:18:07,606: topic[/rosout] adding connection to [/rosout], count 0
[rospy.internal][INFO] 2026-08-30 10:18:07,614: topic[/safety_monitor/node_health] adding connection to [http://kamikaze:36531/], count 0
[rospy.internal][INFO] 2026-08-30 10:18:08,748: topic[/target_tracking_controller/node_health] adding connection to [http://kamikaze:33057/], count 0
[rosout][WARNING] 2026-08-30 10:18:12,474: Unhealthy nodes: 2
[rosout][WARNING] 2026-08-30 10:18:12,478:   yolo_detector: No health report
[rosout][WARNING] 2026-08-30 10:18:12,490:   target_tracking_controller: No health report
[rospy.internal][INFO] 2026-08-30 10:18:12,890: topic[/yolo_detector/node_health] adding connection to [http://kamikaze:40455/], count 0
[rosout][WARNING] 2026-08-30 10:40:51,285: Unhealthy nodes: 1
[rosout][WARNING] 2026-08-30 10:40:51,306:   mission_manager: Timeout (29.6s)
[rosout][WARNING] 2026-08-30 10:40:51,313: Unhealthy nodes: 1
[rosout][WARNING] 2026-08-30 10:40:51,319:   mission_manager: Timeout (29.6s)
