[roslaunch][INFO] 2026-08-30 10:17:59,044: Checking log directory for disk usage. This may take a while.
Press Ctrl-C to interrupt
[roslaunch][INFO] 2026-08-30 10:17:59,094: Done checking log file disk usage. Usage is <1GB.
[roslaunch][INFO] 2026-08-30 10:17:59,095: roslaunch starting with args ['/opt/ros/noetic/bin/roslaunch', 'drone_control', 'kamikaze.launch', 'mode:=production']
[roslaunch][INFO] 2026-08-30 10:17:59,096: roslaunch env is environ({'ROS_VERSION': '1', 'PYTHONUNBUFFERED': '1', 'PKG_CONFIG_PATH': '/root/catkin_ws/devel/lib/pkgconfig:/opt/ros/noetic/lib/pkgconfig', 'ROS_PYTHON_VERSION': '3', 'HOSTNAME': 'kamikaze', 'ROS_PACKAGE_PATH': '/root/catkin_ws/src:/opt/ros/noetic/share', 'ROSLISP_PACKAGE_DIRECTORIES': '/root/catkin_ws/devel/share/common-lisp', 'PWD': '/root/catkin_ws', 'ENABLE_SIMULATION': 'false', 'ROS_IP': 'kamikaze', 'HOME': '/root', 'LANG': 'C.UTF-8', 'ROS_ETC_DIR': '/opt/ros/noetic/etc/ros', 'CMAKE_PREFIX_PATH': '/root/catkin_ws/devel:/opt/ros/noetic', 'PYTHONPATH': '/root/catkin_ws/devel/lib/python3/dist-packages:/root/catkin_ws/devel/lib/python3/dist-packages:/opt/ros/noetic/lib/python3/dist-packages', 'DISPLAY': ':0', 'SHLVL': '0', 'ROS_MASTER_URI': 'http://kamikaze:11311', 'ROS_HOSTNAME': 'kamikaze', 'LD_LIBRARY_PATH': '/root/catkin_ws/devel/lib:/opt/ros/noetic/lib', 'ENABLE_PERFORMANCE_MONITORING': 'true', 'LC_ALL': 'C.UTF-8', 'PATH': '/opt/ros/noetic/bin:/usr/local/sbin:/usr/local/bin:/usr/sbin:/usr/bin:/sbin:/bin', 'DEBIAN_FRONTEND': 'noninteractive', 'ROS_ROOT': '/opt/ros/noetic/share/ros', 'ROS_DISTRO': 'noetic', 'QT_X11_NO_MITSHM': '1', 'ENABLE_GUI': 'false', 'ROS_LOG_FILENAME': '/root/.ros/log/131de2e4-a45c-11f1-bc90-f2e1138a247c/roslaunch-kamikaze-1.log'})
[roslaunch][INFO] 2026-08-30 10:17:59,096: starting in server mode
[roslaunch.parent][INFO] 2026-08-30 10:17:59,097: starting roslaunch parent run
[roslaunch][INFO] 2026-08-30 10:17:59,097: loading roscore config file /opt/ros/noetic/etc/ros/roscore.xml
[roslaunch][INFO] 2026-08-30 10:17:59,954: Added core node of type [rosout/rosout] in namespace [/]
[roslaunch.config][INFO] 2026-08-30 10:17:59,954: loading config file /root/catkin_ws/src/drone_control/launch/kamikaze.launch
[roslaunch][INFO] 2026-08-30 10:18:00,112: Added node of type [drone_control/parameter_validator.py] in namespace [/]
[roslaunch][INFO] 2026-08-30 10:18:00,113: Added node of type [drone_control/command_interpreter.py] in namespace [/]
[roslaunch][INFO] 2026-08-30 10:18:00,115: Added node of type [drone_control/mission_manager.py] in namespace [/]
[roslaunch][INFO] 2026-08-30 10:18:00,116: Added node of type [drone_control/camera_calibration.py] in namespace [/]
[roslaunch][INFO] 2026-08-30 10:18:00,118: Added node of type [drone_control/yolo_detector.py] in namespace [/]
[roslaunch][INFO] 2026-08-30 10:18:00,120: Added node of type [drone_control/sensor_fusion.py] in namespace [/]
[roslaunch][INFO] 2026-08-30 10:18:00,121: Added node of type [drone_control/target_tracking_controller.py] in namespace [/]
[roslaunch][INFO] 2026-08-30 10:18:00,122: Added node of type [drone_control/vehicle_state_monitor.py] in namespace [/]
[roslaunch][INFO] 2026-08-30 10:18:00,123: Added node of type [drone_control/safety_monitor.py] in namespace [/]
[roslaunch][INFO] 2026-08-30 10:18:00,125: Added node of type [drone_control/system_health_monitor.py] in namespace [/]
[roslaunch][INFO] 2026-08-30 10:18:00,128: Added node of type [drone_control/health_checker.py] in namespace [/]
[roslaunch][INFO] 2026-08-30 10:18:00,129: ... selected machine [] for node of type [drone_control/parameter_validator.py]
[roslaunch][INFO] 2026-08-30 10:18:00,129: ... selected machine [] for node of type [drone_control/command_interpreter.py]
[roslaunch][INFO] 2026-08-30 10:18:00,130: ... selected machine [] for node of type [drone_control/mission_manager.py]
[roslaunch][INFO] 2026-08-30 10:18:00,130: ... selected machine [] for node of type [drone_control/camera_calibration.py]
[roslaunch][INFO] 2026-08-30 10:18:00,130: ... selected machine [] for node of type [drone_control/yolo_detector.py]
[roslaunch][INFO] 2026-08-30 10:18:00,130: ... selected machine [] for node of type [drone_control/sensor_fusion.py]
[roslaunch][INFO] 2026-08-30 10:18:00,131: ... selected machine [] for node of type [drone_control/target_tracking_controller.py]
[roslaunch][INFO] 2026-08-30 10:18:00,132: ... selected machine [] for node of type [drone_control/vehicle_state_monitor.py]
[roslaunch][INFO] 2026-08-30 10:18:00,132: ... selected machine [] for node of type [drone_control/safety_monitor.py]
[roslaunch][INFO] 2026-08-30 10:18:00,133: ... selected machine [] for node of type [drone_control/system_health_monitor.py]
[roslaunch][INFO] 2026-08-30 10:18:00,133: ... selected machine [] for node of type [drone_control/health_checker.py]
[roslaunch.pmon][INFO] 2026-08-30 10:18:00,144: start_process_monitor: creating ProcessMonitor
[roslaunch.pmon][INFO] 2026-08-30 10:18:00,145: created process monitor <ProcessMonitor(ProcessMonitor-1, initial daemon)>
[roslaunch.pmon][INFO] 2026-08-30 10:18:00,150: start_process_monitor: ProcessMonitor started
[roslaunch.parent][INFO] 2026-08-30 10:18:00,151: starting parent XML-RPC server
[roslaunch.server][INFO] 2026-08-30 10:18:00,152: starting roslaunch XML-RPC server
[roslaunch.server][INFO] 2026-08-30 10:18:00,152: waiting for roslaunch XML-RPC server to initialize
[xmlrpc][INFO] 2026-08-30 10:18:00,153: XML-RPC server binding to 0.0.0.0:0
[xmlrpc][INFO] 2026-08-30 10:18:00,155: Started XML-RPC server [http://kamikaze:43759/]
[xmlrpc][INFO] 2026-08-30 10:18:00,156: xml rpc node: starting XML-RPC server
[roslaunch][INFO] 2026-08-30 10:18:00,176: started roslaunch server http://kamikaze:43759/
[roslaunch.parent][INFO] 2026-08-30 10:18:00,178: ... parent XML-RPC server started
[roslaunch][INFO] 2026-08-30 10:18:00,184: master.is_running[http://kamikaze:11311]
[roslaunch][INFO] 2026-08-30 10:18:00,190: auto-starting new master
[roslaunch][INFO] 2026-08-30 10:18:00,190: create_master_process: rosmaster, /opt/ros/noetic/share/ros, 11311, 3, None, False
[roslaunch][INFO] 2026-08-30 10:18:00,191: process[master]: launching with args [['rosmaster', '--core', '-p', '11311', '-w', '3']]
[roslaunch.pmon][INFO] 2026-08-30 10:18:00,191: ProcessMonitor.register[master]
[roslaunch.pmon][INFO] 2026-08-30 10:18:00,192: ProcessMonitor.register[master] complete
[roslaunch][INFO] 2026-08-30 10:18:00,192: process[master]: starting os process
[roslaunch][INFO] 2026-08-30 10:18:00,192: process[master]: start w/ args [['rosmaster', '--core', '-p', '11311', '-w', '3', '__log:=/root/.ros/log/131de2e4-a45c-11f1-bc90-f2e1138a247c/master.log']]
[roslaunch][INFO] 2026-08-30 10:18:00,194: process[master]: cwd will be [/root/.ros]
[roslaunch][INFO] 2026-08-30 10:18:00,209: process[master]: started with pid [58]
[roslaunch][INFO] 2026-08-30 10:18:00,210: master.is_running[http://kamikaze:11311]
[roslaunch][INFO] 2026-08-30 10:18:00,313: master.is_running[http://kamikaze:11311]
[roslaunch][INFO] 2026-08-30 10:18:00,418: master.is_running[http://kamikaze:11311]
[roslaunch][INFO] 2026-08-30 10:18:00,523: master.is_running[http://kamikaze:11311]
[roslaunch][INFO] 2026-08-30 10:18:00,636: master.is_running[http://kamikaze:11311]
[roslaunch][INFO] 2026-08-30 10:18:00,742: master.is_running[http://kamikaze:11311]
[roslaunch][INFO] 2026-08-30 10:18:00,845: master.is_running[http://kamikaze:11311]
[roslaunch][INFO] 2026-08-30 10:18:00,947: master.is_running[http://kamikaze:11311]
[roslaunch][INFO] 2026-08-30 10:18:01,048: master.is_running[http://kamikaze:11311]
[roslaunch][INFO] 2026-08-30 10:18:01,150: master.is_running[http://kamikaze:11311]
[roslaunch][INFO] 2026-08-30 10:18:01,251: master.is_running[http://kamikaze:11311]
[roslaunch][INFO] 2026-08-30 10:18:01,352: master.is_running[http://kamikaze:11311]
[roslaunch][INFO] 2026-08-30 10:18:01,454: master.is_running[http://kamikaze:11311]
[roslaunch][INFO] 2026-08-30 10:18:01,561: master.is_running[http://kamikaze:11311]
[roslaunch][INFO] 2026-08-30 10:18:01,663: master.is_running[http://kamikaze:11311]
[roslaunch][INFO] 2026-08-30 10:18:01,765: master.is_running[http://kamikaze:11311]
[roslaunch][INFO] 2026-08-30 10:18:01,781: master.is_running[http://kamikaze:11311]
[roslaunch][INFO] 2026-08-30 10:18:01,791: ROS_MASTER_URI=http://kamikaze:11311
[roslaunch][INFO] 2026-08-30 10:18:01,798: setting /run_id to 131de2e4-a45c-11f1-bc90-f2e1138a247c
[roslaunch][INFO] 2026-08-30 10:18:01,802: setting /roslaunch/uris/host_kamikaze__43759' to http://kamikaze:43759/
[roslaunch][INFO] 2026-08-30 10:18:01,812: ... preparing to launch node of type [rosout/rosout]
[roslaunch][INFO] 2026-08-30 10:18:01,812: create_node_process: package[rosout] type[rosout] machine[Machine(name[] env_loader[None] address[localhost] ssh_port[22] user[None] assignable[True] timeout[10.0])] master_uri[http://kamikaze:11311]
[roslaunch][INFO] 2026-08-30 10:18:01,813: process[rosout-1]: env[{'ROS_VERSION': '1', 'PYTHONUNBUFFERED': '1', 'PKG_CONFIG_PATH': '/root/catkin_ws/devel/lib/pkgconfig:/opt/ros/noetic/lib/pkgconfig', 'ROS_PYTHON_VERSION': '3', 'HOSTNAME': 'kamikaze', 'ROS_PACKAGE_PATH': '/root/catkin_ws/src:/opt/ros/noetic/share', 'ROSLISP_PACKAGE_DIRECTORIES': '/root/catkin_ws/devel/share/common-lisp', 'PWD': '/root/catkin_ws', 'ENABLE_SIMULATION': 'false', 'ROS_IP': 'kamikaze', 'HOME': '/root', 'LANG': 'C.UTF-8', 'ROS_ETC_DIR': '/opt/ros/noetic/etc/ros', 'CMAKE_PREFIX_PATH': '/root/catkin_ws/devel:/opt/ros/noetic', 'PYTHONPATH': '/root/catkin_ws/devel/lib/python3/dist-packages:/root/catkin_ws/devel/lib/python3/dist-packages:/opt/ros/noetic/lib/python3/dist-packages', 'DISPLAY': ':0', 'SHLVL': '0', 'ROS_MASTER_URI': 'http://kamikaze:11311', 'ROS_HOSTNAME': 'kamikaze', 'LD_LIBRARY_PATH': '/root/catkin_ws/devel/lib:/opt/ros/noetic/lib', 'ENABLE_PERFORMANCE_MONITORING': 'true', 'LC_ALL': 'C.UTF-8', 'PATH': '/opt/ros/noetic/bin:/usr/local/sbin:/usr/local/bin:/usr/sbin:/usr/bin:/sbin:/bin', 'DEBIAN_FRONTEND': 'noninteractive', 'ROS_ROOT': '/opt/ros/noetic/share/ros', 'ROS_DISTRO': 'noetic', 'QT_X11_NO_MITSHM': '1', 'ENABLE_GUI': 'false', 'ROS_LOG_FILENAME': '/root/.ros/log/131de2e4-a45c-11f1-bc90-f2e1138a247c/roslaunch-kamikaze-1.log'}]
[roslaunch][INFO] 2026-08-30 10:18:01,871: process[rosout-1]: args[['/opt/ros/noetic/lib/rosout/rosout', '__name:=rosout']]
[roslaunch][INFO] 2026-08-30 10:18:01,872: ... created process [rosout-1]
[roslaunch.pmon][INFO] 2026-08-30 10:18:01,872: ProcessMonitor.register[rosout-1]
[roslaunch.pmon][INFO] 2026-08-30 10:18:01,872: ProcessMonitor.register[rosout-1] complete
[roslaunch][INFO] 2026-08-30 10:18:01,872: ... registered process [rosout-1]
[roslaunch][INFO] 2026-08-30 10:18:01,873: process[rosout-1]: starting os process
[roslaunch][INFO] 2026-08-30 10:18:01,874: process[rosout-1]: start w/ args [['/opt/ros/noetic/lib/rosout/rosout', '__name:=rosout', '__log:=/root/.ros/log/131de2e4-a45c-11f1-bc90-f2e1138a247c/rosout-1.log']]
[roslaunch][INFO] 2026-08-30 10:18:01,875: process[rosout-1]: cwd will be [/root/.ros]
[roslaunch][INFO] 2026-08-30 10:18:01,890: process[rosout-1]: started with pid [95]
[roslaunch][INFO] 2026-08-30 10:18:01,893: ... successfully launched [rosout-1]
[roslaunch][INFO] 2026-08-30 10:18:01,895: load_parameters starting ...
[roslaunch][INFO] 2026-08-30 10:18:02,398: ... load_parameters complete
[roslaunch][INFO] 2026-08-30 10:18:02,399: launch_nodes: launching local nodes ...
[roslaunch][INFO] 2026-08-30 10:18:02,405: ... preparing to launch node of type [drone_control/parameter_validator.py]
[roslaunch][INFO] 2026-08-30 10:18:02,408: create_node_process: package[drone_control] type[parameter_validator.py] machine[Machine(name[] env_loader[None] address[localhost] ssh_port[22] user[None] assignable[True] timeout[10.0])] master_uri[http://kamikaze:11311]
[roslaunch][INFO] 2026-08-30 10:18:02,408: process[parameter_validator-2]: env[{'ROS_VERSION': '1', 'PYTHONUNBUFFERED': '1', 'PKG_CONFIG_PATH': '/root/catkin_ws/devel/lib/pkgconfig:/opt/ros/noetic/lib/pkgconfig', 'ROS_PYTHON_VERSION': '3', 'HOSTNAME': 'kamikaze', 'ROS_PACKAGE_PATH': '/root/catkin_ws/src:/opt/ros/noetic/share', 'ROSLISP_PACKAGE_DIRECTORIES': '/root/catkin_ws/devel/share/common-lisp', 'PWD': '/root/catkin_ws', 'ENABLE_SIMULATION': 'false', 'ROS_IP': 'kamikaze', 'HOME': '/root', 'LANG': 'C.UTF-8', 'ROS_ETC_DIR': '/opt/ros/noetic/etc/ros', 'CMAKE_PREFIX_PATH': '/root/catkin_ws/devel:/opt/ros/noetic', 'PYTHONPATH': '/root/catkin_ws/devel/lib/python3/dist-packages:/root/catkin_ws/devel/lib/python3/dist-packages:/opt/ros/noetic/lib/python3/dist-packages', 'DISPLAY': ':0', 'SHLVL': '0', 'ROS_MASTER_URI': 'http://kamikaze:11311', 'ROS_HOSTNAME': 'kamikaze', 'LD_LIBRARY_PATH': '/root/catkin_ws/devel/lib:/opt/ros/noetic/lib', 'ENABLE_PERFORMANCE_MONITORING': 'true', 'LC_ALL': 'C.UTF-8', 'PATH': '/opt/ros/noetic/bin:/usr/local/sbin:/usr/local/bin:/usr/sbin:/usr/bin:/sbin:/bin', 'DEBIAN_FRONTEND': 'noninteractive', 'ROS_ROOT': '/opt/ros/noetic/share/ros', 'ROS_DISTRO': 'noetic', 'QT_X11_NO_MITSHM': '1', 'ENABLE_GUI': 'false', 'ROS_LOG_FILENAME': '/root/.ros/log/131de2e4-a45c-11f1-bc90-f2e1138a247c/roslaunch-kamikaze-1.log'}]
[roslaunch][INFO] 2026-08-30 10:18:02,417: process[parameter_validator-2]: args[['/root/catkin_ws/devel/lib/drone_control/parameter_validator.py', '__name:=parameter_validator']]
[roslaunch][INFO] 2026-08-30 10:18:02,417: ... created process [parameter_validator-2]
[roslaunch.pmon][INFO] 2026-08-30 10:18:02,417: ProcessMonitor.register[parameter_validator-2]
[roslaunch.pmon][INFO] 2026-08-30 10:18:02,418: ProcessMonitor.register[parameter_validator-2] complete
[roslaunch][INFO] 2026-08-30 10:18:02,418: ... registered process [parameter_validator-2]
[roslaunch][INFO] 2026-08-30 10:18:02,418: process[parameter_validator-2]: starting os process
[roslaunch][INFO] 2026-08-30 10:18:02,418: process[parameter_validator-2]: start w/ args [['/root/catkin_ws/devel/lib/drone_control/parameter_validator.py', '__name:=parameter_validator', '__log:=/root/.ros/log/131de2e4-a45c-11f1-bc90-f2e1138a247c/parameter_validator-2.log']]
[roslaunch][INFO] 2026-08-30 10:18:02,419: process[parameter_validator-2]: cwd will be [/root/.ros]
[roslaunch][INFO] 2026-08-30 10:18:02,442: process[parameter_validator-2]: started with pid [106]
[roslaunch][INFO] 2026-08-30 10:18:02,447: ... successfully launched [parameter_validator-2]
[roslaunch][INFO] 2026-08-30 10:18:02,448: ... preparing to launch node of type [drone_control/command_interpreter.py]
[roslaunch][INFO] 2026-08-30 10:18:02,448: create_node_process: package[drone_control] type[command_interpreter.py] machine[Machine(name[] env_loader[None] address[localhost] ssh_port[22] user[None] assignable[True] timeout[10.0])] master_uri[http://kamikaze:11311]
[roslaunch][INFO] 2026-08-30 10:18:02,450: process[command_interpreter-3]: env[{'ROS_VERSION': '1', 'PYTHONUNBUFFERED': '1', 'PKG_CONFIG_PATH': '/root/catkin_ws/devel/lib/pkgconfig:/opt/ros/noetic/lib/pkgconfig', 'ROS_PYTHON_VERSION': '3', 'HOSTNAME': 'kamikaze', 'ROS_PACKAGE_PATH': '/root/catkin_ws/src:/opt/ros/noetic/share', 'ROSLISP_PACKAGE_DIRECTORIES': '/root/catkin_ws/devel/share/common-lisp', 'PWD': '/root/catkin_ws', 'ENABLE_SIMULATION': 'false', 'ROS_IP': 'kamikaze', 'HOME': '/root', 'LANG': 'C.UTF-8', 'ROS_ETC_DIR': '/opt/ros/noetic/etc/ros', 'CMAKE_PREFIX_PATH': '/root/catkin_ws/devel:/opt/ros/noetic', 'PYTHONPATH': '/root/catkin_ws/devel/lib/python3/dist-packages:/root/catkin_ws/devel/lib/python3/dist-packages:/opt/ros/noetic/lib/python3/dist-packages', 'DISPLAY': ':0', 'SHLVL': '0', 'ROS_MASTER_URI': 'http://kamikaze:11311', 'ROS_HOSTNAME': 'kamikaze', 'LD_LIBRARY_PATH': '/root/catkin_ws/devel/lib:/opt/ros/noetic/lib', 'ENABLE_PERFORMANCE_MONITORING': 'true', 'LC_ALL': 'C.UTF-8', 'PATH': '/opt/ros/noetic/bin:/usr/local/sbin:/usr/local/bin:/usr/sbin:/usr/bin:/sbin:/bin', 'DEBIAN_FRONTEND': 'noninteractive', 'ROS_ROOT': '/opt/ros/noetic/share/ros', 'ROS_DISTRO': 'noetic', 'QT_X11_NO_MITSHM': '1', 'ENABLE_GUI': 'false', 'ROS_LOG_FILENAME': '/root/.ros/log/131de2e4-a45c-11f1-bc90-f2e1138a247c/roslaunch-kamikaze-1.log'}]
[roslaunch][INFO] 2026-08-30 10:18:02,454: process[command_interpreter-3]: args[['/root/catkin_ws/devel/lib/drone_control/command_interpreter.py', '__name:=command_interpreter']]
[roslaunch][INFO] 2026-08-30 10:18:02,455: ... created process [command_interpreter-3]
[roslaunch.pmon][INFO] 2026-08-30 10:18:02,455: ProcessMonitor.register[command_interpreter-3]
[roslaunch.pmon][INFO] 2026-08-30 10:18:02,455: ProcessMonitor.register[command_interpreter-3] complete
[roslaunch][INFO] 2026-08-30 10:18:02,456: ... registered process [command_interpreter-3]
[roslaunch][INFO] 2026-08-30 10:18:02,458: process[command_interpreter-3]: starting os process
[roslaunch][INFO] 2026-08-30 10:18:02,459: process[command_interpreter-3]: start w/ args [['/root/catkin_ws/devel/lib/drone_control/command_interpreter.py', '__name:=command_interpreter', '__log:=/root/.ros/log/131de2e4-a45c-11f1-bc90-f2e1138a247c/command_interpreter-3.log']]
[roslaunch][INFO] 2026-08-30 10:18:02,460: process[command_interpreter-3]: cwd will be [/root/.ros]
[roslaunch][INFO] 2026-08-30 10:18:02,479: process[command_interpreter-3]: started with pid [108]
[roslaunch][INFO] 2026-08-30 10:18:02,482: ... successfully launched [command_interpreter-3]
[roslaunch][INFO] 2026-08-30 10:18:02,483: ... preparing to launch node of type [drone_control/mission_manager.py]
[roslaunch][INFO] 2026-08-30 10:18:02,483: create_node_process: package[drone_control] type[mission_manager.py] machine[Machine(name[] env_loader[None] address[localhost] ssh_port[22] user[None] assignable[True] timeout[10.0])] master_uri[http://kamikaze:11311]
[roslaunch][INFO] 2026-08-30 10:18:02,484: process[mission_manager-4]: env[{'ROS_VERSION': '1', 'PYTHONUNBUFFERED': '1', 'PKG_CONFIG_PATH': '/root/catkin_ws/devel/lib/pkgconfig:/opt/ros/noetic/lib/pkgconfig', 'ROS_PYTHON_VERSION': '3', 'HOSTNAME': 'kamikaze', 'ROS_PACKAGE_PATH': '/root/catkin_ws/src:/opt/ros/noetic/share', 'ROSLISP_PACKAGE_DIRECTORIES': '/root/catkin_ws/devel/share/common-lisp', 'PWD': '/root/catkin_ws', 'ENABLE_SIMULATION': 'false', 'ROS_IP': 'kamikaze', 'HOME': '/root', 'LANG': 'C.UTF-8', 'ROS_ETC_DIR': '/opt/ros/noetic/etc/ros', 'CMAKE_PREFIX_PATH': '/root/catkin_ws/devel:/opt/ros/noetic', 'PYTHONPATH': '/root/catkin_ws/devel/lib/python3/dist-packages:/root/catkin_ws/devel/lib/python3/dist-packages:/opt/ros/noetic/lib/python3/dist-packages', 'DISPLAY': ':0', 'SHLVL': '0', 'ROS_MASTER_URI': 'http://kamikaze:11311', 'ROS_HOSTNAME': 'kamikaze', 'LD_LIBRARY_PATH': '/root/catkin_ws/devel/lib:/opt/ros/noetic/lib', 'ENABLE_PERFORMANCE_MONITORING': 'true', 'LC_ALL': 'C.UTF-8', 'PATH': '/opt/ros/noetic/bin:/usr/local/sbin:/usr/local/bin:/usr/sbin:/usr/bin:/sbin:/bin', 'DEBIAN_FRONTEND': 'noninteractive', 'ROS_ROOT': '/opt/ros/noetic/share/ros', 'ROS_DISTRO': 'noetic', 'QT_X11_NO_MITSHM': '1', 'ENABLE_GUI': 'false', 'ROS_LOG_FILENAME': '/root/.ros/log/131de2e4-a45c-11f1-bc90-f2e1138a247c/roslaunch-kamikaze-1.log'}]
[roslaunch][INFO] 2026-08-30 10:18:02,488: process[mission_manager-4]: args[['/root/catkin_ws/devel/lib/drone_control/mission_manager.py', '__name:=mission_manager']]
[roslaunch][INFO] 2026-08-30 10:18:02,488: ... created process [mission_manager-4]
[roslaunch.pmon][INFO] 2026-08-30 10:18:02,488: ProcessMonitor.register[mission_manager-4]
[roslaunch.pmon][INFO] 2026-08-30 10:18:02,488: ProcessMonitor.register[mission_manager-4] complete
[roslaunch][INFO] 2026-08-30 10:18:02,489: ... registered process [mission_manager-4]
[roslaunch][INFO] 2026-08-30 10:18:02,489: process[mission_manager-4]: starting os process
[roslaunch][INFO] 2026-08-30 10:18:02,490: process[mission_manager-4]: start w/ args [['/root/catkin_ws/devel/lib/drone_control/mission_manager.py', '__name:=mission_manager', '__log:=/root/.ros/log/131de2e4-a45c-11f1-bc90-f2e1138a247c/mission_manager-4.log']]
[roslaunch][INFO] 2026-08-30 10:18:02,491: process[mission_manager-4]: cwd will be [/root/.ros]
[roslaunch][INFO] 2026-08-30 10:18:02,509: process[mission_manager-4]: started with pid [109]
[roslaunch][INFO] 2026-08-30 10:18:02,511: ... successfully launched [mission_manager-4]
[roslaunch][INFO] 2026-08-30 10:18:02,512: ... preparing to launch node of type [drone_control/camera_calibration.py]
[roslaunch][INFO] 2026-08-30 10:18:02,512: create_node_process: package[drone_control] type[camera_calibration.py] machine[Machine(name[] env_loader[None] address[localhost] ssh_port[22] user[None] assignable[True] timeout[10.0])] master_uri[http://kamikaze:11311]
[roslaunch][INFO] 2026-08-30 10:18:02,513: process[camera_calibration-5]: env[{'ROS_VERSION': '1', 'PYTHONUNBUFFERED': '1', 'PKG_CONFIG_PATH': '/root/catkin_ws/devel/lib/pkgconfig:/opt/ros/noetic/lib/pkgconfig', 'ROS_PYTHON_VERSION': '3', 'HOSTNAME': 'kamikaze', 'ROS_PACKAGE_PATH': '/root/catkin_ws/src:/opt/ros/noetic/share', 'ROSLISP_PACKAGE_DIRECTORIES': '/root/catkin_ws/devel/share/common-lisp', 'PWD': '/root/catkin_ws', 'ENABLE_SIMULATION': 'false', 'ROS_IP': 'kamikaze', 'HOME': '/root', 'LANG': 'C.UTF-8', 'ROS_ETC_DIR': '/opt/ros/noetic/etc/ros', 'CMAKE_PREFIX_PATH': '/root/catkin_ws/devel:/opt/ros/noetic', 'PYTHONPATH': '/root/catkin_ws/devel/lib/python3/dist-packages:/root/catkin_ws/devel/lib/python3/dist-packages:/opt/ros/noetic/lib/python3/dist-packages', 'DISPLAY': ':0', 'SHLVL': '0', 'ROS_MASTER_URI': 'http://kamikaze:11311', 'ROS_HOSTNAME': 'kamikaze', 'LD_LIBRARY_PATH': '/root/catkin_ws/devel/lib:/opt/ros/noetic/lib', 'ENABLE_PERFORMANCE_MONITORING': 'true', 'LC_ALL': 'C.UTF-8', 'PATH': '/opt/ros/noetic/bin:/usr/local/sbin:/usr/local/bin:/usr/sbin:/usr/bin:/sbin:/bin', 'DEBIAN_FRONTEND': 'noninteractive', 'ROS_ROOT': '/opt/ros/noetic/share/ros', 'ROS_DISTRO': 'noetic', 'QT_X11_NO_MITSHM': '1', 'ENABLE_GUI': 'false', 'ROS_LOG_FILENAME': '/root/.ros/log/131de2e4-a45c-11f1-bc90-f2e1138a247c/roslaunch-kamikaze-1.log'}]
[roslaunch][INFO] 2026-08-30 10:18:02,532: process[camera_calibration-5]: args[['/root/catkin_ws/devel/lib/drone_control/camera_calibration.py', '__name:=camera_calibration']]
[roslaunch][INFO] 2026-08-30 10:18:02,532: ... created process [camera_calibration-5]
[roslaunch.pmon][INFO] 2026-08-30 10:18:02,533: ProcessMonitor.register[camera_calibration-5]
[roslaunch.pmon][INFO] 2026-08-30 10:18:02,535: ProcessMonitor.register[camera_calibration-5] complete
[roslaunch][INFO] 2026-08-30 10:18:02,535: ... registered process [camera_calibration-5]
[roslaunch][INFO] 2026-08-30 10:18:02,535: process[camera_calibration-5]: starting os process
[roslaunch][INFO] 2026-08-30 10:18:02,536: process[camera_calibration-5]: start w/ args [['/root/catkin_ws/devel/lib/drone_control/camera_calibration.py', '__name:=camera_calibration', '__log:=/root/.ros/log/131de2e4-a45c-11f1-bc90-f2e1138a247c/camera_calibration-5.log']]
[roslaunch][INFO] 2026-08-30 10:18:02,536: process[camera_calibration-5]: cwd will be [/root/.ros]
[roslaunch][INFO] 2026-08-30 10:18:02,568: process[camera_calibration-5]: started with pid [110]
[roslaunch][INFO] 2026-08-30 10:18:02,570: ... successfully launched [camera_calibration-5]
[roslaunch][INFO] 2026-08-30 10:18:02,570: ... preparing to launch node of type [drone_control/yolo_detector.py]
[roslaunch][INFO] 2026-08-30 10:18:02,570: create_node_process: package[drone_control] type[yolo_detector.py] machine[Machine(name[] env_loader[None] address[localhost] ssh_port[22] user[None] assignable[True] timeout[10.0])] master_uri[http://kamikaze:11311]
[roslaunch][INFO] 2026-08-30 10:18:02,571: process[yolo_detector-6]: env[{'ROS_VERSION': '1', 'PYTHONUNBUFFERED': '1', 'PKG_CONFIG_PATH': '/root/catkin_ws/devel/lib/pkgconfig:/opt/ros/noetic/lib/pkgconfig', 'ROS_PYTHON_VERSION': '3', 'HOSTNAME': 'kamikaze', 'ROS_PACKAGE_PATH': '/root/catkin_ws/src:/opt/ros/noetic/share', 'ROSLISP_PACKAGE_DIRECTORIES': '/root/catkin_ws/devel/share/common-lisp', 'PWD': '/root/catkin_ws', 'ENABLE_SIMULATION': 'false', 'ROS_IP': 'kamikaze', 'HOME': '/root', 'LANG': 'C.UTF-8', 'ROS_ETC_DIR': '/opt/ros/noetic/etc/ros', 'CMAKE_PREFIX_PATH': '/root/catkin_ws/devel:/opt/ros/noetic', 'PYTHONPATH': '/root/catkin_ws/devel/lib/python3/dist-packages:/root/catkin_ws/devel/lib/python3/dist-packages:/opt/ros/noetic/lib/python3/dist-packages', 'DISPLAY': ':0', 'SHLVL': '0', 'ROS_MASTER_URI': 'http://kamikaze:11311', 'ROS_HOSTNAME': 'kamikaze', 'LD_LIBRARY_PATH': '/root/catkin_ws/devel/lib:/opt/ros/noetic/lib', 'ENABLE_PERFORMANCE_MONITORING': 'true', 'LC_ALL': 'C.UTF-8', 'PATH': '/opt/ros/noetic/bin:/usr/local/sbin:/usr/local/bin:/usr/sbin:/usr/bin:/sbin:/bin', 'DEBIAN_FRONTEND': 'noninteractive', 'ROS_ROOT': '/opt/ros/noetic/share/ros', 'ROS_DISTRO': 'noetic', 'QT_X11_NO_MITSHM': '1', 'ENABLE_GUI': 'false', 'ROS_LOG_FILENAME': '/root/.ros/log/131de2e4-a45c-11f1-bc90-f2e1138a247c/roslaunch-kamikaze-1.log'}]
[roslaunch][INFO] 2026-08-30 10:18:02,576: process[yolo_detector-6]: args[['/root/catkin_ws/devel/lib/drone_control/yolo_detector.py', '__name:=yolo_detector']]
[roslaunch][INFO] 2026-08-30 10:18:02,577: ... created process [yolo_detector-6]
[roslaunch.pmon][INFO] 2026-08-30 10:18:02,577: ProcessMonitor.register[yolo_detector-6]
[roslaunch.pmon][INFO] 2026-08-30 10:18:02,577: ProcessMonitor.register[yolo_detector-6] complete
[roslaunch][INFO] 2026-08-30 10:18:02,577: ... registered process [yolo_detector-6]
[roslaunch][INFO] 2026-08-30 10:18:02,578: process[yolo_detector-6]: starting os process
[roslaunch][INFO] 2026-08-30 10:18:02,578: process[yolo_detector-6]: start w/ args [['/root/catkin_ws/devel/lib/drone_control/yolo_detector.py', '__name:=yolo_detector', '__log:=/root/.ros/log/131de2e4-a45c-11f1-bc90-f2e1138a247c/yolo_detector-6.log']]
[roslaunch][INFO] 2026-08-30 10:18:02,578: process[yolo_detector-6]: cwd will be [/root/.ros]
[roslaunch][INFO] 2026-08-30 10:18:02,644: process[yolo_detector-6]: started with pid [113]
[roslaunch][INFO] 2026-08-30 10:18:02,648: ... successfully launched [yolo_detector-6]
[roslaunch][INFO] 2026-08-30 10:18:02,649: ... preparing to launch node of type [drone_control/sensor_fusion.py]
[roslaunch][INFO] 2026-08-30 10:18:02,649: create_node_process: package[drone_control] type[sensor_fusion.py] machine[Machine(name[] env_loader[None] address[localhost] ssh_port[22] user[None] assignable[True] timeout[10.0])] master_uri[http://kamikaze:11311]
[roslaunch][INFO] 2026-08-30 10:18:02,650: process[sensor_fusion-7]: env[{'ROS_VERSION': '1', 'PYTHONUNBUFFERED': '1', 'PKG_CONFIG_PATH': '/root/catkin_ws/devel/lib/pkgconfig:/opt/ros/noetic/lib/pkgconfig', 'ROS_PYTHON_VERSION': '3', 'HOSTNAME': 'kamikaze', 'ROS_PACKAGE_PATH': '/root/catkin_ws/src:/opt/ros/noetic/share', 'ROSLISP_PACKAGE_DIRECTORIES': '/root/catkin_ws/devel/share/common-lisp', 'PWD': '/root/catkin_ws', 'ENABLE_SIMULATION': 'false', 'ROS_IP': 'kamikaze', 'HOME': '/root', 'LANG': 'C.UTF-8', 'ROS_ETC_DIR': '/opt/ros/noetic/etc/ros', 'CMAKE_PREFIX_PATH': '/root/catkin_ws/devel:/opt/ros/noetic', 'PYTHONPATH': '/root/catkin_ws/devel/lib/python3/dist-packages:/root/catkin_ws/devel/lib/python3/dist-packages:/opt/ros/noetic/lib/python3/dist-packages', 'DISPLAY': ':0', 'SHLVL': '0', 'ROS_MASTER_URI': 'http://kamikaze:11311', 'ROS_HOSTNAME': 'kamikaze', 'LD_LIBRARY_PATH': '/root/catkin_ws/devel/lib:/opt/ros/noetic/lib', 'ENABLE_PERFORMANCE_MONITORING': 'true', 'LC_ALL': 'C.UTF-8', 'PATH': '/opt/ros/noetic/bin:/usr/local/sbin:/usr/local/bin:/usr/sbin:/usr/bin:/sbin:/bin', 'DEBIAN_FRONTEND': 'noninteractive', 'ROS_ROOT': '/opt/ros/noetic/share/ros', 'ROS_DISTRO': 'noetic', 'QT_X11_NO_MITSHM': '1', 'ENABLE_GUI': 'false', 'ROS_LOG_FILENAME': '/root/.ros/log/131de2e4-a45c-11f1-bc90-f2e1138a247c/roslaunch-kamikaze-1.log'}]
[roslaunch][INFO] 2026-08-30 10:18:02,657: process[sensor_fusion-7]: args[['/root/catkin_ws/devel/lib/drone_control/sensor_fusion.py', '__name:=sensor_fusion']]
[roslaunch][INFO] 2026-08-30 10:18:02,658: ... created process [sensor_fusion-7]
[roslaunch.pmon][INFO] 2026-08-30 10:18:02,658: ProcessMonitor.register[sensor_fusion-7]
[roslaunch.pmon][INFO] 2026-08-30 10:18:02,658: ProcessMonitor.register[sensor_fusion-7] complete
[roslaunch][INFO] 2026-08-30 10:18:02,658: ... registered process [sensor_fusion-7]
[roslaunch][INFO] 2026-08-30 10:18:02,658: process[sensor_fusion-7]: starting os process
[roslaunch][INFO] 2026-08-30 10:18:02,659: process[sensor_fusion-7]: start w/ args [['/root/catkin_ws/devel/lib/drone_control/sensor_fusion.py', '__name:=sensor_fusion', '__log:=/root/.ros/log/131de2e4-a45c-11f1-bc90-f2e1138a247c/sensor_fusion-7.log']]
[roslaunch][INFO] 2026-08-30 10:18:02,659: process[sensor_fusion-7]: cwd will be [/root/.ros]
[roslaunch][INFO] 2026-08-30 10:18:02,722: process[sensor_fusion-7]: started with pid [114]
[roslaunch][INFO] 2026-08-30 10:18:02,742: ... successfully launched [sensor_fusion-7]
[roslaunch][INFO] 2026-08-30 10:18:02,742: ... preparing to launch node of type [drone_control/target_tracking_controller.py]
[roslaunch][INFO] 2026-08-30 10:18:02,742: create_node_process: package[drone_control] type[target_tracking_controller.py] machine[Machine(name[] env_loader[None] address[localhost] ssh_port[22] user[None] assignable[True] timeout[10.0])] master_uri[http://kamikaze:11311]
[roslaunch][INFO] 2026-08-30 10:18:02,745: process[target_tracking_controller-8]: env[{'ROS_VERSION': '1', 'PYTHONUNBUFFERED': '1', 'PKG_CONFIG_PATH': '/root/catkin_ws/devel/lib/pkgconfig:/opt/ros/noetic/lib/pkgconfig', 'ROS_PYTHON_VERSION': '3', 'HOSTNAME': 'kamikaze', 'ROS_PACKAGE_PATH': '/root/catkin_ws/src:/opt/ros/noetic/share', 'ROSLISP_PACKAGE_DIRECTORIES': '/root/catkin_ws/devel/share/common-lisp', 'PWD': '/root/catkin_ws', 'ENABLE_SIMULATION': 'false', 'ROS_IP': 'kamikaze', 'HOME': '/root', 'LANG': 'C.UTF-8', 'ROS_ETC_DIR': '/opt/ros/noetic/etc/ros', 'CMAKE_PREFIX_PATH': '/root/catkin_ws/devel:/opt/ros/noetic', 'PYTHONPATH': '/root/catkin_ws/devel/lib/python3/dist-packages:/root/catkin_ws/devel/lib/python3/dist-packages:/opt/ros/noetic/lib/python3/dist-packages', 'DISPLAY': ':0', 'SHLVL': '0', 'ROS_MASTER_URI': 'http://kamikaze:11311', 'ROS_HOSTNAME': 'kamikaze', 'LD_LIBRARY_PATH': '/root/catkin_ws/devel/lib:/opt/ros/noetic/lib', 'ENABLE_PERFORMANCE_MONITORING': 'true', 'LC_ALL': 'C.UTF-8', 'PATH': '/opt/ros/noetic/bin:/usr/local/sbin:/usr/local/bin:/usr/sbin:/usr/bin:/sbin:/bin', 'DEBIAN_FRONTEND': 'noninteractive', 'ROS_ROOT': '/opt/ros/noetic/share/ros', 'ROS_DISTRO': 'noetic', 'QT_X11_NO_MITSHM': '1', 'ENABLE_GUI': 'false', 'ROS_LOG_FILENAME': '/root/.ros/log/131de2e4-a45c-11f1-bc90-f2e1138a247c/roslaunch-kamikaze-1.log'}]
[roslaunch][INFO] 2026-08-30 10:18:02,752: process[target_tracking_controller-8]: args[['/root/catkin_ws/devel/lib/drone_control/target_tracking_controller.py', '__name:=target_tracking_controller']]
[roslaunch][INFO] 2026-08-30 10:18:02,753: ... created process [target_tracking_controller-8]
[roslaunch.pmon][INFO] 2026-08-30 10:18:02,753: ProcessMonitor.register[target_tracking_controller-8]
[roslaunch.pmon][INFO] 2026-08-30 10:18:02,753: ProcessMonitor.register[target_tracking_controller-8] complete
[roslaunch][INFO] 2026-08-30 10:18:02,753: ... registered process [target_tracking_controller-8]
[roslaunch][INFO] 2026-08-30 10:18:02,754: process[target_tracking_controller-8]: starting os process
[roslaunch][INFO] 2026-08-30 10:18:02,754: process[target_tracking_controller-8]: start w/ args [['/root/catkin_ws/devel/lib/drone_control/target_tracking_controller.py', '__name:=target_tracking_controller', '__log:=/root/.ros/log/131de2e4-a45c-11f1-bc90-f2e1138a247c/target_tracking_controller-8.log']]
[roslaunch][INFO] 2026-08-30 10:18:02,754: process[target_tracking_controller-8]: cwd will be [/root/.ros]
[roslaunch][INFO] 2026-08-30 10:18:02,766: process[target_tracking_controller-8]: started with pid [115]
[roslaunch][INFO] 2026-08-30 10:18:02,768: ... successfully launched [target_tracking_controller-8]
[roslaunch][INFO] 2026-08-30 10:18:02,768: ... preparing to launch node of type [drone_control/vehicle_state_monitor.py]
[roslaunch][INFO] 2026-08-30 10:18:02,768: create_node_process: package[drone_control] type[vehicle_state_monitor.py] machine[Machine(name[] env_loader[None] address[localhost] ssh_port[22] user[None] assignable[True] timeout[10.0])] master_uri[http://kamikaze:11311]
[roslaunch][INFO] 2026-08-30 10:18:02,769: process[vehicle_state_monitor-9]: env[{'ROS_VERSION': '1', 'PYTHONUNBUFFERED': '1', 'PKG_CONFIG_PATH': '/root/catkin_ws/devel/lib/pkgconfig:/opt/ros/noetic/lib/pkgconfig', 'ROS_PYTHON_VERSION': '3', 'HOSTNAME': 'kamikaze', 'ROS_PACKAGE_PATH': '/root/catkin_ws/src:/opt/ros/noetic/share', 'ROSLISP_PACKAGE_DIRECTORIES': '/root/catkin_ws/devel/share/common-lisp', 'PWD': '/root/catkin_ws', 'ENABLE_SIMULATION': 'false', 'ROS_IP': 'kamikaze', 'HOME': '/root', 'LANG': 'C.UTF-8', 'ROS_ETC_DIR': '/opt/ros/noetic/etc/ros', 'CMAKE_PREFIX_PATH': '/root/catkin_ws/devel:/opt/ros/noetic', 'PYTHONPATH': '/root/catkin_ws/devel/lib/python3/dist-packages:/root/catkin_ws/devel/lib/python3/dist-packages:/opt/ros/noetic/lib/python3/dist-packages', 'DISPLAY': ':0', 'SHLVL': '0', 'ROS_MASTER_URI': 'http://kamikaze:11311', 'ROS_HOSTNAME': 'kamikaze', 'LD_LIBRARY_PATH': '/root/catkin_ws/devel/lib:/opt/ros/noetic/lib', 'ENABLE_PERFORMANCE_MONITORING': 'true', 'LC_ALL': 'C.UTF-8', 'PATH': '/opt/ros/noetic/bin:/usr/local/sbin:/usr/local/bin:/usr/sbin:/usr/bin:/sbin:/bin', 'DEBIAN_FRONTEND': 'noninteractive', 'ROS_ROOT': '/opt/ros/noetic/share/ros', 'ROS_DISTRO': 'noetic', 'QT_X11_NO_MITSHM': '1', 'ENABLE_GUI': 'false', 'ROS_LOG_FILENAME': '/root/.ros/log/131de2e4-a45c-11f1-bc90-f2e1138a247c/roslaunch-kamikaze-1.log'}]
[roslaunch][INFO] 2026-08-30 10:18:02,776: process[vehicle_state_monitor-9]: args[['/root/catkin_ws/devel/lib/drone_control/vehicle_state_monitor.py', '__name:=vehicle_state_monitor']]
[roslaunch][INFO] 2026-08-30 10:18:02,777: ... created process [vehicle_state_monitor-9]
[roslaunch.pmon][INFO] 2026-08-30 10:18:02,777: ProcessMonitor.register[vehicle_state_monitor-9]
[roslaunch.pmon][INFO] 2026-08-30 10:18:02,777: ProcessMonitor.register[vehicle_state_monitor-9] complete
[roslaunch][INFO] 2026-08-30 10:18:02,777: ... registered process [vehicle_state_monitor-9]
[roslaunch][INFO] 2026-08-30 10:18:02,778: process[vehicle_state_monitor-9]: starting os process
[roslaunch][INFO] 2026-08-30 10:18:02,778: process[vehicle_state_monitor-9]: start w/ args [['/root/catkin_ws/devel/lib/drone_control/vehicle_state_monitor.py', '__name:=vehicle_state_monitor', '__log:=/root/.ros/log/131de2e4-a45c-11f1-bc90-f2e1138a247c/vehicle_state_monitor-9.log']]
[roslaunch][INFO] 2026-08-30 10:18:02,778: process[vehicle_state_monitor-9]: cwd will be [/root/.ros]
[roslaunch][INFO] 2026-08-30 10:18:02,837: process[vehicle_state_monitor-9]: started with pid [116]
[roslaunch][INFO] 2026-08-30 10:18:02,838: ... successfully launched [vehicle_state_monitor-9]
[roslaunch][INFO] 2026-08-30 10:18:02,839: ... preparing to launch node of type [drone_control/safety_monitor.py]
[roslaunch][INFO] 2026-08-30 10:18:02,840: create_node_process: package[drone_control] type[safety_monitor.py] machine[Machine(name[] env_loader[None] address[localhost] ssh_port[22] user[None] assignable[True] timeout[10.0])] master_uri[http://kamikaze:11311]
[roslaunch][INFO] 2026-08-30 10:18:02,841: process[safety_monitor-10]: env[{'ROS_VERSION': '1', 'PYTHONUNBUFFERED': '1', 'PKG_CONFIG_PATH': '/root/catkin_ws/devel/lib/pkgconfig:/opt/ros/noetic/lib/pkgconfig', 'ROS_PYTHON_VERSION': '3', 'HOSTNAME': 'kamikaze', 'ROS_PACKAGE_PATH': '/root/catkin_ws/src:/opt/ros/noetic/share', 'ROSLISP_PACKAGE_DIRECTORIES': '/root/catkin_ws/devel/share/common-lisp', 'PWD': '/root/catkin_ws', 'ENABLE_SIMULATION': 'false', 'ROS_IP': 'kamikaze', 'HOME': '/root', 'LANG': 'C.UTF-8', 'ROS_ETC_DIR': '/opt/ros/noetic/etc/ros', 'CMAKE_PREFIX_PATH': '/root/catkin_ws/devel:/opt/ros/noetic', 'PYTHONPATH': '/root/catkin_ws/devel/lib/python3/dist-packages:/root/catkin_ws/devel/lib/python3/dist-packages:/opt/ros/noetic/lib/python3/dist-packages', 'DISPLAY': ':0', 'SHLVL': '0', 'ROS_MASTER_URI': 'http://kamikaze:11311', 'ROS_HOSTNAME': 'kamikaze', 'LD_LIBRARY_PATH': '/root/catkin_ws/devel/lib:/opt/ros/noetic/lib', 'ENABLE_PERFORMANCE_MONITORING': 'true', 'LC_ALL': 'C.UTF-8', 'PATH': '/opt/ros/noetic/bin:/usr/local/sbin:/usr/local/bin:/usr/sbin:/usr/bin:/sbin:/bin', 'DEBIAN_FRONTEND': 'noninteractive', 'ROS_ROOT': '/opt/ros/noetic/share/ros', 'ROS_DISTRO': 'noetic', 'QT_X11_NO_MITSHM': '1', 'ENABLE_GUI': 'false', 'ROS_LOG_FILENAME': '/root/.ros/log/131de2e4-a45c-11f1-bc90-f2e1138a247c/roslaunch-kamikaze-1.log'}]
[roslaunch][INFO] 2026-08-30 10:18:02,844: process[safety_monitor-10]: args[['/root/catkin_ws/devel/lib/drone_control/safety_monitor.py', '__name:=safety_monitor']]
[roslaunch][INFO] 2026-08-30 10:18:02,845: ... created process [safety_monitor-10]
[roslaunch.pmon][INFO] 2026-08-30 10:18:02,845: ProcessMonitor.register[safety_monitor-10]
[roslaunch.pmon][INFO] 2026-08-30 10:18:02,845: ProcessMonitor.register[safety_monitor-10] complete
[roslaunch][INFO] 2026-08-30 10:18:02,845: ... registered process [safety_monitor-10]
[roslaunch][INFO] 2026-08-30 10:18:02,846: process[safety_monitor-10]: starting os process
[roslaunch][INFO] 2026-08-30 10:18:02,846: process[safety_monitor-10]: start w/ args [['/root/catkin_ws/devel/lib/drone_control/safety_monitor.py', '__name:=safety_monitor', '__log:=/root/.ros/log/131de2e4-a45c-11f1-bc90-f2e1138a247c/safety_monitor-10.log']]
[roslaunch][INFO] 2026-08-30 10:18:02,846: process[safety_monitor-10]: cwd will be [/root/.ros]
[roslaunch][INFO] 2026-08-30 10:18:02,860: process[safety_monitor-10]: started with pid [117]
[roslaunch][INFO] 2026-08-30 10:18:02,860: ... successfully launched [safety_monitor-10]
[roslaunch][INFO] 2026-08-30 10:18:02,860: ... preparing to launch node of type [drone_control/system_health_monitor.py]
[roslaunch][INFO] 2026-08-30 10:18:02,861: create_node_process: package[drone_control] type[system_health_monitor.py] machine[Machine(name[] env_loader[None] address[localhost] ssh_port[22] user[None] assignable[True] timeout[10.0])] master_uri[http://kamikaze:11311]
[roslaunch][INFO] 2026-08-30 10:18:02,861: process[system_health_monitor-11]: env[{'ROS_VERSION': '1', 'PYTHONUNBUFFERED': '1', 'PKG_CONFIG_PATH': '/root/catkin_ws/devel/lib/pkgconfig:/opt/ros/noetic/lib/pkgconfig', 'ROS_PYTHON_VERSION': '3', 'HOSTNAME': 'kamikaze', 'ROS_PACKAGE_PATH': '/root/catkin_ws/src:/opt/ros/noetic/share', 'ROSLISP_PACKAGE_DIRECTORIES': '/root/catkin_ws/devel/share/common-lisp', 'PWD': '/root/catkin_ws', 'ENABLE_SIMULATION': 'false', 'ROS_IP': 'kamikaze', 'HOME': '/root', 'LANG': 'C.UTF-8', 'ROS_ETC_DIR': '/opt/ros/noetic/etc/ros', 'CMAKE_PREFIX_PATH': '/root/catkin_ws/devel:/opt/ros/noetic', 'PYTHONPATH': '/root/catkin_ws/devel/lib/python3/dist-packages:/root/catkin_ws/devel/lib/python3/dist-packages:/opt/ros/noetic/lib/python3/dist-packages', 'DISPLAY': ':0', 'SHLVL': '0', 'ROS_MASTER_URI': 'http://kamikaze:11311', 'ROS_HOSTNAME': 'kamikaze', 'LD_LIBRARY_PATH': '/root/catkin_ws/devel/lib:/opt/ros/noetic/lib', 'ENABLE_PERFORMANCE_MONITORING': 'true', 'LC_ALL': 'C.UTF-8', 'PATH': '/opt/ros/noetic/bin:/usr/local/sbin:/usr/local/bin:/usr/sbin:/usr/bin:/sbin:/bin', 'DEBIAN_FRONTEND': 'noninteractive', 'ROS_ROOT': '/opt/ros/noetic/share/ros', 'ROS_DISTRO': 'noetic', 'QT_X11_NO_MITSHM': '1', 'ENABLE_GUI': 'false', 'ROS_LOG_FILENAME': '/root/.ros/log/131de2e4-a45c-11f1-bc90-f2e1138a247c/roslaunch-kamikaze-1.log'}]
[roslaunch][INFO] 2026-08-30 10:18:02,869: process[system_health_monitor-11]: args[['/root/catkin_ws/devel/lib/drone_control/system_health_monitor.py', '__name:=system_health_monitor']]
[roslaunch][INFO] 2026-08-30 10:18:02,870: ... created process [system_health_monitor-11]
[roslaunch.pmon][INFO] 2026-08-30 10:18:02,870: ProcessMonitor.register[system_health_monitor-11]
[roslaunch.pmon][INFO] 2026-08-30 10:18:02,870: ProcessMonitor.register[system_health_monitor-11] complete
[roslaunch][INFO] 2026-08-30 10:18:02,927: ... registered process [system_health_monitor-11]
[roslaunch][INFO] 2026-08-30 10:18:02,928: process[system_health_monitor-11]: starting os process
[roslaunch][INFO] 2026-08-30 10:18:02,928: process[system_health_monitor-11]: start w/ args [['/root/catkin_ws/devel/lib/drone_control/system_health_monitor.py', '__name:=system_health_monitor', '__log:=/root/.ros/log/131de2e4-a45c-11f1-bc90-f2e1138a247c/system_health_monitor-11.log']]
[roslaunch][INFO] 2026-08-30 10:18:02,928: process[system_health_monitor-11]: cwd will be [/root/.ros]
[roslaunch][INFO] 2026-08-30 10:18:02,948: process[system_health_monitor-11]: started with pid [118]
[roslaunch][INFO] 2026-08-30 10:18:02,950: ... successfully launched [system_health_monitor-11]
[roslaunch][INFO] 2026-08-30 10:18:02,950: ... preparing to launch node of type [drone_control/health_checker.py]
[roslaunch][INFO] 2026-08-30 10:18:02,951: create_node_process: package[drone_control] type[health_checker.py] machine[Machine(name[] env_loader[None] address[localhost] ssh_port[22] user[None] assignable[True] timeout[10.0])] master_uri[http://kamikaze:11311]
[roslaunch][INFO] 2026-08-30 10:18:02,952: process[health_checker-12]: env[{'ROS_VERSION': '1', 'PYTHONUNBUFFERED': '1', 'PKG_CONFIG_PATH': '/root/catkin_ws/devel/lib/pkgconfig:/opt/ros/noetic/lib/pkgconfig', 'ROS_PYTHON_VERSION': '3', 'HOSTNAME': 'kamikaze', 'ROS_PACKAGE_PATH': '/root/catkin_ws/src:/opt/ros/noetic/share', 'ROSLISP_PACKAGE_DIRECTORIES': '/root/catkin_ws/devel/share/common-lisp', 'PWD': '/root/catkin_ws', 'ENABLE_SIMULATION': 'false', 'ROS_IP': 'kamikaze', 'HOME': '/root', 'LANG': 'C.UTF-8', 'ROS_ETC_DIR': '/opt/ros/noetic/etc/ros', 'CMAKE_PREFIX_PATH': '/root/catkin_ws/devel:/opt/ros/noetic', 'PYTHONPATH': '/root/catkin_ws/devel/lib/python3/dist-packages:/root/catkin_ws/devel/lib/python3/dist-packages:/opt/ros/noetic/lib/python3/dist-packages', 'DISPLAY': ':0', 'SHLVL': '0', 'ROS_MASTER_URI': 'http://kamikaze:11311', 'ROS_HOSTNAME': 'kamikaze', 'LD_LIBRARY_PATH': '/root/catkin_ws/devel/lib:/opt/ros/noetic/lib', 'ENABLE_PERFORMANCE_MONITORING': 'true', 'LC_ALL': 'C.UTF-8', 'PATH': '/opt/ros/noetic/bin:/usr/local/sbin:/usr/local/bin:/usr/sbin:/usr/bin:/sbin:/bin', 'DEBIAN_FRONTEND': 'noninteractive', 'ROS_ROOT': '/opt/ros/noetic/share/ros', 'ROS_DISTRO': 'noetic', 'QT_X11_NO_MITSHM': '1', 'ENABLE_GUI': 'false', 'ROS_LOG_FILENAME': '/root/.ros/log/131de2e4-a45c-11f1-bc90-f2e1138a247c/roslaunch-kamikaze-1.log'}]
[roslaunch][INFO] 2026-08-30 10:18:02,954: process[health_checker-12]: args[['/root/catkin_ws/devel/lib/drone_control/health_checker.py', '__name:=health_checker']]
[roslaunch][INFO] 2026-08-30 10:18:02,954: ... created process [health_checker-12]
[roslaunch.pmon][INFO] 2026-08-30 10:18:02,954: ProcessMonitor.register[health_checker-12]
[roslaunch.pmon][INFO] 2026-08-30 10:18:02,954: ProcessMonitor.register[health_checker-12] complete
[roslaunch][INFO] 2026-08-30 10:18:02,954: ... registered process [health_checker-12]
[roslaunch][INFO] 2026-08-30 10:18:02,955: process[health_checker-12]: starting os process
[roslaunch][INFO] 2026-08-30 10:18:02,955: process[health_checker-12]: start w/ args [['/root/catkin_ws/devel/lib/drone_control/health_checker.py', '__name:=health_checker', '__log:=/root/.ros/log/131de2e4-a45c-11f1-bc90-f2e1138a247c/health_checker-12.log']]
[roslaunch][INFO] 2026-08-30 10:18:02,955: process[health_checker-12]: cwd will be [/root/.ros]
[roslaunch][INFO] 2026-08-30 10:18:02,972: process[health_checker-12]: started with pid [119]
[roslaunch][INFO] 2026-08-30 10:18:03,019: ... successfully launched [health_checker-12]
[roslaunch][INFO] 2026-08-30 10:18:03,019: ... launch_nodes complete
[roslaunch.pmon][INFO] 2026-08-30 10:18:03,019: registrations completed <ProcessMonitor(ProcessMonitor-1, started daemon 140737361721088)>
[roslaunch.parent][INFO] 2026-08-30 10:18:03,019: ... roslaunch parent running, waiting for process exit
[roslaunch][INFO] 2026-08-30 10:18:03,020: spin
