[rospy.client][INFO] 2026-08-30 09:30:21,284: init_node, name[/health_checker], pid[100]
[xmlrpc][INFO] 2026-08-30 09:30:21,325: XML-RPC server binding to 127.0.0.1:0
[xmlrpc][INFO] 2026-08-30 09:30:21,333: Started XML-RPC server [http://localhost:33631/]
[rospy.init][INFO] 2026-08-30 09:30:21,334: ROS Slave URI: [http://localhost:33631/]
[rospy.impl.masterslave][INFO] 2026-08-30 09:30:21,334: _ready: http://localhost:33631/
[rospy.registration][INFO] 2026-08-30 09:30:21,342: Registering with master node http://localhost:11311
[xmlrpc][INFO] 2026-08-30 09:30:21,343: xml rpc node: starting XML-RPC server
[rospy.init][INFO] 2026-08-30 09:30:21,435: registered with master
[rospy.rosout][INFO] 2026-08-30 09:30:21,442: initializing /rosout core topic
[rospy.rosout][INFO] 2026-08-30 09:30:21,611: connected to core topic /rosout
[rospy.simtime][INFO] 2026-08-30 09:30:21,621: /use_sim_time is not set, will not subscribe to simulated time [/clock] topic
[rospy.internal][INFO] 2026-08-30 09:30:21,828: topic[/command_interpreter/node_health] adding connection to [http://localhost:45669/], count 0
[rosout][INFO] 2026-08-30 09:30:21,829: Health Checker initialized
[rospy.internal][INFO] 2026-08-30 09:30:21,921: topic[/rosout] adding connection to [/rosout], count 0
[rospy.internal][INFO] 2026-08-30 09:30:22,130: topic[/vehicle_state_monitor/node_health] adding connection to [http://localhost:36505/], count 0
[rospy.internal][INFO] 2026-08-30 09:30:22,237: topic[/mission_manager/node_health] adding connection to [http://localhost:33543/], count 0
[rospy.internal][INFO] 2026-08-30 09:30:22,443: topic[/safety_monitor/node_health] adding connection to [http://localhost:34887/], count 0
[rospy.internal][INFO] 2026-08-30 09:30:23,267: topic[/target_tracking_controller/node_health] adding connection to [http://localhost:38975/], count 0
[rosout][WARNING] 2026-08-30 09:30:26,835: Unhealthy nodes: 2
[rosout][WARNING] 2026-08-30 09:30:26,840:   yolo_detector: No health report
[rosout][WARNING] 2026-08-30 09:30:26,844:   target_tracking_controller: No health report
[rospy.internal][INFO] 2026-08-30 09:30:27,236: topic[/yolo_detector/node_health] adding connection to [http://localhost:38823/], count 0
[rospy.core][INFO] 2026-08-30 09:41:54,177: signal_shutdown [signal-2]
[rospy.internal][INFO] 2026-08-30 09:41:54,204: topic[/target_tracking_controller/node_health] removing connection to http://localhost:38975/
[rospy.internal][INFO] 2026-08-30 09:41:54,234: topic[/command_interpreter/node_health] removing connection to http://localhost:45669/
[rospy.internal][INFO] 2026-08-30 09:41:54,241: topic[/mission_manager/node_health] removing connection to http://localhost:33543/
[rospy.internal][INFO] 2026-08-30 09:41:54,249: topic[/rosout] removing connection to /rosout
[rospy.internal][INFO] 2026-08-30 09:41:54,250: topic[/yolo_detector/node_health] removing connection to http://localhost:38823/
[rospy.internal][INFO] 2026-08-30 09:41:54,251: topic[/vehicle_state_monitor/node_health] removing connection to http://localhost:36505/
[rospy.internal][INFO] 2026-08-30 09:41:54,251: topic[/safety_monitor/node_health] removing connection to http://localhost:34887/
[rospy.impl.masterslave][INFO] 2026-08-30 09:41:54,251: signal-2
[rospy.core][INFO] 2026-08-30 09:41:54,805: signal_shutdown [atexit]
