[rospy.client][INFO] 2026-08-30 09:30:21,791: init_node, name[/mission_manager], pid[92]
[xmlrpc][INFO] 2026-08-30 09:30:21,800: XML-RPC server binding to 127.0.0.1:0
[xmlrpc][INFO] 2026-08-30 09:30:21,803: Started XML-RPC server [http://localhost:33543/]
[rospy.impl.masterslave][INFO] 2026-08-30 09:30:21,803: _ready: http://localhost:33543/
[rospy.init][INFO] 2026-08-30 09:30:21,805: ROS Slave URI: [http://localhost:33543/]
[rospy.registration][INFO] 2026-08-30 09:30:21,808: Registering with master node http://localhost:11311
[xmlrpc][INFO] 2026-08-30 09:30:21,809: xml rpc node: starting XML-RPC server
[rospy.init][INFO] 2026-08-30 09:30:21,910: registered with master
[rospy.rosout][INFO] 2026-08-30 09:30:21,910: initializing /rosout core topic
[rospy.rosout][INFO] 2026-08-30 09:30:22,004: connected to core topic /rosout
[rospy.simtime][INFO] 2026-08-30 09:30:22,027: /use_sim_time is not set, will not subscribe to simulated time [/clock] topic
[rosout][INFO] 2026-08-30 09:30:22,189: Mission Manager initialized
[rospy.internal][INFO] 2026-08-30 09:30:22,240: topic[/rosout] adding connection to [/rosout], count 0
[rospy.internal][INFO] 2026-08-30 09:30:22,242: topic[/mission_manager/node_health] adding connection to [/health_checker], count 0
[rospy.internal][INFO] 2026-08-30 09:30:22,446: topic[/safety_status] adding connection to [http://localhost:34887/], count 0
[rospy.internal][INFO] 2026-08-30 09:30:23,271: topic[/mission_status] adding connection to [/target_tracking_controller], count 0
[rospy.internal][INFO] 2026-08-30 09:30:23,278: topic[/tracked_targets] adding connection to [http://localhost:38975/], count 0
[rospy.internal][INFO] 2026-08-30 09:30:27,252: topic[/mission_status] adding connection to [/yolo_detector], count 1
[rospy.core][INFO] 2026-08-30 09:41:54,188: signal_shutdown [signal-2]
[rospy.internal][INFO] 2026-08-30 09:41:54,211: topic[/tracked_targets] removing connection to http://localhost:38975/
[rospy.internal][INFO] 2026-08-30 09:41:54,212: topic[/mission_status] removing connection to /target_tracking_controller
[rospy.internal][INFO] 2026-08-30 09:41:54,238: topic[/rosout] removing connection to /rosout
[rospy.internal][INFO] 2026-08-30 09:41:54,239: topic[/mission_status] removing connection to /yolo_detector
[rospy.internal][INFO] 2026-08-30 09:41:54,240: topic[/mission_manager/node_health] removing connection to /health_checker
[rospy.internal][INFO] 2026-08-30 09:41:54,240: topic[/safety_status] removing connection to http://localhost:34887/
[rospy.impl.masterslave][INFO] 2026-08-30 09:41:54,242: signal-2
[rospy.core][INFO] 2026-08-30 09:41:54,826: signal_shutdown [atexit]
