

1788082213.074630563  Node Startup
1788082221.319813966 INFO /system_health_monitor [system_health_monitor.py:77(SystemHealthMonitor.__init__)] [topics: /rosout, /health/check_all, /system_health, /performance_metrics, /system_alert, /diagnostic_status] System Health Monitor initialized
1788082221.394454002 INFO /command_interpreter [command_interpreter.py:65(CommandInterpreter.__init__)] [topics: /command_interpreter/node_health, /drone_control/command_response, /rosout, /drone_control/command] Command Interpreter initialized
1788082221.419087886 INFO /sensor_fusion [sensor_fusion.py:40(SensorFusion.__init__)] [topics: /mavros/local_position/pose, /rosout, /sensor_fusion/node_health, /mavros/global_position/global, /mavros/imu/data] Sensor Fusion initialized
1788082221.734703302 INFO /parameter_validator [parameter_validator.py:65(ParameterValidator.__init__)] [topics: /rosout] Parameter validator initialized successfully
1788082221.845628023 INFO /health_checker [health_checker.py:58(HealthChecker.__init__)] [topics: /vehicle_state_monitor/node_health, /yolo_detector/node_health, /command_interpreter/node_health, /mission_manager/node_health, /system_health, /target_tracking_controller/node_health, /rosout, /safety_monitor/node_health] Health Checker initialized
1788082221.833231210 INFO /camera_calibration [camera_calibration.py:29(CameraCalibration.__init__)] [topics: /rosout, /tf, /camera/camera_info] Camera calibration node started
1788082222.143474340 INFO /vehicle_state_monitor [vehicle_state_monitor.py:83(VehicleStateMonitor.__init__)] [topics: /drone_status, /battery_percentage, /diagnostic_status, /rosout, /mavros/local_position/velocity, /mavros/state, /mavros/battery, /vehicle_state_monitor/node_health] Vehicle State Monitor started
1788082222.193072795 INFO /mission_manager [mission_manager.py:115(MissionManager.__init__)] [topics: /drone_control/command, /mission_manager/node_health, /safety_status, /mission_status, /tracked_targets, /rosout] Mission Manager initialized
1788082222.390582561 INFO /safety_monitor [safety_monitor.py:78(SafetyMonitor.__init__)] [topics: /safety_monitor/node_health, /mavros/local_position/velocity, /mavros/local_position/pose, /emergency_triggered, /safety_status, /rosout, /mavros/state] Health publisher: /safety_monitor/node_health
1788082225.388717889 WARN /target_tracking_controller [target_tracking_controller.py:103(TargetTrackingController.__init__)] [topics: /mavros/local_position/odom, /mavros/setpoint_raw/local, /rosout, /detected_objects, /mavros/setpoint_velocity/cmd_vel_unstamped, /mavros/state, /tracked_targets, /target_tracking_controller/node_health, /mission_status] MAVROS set_mode service not available: timeout exceeded while waiting for service /mavros/set_mode
1788082226.839500188 WARN /health_checker [health_checker.py:90(HealthChecker._check_health)] [topics: /vehicle_state_monitor/node_health, /yolo_detector/node_health, /command_interpreter/node_health, /mission_manager/node_health, /system_health, /target_tracking_controller/node_health, /rosout, /safety_monitor/node_health] Unhealthy nodes: 2
1788082226.843310594 WARN /health_checker [health_checker.py:92(HealthChecker._check_health)] [topics: /vehicle_state_monitor/node_health, /yolo_detector/node_health, /command_interpreter/node_health, /mission_manager/node_health, /system_health, /target_tracking_controller/node_health, /rosout, /safety_monitor/node_health]   yolo_detector: No health report
1788082226.846511125 WARN /health_checker [health_checker.py:92(HealthChecker._check_health)] [topics: /vehicle_state_monitor/node_health, /yolo_detector/node_health, /command_interpreter/node_health, /mission_manager/node_health, /system_health, /target_tracking_controller/node_health, /rosout, /safety_monitor/node_health]   target_tracking_controller: No health report
1788082227.202049493 INFO /yolo_detector [yolo_detector.py:102(YOLODetector._load_model)] [topics: /command_response, /yolo_detector/node_health, /rosout, /mission_status, /drone_control/command] Loading YOLO model from: /PX4-Autopilot/yolov8s.pt
1788082227.448258161 INFO /yolo_detector [yolo_detector.py:121(YOLODetector._load_model)] [topics: /command_response, /yolo_detector/node_health, /rosout, /mission_status, /drone_control/command] YOLO model loaded successfully!
1788082227.457102775 INFO /yolo_detector [yolo_detector.py:96(YOLODetector.__init__)] [topics: /detected_objects, /command_response, /yolo_detector/node_health, /drone_control/command, /rosout, /mission_status, /camera/color/image_raw] YOLO Detector initialized in production mode
1788082227.459830284 INFO /yolo_detector [yolo_detector.py:97(YOLODetector.__init__)] [topics: /detected_objects, /command_response, /yolo_detector/node_health, /drone_control/command, /rosout, /mission_status, /camera/color/image_raw] Vehicle classes: [2, 3, 5, 6, 7]
1788082227.524683713 WARN /target_tracking_controller [target_tracking_controller.py:110(TargetTrackingController.__init__)] [topics: /mavros/local_position/odom, /mavros/setpoint_raw/local, /rosout, /detected_objects, /mavros/setpoint_velocity/cmd_vel_unstamped, /mavros/state, /tracked_targets, /target_tracking_controller/node_health, /mission_status] MAVROS arming service not available: timeout exceeded while waiting for service /mavros/cmd/arming
1788082227.533363103 INFO /target_tracking_controller [target_tracking_controller.py:126(TargetTrackingController.__init__)] [topics: /mavros/local_position/odom, /mavros/setpoint_raw/local, /rosout, /detected_objects, /mavros/setpoint_velocity/cmd_vel_unstamped, /mavros/state, /tracked_targets, /target_tracking_controller/node_health, /mission_status] Target Tracking Controller started in SEARCHING mode
1788082683.963055372 INFO /performance_monitor [performance_monitor.py:100(PerformanceMonitor.__init__)] [topics: /performance/metrics, /performance/benchmark, /performance/alert, /performance/benchmark_results, /diagnostic_status, /performance/command, /rosout] Performance Monitor initialized
1788082685.972470998 INFO /performance_monitor [performance_monitor.py:113(PerformanceMonitor.start_monitoring)] [topics: /performance/metrics, /performance/benchmark, /performance/alert, /performance/benchmark_results, /diagnostic_status, /performance/command, /rosout] Performance monitoring started
1788082687.968739509 INFO /performance_monitor [performance_monitor.py:113(PerformanceMonitor.start_monitoring)] [topics: /performance/metrics, /performance/benchmark, /performance/alert, /performance/benchmark_results, /diagnostic_status, /performance/command, /rosout] Performance monitoring started
1788082689.966133832 INFO /performance_monitor [performance_monitor.py:113(PerformanceMonitor.start_monitoring)] [topics: /performance/metrics, /performance/benchmark, /performance/alert, /performance/benchmark_results, /diagnostic_status, /performance/command, /rosout] Performance monitoring started
1788082690.976156234 INFO /performance_monitor [performance_monitor.py:368(PerformanceMonitor.benchmark_fps)] [topics: /performance/metrics, /performance/benchmark, /performance/alert, /performance/benchmark_results, /diagnostic_status, /performance/command, /rosout] Running FPS benchmark...
1788082691.966456651 INFO /performance_monitor [performance_monitor.py:113(PerformanceMonitor.start_monitoring)] [topics: /performance/metrics, /performance/benchmark, /performance/alert, /performance/benchmark_results, /diagnostic_status, /performance/command, /rosout] Performance monitoring started
1788082692.973985433 INFO /performance_monitor [performance_monitor.py:368(PerformanceMonitor.benchmark_fps)] [topics: /performance/metrics, /performance/benchmark, /performance/alert, /performance/benchmark_results, /diagnostic_status, /performance/command, /rosout] Running FPS benchmark...
1788082693.970089912 INFO /performance_monitor [performance_monitor.py:113(PerformanceMonitor.start_monitoring)] [topics: /performance/metrics, /performance/benchmark, /performance/alert, /performance/benchmark_results, /diagnostic_status, /performance/command, /rosout] Performance monitoring started
1788082694.970744371 INFO /performance_monitor [performance_monitor.py:368(PerformanceMonitor.benchmark_fps)] [topics: /performance/metrics, /performance/benchmark, /performance/alert, /performance/benchmark_results, /diagnostic_status, /performance/command, /rosout] Running FPS benchmark...
1788082695.966073274 INFO /performance_monitor [performance_monitor.py:113(PerformanceMonitor.start_monitoring)] [topics: /performance/metrics, /performance/benchmark, /performance/alert, /performance/benchmark_results, /diagnostic_status, /performance/command, /rosout] Performance monitoring started
1788082695.980395078 INFO /performance_monitor [performance_monitor.py:401(PerformanceMonitor.benchmark_cpu)] [topics: /performance/metrics, /performance/benchmark, /performance/alert, /performance/benchmark_results, /diagnostic_status, /performance/command, /rosout] Running CPU benchmark...
1788082696.990123987 INFO /performance_monitor [performance_monitor.py:368(PerformanceMonitor.benchmark_fps)] [topics: /performance/metrics, /performance/benchmark, /performance/alert, /performance/benchmark_results, /diagnostic_status, /performance/command, /rosout] Running FPS benchmark...
1788082697.235023498 INFO /performance_monitor [performance_monitor.py:425(PerformanceMonitor.benchmark_memory)] [topics: /performance/metrics, /performance/benchmark, /performance/alert, /performance/benchmark_results, /diagnostic_status, /performance/command, /rosout] Running memory benchmark...
1788082697.988495111 INFO /performance_monitor [performance_monitor.py:401(PerformanceMonitor.benchmark_cpu)] [topics: /performance/metrics, /performance/benchmark, /performance/alert, /performance/benchmark_results, /diagnostic_status, /performance/command, /rosout] Running CPU benchmark...
1788082698.014057874 INFO /performance_monitor [performance_monitor.py:113(PerformanceMonitor.start_monitoring)] [topics: /performance/metrics, /performance/benchmark, /performance/alert, /performance/benchmark_results, /diagnostic_status, /performance/command, /rosout] Performance monitoring started
1788082698.055639266 INFO /performance_monitor [performance_monitor.py:461(PerformanceMonitor.benchmark_network)] [topics: /performance/metrics, /performance/benchmark, /performance/alert, /performance/benchmark_results, /diagnostic_status, /performance/command, /rosout] Running network benchmark...
1788082699.019636154 INFO /performance_monitor [performance_monitor.py:368(PerformanceMonitor.benchmark_fps)] [topics: /performance/metrics, /performance/benchmark, /performance/alert, /performance/benchmark_results, /diagnostic_status, /performance/command, /rosout] Running FPS benchmark...
1788082699.246760845 INFO /performance_monitor [performance_monitor.py:425(PerformanceMonitor.benchmark_memory)] [topics: /performance/metrics, /performance/benchmark, /performance/alert, /performance/benchmark_results, /diagnostic_status, /performance/command, /rosout] Running memory benchmark...
1788082699.969390869 INFO /performance_monitor [performance_monitor.py:461(PerformanceMonitor.benchmark_network)] [topics: /performance/metrics, /performance/benchmark, /performance/alert, /performance/benchmark_results, /diagnostic_status, /performance/command, /rosout] Running network benchmark...
1788082699.971974849 INFO /performance_monitor [performance_monitor.py:113(PerformanceMonitor.start_monitoring)] [topics: /performance/metrics, /performance/benchmark, /performance/alert, /performance/benchmark_results, /diagnostic_status, /performance/command, /rosout] Performance monitoring started
1788082699.973819971 INFO /performance_monitor [performance_monitor.py:401(PerformanceMonitor.benchmark_cpu)] [topics: /performance/metrics, /performance/benchmark, /performance/alert, /performance/benchmark_results, /diagnostic_status, /performance/command, /rosout] Running CPU benchmark...
1788082700.463414669 INFO /performance_monitor [performance_monitor.py:507(PerformanceMonitor.benchmark_application)] [topics: /performance/metrics, /performance/benchmark, /performance/alert, /performance/benchmark_results, /diagnostic_status, /performance/command, /rosout] Running application benchmark...
1788082700.609625339 INFO /performance_monitor [performance_monitor.py:360(PerformanceMonitor.run_benchmark)] [topics: /performance/metrics, /performance/benchmark, /performance/alert, /performance/benchmark_results, /diagnostic_status, /performance/command, /rosout] Benchmark completed with overall score: 0.62
1788082700.636487960 INFO /performance_monitor [performance_monitor.py:368(PerformanceMonitor.benchmark_fps)] [topics: /performance/metrics, /performance/benchmark, /performance/alert, /performance/benchmark_results, /diagnostic_status, /performance/command, /rosout] Running FPS benchmark...
1788082700.993017196 INFO /performance_monitor [performance_monitor.py:368(PerformanceMonitor.benchmark_fps)] [topics: /performance/metrics, /performance/benchmark, /performance/alert, /performance/benchmark_results, /diagnostic_status, /performance/command, /rosout] Running FPS benchmark...
1788082701.314372539 INFO /performance_monitor [performance_monitor.py:425(PerformanceMonitor.benchmark_memory)] [topics: /performance/metrics, /performance/benchmark, /performance/alert, /performance/benchmark_results, /diagnostic_status, /performance/command, /rosout] Running memory benchmark...
1788082702.014652729 INFO /performance_monitor [performance_monitor.py:113(PerformanceMonitor.start_monitoring)] [topics: /performance/metrics, /performance/benchmark, /performance/alert, /performance/benchmark_results, /diagnostic_status, /performance/command, /rosout] Performance monitoring started
1788082702.027939081 INFO /performance_monitor [performance_monitor.py:401(PerformanceMonitor.benchmark_cpu)] [topics: /performance/metrics, /performance/benchmark, /performance/alert, /performance/benchmark_results, /diagnostic_status, /performance/command, /rosout] Running CPU benchmark...
1788082702.130919456 INFO /performance_monitor [performance_monitor.py:461(PerformanceMonitor.benchmark_network)] [topics: /performance/metrics, /performance/benchmark, /performance/alert, /performance/benchmark_results, /diagnostic_status, /performance/command, /rosout] Running network benchmark...
1788082702.646277427 INFO /performance_monitor [performance_monitor.py:507(PerformanceMonitor.benchmark_application)] [topics: /performance/metrics, /performance/benchmark, /performance/alert, /performance/benchmark_results, /diagnostic_status, /performance/command, /rosout] Running application benchmark...
1788082702.757120370 INFO /performance_monitor [performance_monitor.py:360(PerformanceMonitor.run_benchmark)] [topics: /performance/metrics, /performance/benchmark, /performance/alert, /performance/benchmark_results, /diagnostic_status, /performance/command, /rosout] Benchmark completed with overall score: 0.62
1788082702.765570402 INFO /performance_monitor [performance_monitor.py:368(PerformanceMonitor.benchmark_fps)] [topics: /performance/metrics, /performance/benchmark, /performance/alert, /performance/benchmark_results, /diagnostic_status, /performance/command, /rosout] Running FPS benchmark...
1788082703.020321607 INFO /performance_monitor [performance_monitor.py:368(PerformanceMonitor.benchmark_fps)] [topics: /performance/metrics, /performance/benchmark, /performance/alert, /performance/benchmark_results, /diagnostic_status, /performance/command, /rosout] Running FPS benchmark...
1788082703.428283929 INFO /performance_monitor [performance_monitor.py:425(PerformanceMonitor.benchmark_memory)] [topics: /performance/metrics, /performance/benchmark, /performance/alert, /performance/benchmark_results, /diagnostic_status, /performance/command, /rosout] Running memory benchmark...
1788082704.008272409 INFO /performance_monitor [performance_monitor.py:113(PerformanceMonitor.start_monitoring)] [topics: /performance/metrics, /performance/benchmark, /performance/alert, /performance/benchmark_results, /diagnostic_status, /performance/command, /rosout] Performance monitoring started
1788082704.025464296 INFO /performance_monitor [performance_monitor.py:401(PerformanceMonitor.benchmark_cpu)] [topics: /performance/metrics, /performance/benchmark, /performance/alert, /performance/benchmark_results, /diagnostic_status, /performance/command, /rosout] Running CPU benchmark...
1788082704.381549119 INFO /performance_monitor [performance_monitor.py:461(PerformanceMonitor.benchmark_network)] [topics: /performance/metrics, /performance/benchmark, /performance/alert, /performance/benchmark_results, /diagnostic_status, /performance/command, /rosout] Running network benchmark...
1788082704.643758773 INFO /performance_monitor [performance_monitor.py:507(PerformanceMonitor.benchmark_application)] [topics: /performance/metrics, /performance/benchmark, /performance/alert, /performance/benchmark_results, /diagnostic_status, /performance/command, /rosout] Running application benchmark...
1788082704.742825269 INFO /performance_monitor [performance_monitor.py:360(PerformanceMonitor.run_benchmark)] [topics: /performance/metrics, /performance/benchmark, /performance/alert, /performance/benchmark_results, /diagnostic_status, /performance/command, /rosout] Benchmark completed with overall score: 0.62
1788082704.770536661 INFO /performance_monitor [performance_monitor.py:368(PerformanceMonitor.benchmark_fps)] [topics: /performance/metrics, /performance/benchmark, /performance/alert, /performance/benchmark_results, /diagnostic_status, /performance/command, /rosout] Running FPS benchmark...
1788082704.979810237 INFO /performance_monitor [performance_monitor.py:368(PerformanceMonitor.benchmark_fps)] [topics: /performance/metrics, /performance/benchmark, /performance/alert, /performance/benchmark_results, /diagnostic_status, /performance/command, /rosout] Running FPS benchmark...
1788082705.626358509 INFO /performance_monitor [performance_monitor.py:425(PerformanceMonitor.benchmark_memory)] [topics: /performance/metrics, /performance/benchmark, /performance/alert, /performance/benchmark_results, /diagnostic_status, /performance/command, /rosout] Running memory benchmark...
1788082705.649360656 INFO /performance_monitor [performance_monitor.py:401(PerformanceMonitor.benchmark_cpu)] [topics: /performance/metrics, /performance/benchmark, /performance/alert, /performance/benchmark_results, /diagnostic_status, /performance/command, /rosout] Running CPU benchmark...
1788082706.020318269 INFO /performance_monitor [performance_monitor.py:401(PerformanceMonitor.benchmark_cpu)] [topics: /performance/metrics, /performance/benchmark, /performance/alert, /performance/benchmark_results, /diagnostic_status, /performance/command, /rosout] Running CPU benchmark...
1788082706.085939645 INFO /performance_monitor [performance_monitor.py:113(PerformanceMonitor.start_monitoring)] [topics: /performance/metrics, /performance/benchmark, /performance/alert, /performance/benchmark_results, /diagnostic_status, /performance/command, /rosout] Performance monitoring started
1788082707.032076358 INFO /performance_monitor [performance_monitor.py:368(PerformanceMonitor.benchmark_fps)] [topics: /performance/metrics, /performance/benchmark, /performance/alert, /performance/benchmark_results, /diagnostic_status, /performance/command, /rosout] Running FPS benchmark...
1788082707.347581863 INFO /performance_monitor [performance_monitor.py:461(PerformanceMonitor.benchmark_network)] [topics: /performance/metrics, /performance/benchmark, /performance/alert, /performance/benchmark_results, /diagnostic_status, /performance/command, /rosout] Running network benchmark...
1788082707.478142976 INFO /performance_monitor [performance_monitor.py:507(PerformanceMonitor.benchmark_application)] [topics: /performance/metrics, /performance/benchmark, /performance/alert, /performance/benchmark_results, /diagnostic_status, /performance/command, /rosout] Running application benchmark...
1788082707.647347688 INFO /performance_monitor [performance_monitor.py:360(PerformanceMonitor.run_benchmark)] [topics: /performance/metrics, /performance/benchmark, /performance/alert, /performance/benchmark_results, /diagnostic_status, /performance/command, /rosout] Benchmark completed with overall score: 0.62
1788082707.688009738 INFO /performance_monitor [performance_monitor.py:368(PerformanceMonitor.benchmark_fps)] [topics: /performance/metrics, /performance/benchmark, /performance/alert, /performance/benchmark_results, /diagnostic_status, /performance/command, /rosout] Running FPS benchmark...
1788082707.798543930 INFO /performance_monitor [performance_monitor.py:401(PerformanceMonitor.benchmark_cpu)] [topics: /performance/metrics, /performance/benchmark, /performance/alert, /performance/benchmark_results, /diagnostic_status, /performance/command, /rosout] Running CPU benchmark...
1788082708.070384502 INFO /performance_monitor [performance_monitor.py:401(PerformanceMonitor.benchmark_cpu)] [topics: /performance/metrics, /performance/benchmark, /performance/alert, /performance/benchmark_results, /diagnostic_status, /performance/command, /rosout] Running CPU benchmark...
1788082708.107181310 INFO /performance_monitor [performance_monitor.py:113(PerformanceMonitor.start_monitoring)] [topics: /performance/metrics, /performance/benchmark, /performance/alert, /performance/benchmark_results, /diagnostic_status, /performance/command, /rosout] Performance monitoring started
1788082709.055725812 INFO /performance_monitor [performance_monitor.py:368(PerformanceMonitor.benchmark_fps)] [topics: /performance/metrics, /performance/benchmark, /performance/alert, /performance/benchmark_results, /diagnostic_status, /performance/command, /rosout] Running FPS benchmark...
1788082709.842924833 INFO /performance_monitor [performance_monitor.py:401(PerformanceMonitor.benchmark_cpu)] [topics: /performance/metrics, /performance/benchmark, /performance/alert, /performance/benchmark_results, /diagnostic_status, /performance/command, /rosout] Running CPU benchmark...
1788082709.880944967 INFO /performance_monitor [performance_monitor.py:425(PerformanceMonitor.benchmark_memory)] [topics: /performance/metrics, /performance/benchmark, /performance/alert, /performance/benchmark_results, /diagnostic_status, /performance/command, /rosout] Running memory benchmark...
1788082710.080350399 INFO /performance_monitor [performance_monitor.py:401(PerformanceMonitor.benchmark_cpu)] [topics: /performance/metrics, /performance/benchmark, /performance/alert, /performance/benchmark_results, /diagnostic_status, /performance/command, /rosout] Running CPU benchmark...
1788082710.347784757 INFO /performance_monitor [performance_monitor.py:113(PerformanceMonitor.start_monitoring)] [topics: /performance/metrics, /performance/benchmark, /performance/alert, /performance/benchmark_results, /diagnostic_status, /performance/command, /rosout] Performance monitoring started
1788082710.974428653 INFO /performance_monitor [performance_monitor.py:425(PerformanceMonitor.benchmark_memory)] [topics: /performance/metrics, /performance/benchmark, /performance/alert, /performance/benchmark_results, /diagnostic_status, /performance/command, /rosout] Running memory benchmark...
1788082711.238968133 INFO /performance_monitor [performance_monitor.py:368(PerformanceMonitor.benchmark_fps)] [topics: /performance/metrics, /performance/benchmark, /performance/alert, /performance/benchmark_results, /diagnostic_status, /performance/command, /rosout] Running FPS benchmark...
1788082712.103382825 INFO /performance_monitor [performance_monitor.py:401(PerformanceMonitor.benchmark_cpu)] [topics: /performance/metrics, /performance/benchmark, /performance/alert, /performance/benchmark_results, /diagnostic_status, /performance/command, /rosout] Running CPU benchmark...
1788082712.190650463 INFO /performance_monitor [performance_monitor.py:113(PerformanceMonitor.start_monitoring)] [topics: /performance/metrics, /performance/benchmark, /performance/alert, /performance/benchmark_results, /diagnostic_status, /performance/command, /rosout] Performance monitoring started
1788082713.212908267 INFO /performance_monitor [performance_monitor.py:401(PerformanceMonitor.benchmark_cpu)] [topics: /performance/metrics, /performance/benchmark, /performance/alert, /performance/benchmark_results, /diagnostic_status, /performance/command, /rosout] Running CPU benchmark...
1788082713.292409181 INFO /performance_monitor [performance_monitor.py:368(PerformanceMonitor.benchmark_fps)] [topics: /performance/metrics, /performance/benchmark, /performance/alert, /performance/benchmark_results, /diagnostic_status, /performance/command, /rosout] Running FPS benchmark...
1788082717.642707347 INFO /performance_monitor [performance_monitor.py:103(PerformanceMonitor.__init__)] [topics: /performance/command, /performance/alert, /diagnostic_status, /performance/benchmark, /performance/metrics, /performance/benchmark_results, /rosout] Performance Monitor initialized
1788082719.651592254 INFO /performance_monitor [performance_monitor.py:121(PerformanceMonitor.start_monitoring)] [topics: /performance/command, /performance/alert, /diagnostic_status, /performance/benchmark, /performance/metrics, /performance/benchmark_results, /rosout] Performance monitoring started
1788082724.660246372 INFO /performance_monitor [performance_monitor.py:381(PerformanceMonitor.benchmark_fps)] [topics: /performance/command, /performance/alert, /diagnostic_status, /performance/benchmark, /performance/metrics, /performance/benchmark_results, /rosout] Running FPS benchmark...
1788082729.662734746 INFO /performance_monitor [performance_monitor.py:414(PerformanceMonitor.benchmark_cpu)] [topics: /performance/command, /performance/alert, /diagnostic_status, /performance/benchmark, /performance/metrics, /performance/benchmark_results, /rosout] Running CPU benchmark...
1788082730.884781122 INFO /performance_monitor [performance_monitor.py:438(PerformanceMonitor.benchmark_memory)] [topics: /performance/command, /performance/alert, /diagnostic_status, /performance/benchmark, /performance/metrics, /performance/benchmark_results, /rosout] Running memory benchmark...
1788082731.646939277 INFO /performance_monitor [performance_monitor.py:474(PerformanceMonitor.benchmark_network)] [topics: /performance/command, /performance/alert, /diagnostic_status, /performance/benchmark, /performance/metrics, /performance/benchmark_results, /rosout] Running network benchmark...
1788082732.827824831 INFO /performance_monitor [performance_monitor.py:520(PerformanceMonitor.benchmark_application)] [topics: /performance/command, /performance/alert, /diagnostic_status, /performance/benchmark, /performance/metrics, /performance/benchmark_results, /rosout] Running application benchmark...
1788082732.886857748 INFO /performance_monitor [performance_monitor.py:373(PerformanceMonitor.run_benchmark)] [topics: /performance/command, /performance/alert, /diagnostic_status, /performance/benchmark, /performance/metrics, /performance/benchmark_results, /rosout] Benchmark completed with overall score: 0.63
1788082732.888689994 INFO /performance_monitor [performance_monitor.py:381(PerformanceMonitor.benchmark_fps)] [topics: /performance/command, /performance/alert, /diagnostic_status, /performance/benchmark, /performance/metrics, /performance/benchmark_results, /rosout] Running FPS benchmark...
1788082737.891830921 INFO /performance_monitor [performance_monitor.py:414(PerformanceMonitor.benchmark_cpu)] [topics: /performance/command, /performance/alert, /diagnostic_status, /performance/benchmark, /performance/metrics, /performance/benchmark_results, /rosout] Running CPU benchmark...
1788082739.132252693 INFO /performance_monitor [performance_monitor.py:438(PerformanceMonitor.benchmark_memory)] [topics: /performance/command, /performance/alert, /diagnostic_status, /performance/benchmark, /performance/metrics, /performance/benchmark_results, /rosout] Running memory benchmark...
1788082739.850009441 INFO /performance_monitor [performance_monitor.py:474(PerformanceMonitor.benchmark_network)] [topics: /performance/command, /performance/alert, /diagnostic_status, /performance/benchmark, /performance/metrics, /performance/benchmark_results, /rosout] Running network benchmark...
1788082741.008366584 INFO /performance_monitor [performance_monitor.py:520(PerformanceMonitor.benchmark_application)] [topics: /performance/command, /performance/alert, /diagnostic_status, /performance/benchmark, /performance/metrics, /performance/benchmark_results, /rosout] Running application benchmark...
1788082741.057314634 INFO /performance_monitor [performance_monitor.py:373(PerformanceMonitor.run_benchmark)] [topics: /performance/command, /performance/alert, /diagnostic_status, /performance/benchmark, /performance/metrics, /performance/benchmark_results, /rosout] Benchmark completed with overall score: 0.63
1788082741.058980941 INFO /performance_monitor [performance_monitor.py:381(PerformanceMonitor.benchmark_fps)] [topics: /performance/command, /performance/alert, /diagnostic_status, /performance/benchmark, /performance/metrics, /performance/benchmark_results, /rosout] Running FPS benchmark...
1788082746.062248468 INFO /performance_monitor [performance_monitor.py:414(PerformanceMonitor.benchmark_cpu)] [topics: /performance/command, /performance/alert, /diagnostic_status, /performance/benchmark, /performance/metrics, /performance/benchmark_results, /rosout] Running CPU benchmark...
1788082747.295704126 INFO /performance_monitor [performance_monitor.py:438(PerformanceMonitor.benchmark_memory)] [topics: /performance/command, /performance/alert, /diagnostic_status, /performance/benchmark, /performance/metrics, /performance/benchmark_results, /rosout] Running memory benchmark...
1788082748.010872125 INFO /performance_monitor [performance_monitor.py:474(PerformanceMonitor.benchmark_network)] [topics: /performance/command, /performance/alert, /diagnostic_status, /performance/benchmark, /performance/metrics, /performance/benchmark_results, /rosout] Running network benchmark...
1788082749.211715936 INFO /performance_monitor [performance_monitor.py:520(PerformanceMonitor.benchmark_application)] [topics: /performance/command, /performance/alert, /diagnostic_status, /performance/benchmark, /performance/metrics, /performance/benchmark_results, /rosout] Running application benchmark...
1788082749.266894102 INFO /performance_monitor [performance_monitor.py:373(PerformanceMonitor.run_benchmark)] [topics: /performance/command, /performance/alert, /diagnostic_status, /performance/benchmark, /performance/metrics, /performance/benchmark_results, /rosout] Benchmark completed with overall score: 0.63
1788082749.270037651 INFO /performance_monitor [performance_monitor.py:381(PerformanceMonitor.benchmark_fps)] [topics: /performance/command, /performance/alert, /diagnostic_status, /performance/benchmark, /performance/metrics, /performance/benchmark_results, /rosout] Running FPS benchmark...
1788082754.272889852 INFO /performance_monitor [performance_monitor.py:414(PerformanceMonitor.benchmark_cpu)] [topics: /performance/command, /performance/alert, /diagnostic_status, /performance/benchmark, /performance/metrics, /performance/benchmark_results, /rosout] Running CPU benchmark...
1788082755.519324302 INFO /performance_monitor [performance_monitor.py:438(PerformanceMonitor.benchmark_memory)] [topics: /performance/command, /performance/alert, /diagnostic_status, /performance/benchmark, /performance/metrics, /performance/benchmark_results, /rosout] Running memory benchmark...
1788082756.227102279 INFO /performance_monitor [performance_monitor.py:474(PerformanceMonitor.benchmark_network)] [topics: /performance/command, /performance/alert, /diagnostic_status, /performance/benchmark, /performance/metrics, /performance/benchmark_results, /rosout] Running network benchmark...
1788082757.423411607 INFO /performance_monitor [performance_monitor.py:520(PerformanceMonitor.benchmark_application)] [topics: /performance/command, /performance/alert, /diagnostic_status, /performance/benchmark, /performance/metrics, /performance/benchmark_results, /rosout] Running application benchmark...
1788082757.474627494 INFO /performance_monitor [performance_monitor.py:373(PerformanceMonitor.run_benchmark)] [topics: /performance/command, /performance/alert, /diagnostic_status, /performance/benchmark, /performance/metrics, /performance/benchmark_results, /rosout] Benchmark completed with overall score: 0.63
1788082757.476973533 INFO /performance_monitor [performance_monitor.py:381(PerformanceMonitor.benchmark_fps)] [topics: /performance/command, /performance/alert, /diagnostic_status, /performance/benchmark, /performance/metrics, /performance/benchmark_results, /rosout] Running FPS benchmark...
1788082762.480377435 INFO /performance_monitor [performance_monitor.py:414(PerformanceMonitor.benchmark_cpu)] [topics: /performance/command, /performance/alert, /diagnostic_status, /performance/benchmark, /performance/metrics, /performance/benchmark_results, /rosout] Running CPU benchmark...
1788082763.696147918 INFO /performance_monitor [performance_monitor.py:438(PerformanceMonitor.benchmark_memory)] [topics: /performance/command, /performance/alert, /diagnostic_status, /performance/benchmark, /performance/metrics, /performance/benchmark_results, /rosout] Running memory benchmark...
1788082764.404413223 INFO /performance_monitor [performance_monitor.py:474(PerformanceMonitor.benchmark_network)] [topics: /performance/command, /performance/alert, /diagnostic_status, /performance/benchmark, /performance/metrics, /performance/benchmark_results, /rosout] Running network benchmark...
1788082765.592374563 INFO /performance_monitor [performance_monitor.py:520(PerformanceMonitor.benchmark_application)] [topics: /performance/command, /performance/alert, /diagnostic_status, /performance/benchmark, /performance/metrics, /performance/benchmark_results, /rosout] Running application benchmark...
1788082765.642714977 INFO /performance_monitor [performance_monitor.py:373(PerformanceMonitor.run_benchmark)] [topics: /performance/command, /performance/alert, /diagnostic_status, /performance/benchmark, /performance/metrics, /performance/benchmark_results, /rosout] Benchmark completed with overall score: 0.63
1788082765.644290208 INFO /performance_monitor [performance_monitor.py:381(PerformanceMonitor.benchmark_fps)] [topics: /performance/command, /performance/alert, /diagnostic_status, /performance/benchmark, /performance/metrics, /performance/benchmark_results, /rosout] Running FPS benchmark...
1788082770.648695230 INFO /performance_monitor [performance_monitor.py:414(PerformanceMonitor.benchmark_cpu)] [topics: /performance/command, /performance/alert, /diagnostic_status, /performance/benchmark, /performance/metrics, /performance/benchmark_results, /rosout] Running CPU benchmark...
1788082771.888123035 INFO /performance_monitor [performance_monitor.py:438(PerformanceMonitor.benchmark_memory)] [topics: /performance/command, /performance/alert, /diagnostic_status, /performance/benchmark, /performance/metrics, /performance/benchmark_results, /rosout] Running memory benchmark...
1788082772.595179557 INFO /performance_monitor [performance_monitor.py:474(PerformanceMonitor.benchmark_network)] [topics: /performance/command, /performance/alert, /diagnostic_status, /performance/benchmark, /performance/metrics, /performance/benchmark_results, /rosout] Running network benchmark...
1788082773.760458707 INFO /performance_monitor [performance_monitor.py:520(PerformanceMonitor.benchmark_application)] [topics: /performance/command, /performance/alert, /diagnostic_status, /performance/benchmark, /performance/metrics, /performance/benchmark_results, /rosout] Running application benchmark...
1788082773.809803009 INFO /performance_monitor [performance_monitor.py:373(PerformanceMonitor.run_benchmark)] [topics: /performance/command, /performance/alert, /diagnostic_status, /performance/benchmark, /performance/metrics, /performance/benchmark_results, /rosout] Benchmark completed with overall score: 0.63
1788082773.811230421 INFO /performance_monitor [performance_monitor.py:381(PerformanceMonitor.benchmark_fps)] [topics: /performance/command, /performance/alert, /diagnostic_status, /performance/benchmark, /performance/metrics, /performance/benchmark_results, /rosout] Running FPS benchmark...
1788082778.814442634 INFO /performance_monitor [performance_monitor.py:414(PerformanceMonitor.benchmark_cpu)] [topics: /performance/command, /performance/alert, /diagnostic_status, /performance/benchmark, /performance/metrics, /performance/benchmark_results, /rosout] Running CPU benchmark...
1788082780.063070535 INFO /performance_monitor [performance_monitor.py:438(PerformanceMonitor.benchmark_memory)] [topics: /performance/command, /performance/alert, /diagnostic_status, /performance/benchmark, /performance/metrics, /performance/benchmark_results, /rosout] Running memory benchmark...
1788082780.773841857 INFO /performance_monitor [performance_monitor.py:474(PerformanceMonitor.benchmark_network)] [topics: /performance/command, /performance/alert, /diagnostic_status, /performance/benchmark, /performance/metrics, /performance/benchmark_results, /rosout] Running network benchmark...
1788082781.938554525 INFO /performance_monitor [performance_monitor.py:520(PerformanceMonitor.benchmark_application)] [topics: /performance/command, /performance/alert, /diagnostic_status, /performance/benchmark, /performance/metrics, /performance/benchmark_results, /rosout] Running application benchmark...
1788082781.994199752 INFO /performance_monitor [performance_monitor.py:373(PerformanceMonitor.run_benchmark)] [topics: /performance/command, /performance/alert, /diagnostic_status, /performance/benchmark, /performance/metrics, /performance/benchmark_results, /rosout] Benchmark completed with overall score: 0.63
1788082781.995470285 INFO /performance_monitor [performance_monitor.py:381(PerformanceMonitor.benchmark_fps)] [topics: /performance/command, /performance/alert, /diagnostic_status, /performance/benchmark, /performance/metrics, /performance/benchmark_results, /rosout] Running FPS benchmark...
1788082786.997595787 INFO /performance_monitor [performance_monitor.py:414(PerformanceMonitor.benchmark_cpu)] [topics: /performance/command, /performance/alert, /diagnostic_status, /performance/benchmark, /performance/metrics, /performance/benchmark_results, /rosout] Running CPU benchmark...
1788082788.227840662 INFO /performance_monitor [performance_monitor.py:438(PerformanceMonitor.benchmark_memory)] [topics: /performance/command, /performance/alert, /diagnostic_status, /performance/benchmark, /performance/metrics, /performance/benchmark_results, /rosout] Running memory benchmark...
1788082788.933978319 INFO /performance_monitor [performance_monitor.py:474(PerformanceMonitor.benchmark_network)] [topics: /performance/command, /performance/alert, /diagnostic_status, /performance/benchmark, /performance/metrics, /performance/benchmark_results, /rosout] Running network benchmark...
1788082790.129855632 INFO /performance_monitor [performance_monitor.py:520(PerformanceMonitor.benchmark_application)] [topics: /performance/command, /performance/alert, /diagnostic_status, /performance/benchmark, /performance/metrics, /performance/benchmark_results, /rosout] Running application benchmark...
1788082790.184782266 INFO /performance_monitor [performance_monitor.py:373(PerformanceMonitor.run_benchmark)] [topics: /performance/command, /performance/alert, /diagnostic_status, /performance/benchmark, /performance/metrics, /performance/benchmark_results, /rosout] Benchmark completed with overall score: 0.63
1788082790.186083316 INFO /performance_monitor [performance_monitor.py:381(PerformanceMonitor.benchmark_fps)] [topics: /performance/command, /performance/alert, /diagnostic_status, /performance/benchmark, /performance/metrics, /performance/benchmark_results, /rosout] Running FPS benchmark...
1788082795.188573598 INFO /performance_monitor [performance_monitor.py:414(PerformanceMonitor.benchmark_cpu)] [topics: /performance/command, /performance/alert, /diagnostic_status, /performance/benchmark, /performance/metrics, /performance/benchmark_results, /rosout] Running CPU benchmark...
1788082796.574667215 INFO /performance_monitor [performance_monitor.py:438(PerformanceMonitor.benchmark_memory)] [topics: /performance/command, /performance/alert, /diagnostic_status, /performance/benchmark, /performance/metrics, /performance/benchmark_results, /rosout] Running memory benchmark...
1788082797.284491062 INFO /performance_monitor [performance_monitor.py:474(PerformanceMonitor.benchmark_network)] [topics: /performance/command, /performance/alert, /diagnostic_status, /performance/benchmark, /performance/metrics, /performance/benchmark_results, /rosout] Running network benchmark...
1788082798.477748155 INFO /performance_monitor [performance_monitor.py:520(PerformanceMonitor.benchmark_application)] [topics: /performance/command, /performance/alert, /diagnostic_status, /performance/benchmark, /performance/metrics, /performance/benchmark_results, /rosout] Running application benchmark...
1788082798.528886556 INFO /performance_monitor [performance_monitor.py:373(PerformanceMonitor.run_benchmark)] [topics: /performance/command, /performance/alert, /diagnostic_status, /performance/benchmark, /performance/metrics, /performance/benchmark_results, /rosout] Benchmark completed with overall score: 0.63
1788082798.530838727 INFO /performance_monitor [performance_monitor.py:381(PerformanceMonitor.benchmark_fps)] [topics: /performance/command, /performance/alert, /diagnostic_status, /performance/benchmark, /performance/metrics, /performance/benchmark_results, /rosout] Running FPS benchmark...
1788082803.534412384 INFO /performance_monitor [performance_monitor.py:414(PerformanceMonitor.benchmark_cpu)] [topics: /performance/command, /performance/alert, /diagnostic_status, /performance/benchmark, /performance/metrics, /performance/benchmark_results, /rosout] Running CPU benchmark...
1788082804.754281997 INFO /performance_monitor [performance_monitor.py:438(PerformanceMonitor.benchmark_memory)] [topics: /performance/command, /performance/alert, /diagnostic_status, /performance/benchmark, /performance/metrics, /performance/benchmark_results, /rosout] Running memory benchmark...
1788082805.595212697 INFO /performance_monitor [performance_monitor.py:474(PerformanceMonitor.benchmark_network)] [topics: /performance/command, /performance/alert, /diagnostic_status, /performance/benchmark, /performance/metrics, /performance/benchmark_results, /rosout] Running network benchmark...
1788082806.770151615 INFO /performance_monitor [performance_monitor.py:520(PerformanceMonitor.benchmark_application)] [topics: /performance/command, /performance/alert, /diagnostic_status, /performance/benchmark, /performance/metrics, /performance/benchmark_results, /rosout] Running application benchmark...
1788082806.828026771 INFO /performance_monitor [performance_monitor.py:373(PerformanceMonitor.run_benchmark)] [topics: /performance/command, /performance/alert, /diagnostic_status, /performance/benchmark, /performance/metrics, /performance/benchmark_results, /rosout] Benchmark completed with overall score: 0.63
1788082806.831097602 INFO /performance_monitor [performance_monitor.py:381(PerformanceMonitor.benchmark_fps)] [topics: /performance/command, /performance/alert, /diagnostic_status, /performance/benchmark, /performance/metrics, /performance/benchmark_results, /rosout] Running FPS benchmark...
1788082811.837662696 INFO /performance_monitor [performance_monitor.py:414(PerformanceMonitor.benchmark_cpu)] [topics: /performance/command, /performance/alert, /diagnostic_status, /performance/benchmark, /performance/metrics, /performance/benchmark_results, /rosout] Running CPU benchmark...
1788082813.055140972 INFO /performance_monitor [performance_monitor.py:438(PerformanceMonitor.benchmark_memory)] [topics: /performance/command, /performance/alert, /diagnostic_status, /performance/benchmark, /performance/metrics, /performance/benchmark_results, /rosout] Running memory benchmark...
1788082813.774811506 INFO /performance_monitor [performance_monitor.py:474(PerformanceMonitor.benchmark_network)] [topics: /performance/command, /performance/alert, /diagnostic_status, /performance/benchmark, /performance/metrics, /performance/benchmark_results, /rosout] Running network benchmark...
1788082814.977462053 INFO /performance_monitor [performance_monitor.py:520(PerformanceMonitor.benchmark_application)] [topics: /performance/command, /performance/alert, /diagnostic_status, /performance/benchmark, /performance/metrics, /performance/benchmark_results, /rosout] Running application benchmark...
1788082815.032507658 INFO /performance_monitor [performance_monitor.py:373(PerformanceMonitor.run_benchmark)] [topics: /performance/command, /performance/alert, /diagnostic_status, /performance/benchmark, /performance/metrics, /performance/benchmark_results, /rosout] Benchmark completed with overall score: 0.63
1788082815.033819198 INFO /performance_monitor [performance_monitor.py:381(PerformanceMonitor.benchmark_fps)] [topics: /performance/command, /performance/alert, /diagnostic_status, /performance/benchmark, /performance/metrics, /performance/benchmark_results, /rosout] Running FPS benchmark...
1788082820.036561012 INFO /performance_monitor [performance_monitor.py:414(PerformanceMonitor.benchmark_cpu)] [topics: /performance/command, /performance/alert, /diagnostic_status, /performance/benchmark, /performance/metrics, /performance/benchmark_results, /rosout] Running CPU benchmark...
1788082821.265696525 INFO /performance_monitor [performance_monitor.py:438(PerformanceMonitor.benchmark_memory)] [topics: /performance/command, /performance/alert, /diagnostic_status, /performance/benchmark, /performance/metrics, /performance/benchmark_results, /rosout] Running memory benchmark...
1788082821.970989465 INFO /performance_monitor [performance_monitor.py:474(PerformanceMonitor.benchmark_network)] [topics: /performance/command, /performance/alert, /diagnostic_status, /performance/benchmark, /performance/metrics, /performance/benchmark_results, /rosout] Running network benchmark...
1788082823.150367498 INFO /performance_monitor [performance_monitor.py:520(PerformanceMonitor.benchmark_application)] [topics: /performance/command, /performance/alert, /diagnostic_status, /performance/benchmark, /performance/metrics, /performance/benchmark_results, /rosout] Running application benchmark...
1788082823.207632064 INFO /performance_monitor [performance_monitor.py:373(PerformanceMonitor.run_benchmark)] [topics: /performance/command, /performance/alert, /diagnostic_status, /performance/benchmark, /performance/metrics, /performance/benchmark_results, /rosout] Benchmark completed with overall score: 0.63
1788082823.209056138 INFO /performance_monitor [performance_monitor.py:381(PerformanceMonitor.benchmark_fps)] [topics: /performance/command, /performance/alert, /diagnostic_status, /performance/benchmark, /performance/metrics, /performance/benchmark_results, /rosout] Running FPS benchmark...
1788082828.212707519 INFO /performance_monitor [performance_monitor.py:414(PerformanceMonitor.benchmark_cpu)] [topics: /performance/command, /performance/alert, /diagnostic_status, /performance/benchmark, /performance/metrics, /performance/benchmark_results, /rosout] Running CPU benchmark...
1788082829.451090097 INFO /performance_monitor [performance_monitor.py:438(PerformanceMonitor.benchmark_memory)] [topics: /performance/command, /performance/alert, /diagnostic_status, /performance/benchmark, /performance/metrics, /performance/benchmark_results, /rosout] Running memory benchmark...
1788082830.156415224 INFO /performance_monitor [performance_monitor.py:474(PerformanceMonitor.benchmark_network)] [topics: /performance/command, /performance/alert, /diagnostic_status, /performance/benchmark, /performance/metrics, /performance/benchmark_results, /rosout] Running network benchmark...
1788082831.336187839 INFO /performance_monitor [performance_monitor.py:520(PerformanceMonitor.benchmark_application)] [topics: /performance/command, /performance/alert, /diagnostic_status, /performance/benchmark, /performance/metrics, /performance/benchmark_results, /rosout] Running application benchmark...
1788082831.385622024 INFO /performance_monitor [performance_monitor.py:373(PerformanceMonitor.run_benchmark)] [topics: /performance/command, /performance/alert, /diagnostic_status, /performance/benchmark, /performance/metrics, /performance/benchmark_results, /rosout] Benchmark completed with overall score: 0.63
1788082831.387455224 INFO /performance_monitor [performance_monitor.py:381(PerformanceMonitor.benchmark_fps)] [topics: /performance/command, /performance/alert, /diagnostic_status, /performance/benchmark, /performance/metrics, /performance/benchmark_results, /rosout] Running FPS benchmark...
1788082836.390746355 INFO /performance_monitor [performance_monitor.py:414(PerformanceMonitor.benchmark_cpu)] [topics: /performance/command, /performance/alert, /diagnostic_status, /performance/benchmark, /performance/metrics, /performance/benchmark_results, /rosout] Running CPU benchmark...
1788082837.615692377 INFO /performance_monitor [performance_monitor.py:438(PerformanceMonitor.benchmark_memory)] [topics: /performance/command, /performance/alert, /diagnostic_status, /performance/benchmark, /performance/metrics, /performance/benchmark_results, /rosout] Running memory benchmark...
1788082838.321742057 INFO /performance_monitor [performance_monitor.py:474(PerformanceMonitor.benchmark_network)] [topics: /performance/command, /performance/alert, /diagnostic_status, /performance/benchmark, /performance/metrics, /performance/benchmark_results, /rosout] Running network benchmark...
1788082839.506263732 INFO /performance_monitor [performance_monitor.py:520(PerformanceMonitor.benchmark_application)] [topics: /performance/command, /performance/alert, /diagnostic_status, /performance/benchmark, /performance/metrics, /performance/benchmark_results, /rosout] Running application benchmark...
1788082839.562952518 INFO /performance_monitor [performance_monitor.py:373(PerformanceMonitor.run_benchmark)] [topics: /performance/command, /performance/alert, /diagnostic_status, /performance/benchmark, /performance/metrics, /performance/benchmark_results, /rosout] Benchmark completed with overall score: 0.63
1788082839.570281505 INFO /performance_monitor [performance_monitor.py:381(PerformanceMonitor.benchmark_fps)] [topics: /performance/command, /performance/alert, /diagnostic_status, /performance/benchmark, /performance/metrics, /performance/benchmark_results, /rosout] Running FPS benchmark...
1788082844.572865724 INFO /performance_monitor [performance_monitor.py:414(PerformanceMonitor.benchmark_cpu)] [topics: /performance/command, /performance/alert, /diagnostic_status, /performance/benchmark, /performance/metrics, /performance/benchmark_results, /rosout] Running CPU benchmark...
1788082845.792204856 INFO /performance_monitor [performance_monitor.py:438(PerformanceMonitor.benchmark_memory)] [topics: /performance/command, /performance/alert, /diagnostic_status, /performance/benchmark, /performance/metrics, /performance/benchmark_results, /rosout] Running memory benchmark...
1788082846.499733209 INFO /performance_monitor [performance_monitor.py:474(PerformanceMonitor.benchmark_network)] [topics: /performance/command, /performance/alert, /diagnostic_status, /performance/benchmark, /performance/metrics, /performance/benchmark_results, /rosout] Running network benchmark...
1788082847.644963979 INFO /performance_monitor [performance_monitor.py:520(PerformanceMonitor.benchmark_application)] [topics: /performance/command, /performance/alert, /diagnostic_status, /performance/benchmark, /performance/metrics, /performance/benchmark_results, /rosout] Running application benchmark...
1788082847.697515249 INFO /performance_monitor [performance_monitor.py:373(PerformanceMonitor.run_benchmark)] [topics: /performance/command, /performance/alert, /diagnostic_status, /performance/benchmark, /performance/metrics, /performance/benchmark_results, /rosout] Benchmark completed with overall score: 0.63
1788082847.699058532 INFO /performance_monitor [performance_monitor.py:381(PerformanceMonitor.benchmark_fps)] [topics: /performance/command, /performance/alert, /diagnostic_status, /performance/benchmark, /performance/metrics, /performance/benchmark_results, /rosout] Running FPS benchmark...
1788082852.704650640 INFO /performance_monitor [performance_monitor.py:414(PerformanceMonitor.benchmark_cpu)] [topics: /performance/command, /performance/alert, /diagnostic_status, /performance/benchmark, /performance/metrics, /performance/benchmark_results, /rosout] Running CPU benchmark...
1788082854.378190994 INFO /performance_monitor [performance_monitor.py:438(PerformanceMonitor.benchmark_memory)] [topics: /performance/command, /performance/alert, /diagnostic_status, /performance/benchmark, /performance/metrics, /performance/benchmark_results, /rosout] Running memory benchmark...
1788082855.106129169 INFO /performance_monitor [performance_monitor.py:474(PerformanceMonitor.benchmark_network)] [topics: /performance/command, /performance/alert, /diagnostic_status, /performance/benchmark, /performance/metrics, /performance/benchmark_results, /rosout] Running network benchmark...
1788082856.286953687 INFO /performance_monitor [performance_monitor.py:520(PerformanceMonitor.benchmark_application)] [topics: /performance/command, /performance/alert, /diagnostic_status, /performance/benchmark, /performance/metrics, /performance/benchmark_results, /rosout] Running application benchmark...
1788082856.340278863 INFO /performance_monitor [performance_monitor.py:373(PerformanceMonitor.run_benchmark)] [topics: /performance/command, /performance/alert, /diagnostic_status, /performance/benchmark, /performance/metrics, /performance/benchmark_results, /rosout] Benchmark completed with overall score: 0.63
1788082856.341897487 INFO /performance_monitor [performance_monitor.py:381(PerformanceMonitor.benchmark_fps)] [topics: /performance/command, /performance/alert, /diagnostic_status, /performance/benchmark, /performance/metrics, /performance/benchmark_results, /rosout] Running FPS benchmark...
1788082861.344743967 INFO /performance_monitor [performance_monitor.py:414(PerformanceMonitor.benchmark_cpu)] [topics: /performance/command, /performance/alert, /diagnostic_status, /performance/benchmark, /performance/metrics, /performance/benchmark_results, /rosout] Running CPU benchmark...
1788082862.883148193 INFO /performance_monitor [performance_monitor.py:438(PerformanceMonitor.benchmark_memory)] [topics: /performance/command, /performance/alert, /diagnostic_status, /performance/benchmark, /performance/metrics, /performance/benchmark_results, /rosout] Running memory benchmark...
1788082863.709668159 INFO /performance_monitor [performance_monitor.py:474(PerformanceMonitor.benchmark_network)] [topics: /performance/command, /performance/alert, /diagnostic_status, /performance/benchmark, /performance/metrics, /performance/benchmark_results, /rosout] Running network benchmark...
1788082864.875016212 INFO /performance_monitor [performance_monitor.py:520(PerformanceMonitor.benchmark_application)] [topics: /performance/command, /performance/alert, /diagnostic_status, /performance/benchmark, /performance/metrics, /performance/benchmark_results, /rosout] Running application benchmark...
1788082864.934267044 INFO /performance_monitor [performance_monitor.py:373(PerformanceMonitor.run_benchmark)] [topics: /performance/command, /performance/alert, /diagnostic_status, /performance/benchmark, /performance/metrics, /performance/benchmark_results, /rosout] Benchmark completed with overall score: 0.63
1788082864.936103343 INFO /performance_monitor [performance_monitor.py:381(PerformanceMonitor.benchmark_fps)] [topics: /performance/command, /performance/alert, /diagnostic_status, /performance/benchmark, /performance/metrics, /performance/benchmark_results, /rosout] Running FPS benchmark...
1788082869.939530611 INFO /performance_monitor [performance_monitor.py:414(PerformanceMonitor.benchmark_cpu)] [topics: /performance/command, /performance/alert, /diagnostic_status, /performance/benchmark, /performance/metrics, /performance/benchmark_results, /rosout] Running CPU benchmark...
1788082871.160750865 INFO /performance_monitor [performance_monitor.py:438(PerformanceMonitor.benchmark_memory)] [topics: /performance/command, /performance/alert, /diagnostic_status, /performance/benchmark, /performance/metrics, /performance/benchmark_results, /rosout] Running memory benchmark...
1788082871.871737241 INFO /performance_monitor [performance_monitor.py:474(PerformanceMonitor.benchmark_network)] [topics: /performance/command, /performance/alert, /diagnostic_status, /performance/benchmark, /performance/metrics, /performance/benchmark_results, /rosout] Running network benchmark...
1788082873.015971660 INFO /performance_monitor [performance_monitor.py:520(PerformanceMonitor.benchmark_application)] [topics: /performance/command, /performance/alert, /diagnostic_status, /performance/benchmark, /performance/metrics, /performance/benchmark_results, /rosout] Running application benchmark...
1788082873.072018146 INFO /performance_monitor [performance_monitor.py:373(PerformanceMonitor.run_benchmark)] [topics: /performance/command, /performance/alert, /diagnostic_status, /performance/benchmark, /performance/metrics, /performance/benchmark_results, /rosout] Benchmark completed with overall score: 0.63
1788082873.074026823 INFO /performance_monitor [performance_monitor.py:381(PerformanceMonitor.benchmark_fps)] [topics: /performance/command, /performance/alert, /diagnostic_status, /performance/benchmark, /performance/metrics, /performance/benchmark_results, /rosout] Running FPS benchmark...
1788082878.078534364 INFO /performance_monitor [performance_monitor.py:414(PerformanceMonitor.benchmark_cpu)] [topics: /performance/command, /performance/alert, /diagnostic_status, /performance/benchmark, /performance/metrics, /performance/benchmark_results, /rosout] Running CPU benchmark...
1788082879.313953638 INFO /performance_monitor [performance_monitor.py:438(PerformanceMonitor.benchmark_memory)] [topics: /performance/command, /performance/alert, /diagnostic_status, /performance/benchmark, /performance/metrics, /performance/benchmark_results, /rosout] Running memory benchmark...
1788082880.023111581 INFO /performance_monitor [performance_monitor.py:474(PerformanceMonitor.benchmark_network)] [topics: /performance/command, /performance/alert, /diagnostic_status, /performance/benchmark, /performance/metrics, /performance/benchmark_results, /rosout] Running network benchmark...
1788082881.230839729 INFO /performance_monitor [performance_monitor.py:520(PerformanceMonitor.benchmark_application)] [topics: /performance/command, /performance/alert, /diagnostic_status, /performance/benchmark, /performance/metrics, /performance/benchmark_results, /rosout] Running application benchmark...
1788082881.293694972 INFO /performance_monitor [performance_monitor.py:373(PerformanceMonitor.run_benchmark)] [topics: /performance/command, /performance/alert, /diagnostic_status, /performance/benchmark, /performance/metrics, /performance/benchmark_results, /rosout] Benchmark completed with overall score: 0.63
1788082881.301828861 INFO /performance_monitor [performance_monitor.py:381(PerformanceMonitor.benchmark_fps)] [topics: /performance/command, /performance/alert, /diagnostic_status, /performance/benchmark, /performance/metrics, /performance/benchmark_results, /rosout] Running FPS benchmark...
1788082886.303969621 INFO /performance_monitor [performance_monitor.py:414(PerformanceMonitor.benchmark_cpu)] [topics: /performance/command, /performance/alert, /diagnostic_status, /performance/benchmark, /performance/metrics, /performance/benchmark_results, /rosout] Running CPU benchmark...
1788082887.555592536 INFO /performance_monitor [performance_monitor.py:438(PerformanceMonitor.benchmark_memory)] [topics: /performance/command, /performance/alert, /diagnostic_status, /performance/benchmark, /performance/metrics, /performance/benchmark_results, /rosout] Running memory benchmark...
1788082888.273812532 INFO /performance_monitor [performance_monitor.py:474(PerformanceMonitor.benchmark_network)] [topics: /performance/command, /performance/alert, /diagnostic_status, /performance/benchmark, /performance/metrics, /performance/benchmark_results, /rosout] Running network benchmark...
1788082889.472913980 INFO /performance_monitor [performance_monitor.py:520(PerformanceMonitor.benchmark_application)] [topics: /performance/command, /performance/alert, /diagnostic_status, /performance/benchmark, /performance/metrics, /performance/benchmark_results, /rosout] Running application benchmark...
1788082889.530886411 INFO /performance_monitor [performance_monitor.py:373(PerformanceMonitor.run_benchmark)] [topics: /performance/command, /performance/alert, /diagnostic_status, /performance/benchmark, /performance/metrics, /performance/benchmark_results, /rosout] Benchmark completed with overall score: 0.63
1788082889.533462762 INFO /performance_monitor [performance_monitor.py:381(PerformanceMonitor.benchmark_fps)] [topics: /performance/command, /performance/alert, /diagnostic_status, /performance/benchmark, /performance/metrics, /performance/benchmark_results, /rosout] Running FPS benchmark...
1788082894.535717964 INFO /performance_monitor [performance_monitor.py:414(PerformanceMonitor.benchmark_cpu)] [topics: /performance/command, /performance/alert, /diagnostic_status, /performance/benchmark, /performance/metrics, /performance/benchmark_results, /rosout] Running CPU benchmark...
1788082895.784098863 INFO /performance_monitor [performance_monitor.py:438(PerformanceMonitor.benchmark_memory)] [topics: /performance/command, /performance/alert, /diagnostic_status, /performance/benchmark, /performance/metrics, /performance/benchmark_results, /rosout] Running memory benchmark...
1788082896.498285531 INFO /performance_monitor [performance_monitor.py:474(PerformanceMonitor.benchmark_network)] [topics: /performance/command, /performance/alert, /diagnostic_status, /performance/benchmark, /performance/metrics, /performance/benchmark_results, /rosout] Running network benchmark...
1788082897.634470224 INFO /performance_monitor [performance_monitor.py:520(PerformanceMonitor.benchmark_application)] [topics: /performance/command, /performance/alert, /diagnostic_status, /performance/benchmark, /performance/metrics, /performance/benchmark_results, /rosout] Running application benchmark...
1788082897.693911790 INFO /performance_monitor [performance_monitor.py:373(PerformanceMonitor.run_benchmark)] [topics: /performance/command, /performance/alert, /diagnostic_status, /performance/benchmark, /performance/metrics, /performance/benchmark_results, /rosout] Benchmark completed with overall score: 0.63
1788082897.695668458 INFO /performance_monitor [performance_monitor.py:381(PerformanceMonitor.benchmark_fps)] [topics: /performance/command, /performance/alert, /diagnostic_status, /performance/benchmark, /performance/metrics, /performance/benchmark_results, /rosout] Running FPS benchmark...
1788082902.697382450 INFO /performance_monitor [performance_monitor.py:414(PerformanceMonitor.benchmark_cpu)] [topics: /performance/command, /performance/alert, /diagnostic_status, /performance/benchmark, /performance/metrics, /performance/benchmark_results, /rosout] Running CPU benchmark...
1788082903.938865423 INFO /performance_monitor [performance_monitor.py:438(PerformanceMonitor.benchmark_memory)] [topics: /performance/command, /performance/alert, /diagnostic_status, /performance/benchmark, /performance/metrics, /performance/benchmark_results, /rosout] Running memory benchmark...
1788082904.640467882 INFO /performance_monitor [performance_monitor.py:474(PerformanceMonitor.benchmark_network)] [topics: /performance/command, /performance/alert, /diagnostic_status, /performance/benchmark, /performance/metrics, /performance/benchmark_results, /rosout] Running network benchmark...
1788082905.822609186 INFO /performance_monitor [performance_monitor.py:520(PerformanceMonitor.benchmark_application)] [topics: /performance/command, /performance/alert, /diagnostic_status, /performance/benchmark, /performance/metrics, /performance/benchmark_results, /rosout] Running application benchmark...
1788082905.878288984 INFO /performance_monitor [performance_monitor.py:373(PerformanceMonitor.run_benchmark)] [topics: /performance/command, /performance/alert, /diagnostic_status, /performance/benchmark, /performance/metrics, /performance/benchmark_results, /rosout] Benchmark completed with overall score: 0.63
1788082905.880340576 INFO /performance_monitor [performance_monitor.py:381(PerformanceMonitor.benchmark_fps)] [topics: /performance/command, /performance/alert, /diagnostic_status, /performance/benchmark, /performance/metrics, /performance/benchmark_results, /rosout] Running FPS benchmark...
1788082910.883412122 INFO /performance_monitor [performance_monitor.py:414(PerformanceMonitor.benchmark_cpu)] [topics: /performance/command, /performance/alert, /diagnostic_status, /performance/benchmark, /performance/metrics, /performance/benchmark_results, /rosout] Running CPU benchmark...
1788082912.136276721 INFO /performance_monitor [performance_monitor.py:438(PerformanceMonitor.benchmark_memory)] [topics: /performance/command, /performance/alert, /diagnostic_status, /performance/benchmark, /performance/metrics, /performance/benchmark_results, /rosout] Running memory benchmark...
1788082912.849265575 INFO /performance_monitor [performance_monitor.py:474(PerformanceMonitor.benchmark_network)] [topics: /performance/command, /performance/alert, /diagnostic_status, /performance/benchmark, /performance/metrics, /performance/benchmark_results, /rosout] Running network benchmark...
