[rospy.client][INFO] 2026-08-30 09:30:23,132: init_node, name[/target_tracking_controller], pid[96]
[xmlrpc][INFO] 2026-08-30 09:30:23,142: XML-RPC server binding to 127.0.0.1:0
[xmlrpc][INFO] 2026-08-30 09:30:23,148: Started XML-RPC server [http://localhost:38975/]
[rospy.impl.masterslave][INFO] 2026-08-30 09:30:23,149: _ready: http://localhost:38975/
[rospy.registration][INFO] 2026-08-30 09:30:23,154: Registering with master node http://localhost:11311
[rospy.init][INFO] 2026-08-30 09:30:23,160: ROS Slave URI: [http://localhost:38975/]
[rospy.init][INFO] 2026-08-30 09:30:23,160: registered with master
[rospy.rosout][INFO] 2026-08-30 09:30:23,161: initializing /rosout core topic
[xmlrpc][INFO] 2026-08-30 09:30:23,175: xml rpc node: starting XML-RPC server
[rospy.rosout][INFO] 2026-08-30 09:30:23,199: connected to core topic /rosout
[rospy.simtime][INFO] 2026-08-30 09:30:23,202: /use_sim_time is not set, will not subscribe to simulated time [/clock] topic
[rospy.internal][INFO] 2026-08-30 09:30:23,241: topic[/mission_status] adding connection to [http://localhost:33543/], count 0
[rospy.internal][INFO] 2026-08-30 09:30:23,274: topic[/target_tracking_controller/node_health] adding connection to [/health_checker], count 0
[rospy.internal][INFO] 2026-08-30 09:30:23,280: topic[/tracked_targets] adding connection to [/mission_manager], count 0
[rospy.internal][INFO] 2026-08-30 09:30:23,452: topic[/rosout] adding connection to [/rosout], count 0
[rosout][WARNING] 2026-08-30 09:30:25,384: MAVROS set_mode service not available: timeout exceeded while waiting for service /mavros/set_mode
[rosout][WARNING] 2026-08-30 09:30:27,522: MAVROS arming service not available: timeout exceeded while waiting for service /mavros/cmd/arming
[rosout][INFO] 2026-08-30 09:30:27,529: Target Tracking Controller started in SEARCHING mode
[rospy.internal][INFO] 2026-08-30 09:30:27,533: topic[/detected_objects] adding connection to [http://localhost:38823/], count 0
[rospy.core][INFO] 2026-08-30 09:41:54,171: signal_shutdown [signal-2]
[rospy.internal][INFO] 2026-08-30 09:41:54,198: topic[/rosout] removing connection to /rosout
[rospy.internal][INFO] 2026-08-30 09:41:54,198: topic[/tracked_targets] removing connection to /mission_manager
[rospy.internal][INFO] 2026-08-30 09:41:54,199: topic[/target_tracking_controller/node_health] removing connection to /health_checker
[rospy.internal][INFO] 2026-08-30 09:41:54,199: topic[/detected_objects] removing connection to http://localhost:38823/
[rospy.internal][INFO] 2026-08-30 09:41:54,205: topic[/mission_status] removing connection to http://localhost:33543/
[rospy.impl.masterslave][INFO] 2026-08-30 09:41:54,205: signal-2
[rospy.core][INFO] 2026-08-30 09:41:54,808: signal_shutdown [atexit]
