[rospy.client][INFO] 2026-08-30 09:30:27,053: init_node, name[/yolo_detector], pid[94]
[xmlrpc][INFO] 2026-08-30 09:30:27,058: XML-RPC server binding to 127.0.0.1:0
[xmlrpc][INFO] 2026-08-30 09:30:27,060: Started XML-RPC server [http://localhost:38823/]
[rospy.init][INFO] 2026-08-30 09:30:27,061: ROS Slave URI: [http://localhost:38823/]
[rospy.impl.masterslave][INFO] 2026-08-30 09:30:27,061: _ready: http://localhost:38823/
[rospy.registration][INFO] 2026-08-30 09:30:27,062: Registering with master node http://localhost:11311
[xmlrpc][INFO] 2026-08-30 09:30:27,063: xml rpc node: starting XML-RPC server
[rospy.init][INFO] 2026-08-30 09:30:27,161: registered with master
[rospy.rosout][INFO] 2026-08-30 09:30:27,162: initializing /rosout core topic
[rospy.rosout][INFO] 2026-08-30 09:30:27,170: connected to core topic /rosout
[rospy.simtime][INFO] 2026-08-30 09:30:27,173: /use_sim_time is not set, will not subscribe to simulated time [/clock] topic
[rosout][INFO] 2026-08-30 09:30:27,198: Loading YOLO model from: /PX4-Autopilot/yolov8s.pt
[rospy.internal][INFO] 2026-08-30 09:30:27,220: topic[/mission_status] adding connection to [http://localhost:33543/], count 0
[rospy.internal][INFO] 2026-08-30 09:30:27,248: topic[/yolo_detector/node_health] adding connection to [/health_checker], count 0
[rospy.internal][INFO] 2026-08-30 09:30:27,436: topic[/rosout] adding connection to [/rosout], count 0
[rosout][INFO] 2026-08-30 09:30:27,444: YOLO model loaded successfully!
[rosout][INFO] 2026-08-30 09:30:27,455: YOLO Detector initialized in production mode
[rosout][INFO] 2026-08-30 09:30:27,457: Vehicle classes: [2, 3, 5, 6, 7]
[rospy.internal][INFO] 2026-08-30 09:30:27,536: topic[/detected_objects] adding connection to [/target_tracking_controller], count 0
[rospy.core][INFO] 2026-08-30 09:41:54,199: signal_shutdown [signal-2]
[rospy.internal][INFO] 2026-08-30 09:41:54,207: topic[/detected_objects] removing connection to /target_tracking_controller
[rospy.internal][INFO] 2026-08-30 09:41:54,243: topic[/mission_status] removing connection to http://localhost:33543/
[rospy.internal][INFO] 2026-08-30 09:41:54,257: topic[/rosout] removing connection to /rosout
[rospy.internal][INFO] 2026-08-30 09:41:54,258: topic[/yolo_detector/node_health] removing connection to /health_checker
[rospy.impl.masterslave][INFO] 2026-08-30 09:41:54,258: signal-2
[rospy.core][INFO] 2026-08-30 09:41:54,899: signal_shutdown [atexit]
