[rospy.client][INFO] 2026-08-30 00:17:45,409: init_node, name[/health_checker], pid[123]
[xmlrpc][INFO] 2026-08-30 00:17:45,416: XML-RPC server binding to 127.0.0.1:0
[xmlrpc][INFO] 2026-08-30 00:17:45,420: Started XML-RPC server [http://localhost:33609/]
[rospy.init][INFO] 2026-08-30 00:17:45,420: ROS Slave URI: [http://localhost:33609/]
[rospy.impl.masterslave][INFO] 2026-08-30 00:17:45,421: _ready: http://localhost:33609/
[rospy.registration][INFO] 2026-08-30 00:17:45,423: Registering with master node http://localhost:11311
[xmlrpc][INFO] 2026-08-30 00:17:45,423: xml rpc node: starting XML-RPC server
[rospy.init][INFO] 2026-08-30 00:17:45,522: registered with master
[rospy.rosout][INFO] 2026-08-30 00:17:45,523: initializing /rosout core topic
[rospy.rosout][INFO] 2026-08-30 00:17:45,554: connected to core topic /rosout
[rospy.simtime][INFO] 2026-08-30 00:17:45,557: /use_sim_time is not set, will not subscribe to simulated time [/clock] topic
[rospy.internal][INFO] 2026-08-30 00:17:45,607: topic[/mission_manager/node_health] adding connection to [http://localhost:43545/], count 0
[rospy.internal][INFO] 2026-08-30 00:17:45,624: topic[/vehicle_state_monitor/node_health] adding connection to [http://localhost:41573/], count 0
[rospy.internal][INFO] 2026-08-30 00:17:45,641: topic[/safety_monitor/node_health] adding connection to [http://localhost:44809/], count 0
[rosout][INFO] 2026-08-30 00:17:45,638: Health Checker initialized
[rospy.internal][INFO] 2026-08-30 00:17:45,649: topic[/command_interpreter/node_health] adding connection to [http://localhost:35853/], count 0
[rospy.internal][INFO] 2026-08-30 00:17:45,765: topic[/rosout] adding connection to [/rosout], count 0
[rospy.internal][INFO] 2026-08-30 00:17:46,228: topic[/target_tracking_controller/node_health] adding connection to [http://localhost:42525/], count 0
[rospy.internal][INFO] 2026-08-30 00:17:49,765: topic[/yolo_detector/node_health] adding connection to [http://localhost:38407/], count 0
[rosout][WARNING] 2026-08-30 00:17:50,645: Unhealthy nodes: 2
[rosout][WARNING] 2026-08-30 00:17:50,653:   yolo_detector: No health report
[rosout][WARNING] 2026-08-30 00:17:50,658:   target_tracking_controller: No health report
[rospy.core][INFO] 2026-08-30 00:20:04,336: signal_shutdown [signal-2]
[rospy.internal][INFO] 2026-08-30 00:20:04,357: topic[/rosout] removing connection to /rosout
[rospy.internal][INFO] 2026-08-30 00:20:04,360: topic[/yolo_detector/node_health] removing connection to http://localhost:38407/
[rospy.internal][INFO] 2026-08-30 00:20:04,361: topic[/target_tracking_controller/node_health] removing connection to http://localhost:42525/
[rospy.internal][INFO] 2026-08-30 00:20:04,365: topic[/vehicle_state_monitor/node_health] removing connection to http://localhost:41573/
[rospy.internal][INFO] 2026-08-30 00:20:04,365: topic[/mission_manager/node_health] removing connection to http://localhost:43545/
[rospy.internal][INFO] 2026-08-30 00:20:04,365: topic[/safety_monitor/node_health] removing connection to http://localhost:44809/
[rospy.internal][INFO] 2026-08-30 00:20:04,366: topic[/command_interpreter/node_health] removing connection to http://localhost:35853/
[rospy.impl.masterslave][INFO] 2026-08-30 00:20:04,369: signal-2
[rospy.core][INFO] 2026-08-30 00:20:04,988: signal_shutdown [atexit]
