[rospy.client][INFO] 2026-08-30 00:17:44,300: init_node, name[/mission_manager], pid[115]
[xmlrpc][INFO] 2026-08-30 00:17:44,329: XML-RPC server binding to 127.0.0.1:0
[xmlrpc][INFO] 2026-08-30 00:17:44,361: Started XML-RPC server [http://localhost:43545/]
[rospy.init][INFO] 2026-08-30 00:17:44,361: ROS Slave URI: [http://localhost:43545/]
[rospy.impl.masterslave][INFO] 2026-08-30 00:17:44,362: _ready: http://localhost:43545/
[rospy.registration][INFO] 2026-08-30 00:17:44,378: Registering with master node http://localhost:11311
[xmlrpc][INFO] 2026-08-30 00:17:44,389: xml rpc node: starting XML-RPC server
[rospy.init][INFO] 2026-08-30 00:17:44,479: registered with master
[rospy.rosout][INFO] 2026-08-30 00:17:44,480: initializing /rosout core topic
[rospy.rosout][INFO] 2026-08-30 00:17:44,582: connected to core topic /rosout
[rospy.simtime][INFO] 2026-08-30 00:17:44,592: /use_sim_time is not set, will not subscribe to simulated time [/clock] topic
[rosout][INFO] 2026-08-30 00:17:44,712: Mission Manager initialized
[rospy.internal][INFO] 2026-08-30 00:17:44,879: topic[/rosout] adding connection to [/rosout], count 0
[rospy.internal][INFO] 2026-08-30 00:17:45,315: topic[/safety_status] adding connection to [http://localhost:44809/], count 0
[rospy.internal][INFO] 2026-08-30 00:17:45,635: topic[/mission_manager/node_health] adding connection to [/health_checker], count 0
[rospy.internal][INFO] 2026-08-30 00:17:46,223: topic[/tracked_targets] adding connection to [http://localhost:42525/], count 0
[rospy.internal][INFO] 2026-08-30 00:17:46,230: topic[/mission_status] adding connection to [/target_tracking_controller], count 0
[rospy.internal][INFO] 2026-08-30 00:17:49,779: topic[/mission_status] adding connection to [/yolo_detector], count 1
[rospy.core][INFO] 2026-08-30 00:20:04,363: signal_shutdown [signal-2]
[rospy.internal][INFO] 2026-08-30 00:20:04,366: topic[/mission_manager/node_health] removing connection to /health_checker
[rospy.internal][INFO] 2026-08-30 00:20:04,419: topic[/rosout] removing connection to /rosout
[rospy.internal][INFO] 2026-08-30 00:20:04,420: topic[/mission_status] removing connection to /target_tracking_controller
[rospy.internal][INFO] 2026-08-30 00:20:04,420: topic[/mission_status] removing connection to /yolo_detector
[rospy.internal][INFO] 2026-08-30 00:20:04,421: topic[/safety_status] removing connection to http://localhost:44809/
[rospy.internal][INFO] 2026-08-30 00:20:04,428: topic[/tracked_targets] removing connection to http://localhost:42525/
[rospy.internal][INFO] 2026-08-30 00:20:04,429: topic[/tracked_targets] removing connection to http://localhost:42525/
[rospy.impl.masterslave][INFO] 2026-08-30 00:20:04,429: signal-2
[rospy.core][INFO] 2026-08-30 00:20:04,979: signal_shutdown [atexit]
