

1788049060.006137305  Node Startup
1788049064.417169094 INFO /sensor_fusion [sensor_fusion.py:40(SensorFusion.__init__)] [topics: /mavros/imu/data, /mavros/global_position/global, /mavros/local_position/pose, /rosout, /sensor_fusion/node_health] Sensor Fusion initialized
1788049064.809001207 INFO /parameter_validator [parameter_validator.py:65(ParameterValidator.__init__)] [topics: /rosout] Parameter validator initialized successfully
1788049064.733071088 INFO /mission_manager [mission_manager.py:115(MissionManager.__init__)] [topics: /rosout, /safety_status, /mission_status, /tracked_targets, /mission_manager/node_health, /drone_control/command] Mission Manager initialized
1788049065.078071832 INFO /camera_calibration [camera_calibration.py:29(CameraCalibration.__init__)] [topics: /rosout, /camera/camera_info, /tf] Camera calibration node started
1788049064.988187789 INFO /command_interpreter [command_interpreter.py:65(CommandInterpreter.__init__)] [topics: /drone_control/command_response, /command_interpreter/node_health, /drone_control/command, /rosout] Command Interpreter initialized
1788049065.327826976 INFO /safety_monitor [safety_monitor.py:78(SafetyMonitor.__init__)] [topics: /mavros/state, /safety_status, /mavros/local_position/velocity, /safety_monitor/node_health, /mavros/local_position/pose, /rosout, /emergency_triggered] Health publisher: /safety_monitor/node_health
1788049065.188974857 INFO /system_health_monitor [system_health_monitor.py:77(SystemHealthMonitor.__init__)] [topics: /rosout, /performance_metrics, /system_health, /system_alert, /health/check_all, /diagnostic_status] System Health Monitor initialized
1788049065.240260601 INFO /vehicle_state_monitor [vehicle_state_monitor.py:83(VehicleStateMonitor.__init__)] [topics: /mavros/local_position/velocity, /drone_status, /mavros/state, /vehicle_state_monitor/node_health, /diagnostic_status, /mavros/battery, /rosout, /battery_percentage] Vehicle State Monitor started
1788049065.645042419 INFO /health_checker [health_checker.py:58(HealthChecker.__init__)] [topics: /system_health, /command_interpreter/node_health, /vehicle_state_monitor/node_health, /yolo_detector/node_health, /mission_manager/node_health, /target_tracking_controller/node_health, /safety_monitor/node_health, /rosout] Health Checker initialized
1788049068.346417188 WARN /target_tracking_controller [target_tracking_controller.py:103(TargetTrackingController.__init__)] [topics: /mavros/setpoint_raw/local, /tracked_targets, /mavros/state, /mavros/local_position/odom, /rosout, /mavros/setpoint_velocity/cmd_vel_unstamped, /target_tracking_controller/node_health, /detected_objects, /mission_status] MAVROS set_mode service not available: timeout exceeded while waiting for service /mavros/set_mode
1788049069.730667114 INFO /yolo_detector [yolo_detector.py:102(YOLODetector._load_model)] [topics: /drone_control/command, /rosout, /mission_status, /yolo_detector/node_health, /command_response] Loading YOLO model from: /PX4-Autopilot/yolov8s.pt
1788049069.941169738 INFO /yolo_detector [yolo_detector.py:121(YOLODetector._load_model)] [topics: /drone_control/command, /rosout, /mission_status, /yolo_detector/node_health, /command_response] YOLO model loaded successfully!
1788049069.947202920 INFO /yolo_detector [yolo_detector.py:96(YOLODetector.__init__)] [topics: /drone_control/command, /rosout, /camera/color/image_raw, /detected_objects, /yolo_detector/node_health, /mission_status, /command_response] YOLO Detector initialized in production mode
1788049069.949314832 INFO /yolo_detector [yolo_detector.py:97(YOLODetector.__init__)] [topics: /drone_control/command, /rosout, /camera/color/image_raw, /detected_objects, /yolo_detector/node_health, /mission_status, /command_response] Vehicle classes: [2, 3, 5, 6, 7]
1788049070.478358507 WARN /target_tracking_controller [target_tracking_controller.py:110(TargetTrackingController.__init__)] [topics: /mavros/setpoint_raw/local, /tracked_targets, /mavros/state, /mavros/local_position/odom, /rosout, /mavros/setpoint_velocity/cmd_vel_unstamped, /target_tracking_controller/node_health, /detected_objects, /mission_status] MAVROS arming service not available: timeout exceeded while waiting for service /mavros/cmd/arming
1788049070.483867645 INFO /target_tracking_controller [target_tracking_controller.py:126(TargetTrackingController.__init__)] [topics: /mavros/setpoint_raw/local, /tracked_targets, /mavros/state, /mavros/local_position/odom, /rosout, /mavros/setpoint_velocity/cmd_vel_unstamped, /target_tracking_controller/node_health, /detected_objects, /mission_status] Target Tracking Controller started in SEARCHING mode
1788049070.652317523 WARN /health_checker [health_checker.py:90(HealthChecker._check_health)] [topics: /system_health, /command_interpreter/node_health, /vehicle_state_monitor/node_health, /yolo_detector/node_health, /mission_manager/node_health, /target_tracking_controller/node_health, /safety_monitor/node_health, /rosout] Unhealthy nodes: 2
1788049070.657394647 WARN /health_checker [health_checker.py:92(HealthChecker._check_health)] [topics: /system_health, /command_interpreter/node_health, /vehicle_state_monitor/node_health, /yolo_detector/node_health, /mission_manager/node_health, /target_tracking_controller/node_health, /safety_monitor/node_health, /rosout]   yolo_detector: No health report
1788049070.660786867 WARN /health_checker [health_checker.py:92(HealthChecker._check_health)] [topics: /system_health, /command_interpreter/node_health, /vehicle_state_monitor/node_health, /yolo_detector/node_health, /mission_manager/node_health, /target_tracking_controller/node_health, /safety_monitor/node_health, /rosout]   target_tracking_controller: No health report
