[rospy.client][INFO] 2026-08-30 00:17:45,105: init_node, name[/safety_monitor], pid[121]
[xmlrpc][INFO] 2026-08-30 00:17:45,113: XML-RPC server binding to 127.0.0.1:0
[xmlrpc][INFO] 2026-08-30 00:17:45,118: Started XML-RPC server [http://localhost:44809/]
[rospy.init][INFO] 2026-08-30 00:17:45,118: ROS Slave URI: [http://localhost:44809/]
[rospy.impl.masterslave][INFO] 2026-08-30 00:17:45,119: _ready: http://localhost:44809/
[rospy.registration][INFO] 2026-08-30 00:17:45,122: Registering with master node http://localhost:11311
[xmlrpc][INFO] 2026-08-30 00:17:45,123: xml rpc node: starting XML-RPC server
[rospy.init][INFO] 2026-08-30 00:17:45,220: registered with master
[rospy.rosout][INFO] 2026-08-30 00:17:45,221: initializing /rosout core topic
[rospy.rosout][INFO] 2026-08-30 00:17:45,250: connected to core topic /rosout
[rospy.simtime][INFO] 2026-08-30 00:17:45,255: /use_sim_time is not set, will not subscribe to simulated time [/clock] topic
[rosout][INFO] 2026-08-30 00:17:45,321: Safety Monitor initialized
[rosout][INFO] 2026-08-30 00:17:45,325: Health publisher: /safety_monitor/node_health
[rospy.internal][INFO] 2026-08-30 00:17:45,337: topic[/safety_status] adding connection to [/mission_manager], count 0
[rospy.internal][INFO] 2026-08-30 00:17:45,370: topic[/rosout] adding connection to [/rosout], count 0
[rospy.internal][INFO] 2026-08-30 00:17:45,647: topic[/safety_monitor/node_health] adding connection to [/health_checker], count 0
[rospy.core][INFO] 2026-08-30 00:20:04,340: signal_shutdown [signal-2]
[rospy.internal][INFO] 2026-08-30 00:20:04,432: topic[/rosout] removing connection to /rosout
[rospy.internal][INFO] 2026-08-30 00:20:04,435: topic[/safety_status] removing connection to /mission_manager
[rospy.internal][INFO] 2026-08-30 00:20:04,436: topic[/safety_monitor/node_health] removing connection to /health_checker
[rospy.impl.masterslave][INFO] 2026-08-30 00:20:04,436: signal-2
[rospy.core][INFO] 2026-08-30 00:20:04,990: signal_shutdown [atexit]
