[rospy.client][INFO] 2026-08-30 00:17:46,006: init_node, name[/target_tracking_controller], pid[119]
[xmlrpc][INFO] 2026-08-30 00:17:46,016: XML-RPC server binding to 127.0.0.1:0
[xmlrpc][INFO] 2026-08-30 00:17:46,019: Started XML-RPC server [http://localhost:42525/]
[rospy.impl.masterslave][INFO] 2026-08-30 00:17:46,020: _ready: http://localhost:42525/
[rospy.init][INFO] 2026-08-30 00:17:46,020: ROS Slave URI: [http://localhost:42525/]
[rospy.registration][INFO] 2026-08-30 00:17:46,022: Registering with master node http://localhost:11311
[xmlrpc][INFO] 2026-08-30 00:17:46,022: xml rpc node: starting XML-RPC server
[rospy.init][INFO] 2026-08-30 00:17:46,128: registered with master
[rospy.rosout][INFO] 2026-08-30 00:17:46,129: initializing /rosout core topic
[rospy.rosout][INFO] 2026-08-30 00:17:46,160: connected to core topic /rosout
[rospy.simtime][INFO] 2026-08-30 00:17:46,162: /use_sim_time is not set, will not subscribe to simulated time [/clock] topic
[rospy.internal][INFO] 2026-08-30 00:17:46,203: topic[/mission_status] adding connection to [http://localhost:43545/], count 0
[rospy.internal][INFO] 2026-08-30 00:17:46,230: topic[/tracked_targets] adding connection to [/mission_manager], count 0
[rospy.internal][INFO] 2026-08-30 00:17:46,232: topic[/target_tracking_controller/node_health] adding connection to [/health_checker], count 0
[rospy.internal][INFO] 2026-08-30 00:17:46,375: topic[/rosout] adding connection to [/rosout], count 0
[rosout][WARNING] 2026-08-30 00:17:48,341: MAVROS set_mode service not available: timeout exceeded while waiting for service /mavros/set_mode
[rospy.internal][INFO] 2026-08-30 00:17:49,969: topic[/detected_objects] adding connection to [http://localhost:38407/], count 0
[rosout][WARNING] 2026-08-30 00:17:50,474: MAVROS arming service not available: timeout exceeded while waiting for service /mavros/cmd/arming
[rosout][INFO] 2026-08-30 00:17:50,480: Target Tracking Controller started in SEARCHING mode
[rospy.core][INFO] 2026-08-30 00:20:04,352: signal_shutdown [signal-2]
[rospy.internal][INFO] 2026-08-30 00:20:04,424: topic[/mission_status] removing connection to http://localhost:43545/
[rospy.internal][INFO] 2026-08-30 00:20:04,426: topic[/rosout] removing connection to /rosout
[rospy.internal][INFO] 2026-08-30 00:20:04,430: topic[/tracked_targets] removing connection to /mission_manager
[rospy.internal][INFO] 2026-08-30 00:20:04,431: topic[/target_tracking_controller/node_health] removing connection to /health_checker
[rospy.internal][INFO] 2026-08-30 00:20:04,433: topic[/detected_objects] removing connection to http://localhost:38407/
[rospy.impl.masterslave][INFO] 2026-08-30 00:20:04,434: signal-2
[rospy.core][INFO] 2026-08-30 00:20:04,999: signal_shutdown [atexit]
