[rospy.client][INFO] 2026-08-30 00:17:49,585: init_node, name[/yolo_detector], pid[117]
[xmlrpc][INFO] 2026-08-30 00:17:49,590: XML-RPC server binding to 127.0.0.1:0
[xmlrpc][INFO] 2026-08-30 00:17:49,592: Started XML-RPC server [http://localhost:38407/]
[rospy.init][INFO] 2026-08-30 00:17:49,592: ROS Slave URI: [http://localhost:38407/]
[rospy.impl.masterslave][INFO] 2026-08-30 00:17:49,593: _ready: http://localhost:38407/
[rospy.registration][INFO] 2026-08-30 00:17:49,594: Registering with master node http://localhost:11311
[xmlrpc][INFO] 2026-08-30 00:17:49,595: xml rpc node: starting XML-RPC server
[rospy.init][INFO] 2026-08-30 00:17:49,697: registered with master
[rospy.rosout][INFO] 2026-08-30 00:17:49,697: initializing /rosout core topic
[rospy.rosout][INFO] 2026-08-30 00:17:49,704: connected to core topic /rosout
[rospy.simtime][INFO] 2026-08-30 00:17:49,705: /use_sim_time is not set, will not subscribe to simulated time [/clock] topic
[rosout][INFO] 2026-08-30 00:17:49,727: Loading YOLO model from: /PX4-Autopilot/yolov8s.pt
[rospy.internal][INFO] 2026-08-30 00:17:49,750: topic[/mission_status] adding connection to [http://localhost:43545/], count 0
[rospy.internal][INFO] 2026-08-30 00:17:49,776: topic[/yolo_detector/node_health] adding connection to [/health_checker], count 0
[rospy.internal][INFO] 2026-08-30 00:17:49,924: topic[/rosout] adding connection to [/rosout], count 0
[rosout][INFO] 2026-08-30 00:17:49,938: YOLO model loaded successfully!
[rosout][INFO] 2026-08-30 00:17:49,945: YOLO Detector initialized in production mode
[rosout][INFO] 2026-08-30 00:17:49,947: Vehicle classes: [2, 3, 5, 6, 7]
[rospy.internal][INFO] 2026-08-30 00:17:49,972: topic[/detected_objects] adding connection to [/target_tracking_controller], count 0
[rospy.core][INFO] 2026-08-30 00:20:04,356: signal_shutdown [signal-2]
[rospy.internal][INFO] 2026-08-30 00:20:04,432: topic[/mission_status] removing connection to http://localhost:43545/
[rospy.internal][INFO] 2026-08-30 00:20:04,437: topic[/rosout] removing connection to /rosout
[rospy.internal][INFO] 2026-08-30 00:20:04,438: topic[/yolo_detector/node_health] removing connection to /health_checker
[rospy.internal][INFO] 2026-08-30 00:20:04,442: topic[/detected_objects] removing connection to /target_tracking_controller
[rospy.impl.masterslave][INFO] 2026-08-30 00:20:04,442: signal-2
[rospy.core][INFO] 2026-08-30 00:20:05,086: signal_shutdown [atexit]
