[rospy.client][INFO] 2026-08-30 08:39:53,166: init_node, name[/health_checker], pid[99]
[xmlrpc][INFO] 2026-08-30 08:39:53,177: XML-RPC server binding to 127.0.0.1:0
[xmlrpc][INFO] 2026-08-30 08:39:53,180: Started XML-RPC server [http://localhost:34779/]
[rospy.impl.masterslave][INFO] 2026-08-30 08:39:53,180: _ready: http://localhost:34779/
[rospy.init][INFO] 2026-08-30 08:39:53,180: ROS Slave URI: [http://localhost:34779/]
[rospy.registration][INFO] 2026-08-30 08:39:53,183: Registering with master node http://localhost:11311
[xmlrpc][INFO] 2026-08-30 08:39:53,183: xml rpc node: starting XML-RPC server
[rospy.init][INFO] 2026-08-30 08:39:53,281: registered with master
[rospy.rosout][INFO] 2026-08-30 08:39:53,282: initializing /rosout core topic
[rospy.rosout][INFO] 2026-08-30 08:39:53,360: connected to core topic /rosout
[rospy.simtime][INFO] 2026-08-30 08:39:53,362: /use_sim_time is not set, will not subscribe to simulated time [/clock] topic
[rospy.internal][INFO] 2026-08-30 08:39:53,456: topic[/vehicle_state_monitor/node_health] adding connection to [http://localhost:37577/], count 0
[rosout][INFO] 2026-08-30 08:39:53,403: Health Checker initialized
[rospy.internal][INFO] 2026-08-30 08:39:53,459: topic[/mission_manager/node_health] adding connection to [http://localhost:41931/], count 0
[rospy.internal][INFO] 2026-08-30 08:39:53,479: topic[/command_interpreter/node_health] adding connection to [http://localhost:35409/], count 0
[rospy.internal][INFO] 2026-08-30 08:39:53,494: topic[/rosout] adding connection to [/rosout], count 0
[rospy.internal][INFO] 2026-08-30 08:39:53,676: topic[/safety_monitor/node_health] adding connection to [http://localhost:35691/], count 0
[rospy.internal][INFO] 2026-08-30 08:39:54,311: topic[/target_tracking_controller/node_health] adding connection to [http://localhost:35073/], count 0
[rospy.internal][INFO] 2026-08-30 08:39:57,145: topic[/yolo_detector/node_health] adding connection to [http://localhost:36135/], count 0
[rosout][WARNING] 2026-08-30 08:39:58,412: Unhealthy nodes: 1
[rosout][WARNING] 2026-08-30 08:39:58,419:   target_tracking_controller: No health report
[rospy.core][INFO] 2026-08-30 09:29:55,528: signal_shutdown [signal-2]
[rospy.internal][INFO] 2026-08-30 09:29:55,565: topic[/vehicle_state_monitor/node_health] removing connection to http://localhost:37577/
[rospy.internal][INFO] 2026-08-30 09:29:55,568: topic[/mission_manager/node_health] removing connection to http://localhost:41931/
[rospy.internal][INFO] 2026-08-30 09:29:55,576: topic[/yolo_detector/node_health] removing connection to http://localhost:36135/
[rospy.internal][INFO] 2026-08-30 09:29:55,579: topic[/rosout] removing connection to /rosout
[rospy.internal][INFO] 2026-08-30 09:29:55,579: topic[/target_tracking_controller/node_health] removing connection to http://localhost:35073/
[rospy.internal][INFO] 2026-08-30 09:29:55,579: topic[/safety_monitor/node_health] removing connection to http://localhost:35691/
[rospy.internal][INFO] 2026-08-30 09:29:55,579: topic[/command_interpreter/node_health] removing connection to http://localhost:35409/
[rospy.impl.masterslave][INFO] 2026-08-30 09:29:55,580: signal-2
[rospy.core][INFO] 2026-08-30 09:29:56,158: signal_shutdown [atexit]
