[rospy.client][INFO] 2026-08-30 08:39:52,185: init_node, name[/mission_manager], pid[91]
[xmlrpc][INFO] 2026-08-30 08:39:52,191: XML-RPC server binding to 127.0.0.1:0
[xmlrpc][INFO] 2026-08-30 08:39:52,195: Started XML-RPC server [http://localhost:41931/]
[rospy.init][INFO] 2026-08-30 08:39:52,196: ROS Slave URI: [http://localhost:41931/]
[rospy.impl.masterslave][INFO] 2026-08-30 08:39:52,196: _ready: http://localhost:41931/
[rospy.registration][INFO] 2026-08-30 08:39:52,198: Registering with master node http://localhost:11311
[xmlrpc][INFO] 2026-08-30 08:39:52,199: xml rpc node: starting XML-RPC server
[rospy.init][INFO] 2026-08-30 08:39:52,296: registered with master
[rospy.rosout][INFO] 2026-08-30 08:39:52,297: initializing /rosout core topic
[rospy.rosout][INFO] 2026-08-30 08:39:52,473: connected to core topic /rosout
[rospy.simtime][INFO] 2026-08-30 08:39:52,479: /use_sim_time is not set, will not subscribe to simulated time [/clock] topic
[rosout][INFO] 2026-08-30 08:39:52,766: Mission Manager initialized
[rospy.internal][INFO] 2026-08-30 08:39:52,851: topic[/rosout] adding connection to [/rosout], count 0
[rospy.internal][INFO] 2026-08-30 08:39:53,498: topic[/mission_manager/node_health] adding connection to [/health_checker], count 0
[rospy.internal][INFO] 2026-08-30 08:39:53,678: topic[/safety_status] adding connection to [http://localhost:35691/], count 0
[rospy.internal][INFO] 2026-08-30 08:39:54,304: topic[/mission_status] adding connection to [/target_tracking_controller], count 0
[rospy.internal][INFO] 2026-08-30 08:39:54,310: topic[/tracked_targets] adding connection to [http://localhost:35073/], count 0
[rospy.internal][INFO] 2026-08-30 08:39:57,138: topic[/mission_status] adding connection to [/yolo_detector], count 1
[rosout][WARNING] 2026-08-30 08:50:43,670: Could not process inbound connection: topic types do not match: [std_msgs/String] vs. [drone_control/MissionStatus]{'callerid': '/trajectory_planner', 'md5sum': '992ce8a1687cec8c8bd883ec73ca41d1', 'message_definition': 'string data\n', 'tcp_nodelay': '0', 'topic': '/mission_status', 'type': 'std_msgs/String'}
[rosout][WARNING] 2026-08-30 09:08:58,622: Could not process inbound connection: topic types do not match: [std_msgs/String] vs. [drone_control/MissionStatus]{'callerid': '/trajectory_planner', 'md5sum': '992ce8a1687cec8c8bd883ec73ca41d1', 'message_definition': 'string data\n', 'tcp_nodelay': '0', 'topic': '/mission_status', 'type': 'std_msgs/String'}
[rosout][WARNING] 2026-08-30 09:12:10,822: Could not process inbound connection: topic types do not match: [std_msgs/String] vs. [drone_control/MissionStatus]{'callerid': '/trajectory_planner', 'md5sum': '992ce8a1687cec8c8bd883ec73ca41d1', 'message_definition': 'string data\n', 'tcp_nodelay': '0', 'topic': '/mission_status', 'type': 'std_msgs/String'}
[rospy.internal][INFO] 2026-08-30 09:13:20,468: topic[/mission_status] adding connection to [/trajectory_planner], count 2
[rospy.internal][INFO] 2026-08-30 09:13:36,301: topic[/mission_status] removing connection to /trajectory_planner
[rospy.internal][INFO] 2026-08-30 09:13:40,378: topic[/mission_status] adding connection to [/trajectory_planner], count 2
[rospy.core][INFO] 2026-08-30 09:29:55,536: signal_shutdown [signal-2]
[rospy.internal][INFO] 2026-08-30 09:29:55,562: topic[/rosout] removing connection to /rosout
[rospy.internal][INFO] 2026-08-30 09:29:55,563: topic[/mission_status] removing connection to /target_tracking_controller
[rospy.internal][INFO] 2026-08-30 09:29:55,564: topic[/mission_status] removing connection to /yolo_detector
[rospy.internal][INFO] 2026-08-30 09:29:55,564: topic[/mission_status] removing connection to /trajectory_planner
[rospy.internal][INFO] 2026-08-30 09:29:55,565: topic[/mission_manager/node_health] removing connection to /health_checker
[rospy.internal][INFO] 2026-08-30 09:29:55,566: topic[/safety_status] removing connection to http://localhost:35691/
[rospy.internal][INFO] 2026-08-30 09:29:55,570: topic[/tracked_targets] removing connection to http://localhost:35073/
[rospy.impl.masterslave][INFO] 2026-08-30 09:29:55,570: signal-2
[rospy.core][INFO] 2026-08-30 09:29:56,166: signal_shutdown [atexit]
