[roslaunch][INFO] 2026-08-30 08:39:46,049: Checking log directory for disk usage. This may take a while.
Press Ctrl-C to interrupt
[roslaunch][INFO] 2026-08-30 08:39:46,098: Done checking log file disk usage. Usage is <1GB.
[roslaunch][INFO] 2026-08-30 08:39:46,099: roslaunch starting with args ['/opt/ros/noetic/bin/roslaunch', 'drone_control', 'kamikaze.launch', 'mode:=production']
[roslaunch][INFO] 2026-08-30 08:39:46,100: roslaunch env is environ({'ROS_VERSION': '1', 'PYTHONUNBUFFERED': '1', 'PKG_CONFIG_PATH': '/root/catkin_ws/devel/lib/pkgconfig:/opt/ros/noetic/lib/pkgconfig', 'ROS_PYTHON_VERSION': '3', 'HOSTNAME': 'kamikaze', 'ROS_PACKAGE_PATH': '/root/catkin_ws/src:/opt/ros/noetic/share', 'ROSLISP_PACKAGE_DIRECTORIES': '/root/catkin_ws/devel/share/common-lisp', 'PWD': '/root/catkin_ws', 'ENABLE_SIMULATION': 'false', 'ROS_IP': '127.0.0.1', 'HOME': '/root', 'LANG': 'C.UTF-8', 'ROS_ETC_DIR': '/opt/ros/noetic/etc/ros', 'CMAKE_PREFIX_PATH': '/root/catkin_ws/devel:/opt/ros/noetic', 'PYTHONPATH': '/root/catkin_ws/devel/lib/python3/dist-packages:/root/catkin_ws/devel/lib/python3/dist-packages:/opt/ros/noetic/lib/python3/dist-packages', 'DISPLAY': ':0', 'SHLVL': '0', 'ROS_MASTER_URI': 'http://localhost:11311', 'ROS_HOSTNAME': 'localhost', 'LD_LIBRARY_PATH': '/root/catkin_ws/devel/lib:/opt/ros/noetic/lib', 'ENABLE_PERFORMANCE_MONITORING': 'true', 'LC_ALL': 'C.UTF-8', 'PATH': '/opt/ros/noetic/bin:/usr/local/sbin:/usr/local/bin:/usr/sbin:/usr/bin:/sbin:/bin', 'DEBIAN_FRONTEND': 'noninteractive', 'ROS_ROOT': '/opt/ros/noetic/share/ros', 'ROS_DISTRO': 'noetic', 'QT_X11_NO_MITSHM': '1', 'ENABLE_GUI': 'false', 'ROS_LOG_FILENAME': '/root/.ros/log/5a9f37ca-a44e-11f1-a855-1a78306416a9/roslaunch-kamikaze-1.log'})
[roslaunch][INFO] 2026-08-30 08:39:46,100: starting in server mode
[roslaunch.parent][INFO] 2026-08-30 08:39:46,101: starting roslaunch parent run
[roslaunch][INFO] 2026-08-30 08:39:46,101: loading roscore config file /opt/ros/noetic/etc/ros/roscore.xml
[roslaunch][INFO] 2026-08-30 08:39:46,957: Added core node of type [rosout/rosout] in namespace [/]
[roslaunch.config][INFO] 2026-08-30 08:39:46,959: loading config file /root/catkin_ws/src/drone_control/launch/kamikaze.launch
[roslaunch][INFO] 2026-08-30 08:39:47,096: Added node of type [drone_control/parameter_validator.py] in namespace [/]
[roslaunch][INFO] 2026-08-30 08:39:47,097: Added node of type [drone_control/command_interpreter.py] in namespace [/]
[roslaunch][INFO] 2026-08-30 08:39:47,098: Added node of type [drone_control/mission_manager.py] in namespace [/]
[roslaunch][INFO] 2026-08-30 08:39:47,099: Added node of type [drone_control/camera_calibration.py] in namespace [/]
[roslaunch][INFO] 2026-08-30 08:39:47,100: Added node of type [drone_control/yolo_detector.py] in namespace [/]
[roslaunch][INFO] 2026-08-30 08:39:47,101: Added node of type [drone_control/sensor_fusion.py] in namespace [/]
[roslaunch][INFO] 2026-08-30 08:39:47,102: Added node of type [drone_control/target_tracking_controller.py] in namespace [/]
[roslaunch][INFO] 2026-08-30 08:39:47,102: Added node of type [drone_control/vehicle_state_monitor.py] in namespace [/]
[roslaunch][INFO] 2026-08-30 08:39:47,103: Added node of type [drone_control/safety_monitor.py] in namespace [/]
[roslaunch][INFO] 2026-08-30 08:39:47,105: Added node of type [drone_control/system_health_monitor.py] in namespace [/]
[roslaunch][INFO] 2026-08-30 08:39:47,108: Added node of type [drone_control/health_checker.py] in namespace [/]
[roslaunch][INFO] 2026-08-30 08:39:47,109: ... selected machine [] for node of type [drone_control/parameter_validator.py]
[roslaunch][INFO] 2026-08-30 08:39:47,109: ... selected machine [] for node of type [drone_control/command_interpreter.py]
[roslaunch][INFO] 2026-08-30 08:39:47,109: ... selected machine [] for node of type [drone_control/mission_manager.py]
[roslaunch][INFO] 2026-08-30 08:39:47,109: ... selected machine [] for node of type [drone_control/camera_calibration.py]
[roslaunch][INFO] 2026-08-30 08:39:47,109: ... selected machine [] for node of type [drone_control/yolo_detector.py]
[roslaunch][INFO] 2026-08-30 08:39:47,110: ... selected machine [] for node of type [drone_control/sensor_fusion.py]
[roslaunch][INFO] 2026-08-30 08:39:47,110: ... selected machine [] for node of type [drone_control/target_tracking_controller.py]
[roslaunch][INFO] 2026-08-30 08:39:47,110: ... selected machine [] for node of type [drone_control/vehicle_state_monitor.py]
[roslaunch][INFO] 2026-08-30 08:39:47,110: ... selected machine [] for node of type [drone_control/safety_monitor.py]
[roslaunch][INFO] 2026-08-30 08:39:47,111: ... selected machine [] for node of type [drone_control/system_health_monitor.py]
[roslaunch][INFO] 2026-08-30 08:39:47,111: ... selected machine [] for node of type [drone_control/health_checker.py]
[roslaunch.pmon][INFO] 2026-08-30 08:39:47,117: start_process_monitor: creating ProcessMonitor
[roslaunch.pmon][INFO] 2026-08-30 08:39:47,117: created process monitor <ProcessMonitor(ProcessMonitor-1, initial daemon)>
[roslaunch.pmon][INFO] 2026-08-30 08:39:47,122: start_process_monitor: ProcessMonitor started
[roslaunch.parent][INFO] 2026-08-30 08:39:47,123: starting parent XML-RPC server
[roslaunch.server][INFO] 2026-08-30 08:39:47,123: starting roslaunch XML-RPC server
[roslaunch.server][INFO] 2026-08-30 08:39:47,124: waiting for roslaunch XML-RPC server to initialize
[xmlrpc][INFO] 2026-08-30 08:39:47,125: XML-RPC server binding to 127.0.0.1:0
[xmlrpc][INFO] 2026-08-30 08:39:47,126: Started XML-RPC server [http://localhost:32865/]
[xmlrpc][INFO] 2026-08-30 08:39:47,126: xml rpc node: starting XML-RPC server
[roslaunch][INFO] 2026-08-30 08:39:47,146: started roslaunch server http://localhost:32865/
[roslaunch.parent][INFO] 2026-08-30 08:39:47,147: ... parent XML-RPC server started
[roslaunch][INFO] 2026-08-30 08:39:47,153: master.is_running[http://localhost:11311]
[roslaunch][INFO] 2026-08-30 08:39:47,162: auto-starting new master
[roslaunch][INFO] 2026-08-30 08:39:47,164: create_master_process: rosmaster, /opt/ros/noetic/share/ros, 11311, 3, None, False
[roslaunch][INFO] 2026-08-30 08:39:47,164: process[master]: launching with args [['rosmaster', '--core', '-p', '11311', '-w', '3']]
[roslaunch.pmon][INFO] 2026-08-30 08:39:47,165: ProcessMonitor.register[master]
[roslaunch.pmon][INFO] 2026-08-30 08:39:47,166: ProcessMonitor.register[master] complete
[roslaunch][INFO] 2026-08-30 08:39:47,166: process[master]: starting os process
[roslaunch][INFO] 2026-08-30 08:39:47,167: process[master]: start w/ args [['rosmaster', '--core', '-p', '11311', '-w', '3', '__log:=/root/.ros/log/5a9f37ca-a44e-11f1-a855-1a78306416a9/master.log']]
[roslaunch][INFO] 2026-08-30 08:39:47,167: process[master]: cwd will be [/root/.ros]
[roslaunch][INFO] 2026-08-30 08:39:47,178: process[master]: started with pid [59]
[roslaunch][INFO] 2026-08-30 08:39:47,179: master.is_running[http://localhost:11311]
[roslaunch][INFO] 2026-08-30 08:39:47,285: master.is_running[http://localhost:11311]
[roslaunch][INFO] 2026-08-30 08:39:47,428: master.is_running[http://localhost:11311]
[roslaunch][INFO] 2026-08-30 08:39:47,591: master.is_running[http://localhost:11311]
[roslaunch][INFO] 2026-08-30 08:39:47,696: master.is_running[http://localhost:11311]
[roslaunch][INFO] 2026-08-30 08:39:47,801: master.is_running[http://localhost:11311]
[roslaunch][INFO] 2026-08-30 08:39:47,904: master.is_running[http://localhost:11311]
[roslaunch][INFO] 2026-08-30 08:39:48,011: master.is_running[http://localhost:11311]
[roslaunch][INFO] 2026-08-30 08:39:48,114: master.is_running[http://localhost:11311]
[roslaunch][INFO] 2026-08-30 08:39:48,248: master.is_running[http://localhost:11311]
[roslaunch][INFO] 2026-08-30 08:39:48,374: master.is_running[http://localhost:11311]
[roslaunch][INFO] 2026-08-30 08:39:48,498: master.is_running[http://localhost:11311]
[roslaunch][INFO] 2026-08-30 08:39:48,602: master.is_running[http://localhost:11311]
[roslaunch][INFO] 2026-08-30 08:39:48,706: master.is_running[http://localhost:11311]
[roslaunch][INFO] 2026-08-30 08:39:48,718: master.is_running[http://localhost:11311]
[roslaunch][INFO] 2026-08-30 08:39:48,724: ROS_MASTER_URI=http://localhost:11311
[roslaunch][INFO] 2026-08-30 08:39:48,728: setting /run_id to 5a9f37ca-a44e-11f1-a855-1a78306416a9
[roslaunch][INFO] 2026-08-30 08:39:48,731: setting /roslaunch/uris/host_localhost__32865' to http://localhost:32865/
[roslaunch][INFO] 2026-08-30 08:39:48,738: ... preparing to launch node of type [rosout/rosout]
[roslaunch][INFO] 2026-08-30 08:39:48,738: create_node_process: package[rosout] type[rosout] machine[Machine(name[] env_loader[None] address[localhost] ssh_port[22] user[None] assignable[True] timeout[10.0])] master_uri[http://localhost:11311]
[roslaunch][INFO] 2026-08-30 08:39:48,739: process[rosout-1]: env[{'ROS_VERSION': '1', 'PYTHONUNBUFFERED': '1', 'PKG_CONFIG_PATH': '/root/catkin_ws/devel/lib/pkgconfig:/opt/ros/noetic/lib/pkgconfig', 'ROS_PYTHON_VERSION': '3', 'HOSTNAME': 'kamikaze', 'ROS_PACKAGE_PATH': '/root/catkin_ws/src:/opt/ros/noetic/share', 'ROSLISP_PACKAGE_DIRECTORIES': '/root/catkin_ws/devel/share/common-lisp', 'PWD': '/root/catkin_ws', 'ENABLE_SIMULATION': 'false', 'ROS_IP': '127.0.0.1', 'HOME': '/root', 'LANG': 'C.UTF-8', 'ROS_ETC_DIR': '/opt/ros/noetic/etc/ros', 'CMAKE_PREFIX_PATH': '/root/catkin_ws/devel:/opt/ros/noetic', 'PYTHONPATH': '/root/catkin_ws/devel/lib/python3/dist-packages:/root/catkin_ws/devel/lib/python3/dist-packages:/opt/ros/noetic/lib/python3/dist-packages', 'DISPLAY': ':0', 'SHLVL': '0', 'ROS_MASTER_URI': 'http://localhost:11311', 'ROS_HOSTNAME': 'localhost', 'LD_LIBRARY_PATH': '/root/catkin_ws/devel/lib:/opt/ros/noetic/lib', 'ENABLE_PERFORMANCE_MONITORING': 'true', 'LC_ALL': 'C.UTF-8', 'PATH': '/opt/ros/noetic/bin:/usr/local/sbin:/usr/local/bin:/usr/sbin:/usr/bin:/sbin:/bin', 'DEBIAN_FRONTEND': 'noninteractive', 'ROS_ROOT': '/opt/ros/noetic/share/ros', 'ROS_DISTRO': 'noetic', 'QT_X11_NO_MITSHM': '1', 'ENABLE_GUI': 'false', 'ROS_LOG_FILENAME': '/root/.ros/log/5a9f37ca-a44e-11f1-a855-1a78306416a9/roslaunch-kamikaze-1.log'}]
[roslaunch][INFO] 2026-08-30 08:39:48,770: process[rosout-1]: args[['/opt/ros/noetic/lib/rosout/rosout', '__name:=rosout']]
[roslaunch][INFO] 2026-08-30 08:39:48,770: ... created process [rosout-1]
[roslaunch.pmon][INFO] 2026-08-30 08:39:48,770: ProcessMonitor.register[rosout-1]
[roslaunch.pmon][INFO] 2026-08-30 08:39:48,771: ProcessMonitor.register[rosout-1] complete
[roslaunch][INFO] 2026-08-30 08:39:48,771: ... registered process [rosout-1]
[roslaunch][INFO] 2026-08-30 08:39:48,771: process[rosout-1]: starting os process
[roslaunch][INFO] 2026-08-30 08:39:48,772: process[rosout-1]: start w/ args [['/opt/ros/noetic/lib/rosout/rosout', '__name:=rosout', '__log:=/root/.ros/log/5a9f37ca-a44e-11f1-a855-1a78306416a9/rosout-1.log']]
[roslaunch][INFO] 2026-08-30 08:39:48,772: process[rosout-1]: cwd will be [/root/.ros]
[roslaunch][INFO] 2026-08-30 08:39:48,779: process[rosout-1]: started with pid [82]
[roslaunch][INFO] 2026-08-30 08:39:48,780: ... successfully launched [rosout-1]
[roslaunch][INFO] 2026-08-30 08:39:48,781: load_parameters starting ...
[roslaunch][INFO] 2026-08-30 08:39:48,949: ... load_parameters complete
[roslaunch][INFO] 2026-08-30 08:39:48,950: launch_nodes: launching local nodes ...
[roslaunch][INFO] 2026-08-30 08:39:48,952: ... preparing to launch node of type [drone_control/parameter_validator.py]
[roslaunch][INFO] 2026-08-30 08:39:48,952: create_node_process: package[drone_control] type[parameter_validator.py] machine[Machine(name[] env_loader[None] address[localhost] ssh_port[22] user[None] assignable[True] timeout[10.0])] master_uri[http://localhost:11311]
[roslaunch][INFO] 2026-08-30 08:39:48,952: process[parameter_validator-2]: env[{'ROS_VERSION': '1', 'PYTHONUNBUFFERED': '1', 'PKG_CONFIG_PATH': '/root/catkin_ws/devel/lib/pkgconfig:/opt/ros/noetic/lib/pkgconfig', 'ROS_PYTHON_VERSION': '3', 'HOSTNAME': 'kamikaze', 'ROS_PACKAGE_PATH': '/root/catkin_ws/src:/opt/ros/noetic/share', 'ROSLISP_PACKAGE_DIRECTORIES': '/root/catkin_ws/devel/share/common-lisp', 'PWD': '/root/catkin_ws', 'ENABLE_SIMULATION': 'false', 'ROS_IP': '127.0.0.1', 'HOME': '/root', 'LANG': 'C.UTF-8', 'ROS_ETC_DIR': '/opt/ros/noetic/etc/ros', 'CMAKE_PREFIX_PATH': '/root/catkin_ws/devel:/opt/ros/noetic', 'PYTHONPATH': '/root/catkin_ws/devel/lib/python3/dist-packages:/root/catkin_ws/devel/lib/python3/dist-packages:/opt/ros/noetic/lib/python3/dist-packages', 'DISPLAY': ':0', 'SHLVL': '0', 'ROS_MASTER_URI': 'http://localhost:11311', 'ROS_HOSTNAME': 'localhost', 'LD_LIBRARY_PATH': '/root/catkin_ws/devel/lib:/opt/ros/noetic/lib', 'ENABLE_PERFORMANCE_MONITORING': 'true', 'LC_ALL': 'C.UTF-8', 'PATH': '/opt/ros/noetic/bin:/usr/local/sbin:/usr/local/bin:/usr/sbin:/usr/bin:/sbin:/bin', 'DEBIAN_FRONTEND': 'noninteractive', 'ROS_ROOT': '/opt/ros/noetic/share/ros', 'ROS_DISTRO': 'noetic', 'QT_X11_NO_MITSHM': '1', 'ENABLE_GUI': 'false', 'ROS_LOG_FILENAME': '/root/.ros/log/5a9f37ca-a44e-11f1-a855-1a78306416a9/roslaunch-kamikaze-1.log'}]
[roslaunch][INFO] 2026-08-30 08:39:48,956: process[parameter_validator-2]: args[['/root/catkin_ws/devel/lib/drone_control/parameter_validator.py', '__name:=parameter_validator']]
[roslaunch][INFO] 2026-08-30 08:39:48,956: ... created process [parameter_validator-2]
[roslaunch.pmon][INFO] 2026-08-30 08:39:48,956: ProcessMonitor.register[parameter_validator-2]
[roslaunch.pmon][INFO] 2026-08-30 08:39:48,956: ProcessMonitor.register[parameter_validator-2] complete
[roslaunch][INFO] 2026-08-30 08:39:48,956: ... registered process [parameter_validator-2]
[roslaunch][INFO] 2026-08-30 08:39:48,956: process[parameter_validator-2]: starting os process
[roslaunch][INFO] 2026-08-30 08:39:48,957: process[parameter_validator-2]: start w/ args [['/root/catkin_ws/devel/lib/drone_control/parameter_validator.py', '__name:=parameter_validator', '__log:=/root/.ros/log/5a9f37ca-a44e-11f1-a855-1a78306416a9/parameter_validator-2.log']]
[roslaunch][INFO] 2026-08-30 08:39:48,957: process[parameter_validator-2]: cwd will be [/root/.ros]
[roslaunch][INFO] 2026-08-30 08:39:48,966: process[parameter_validator-2]: started with pid [86]
[roslaunch][INFO] 2026-08-30 08:39:48,967: ... successfully launched [parameter_validator-2]
[roslaunch][INFO] 2026-08-30 08:39:48,967: ... preparing to launch node of type [drone_control/command_interpreter.py]
[roslaunch][INFO] 2026-08-30 08:39:48,967: create_node_process: package[drone_control] type[command_interpreter.py] machine[Machine(name[] env_loader[None] address[localhost] ssh_port[22] user[None] assignable[True] timeout[10.0])] master_uri[http://localhost:11311]
[roslaunch][INFO] 2026-08-30 08:39:48,968: process[command_interpreter-3]: env[{'ROS_VERSION': '1', 'PYTHONUNBUFFERED': '1', 'PKG_CONFIG_PATH': '/root/catkin_ws/devel/lib/pkgconfig:/opt/ros/noetic/lib/pkgconfig', 'ROS_PYTHON_VERSION': '3', 'HOSTNAME': 'kamikaze', 'ROS_PACKAGE_PATH': '/root/catkin_ws/src:/opt/ros/noetic/share', 'ROSLISP_PACKAGE_DIRECTORIES': '/root/catkin_ws/devel/share/common-lisp', 'PWD': '/root/catkin_ws', 'ENABLE_SIMULATION': 'false', 'ROS_IP': '127.0.0.1', 'HOME': '/root', 'LANG': 'C.UTF-8', 'ROS_ETC_DIR': '/opt/ros/noetic/etc/ros', 'CMAKE_PREFIX_PATH': '/root/catkin_ws/devel:/opt/ros/noetic', 'PYTHONPATH': '/root/catkin_ws/devel/lib/python3/dist-packages:/root/catkin_ws/devel/lib/python3/dist-packages:/opt/ros/noetic/lib/python3/dist-packages', 'DISPLAY': ':0', 'SHLVL': '0', 'ROS_MASTER_URI': 'http://localhost:11311', 'ROS_HOSTNAME': 'localhost', 'LD_LIBRARY_PATH': '/root/catkin_ws/devel/lib:/opt/ros/noetic/lib', 'ENABLE_PERFORMANCE_MONITORING': 'true', 'LC_ALL': 'C.UTF-8', 'PATH': '/opt/ros/noetic/bin:/usr/local/sbin:/usr/local/bin:/usr/sbin:/usr/bin:/sbin:/bin', 'DEBIAN_FRONTEND': 'noninteractive', 'ROS_ROOT': '/opt/ros/noetic/share/ros', 'ROS_DISTRO': 'noetic', 'QT_X11_NO_MITSHM': '1', 'ENABLE_GUI': 'false', 'ROS_LOG_FILENAME': '/root/.ros/log/5a9f37ca-a44e-11f1-a855-1a78306416a9/roslaunch-kamikaze-1.log'}]
[roslaunch][INFO] 2026-08-30 08:39:48,971: process[command_interpreter-3]: args[['/root/catkin_ws/devel/lib/drone_control/command_interpreter.py', '__name:=command_interpreter']]
[roslaunch][INFO] 2026-08-30 08:39:48,972: ... created process [command_interpreter-3]
[roslaunch.pmon][INFO] 2026-08-30 08:39:48,972: ProcessMonitor.register[command_interpreter-3]
[roslaunch.pmon][INFO] 2026-08-30 08:39:48,973: ProcessMonitor.register[command_interpreter-3] complete
[roslaunch][INFO] 2026-08-30 08:39:48,973: ... registered process [command_interpreter-3]
[roslaunch][INFO] 2026-08-30 08:39:48,973: process[command_interpreter-3]: starting os process
[roslaunch][INFO] 2026-08-30 08:39:48,973: process[command_interpreter-3]: start w/ args [['/root/catkin_ws/devel/lib/drone_control/command_interpreter.py', '__name:=command_interpreter', '__log:=/root/.ros/log/5a9f37ca-a44e-11f1-a855-1a78306416a9/command_interpreter-3.log']]
[roslaunch][INFO] 2026-08-30 08:39:48,974: process[command_interpreter-3]: cwd will be [/root/.ros]
[roslaunch][INFO] 2026-08-30 08:39:48,982: process[command_interpreter-3]: started with pid [89]
[roslaunch][INFO] 2026-08-30 08:39:48,982: ... successfully launched [command_interpreter-3]
[roslaunch][INFO] 2026-08-30 08:39:48,982: ... preparing to launch node of type [drone_control/mission_manager.py]
[roslaunch][INFO] 2026-08-30 08:39:48,983: create_node_process: package[drone_control] type[mission_manager.py] machine[Machine(name[] env_loader[None] address[localhost] ssh_port[22] user[None] assignable[True] timeout[10.0])] master_uri[http://localhost:11311]
[roslaunch][INFO] 2026-08-30 08:39:48,983: process[mission_manager-4]: env[{'ROS_VERSION': '1', 'PYTHONUNBUFFERED': '1', 'PKG_CONFIG_PATH': '/root/catkin_ws/devel/lib/pkgconfig:/opt/ros/noetic/lib/pkgconfig', 'ROS_PYTHON_VERSION': '3', 'HOSTNAME': 'kamikaze', 'ROS_PACKAGE_PATH': '/root/catkin_ws/src:/opt/ros/noetic/share', 'ROSLISP_PACKAGE_DIRECTORIES': '/root/catkin_ws/devel/share/common-lisp', 'PWD': '/root/catkin_ws', 'ENABLE_SIMULATION': 'false', 'ROS_IP': '127.0.0.1', 'HOME': '/root', 'LANG': 'C.UTF-8', 'ROS_ETC_DIR': '/opt/ros/noetic/etc/ros', 'CMAKE_PREFIX_PATH': '/root/catkin_ws/devel:/opt/ros/noetic', 'PYTHONPATH': '/root/catkin_ws/devel/lib/python3/dist-packages:/root/catkin_ws/devel/lib/python3/dist-packages:/opt/ros/noetic/lib/python3/dist-packages', 'DISPLAY': ':0', 'SHLVL': '0', 'ROS_MASTER_URI': 'http://localhost:11311', 'ROS_HOSTNAME': 'localhost', 'LD_LIBRARY_PATH': '/root/catkin_ws/devel/lib:/opt/ros/noetic/lib', 'ENABLE_PERFORMANCE_MONITORING': 'true', 'LC_ALL': 'C.UTF-8', 'PATH': '/opt/ros/noetic/bin:/usr/local/sbin:/usr/local/bin:/usr/sbin:/usr/bin:/sbin:/bin', 'DEBIAN_FRONTEND': 'noninteractive', 'ROS_ROOT': '/opt/ros/noetic/share/ros', 'ROS_DISTRO': 'noetic', 'QT_X11_NO_MITSHM': '1', 'ENABLE_GUI': 'false', 'ROS_LOG_FILENAME': '/root/.ros/log/5a9f37ca-a44e-11f1-a855-1a78306416a9/roslaunch-kamikaze-1.log'}]
[roslaunch][INFO] 2026-08-30 08:39:48,986: process[mission_manager-4]: args[['/root/catkin_ws/devel/lib/drone_control/mission_manager.py', '__name:=mission_manager']]
[roslaunch][INFO] 2026-08-30 08:39:48,986: ... created process [mission_manager-4]
[roslaunch.pmon][INFO] 2026-08-30 08:39:48,986: ProcessMonitor.register[mission_manager-4]
[roslaunch.pmon][INFO] 2026-08-30 08:39:48,986: ProcessMonitor.register[mission_manager-4] complete
[roslaunch][INFO] 2026-08-30 08:39:48,986: ... registered process [mission_manager-4]
[roslaunch][INFO] 2026-08-30 08:39:48,987: process[mission_manager-4]: starting os process
[roslaunch][INFO] 2026-08-30 08:39:48,987: process[mission_manager-4]: start w/ args [['/root/catkin_ws/devel/lib/drone_control/mission_manager.py', '__name:=mission_manager', '__log:=/root/.ros/log/5a9f37ca-a44e-11f1-a855-1a78306416a9/mission_manager-4.log']]
[roslaunch][INFO] 2026-08-30 08:39:48,987: process[mission_manager-4]: cwd will be [/root/.ros]
[roslaunch][INFO] 2026-08-30 08:39:48,996: process[mission_manager-4]: started with pid [91]
[roslaunch][INFO] 2026-08-30 08:39:48,996: ... successfully launched [mission_manager-4]
[roslaunch][INFO] 2026-08-30 08:39:48,997: ... preparing to launch node of type [drone_control/camera_calibration.py]
[roslaunch][INFO] 2026-08-30 08:39:48,997: create_node_process: package[drone_control] type[camera_calibration.py] machine[Machine(name[] env_loader[None] address[localhost] ssh_port[22] user[None] assignable[True] timeout[10.0])] master_uri[http://localhost:11311]
[roslaunch][INFO] 2026-08-30 08:39:48,999: process[camera_calibration-5]: env[{'ROS_VERSION': '1', 'PYTHONUNBUFFERED': '1', 'PKG_CONFIG_PATH': '/root/catkin_ws/devel/lib/pkgconfig:/opt/ros/noetic/lib/pkgconfig', 'ROS_PYTHON_VERSION': '3', 'HOSTNAME': 'kamikaze', 'ROS_PACKAGE_PATH': '/root/catkin_ws/src:/opt/ros/noetic/share', 'ROSLISP_PACKAGE_DIRECTORIES': '/root/catkin_ws/devel/share/common-lisp', 'PWD': '/root/catkin_ws', 'ENABLE_SIMULATION': 'false', 'ROS_IP': '127.0.0.1', 'HOME': '/root', 'LANG': 'C.UTF-8', 'ROS_ETC_DIR': '/opt/ros/noetic/etc/ros', 'CMAKE_PREFIX_PATH': '/root/catkin_ws/devel:/opt/ros/noetic', 'PYTHONPATH': '/root/catkin_ws/devel/lib/python3/dist-packages:/root/catkin_ws/devel/lib/python3/dist-packages:/opt/ros/noetic/lib/python3/dist-packages', 'DISPLAY': ':0', 'SHLVL': '0', 'ROS_MASTER_URI': 'http://localhost:11311', 'ROS_HOSTNAME': 'localhost', 'LD_LIBRARY_PATH': '/root/catkin_ws/devel/lib:/opt/ros/noetic/lib', 'ENABLE_PERFORMANCE_MONITORING': 'true', 'LC_ALL': 'C.UTF-8', 'PATH': '/opt/ros/noetic/bin:/usr/local/sbin:/usr/local/bin:/usr/sbin:/usr/bin:/sbin:/bin', 'DEBIAN_FRONTEND': 'noninteractive', 'ROS_ROOT': '/opt/ros/noetic/share/ros', 'ROS_DISTRO': 'noetic', 'QT_X11_NO_MITSHM': '1', 'ENABLE_GUI': 'false', 'ROS_LOG_FILENAME': '/root/.ros/log/5a9f37ca-a44e-11f1-a855-1a78306416a9/roslaunch-kamikaze-1.log'}]
[roslaunch][INFO] 2026-08-30 08:39:49,002: process[camera_calibration-5]: args[['/root/catkin_ws/devel/lib/drone_control/camera_calibration.py', '__name:=camera_calibration']]
[roslaunch][INFO] 2026-08-30 08:39:49,003: ... created process [camera_calibration-5]
[roslaunch.pmon][INFO] 2026-08-30 08:39:49,003: ProcessMonitor.register[camera_calibration-5]
[roslaunch.pmon][INFO] 2026-08-30 08:39:49,004: ProcessMonitor.register[camera_calibration-5] complete
[roslaunch][INFO] 2026-08-30 08:39:49,004: ... registered process [camera_calibration-5]
[roslaunch][INFO] 2026-08-30 08:39:49,004: process[camera_calibration-5]: starting os process
[roslaunch][INFO] 2026-08-30 08:39:49,004: process[camera_calibration-5]: start w/ args [['/root/catkin_ws/devel/lib/drone_control/camera_calibration.py', '__name:=camera_calibration', '__log:=/root/.ros/log/5a9f37ca-a44e-11f1-a855-1a78306416a9/camera_calibration-5.log']]
[roslaunch][INFO] 2026-08-30 08:39:49,005: process[camera_calibration-5]: cwd will be [/root/.ros]
[roslaunch][INFO] 2026-08-30 08:39:49,015: process[camera_calibration-5]: started with pid [92]
[roslaunch][INFO] 2026-08-30 08:39:49,016: ... successfully launched [camera_calibration-5]
[roslaunch][INFO] 2026-08-30 08:39:49,016: ... preparing to launch node of type [drone_control/yolo_detector.py]
[roslaunch][INFO] 2026-08-30 08:39:49,017: create_node_process: package[drone_control] type[yolo_detector.py] machine[Machine(name[] env_loader[None] address[localhost] ssh_port[22] user[None] assignable[True] timeout[10.0])] master_uri[http://localhost:11311]
[roslaunch][INFO] 2026-08-30 08:39:49,017: process[yolo_detector-6]: env[{'ROS_VERSION': '1', 'PYTHONUNBUFFERED': '1', 'PKG_CONFIG_PATH': '/root/catkin_ws/devel/lib/pkgconfig:/opt/ros/noetic/lib/pkgconfig', 'ROS_PYTHON_VERSION': '3', 'HOSTNAME': 'kamikaze', 'ROS_PACKAGE_PATH': '/root/catkin_ws/src:/opt/ros/noetic/share', 'ROSLISP_PACKAGE_DIRECTORIES': '/root/catkin_ws/devel/share/common-lisp', 'PWD': '/root/catkin_ws', 'ENABLE_SIMULATION': 'false', 'ROS_IP': '127.0.0.1', 'HOME': '/root', 'LANG': 'C.UTF-8', 'ROS_ETC_DIR': '/opt/ros/noetic/etc/ros', 'CMAKE_PREFIX_PATH': '/root/catkin_ws/devel:/opt/ros/noetic', 'PYTHONPATH': '/root/catkin_ws/devel/lib/python3/dist-packages:/root/catkin_ws/devel/lib/python3/dist-packages:/opt/ros/noetic/lib/python3/dist-packages', 'DISPLAY': ':0', 'SHLVL': '0', 'ROS_MASTER_URI': 'http://localhost:11311', 'ROS_HOSTNAME': 'localhost', 'LD_LIBRARY_PATH': '/root/catkin_ws/devel/lib:/opt/ros/noetic/lib', 'ENABLE_PERFORMANCE_MONITORING': 'true', 'LC_ALL': 'C.UTF-8', 'PATH': '/opt/ros/noetic/bin:/usr/local/sbin:/usr/local/bin:/usr/sbin:/usr/bin:/sbin:/bin', 'DEBIAN_FRONTEND': 'noninteractive', 'ROS_ROOT': '/opt/ros/noetic/share/ros', 'ROS_DISTRO': 'noetic', 'QT_X11_NO_MITSHM': '1', 'ENABLE_GUI': 'false', 'ROS_LOG_FILENAME': '/root/.ros/log/5a9f37ca-a44e-11f1-a855-1a78306416a9/roslaunch-kamikaze-1.log'}]
[roslaunch][INFO] 2026-08-30 08:39:49,020: process[yolo_detector-6]: args[['/root/catkin_ws/devel/lib/drone_control/yolo_detector.py', '__name:=yolo_detector']]
[roslaunch][INFO] 2026-08-30 08:39:49,020: ... created process [yolo_detector-6]
[roslaunch.pmon][INFO] 2026-08-30 08:39:49,021: ProcessMonitor.register[yolo_detector-6]
[roslaunch.pmon][INFO] 2026-08-30 08:39:49,021: ProcessMonitor.register[yolo_detector-6] complete
[roslaunch][INFO] 2026-08-30 08:39:49,021: ... registered process [yolo_detector-6]
[roslaunch][INFO] 2026-08-30 08:39:49,022: process[yolo_detector-6]: starting os process
[roslaunch][INFO] 2026-08-30 08:39:49,022: process[yolo_detector-6]: start w/ args [['/root/catkin_ws/devel/lib/drone_control/yolo_detector.py', '__name:=yolo_detector', '__log:=/root/.ros/log/5a9f37ca-a44e-11f1-a855-1a78306416a9/yolo_detector-6.log']]
[roslaunch][INFO] 2026-08-30 08:39:49,022: process[yolo_detector-6]: cwd will be [/root/.ros]
[roslaunch][INFO] 2026-08-30 08:39:49,033: process[yolo_detector-6]: started with pid [93]
[roslaunch][INFO] 2026-08-30 08:39:49,034: ... successfully launched [yolo_detector-6]
[roslaunch][INFO] 2026-08-30 08:39:49,034: ... preparing to launch node of type [drone_control/sensor_fusion.py]
[roslaunch][INFO] 2026-08-30 08:39:49,034: create_node_process: package[drone_control] type[sensor_fusion.py] machine[Machine(name[] env_loader[None] address[localhost] ssh_port[22] user[None] assignable[True] timeout[10.0])] master_uri[http://localhost:11311]
[roslaunch][INFO] 2026-08-30 08:39:49,035: process[sensor_fusion-7]: env[{'ROS_VERSION': '1', 'PYTHONUNBUFFERED': '1', 'PKG_CONFIG_PATH': '/root/catkin_ws/devel/lib/pkgconfig:/opt/ros/noetic/lib/pkgconfig', 'ROS_PYTHON_VERSION': '3', 'HOSTNAME': 'kamikaze', 'ROS_PACKAGE_PATH': '/root/catkin_ws/src:/opt/ros/noetic/share', 'ROSLISP_PACKAGE_DIRECTORIES': '/root/catkin_ws/devel/share/common-lisp', 'PWD': '/root/catkin_ws', 'ENABLE_SIMULATION': 'false', 'ROS_IP': '127.0.0.1', 'HOME': '/root', 'LANG': 'C.UTF-8', 'ROS_ETC_DIR': '/opt/ros/noetic/etc/ros', 'CMAKE_PREFIX_PATH': '/root/catkin_ws/devel:/opt/ros/noetic', 'PYTHONPATH': '/root/catkin_ws/devel/lib/python3/dist-packages:/root/catkin_ws/devel/lib/python3/dist-packages:/opt/ros/noetic/lib/python3/dist-packages', 'DISPLAY': ':0', 'SHLVL': '0', 'ROS_MASTER_URI': 'http://localhost:11311', 'ROS_HOSTNAME': 'localhost', 'LD_LIBRARY_PATH': '/root/catkin_ws/devel/lib:/opt/ros/noetic/lib', 'ENABLE_PERFORMANCE_MONITORING': 'true', 'LC_ALL': 'C.UTF-8', 'PATH': '/opt/ros/noetic/bin:/usr/local/sbin:/usr/local/bin:/usr/sbin:/usr/bin:/sbin:/bin', 'DEBIAN_FRONTEND': 'noninteractive', 'ROS_ROOT': '/opt/ros/noetic/share/ros', 'ROS_DISTRO': 'noetic', 'QT_X11_NO_MITSHM': '1', 'ENABLE_GUI': 'false', 'ROS_LOG_FILENAME': '/root/.ros/log/5a9f37ca-a44e-11f1-a855-1a78306416a9/roslaunch-kamikaze-1.log'}]
[roslaunch][INFO] 2026-08-30 08:39:49,042: process[sensor_fusion-7]: args[['/root/catkin_ws/devel/lib/drone_control/sensor_fusion.py', '__name:=sensor_fusion']]
[roslaunch][INFO] 2026-08-30 08:39:49,044: ... created process [sensor_fusion-7]
[roslaunch.pmon][INFO] 2026-08-30 08:39:49,045: ProcessMonitor.register[sensor_fusion-7]
[roslaunch.pmon][INFO] 2026-08-30 08:39:49,046: ProcessMonitor.register[sensor_fusion-7] complete
[roslaunch][INFO] 2026-08-30 08:39:49,047: ... registered process [sensor_fusion-7]
[roslaunch][INFO] 2026-08-30 08:39:49,047: process[sensor_fusion-7]: starting os process
[roslaunch][INFO] 2026-08-30 08:39:49,048: process[sensor_fusion-7]: start w/ args [['/root/catkin_ws/devel/lib/drone_control/sensor_fusion.py', '__name:=sensor_fusion', '__log:=/root/.ros/log/5a9f37ca-a44e-11f1-a855-1a78306416a9/sensor_fusion-7.log']]
[roslaunch][INFO] 2026-08-30 08:39:49,048: process[sensor_fusion-7]: cwd will be [/root/.ros]
[roslaunch][INFO] 2026-08-30 08:39:49,061: process[sensor_fusion-7]: started with pid [94]
[roslaunch][INFO] 2026-08-30 08:39:49,062: ... successfully launched [sensor_fusion-7]
[roslaunch][INFO] 2026-08-30 08:39:49,062: ... preparing to launch node of type [drone_control/target_tracking_controller.py]
[roslaunch][INFO] 2026-08-30 08:39:49,063: create_node_process: package[drone_control] type[target_tracking_controller.py] machine[Machine(name[] env_loader[None] address[localhost] ssh_port[22] user[None] assignable[True] timeout[10.0])] master_uri[http://localhost:11311]
[roslaunch][INFO] 2026-08-30 08:39:49,063: process[target_tracking_controller-8]: env[{'ROS_VERSION': '1', 'PYTHONUNBUFFERED': '1', 'PKG_CONFIG_PATH': '/root/catkin_ws/devel/lib/pkgconfig:/opt/ros/noetic/lib/pkgconfig', 'ROS_PYTHON_VERSION': '3', 'HOSTNAME': 'kamikaze', 'ROS_PACKAGE_PATH': '/root/catkin_ws/src:/opt/ros/noetic/share', 'ROSLISP_PACKAGE_DIRECTORIES': '/root/catkin_ws/devel/share/common-lisp', 'PWD': '/root/catkin_ws', 'ENABLE_SIMULATION': 'false', 'ROS_IP': '127.0.0.1', 'HOME': '/root', 'LANG': 'C.UTF-8', 'ROS_ETC_DIR': '/opt/ros/noetic/etc/ros', 'CMAKE_PREFIX_PATH': '/root/catkin_ws/devel:/opt/ros/noetic', 'PYTHONPATH': '/root/catkin_ws/devel/lib/python3/dist-packages:/root/catkin_ws/devel/lib/python3/dist-packages:/opt/ros/noetic/lib/python3/dist-packages', 'DISPLAY': ':0', 'SHLVL': '0', 'ROS_MASTER_URI': 'http://localhost:11311', 'ROS_HOSTNAME': 'localhost', 'LD_LIBRARY_PATH': '/root/catkin_ws/devel/lib:/opt/ros/noetic/lib', 'ENABLE_PERFORMANCE_MONITORING': 'true', 'LC_ALL': 'C.UTF-8', 'PATH': '/opt/ros/noetic/bin:/usr/local/sbin:/usr/local/bin:/usr/sbin:/usr/bin:/sbin:/bin', 'DEBIAN_FRONTEND': 'noninteractive', 'ROS_ROOT': '/opt/ros/noetic/share/ros', 'ROS_DISTRO': 'noetic', 'QT_X11_NO_MITSHM': '1', 'ENABLE_GUI': 'false', 'ROS_LOG_FILENAME': '/root/.ros/log/5a9f37ca-a44e-11f1-a855-1a78306416a9/roslaunch-kamikaze-1.log'}]
[roslaunch][INFO] 2026-08-30 08:39:49,067: process[target_tracking_controller-8]: args[['/root/catkin_ws/devel/lib/drone_control/target_tracking_controller.py', '__name:=target_tracking_controller']]
[roslaunch][INFO] 2026-08-30 08:39:49,067: ... created process [target_tracking_controller-8]
[roslaunch.pmon][INFO] 2026-08-30 08:39:49,067: ProcessMonitor.register[target_tracking_controller-8]
[roslaunch.pmon][INFO] 2026-08-30 08:39:49,068: ProcessMonitor.register[target_tracking_controller-8] complete
[roslaunch][INFO] 2026-08-30 08:39:49,068: ... registered process [target_tracking_controller-8]
[roslaunch][INFO] 2026-08-30 08:39:49,068: process[target_tracking_controller-8]: starting os process
[roslaunch][INFO] 2026-08-30 08:39:49,068: process[target_tracking_controller-8]: start w/ args [['/root/catkin_ws/devel/lib/drone_control/target_tracking_controller.py', '__name:=target_tracking_controller', '__log:=/root/.ros/log/5a9f37ca-a44e-11f1-a855-1a78306416a9/target_tracking_controller-8.log']]
[roslaunch][INFO] 2026-08-30 08:39:49,068: process[target_tracking_controller-8]: cwd will be [/root/.ros]
[roslaunch][INFO] 2026-08-30 08:39:49,079: process[target_tracking_controller-8]: started with pid [95]
[roslaunch][INFO] 2026-08-30 08:39:49,080: ... successfully launched [target_tracking_controller-8]
[roslaunch][INFO] 2026-08-30 08:39:49,080: ... preparing to launch node of type [drone_control/vehicle_state_monitor.py]
[roslaunch][INFO] 2026-08-30 08:39:49,081: create_node_process: package[drone_control] type[vehicle_state_monitor.py] machine[Machine(name[] env_loader[None] address[localhost] ssh_port[22] user[None] assignable[True] timeout[10.0])] master_uri[http://localhost:11311]
[roslaunch][INFO] 2026-08-30 08:39:49,082: process[vehicle_state_monitor-9]: env[{'ROS_VERSION': '1', 'PYTHONUNBUFFERED': '1', 'PKG_CONFIG_PATH': '/root/catkin_ws/devel/lib/pkgconfig:/opt/ros/noetic/lib/pkgconfig', 'ROS_PYTHON_VERSION': '3', 'HOSTNAME': 'kamikaze', 'ROS_PACKAGE_PATH': '/root/catkin_ws/src:/opt/ros/noetic/share', 'ROSLISP_PACKAGE_DIRECTORIES': '/root/catkin_ws/devel/share/common-lisp', 'PWD': '/root/catkin_ws', 'ENABLE_SIMULATION': 'false', 'ROS_IP': '127.0.0.1', 'HOME': '/root', 'LANG': 'C.UTF-8', 'ROS_ETC_DIR': '/opt/ros/noetic/etc/ros', 'CMAKE_PREFIX_PATH': '/root/catkin_ws/devel:/opt/ros/noetic', 'PYTHONPATH': '/root/catkin_ws/devel/lib/python3/dist-packages:/root/catkin_ws/devel/lib/python3/dist-packages:/opt/ros/noetic/lib/python3/dist-packages', 'DISPLAY': ':0', 'SHLVL': '0', 'ROS_MASTER_URI': 'http://localhost:11311', 'ROS_HOSTNAME': 'localhost', 'LD_LIBRARY_PATH': '/root/catkin_ws/devel/lib:/opt/ros/noetic/lib', 'ENABLE_PERFORMANCE_MONITORING': 'true', 'LC_ALL': 'C.UTF-8', 'PATH': '/opt/ros/noetic/bin:/usr/local/sbin:/usr/local/bin:/usr/sbin:/usr/bin:/sbin:/bin', 'DEBIAN_FRONTEND': 'noninteractive', 'ROS_ROOT': '/opt/ros/noetic/share/ros', 'ROS_DISTRO': 'noetic', 'QT_X11_NO_MITSHM': '1', 'ENABLE_GUI': 'false', 'ROS_LOG_FILENAME': '/root/.ros/log/5a9f37ca-a44e-11f1-a855-1a78306416a9/roslaunch-kamikaze-1.log'}]
[roslaunch][INFO] 2026-08-30 08:39:49,112: process[vehicle_state_monitor-9]: args[['/root/catkin_ws/devel/lib/drone_control/vehicle_state_monitor.py', '__name:=vehicle_state_monitor']]
[roslaunch][INFO] 2026-08-30 08:39:49,112: ... created process [vehicle_state_monitor-9]
[roslaunch.pmon][INFO] 2026-08-30 08:39:49,113: ProcessMonitor.register[vehicle_state_monitor-9]
[roslaunch.pmon][INFO] 2026-08-30 08:39:49,113: ProcessMonitor.register[vehicle_state_monitor-9] complete
[roslaunch][INFO] 2026-08-30 08:39:49,113: ... registered process [vehicle_state_monitor-9]
[roslaunch][INFO] 2026-08-30 08:39:49,113: process[vehicle_state_monitor-9]: starting os process
[roslaunch][INFO] 2026-08-30 08:39:49,114: process[vehicle_state_monitor-9]: start w/ args [['/root/catkin_ws/devel/lib/drone_control/vehicle_state_monitor.py', '__name:=vehicle_state_monitor', '__log:=/root/.ros/log/5a9f37ca-a44e-11f1-a855-1a78306416a9/vehicle_state_monitor-9.log']]
[roslaunch][INFO] 2026-08-30 08:39:49,114: process[vehicle_state_monitor-9]: cwd will be [/root/.ros]
[roslaunch][INFO] 2026-08-30 08:39:49,167: process[vehicle_state_monitor-9]: started with pid [96]
[roslaunch][INFO] 2026-08-30 08:39:49,168: ... successfully launched [vehicle_state_monitor-9]
[roslaunch][INFO] 2026-08-30 08:39:49,168: ... preparing to launch node of type [drone_control/safety_monitor.py]
[roslaunch][INFO] 2026-08-30 08:39:49,168: create_node_process: package[drone_control] type[safety_monitor.py] machine[Machine(name[] env_loader[None] address[localhost] ssh_port[22] user[None] assignable[True] timeout[10.0])] master_uri[http://localhost:11311]
[roslaunch][INFO] 2026-08-30 08:39:49,169: process[safety_monitor-10]: env[{'ROS_VERSION': '1', 'PYTHONUNBUFFERED': '1', 'PKG_CONFIG_PATH': '/root/catkin_ws/devel/lib/pkgconfig:/opt/ros/noetic/lib/pkgconfig', 'ROS_PYTHON_VERSION': '3', 'HOSTNAME': 'kamikaze', 'ROS_PACKAGE_PATH': '/root/catkin_ws/src:/opt/ros/noetic/share', 'ROSLISP_PACKAGE_DIRECTORIES': '/root/catkin_ws/devel/share/common-lisp', 'PWD': '/root/catkin_ws', 'ENABLE_SIMULATION': 'false', 'ROS_IP': '127.0.0.1', 'HOME': '/root', 'LANG': 'C.UTF-8', 'ROS_ETC_DIR': '/opt/ros/noetic/etc/ros', 'CMAKE_PREFIX_PATH': '/root/catkin_ws/devel:/opt/ros/noetic', 'PYTHONPATH': '/root/catkin_ws/devel/lib/python3/dist-packages:/root/catkin_ws/devel/lib/python3/dist-packages:/opt/ros/noetic/lib/python3/dist-packages', 'DISPLAY': ':0', 'SHLVL': '0', 'ROS_MASTER_URI': 'http://localhost:11311', 'ROS_HOSTNAME': 'localhost', 'LD_LIBRARY_PATH': '/root/catkin_ws/devel/lib:/opt/ros/noetic/lib', 'ENABLE_PERFORMANCE_MONITORING': 'true', 'LC_ALL': 'C.UTF-8', 'PATH': '/opt/ros/noetic/bin:/usr/local/sbin:/usr/local/bin:/usr/sbin:/usr/bin:/sbin:/bin', 'DEBIAN_FRONTEND': 'noninteractive', 'ROS_ROOT': '/opt/ros/noetic/share/ros', 'ROS_DISTRO': 'noetic', 'QT_X11_NO_MITSHM': '1', 'ENABLE_GUI': 'false', 'ROS_LOG_FILENAME': '/root/.ros/log/5a9f37ca-a44e-11f1-a855-1a78306416a9/roslaunch-kamikaze-1.log'}]
[roslaunch][INFO] 2026-08-30 08:39:49,175: process[safety_monitor-10]: args[['/root/catkin_ws/devel/lib/drone_control/safety_monitor.py', '__name:=safety_monitor']]
[roslaunch][INFO] 2026-08-30 08:39:49,176: ... created process [safety_monitor-10]
[roslaunch.pmon][INFO] 2026-08-30 08:39:49,176: ProcessMonitor.register[safety_monitor-10]
[roslaunch.pmon][INFO] 2026-08-30 08:39:49,180: ProcessMonitor.register[safety_monitor-10] complete
[roslaunch][INFO] 2026-08-30 08:39:49,181: ... registered process [safety_monitor-10]
[roslaunch][INFO] 2026-08-30 08:39:49,182: process[safety_monitor-10]: starting os process
[roslaunch][INFO] 2026-08-30 08:39:49,182: process[safety_monitor-10]: start w/ args [['/root/catkin_ws/devel/lib/drone_control/safety_monitor.py', '__name:=safety_monitor', '__log:=/root/.ros/log/5a9f37ca-a44e-11f1-a855-1a78306416a9/safety_monitor-10.log']]
[roslaunch][INFO] 2026-08-30 08:39:49,182: process[safety_monitor-10]: cwd will be [/root/.ros]
[roslaunch][INFO] 2026-08-30 08:39:49,255: process[safety_monitor-10]: started with pid [97]
[roslaunch][INFO] 2026-08-30 08:39:49,257: ... successfully launched [safety_monitor-10]
[roslaunch][INFO] 2026-08-30 08:39:49,261: ... preparing to launch node of type [drone_control/system_health_monitor.py]
[roslaunch][INFO] 2026-08-30 08:39:49,262: create_node_process: package[drone_control] type[system_health_monitor.py] machine[Machine(name[] env_loader[None] address[localhost] ssh_port[22] user[None] assignable[True] timeout[10.0])] master_uri[http://localhost:11311]
[roslaunch][INFO] 2026-08-30 08:39:49,262: process[system_health_monitor-11]: env[{'ROS_VERSION': '1', 'PYTHONUNBUFFERED': '1', 'PKG_CONFIG_PATH': '/root/catkin_ws/devel/lib/pkgconfig:/opt/ros/noetic/lib/pkgconfig', 'ROS_PYTHON_VERSION': '3', 'HOSTNAME': 'kamikaze', 'ROS_PACKAGE_PATH': '/root/catkin_ws/src:/opt/ros/noetic/share', 'ROSLISP_PACKAGE_DIRECTORIES': '/root/catkin_ws/devel/share/common-lisp', 'PWD': '/root/catkin_ws', 'ENABLE_SIMULATION': 'false', 'ROS_IP': '127.0.0.1', 'HOME': '/root', 'LANG': 'C.UTF-8', 'ROS_ETC_DIR': '/opt/ros/noetic/etc/ros', 'CMAKE_PREFIX_PATH': '/root/catkin_ws/devel:/opt/ros/noetic', 'PYTHONPATH': '/root/catkin_ws/devel/lib/python3/dist-packages:/root/catkin_ws/devel/lib/python3/dist-packages:/opt/ros/noetic/lib/python3/dist-packages', 'DISPLAY': ':0', 'SHLVL': '0', 'ROS_MASTER_URI': 'http://localhost:11311', 'ROS_HOSTNAME': 'localhost', 'LD_LIBRARY_PATH': '/root/catkin_ws/devel/lib:/opt/ros/noetic/lib', 'ENABLE_PERFORMANCE_MONITORING': 'true', 'LC_ALL': 'C.UTF-8', 'PATH': '/opt/ros/noetic/bin:/usr/local/sbin:/usr/local/bin:/usr/sbin:/usr/bin:/sbin:/bin', 'DEBIAN_FRONTEND': 'noninteractive', 'ROS_ROOT': '/opt/ros/noetic/share/ros', 'ROS_DISTRO': 'noetic', 'QT_X11_NO_MITSHM': '1', 'ENABLE_GUI': 'false', 'ROS_LOG_FILENAME': '/root/.ros/log/5a9f37ca-a44e-11f1-a855-1a78306416a9/roslaunch-kamikaze-1.log'}]
[roslaunch][INFO] 2026-08-30 08:39:49,267: process[system_health_monitor-11]: args[['/root/catkin_ws/devel/lib/drone_control/system_health_monitor.py', '__name:=system_health_monitor']]
[roslaunch][INFO] 2026-08-30 08:39:49,273: ... created process [system_health_monitor-11]
[roslaunch.pmon][INFO] 2026-08-30 08:39:49,273: ProcessMonitor.register[system_health_monitor-11]
[roslaunch.pmon][INFO] 2026-08-30 08:39:49,273: ProcessMonitor.register[system_health_monitor-11] complete
[roslaunch][INFO] 2026-08-30 08:39:49,273: ... registered process [system_health_monitor-11]
[roslaunch][INFO] 2026-08-30 08:39:49,274: process[system_health_monitor-11]: starting os process
[roslaunch][INFO] 2026-08-30 08:39:49,274: process[system_health_monitor-11]: start w/ args [['/root/catkin_ws/devel/lib/drone_control/system_health_monitor.py', '__name:=system_health_monitor', '__log:=/root/.ros/log/5a9f37ca-a44e-11f1-a855-1a78306416a9/system_health_monitor-11.log']]
[roslaunch][INFO] 2026-08-30 08:39:49,274: process[system_health_monitor-11]: cwd will be [/root/.ros]
[roslaunch][INFO] 2026-08-30 08:39:49,295: process[system_health_monitor-11]: started with pid [98]
[roslaunch][INFO] 2026-08-30 08:39:49,296: ... successfully launched [system_health_monitor-11]
[roslaunch][INFO] 2026-08-30 08:39:49,297: ... preparing to launch node of type [drone_control/health_checker.py]
[roslaunch][INFO] 2026-08-30 08:39:49,297: create_node_process: package[drone_control] type[health_checker.py] machine[Machine(name[] env_loader[None] address[localhost] ssh_port[22] user[None] assignable[True] timeout[10.0])] master_uri[http://localhost:11311]
[roslaunch][INFO] 2026-08-30 08:39:49,349: process[health_checker-12]: env[{'ROS_VERSION': '1', 'PYTHONUNBUFFERED': '1', 'PKG_CONFIG_PATH': '/root/catkin_ws/devel/lib/pkgconfig:/opt/ros/noetic/lib/pkgconfig', 'ROS_PYTHON_VERSION': '3', 'HOSTNAME': 'kamikaze', 'ROS_PACKAGE_PATH': '/root/catkin_ws/src:/opt/ros/noetic/share', 'ROSLISP_PACKAGE_DIRECTORIES': '/root/catkin_ws/devel/share/common-lisp', 'PWD': '/root/catkin_ws', 'ENABLE_SIMULATION': 'false', 'ROS_IP': '127.0.0.1', 'HOME': '/root', 'LANG': 'C.UTF-8', 'ROS_ETC_DIR': '/opt/ros/noetic/etc/ros', 'CMAKE_PREFIX_PATH': '/root/catkin_ws/devel:/opt/ros/noetic', 'PYTHONPATH': '/root/catkin_ws/devel/lib/python3/dist-packages:/root/catkin_ws/devel/lib/python3/dist-packages:/opt/ros/noetic/lib/python3/dist-packages', 'DISPLAY': ':0', 'SHLVL': '0', 'ROS_MASTER_URI': 'http://localhost:11311', 'ROS_HOSTNAME': 'localhost', 'LD_LIBRARY_PATH': '/root/catkin_ws/devel/lib:/opt/ros/noetic/lib', 'ENABLE_PERFORMANCE_MONITORING': 'true', 'LC_ALL': 'C.UTF-8', 'PATH': '/opt/ros/noetic/bin:/usr/local/sbin:/usr/local/bin:/usr/sbin:/usr/bin:/sbin:/bin', 'DEBIAN_FRONTEND': 'noninteractive', 'ROS_ROOT': '/opt/ros/noetic/share/ros', 'ROS_DISTRO': 'noetic', 'QT_X11_NO_MITSHM': '1', 'ENABLE_GUI': 'false', 'ROS_LOG_FILENAME': '/root/.ros/log/5a9f37ca-a44e-11f1-a855-1a78306416a9/roslaunch-kamikaze-1.log'}]
[roslaunch][INFO] 2026-08-30 08:39:49,354: process[health_checker-12]: args[['/root/catkin_ws/devel/lib/drone_control/health_checker.py', '__name:=health_checker']]
[roslaunch][INFO] 2026-08-30 08:39:49,355: ... created process [health_checker-12]
[roslaunch.pmon][INFO] 2026-08-30 08:39:49,355: ProcessMonitor.register[health_checker-12]
[roslaunch.pmon][INFO] 2026-08-30 08:39:49,355: ProcessMonitor.register[health_checker-12] complete
[roslaunch][INFO] 2026-08-30 08:39:49,357: ... registered process [health_checker-12]
[roslaunch][INFO] 2026-08-30 08:39:49,357: process[health_checker-12]: starting os process
[roslaunch][INFO] 2026-08-30 08:39:49,365: process[health_checker-12]: start w/ args [['/root/catkin_ws/devel/lib/drone_control/health_checker.py', '__name:=health_checker', '__log:=/root/.ros/log/5a9f37ca-a44e-11f1-a855-1a78306416a9/health_checker-12.log']]
[roslaunch][INFO] 2026-08-30 08:39:49,366: process[health_checker-12]: cwd will be [/root/.ros]
[roslaunch][INFO] 2026-08-30 08:39:49,386: process[health_checker-12]: started with pid [99]
[roslaunch][INFO] 2026-08-30 08:39:49,387: ... successfully launched [health_checker-12]
[roslaunch][INFO] 2026-08-30 08:39:49,387: ... launch_nodes complete
[roslaunch.pmon][INFO] 2026-08-30 08:39:49,388: registrations completed <ProcessMonitor(ProcessMonitor-1, started daemon 140737361721088)>
[roslaunch.parent][INFO] 2026-08-30 08:39:49,388: ... roslaunch parent running, waiting for process exit
[roslaunch][INFO] 2026-08-30 08:39:49,389: spin
[roslaunch.pmon][INFO] 2026-08-30 09:29:55,416: ProcessMonitor.shutdown <ProcessMonitor(ProcessMonitor-1, started daemon 140737361721088)>
[roslaunch.pmon][INFO] 2026-08-30 09:29:55,505: ProcessMonitor._post_run <ProcessMonitor(ProcessMonitor-1, started daemon 140737361721088)>
[roslaunch.pmon][INFO] 2026-08-30 09:29:55,507: ProcessMonitor._post_run <ProcessMonitor(ProcessMonitor-1, started daemon 140737361721088)>: remaining procs are [<roslaunch.nodeprocess.LocalProcess object at 0x7ffffb734df0>, <roslaunch.nodeprocess.LocalProcess object at 0x7ffffb734ca0>, <roslaunch.nodeprocess.LocalProcess object at 0x7fffe95bbdc0>, <roslaunch.nodeprocess.LocalProcess object at 0x7ffffb7342e0>, <roslaunch.nodeprocess.LocalProcess object at 0x7ffffb734f10>, <roslaunch.nodeprocess.LocalProcess object at 0x7ffffb734fa0>, <roslaunch.nodeprocess.LocalProcess object at 0x7ffffb6cd9d0>, <roslaunch.nodeprocess.LocalProcess object at 0x7ffffb6cdd00>, <roslaunch.nodeprocess.LocalProcess object at 0x7ffffb6cd6d0>, <roslaunch.nodeprocess.LocalProcess object at 0x7ffffb6cd820>, <roslaunch.nodeprocess.LocalProcess object at 0x7ffffb6cd940>, <roslaunch.nodeprocess.LocalProcess object at 0x7ffffb6cdf10>, <roslaunch.nodeprocess.LocalProcess object at 0x7ffffb6cdca0>]
[roslaunch.pmon][INFO] 2026-08-30 09:29:55,520: ProcessMonitor exit: killing health_checker-12
[roslaunch][INFO] 2026-08-30 09:29:55,521: [health_checker-12] killing on exit
[roslaunch.pmon][INFO] 2026-08-30 09:29:55,521: ProcessMonitor exit: killing system_health_monitor-11
[roslaunch.pmon][INFO] 2026-08-30 09:29:55,522: ProcessMonitor exit: killing safety_monitor-10
[roslaunch][INFO] 2026-08-30 09:29:55,522: process[health_checker-12]: killing os process with pid[99] pgid[99]
[roslaunch][INFO] 2026-08-30 09:29:55,523: [system_health_monitor-11] killing on exit
[roslaunch][INFO] 2026-08-30 09:29:55,524: process[system_health_monitor-11]: killing os process with pid[98] pgid[98]
[roslaunch][INFO] 2026-08-30 09:29:55,525: [system_health_monitor-11] sending SIGINT to pgid [98]
[roslaunch][INFO] 2026-08-30 09:29:55,523: [safety_monitor-10] killing on exit
[roslaunch.pmon][INFO] 2026-08-30 09:29:55,524: ProcessMonitor exit: killing sensor_fusion-7
[roslaunch][INFO] 2026-08-30 09:29:55,524: [health_checker-12] sending SIGINT to pgid [99]
[roslaunch][INFO] 2026-08-30 09:29:55,527: [health_checker-12] sent SIGINT to pgid [99]
[roslaunch.pmon][INFO] 2026-08-30 09:29:55,527: ProcessMonitor exit: killing command_interpreter-3
[roslaunch.pmon][INFO] 2026-08-30 09:29:55,523: ProcessMonitor exit: killing target_tracking_controller-8
[roslaunch][INFO] 2026-08-30 09:29:55,528: [target_tracking_controller-8] killing on exit
[roslaunch][INFO] 2026-08-30 09:29:55,528: process[target_tracking_controller-8]: killing os process with pid[95] pgid[95]
[roslaunch][INFO] 2026-08-30 09:29:55,528: [target_tracking_controller-8] sending SIGINT to pgid [95]
[roslaunch][INFO] 2026-08-30 09:29:55,528: [target_tracking_controller-8] sent SIGINT to pgid [95]
[roslaunch.pmon][INFO] 2026-08-30 09:29:55,525: ProcessMonitor exit: killing yolo_detector-6
[roslaunch][INFO] 2026-08-30 09:29:55,528: [yolo_detector-6] killing on exit
[roslaunch.pmon][INFO] 2026-08-30 09:29:55,526: ProcessMonitor exit: killing camera_calibration-5
[roslaunch][INFO] 2026-08-30 09:29:55,529: [camera_calibration-5] killing on exit
[roslaunch.pmon][INFO] 2026-08-30 09:29:55,527: ProcessMonitor exit: killing mission_manager-4
[roslaunch][INFO] 2026-08-30 09:29:55,526: [sensor_fusion-7] killing on exit
[roslaunch][INFO] 2026-08-30 09:29:55,526: process[safety_monitor-10]: killing os process with pid[97] pgid[97]
[roslaunch][INFO] 2026-08-30 09:29:55,530: [safety_monitor-10] sending SIGINT to pgid [97]
[roslaunch][INFO] 2026-08-30 09:29:55,525: [system_health_monitor-11] sent SIGINT to pgid [98]
[roslaunch][INFO] 2026-08-30 09:29:55,527: [command_interpreter-3] killing on exit
[roslaunch][INFO] 2026-08-30 09:29:55,529: process[yolo_detector-6]: killing os process with pid[93] pgid[93]
[roslaunch][INFO] 2026-08-30 09:29:55,531: [yolo_detector-6] sending SIGINT to pgid [93]
[roslaunch.pmon][INFO] 2026-08-30 09:29:55,523: ProcessMonitor exit: killing vehicle_state_monitor-9
[roslaunch][INFO] 2026-08-30 09:29:55,532: [vehicle_state_monitor-9] killing on exit
[roslaunch][INFO] 2026-08-30 09:29:55,532: process[vehicle_state_monitor-9]: killing os process with pid[96] pgid[96]
[roslaunch][INFO] 2026-08-30 09:29:55,532: [vehicle_state_monitor-9] sending SIGINT to pgid [96]
[roslaunch][INFO] 2026-08-30 09:29:55,533: [vehicle_state_monitor-9] sent SIGINT to pgid [96]
[roslaunch][INFO] 2026-08-30 09:29:55,529: process[camera_calibration-5]: killing os process with pid[92] pgid[92]
[roslaunch][INFO] 2026-08-30 09:29:55,533: [camera_calibration-5] sending SIGINT to pgid [92]
[roslaunch][INFO] 2026-08-30 09:29:55,533: [camera_calibration-5] sent SIGINT to pgid [92]
[roslaunch][INFO] 2026-08-30 09:29:55,530: process[sensor_fusion-7]: killing os process with pid[94] pgid[94]
[roslaunch][INFO] 2026-08-30 09:29:55,533: [sensor_fusion-7] sending SIGINT to pgid [94]
[roslaunch][INFO] 2026-08-30 09:29:55,533: [sensor_fusion-7] sent SIGINT to pgid [94]
[roslaunch][INFO] 2026-08-30 09:29:55,530: [safety_monitor-10] sent SIGINT to pgid [97]
[roslaunch][INFO] 2026-08-30 09:29:55,531: process[command_interpreter-3]: killing os process with pid[89] pgid[89]
[roslaunch][INFO] 2026-08-30 09:29:55,535: [command_interpreter-3] sending SIGINT to pgid [89]
[roslaunch][INFO] 2026-08-30 09:29:55,535: [command_interpreter-3] sent SIGINT to pgid [89]
[roslaunch][INFO] 2026-08-30 09:29:55,531: [yolo_detector-6] sent SIGINT to pgid [93]
[roslaunch][INFO] 2026-08-30 09:29:55,529: [mission_manager-4] killing on exit
[roslaunch][INFO] 2026-08-30 09:29:55,535: process[mission_manager-4]: killing os process with pid[91] pgid[91]
[roslaunch][INFO] 2026-08-30 09:29:55,535: [mission_manager-4] sending SIGINT to pgid [91]
[roslaunch][INFO] 2026-08-30 09:29:55,535: [mission_manager-4] sent SIGINT to pgid [91]
[roslaunch][INFO] 2026-08-30 09:29:56,357: process[health_checker-12]: SIGINT killed with return value 0
[roslaunch.pmon][INFO] 2026-08-30 09:29:56,358: ProcessMonitor exit: killing parameter_validator-2
[roslaunch][INFO] 2026-08-30 09:29:56,359: [parameter_validator-2] killing on exit
[roslaunch][INFO] 2026-08-30 09:29:56,358: process[command_interpreter-3]: SIGINT killed with return value 0
[roslaunch][INFO] 2026-08-30 09:29:56,363: process[parameter_validator-2]: killing os process with pid[86] pgid[86]
[roslaunch][INFO] 2026-08-30 09:29:56,363: [parameter_validator-2] sending SIGINT to pgid [86]
[roslaunch][INFO] 2026-08-30 09:29:56,363: [parameter_validator-2] sent SIGINT to pgid [86]
[roslaunch][INFO] 2026-08-30 09:29:56,368: process[safety_monitor-10]: SIGINT killed with return value 0
[roslaunch][INFO] 2026-08-30 09:29:56,458: process[camera_calibration-5]: SIGINT killed with return value 0
[roslaunch][INFO] 2026-08-30 09:29:56,460: process[target_tracking_controller-8]: SIGINT killed with return value 0
[roslaunch][INFO] 2026-08-30 09:29:56,460: process[system_health_monitor-11]: SIGINT killed with return value 0
[roslaunch][INFO] 2026-08-30 09:29:56,460: process[mission_manager-4]: SIGINT killed with return value 0
[roslaunch][INFO] 2026-08-30 09:29:56,460: process[sensor_fusion-7]: SIGINT killed with return value 0
[roslaunch][INFO] 2026-08-30 09:29:56,468: process[vehicle_state_monitor-9]: SIGINT killed with return value 0
[roslaunch][INFO] 2026-08-30 09:29:56,861: process[yolo_detector-6]: SIGINT killed with return value 0
[roslaunch][INFO] 2026-08-30 09:29:57,065: process[parameter_validator-2]: SIGINT killed with return value 0
[roslaunch.pmon][INFO] 2026-08-30 09:29:57,065: ProcessMonitor exit: killing rosout-1
[roslaunch][INFO] 2026-08-30 09:29:57,066: [rosout-1] killing on exit
[roslaunch][INFO] 2026-08-30 09:29:57,066: process[rosout-1]: killing os process with pid[82] pgid[82]
[roslaunch][INFO] 2026-08-30 09:29:57,066: [rosout-1] sending SIGINT to pgid [82]
[roslaunch][INFO] 2026-08-30 09:29:57,066: [rosout-1] sent SIGINT to pgid [82]
[roslaunch][INFO] 2026-08-30 09:29:57,270: process[rosout-1]: SIGINT killed with return value 0
[roslaunch.pmon][INFO] 2026-08-30 09:29:57,271: ProcessMonitor exit: killing master
[roslaunch][INFO] 2026-08-30 09:29:57,271: [master] killing on exit
[roslaunch][INFO] 2026-08-30 09:29:57,271: process[master]: killing os process with pid[59] pgid[59]
[roslaunch][INFO] 2026-08-30 09:29:57,271: [master] sending SIGINT to pgid [59]
[roslaunch][INFO] 2026-08-30 09:29:57,271: [master] sent SIGINT to pgid [59]
[roslaunch][INFO] 2026-08-30 09:29:57,477: process[master]: SIGINT killed with return value 0
[roslaunch.pmon][INFO] 2026-08-30 09:29:57,478: ProcessMonitor exit: cleaning up data structures and signals
[roslaunch.pmon][INFO] 2026-08-30 09:29:57,478: ProcessMonitor exit: pmon has shutdown
[roslaunch][INFO] 2026-08-30 09:29:57,478: process monitor is done spinning, initiating full shutdown
[roslaunch][INFO] 2026-08-30 09:29:57,478: runner.stop()
[roslaunch][INFO] 2026-08-30 09:29:57,478: shutting down processing monitor...
[roslaunch][INFO] 2026-08-30 09:29:57,478: shutting down processing monitor <ProcessMonitor(ProcessMonitor-1, stopped daemon 140737361721088)>
[roslaunch.pmon][INFO] 2026-08-30 09:29:57,478: ProcessMonitor.shutdown <ProcessMonitor(ProcessMonitor-1, stopped daemon 140737361721088)>
[roslaunch][INFO] 2026-08-30 09:29:57,478: ... shutting down processing monitor complete
[roslaunch][INFO] 2026-08-30 09:29:57,479: done
[roslaunch.pmon][INFO] 2026-08-30 09:29:57,479: ProcessMonitor.shutdown <ProcessMonitor(ProcessMonitor-1, stopped daemon 140737361721088)>
[rospy.core][INFO] 2026-08-30 09:29:57,479: signal_shutdown [atexit]
