[rospy.client][INFO] 2026-08-30 08:39:53,404: init_node, name[/safety_monitor], pid[97]
[xmlrpc][INFO] 2026-08-30 08:39:53,457: XML-RPC server binding to 127.0.0.1:0
[xmlrpc][INFO] 2026-08-30 08:39:53,462: Started XML-RPC server [http://localhost:35691/]
[rospy.init][INFO] 2026-08-30 08:39:53,463: ROS Slave URI: [http://localhost:35691/]
[rospy.impl.masterslave][INFO] 2026-08-30 08:39:53,464: _ready: http://localhost:35691/
[rospy.registration][INFO] 2026-08-30 08:39:53,469: Registering with master node http://localhost:11311
[xmlrpc][INFO] 2026-08-30 08:39:53,470: xml rpc node: starting XML-RPC server
[rospy.init][INFO] 2026-08-30 08:39:53,564: registered with master
[rospy.rosout][INFO] 2026-08-30 08:39:53,565: initializing /rosout core topic
[rospy.rosout][INFO] 2026-08-30 08:39:53,596: connected to core topic /rosout
[rospy.simtime][INFO] 2026-08-30 08:39:53,598: /use_sim_time is not set, will not subscribe to simulated time [/clock] topic
[rosout][INFO] 2026-08-30 08:39:53,637: Safety Monitor initialized
[rosout][INFO] 2026-08-30 08:39:53,640: Health publisher: /safety_monitor/node_health
[rospy.internal][INFO] 2026-08-30 08:39:53,683: topic[/safety_monitor/node_health] adding connection to [/health_checker], count 0
[rospy.internal][INFO] 2026-08-30 08:39:53,689: topic[/safety_status] adding connection to [/mission_manager], count 0
[rospy.internal][INFO] 2026-08-30 08:39:53,791: topic[/rosout] adding connection to [/rosout], count 0
[rospy.core][INFO] 2026-08-30 09:29:55,531: signal_shutdown [signal-2]
[rospy.internal][INFO] 2026-08-30 09:29:55,579: topic[/rosout] removing connection to /rosout
[rospy.internal][INFO] 2026-08-30 09:29:55,580: topic[/safety_status] removing connection to /mission_manager
[rospy.internal][INFO] 2026-08-30 09:29:55,580: topic[/safety_monitor/node_health] removing connection to /health_checker
[rospy.impl.masterslave][INFO] 2026-08-30 09:29:55,580: signal-2
[rospy.core][INFO] 2026-08-30 09:29:56,163: signal_shutdown [atexit]
