[rospy.client][INFO] 2026-08-30 08:39:56,945: init_node, name[/yolo_detector], pid[93]
[xmlrpc][INFO] 2026-08-30 08:39:56,950: XML-RPC server binding to 127.0.0.1:0
[xmlrpc][INFO] 2026-08-30 08:39:56,951: Started XML-RPC server [http://localhost:36135/]
[rospy.init][INFO] 2026-08-30 08:39:56,952: ROS Slave URI: [http://localhost:36135/]
[rospy.impl.masterslave][INFO] 2026-08-30 08:39:56,952: _ready: http://localhost:36135/
[rospy.registration][INFO] 2026-08-30 08:39:56,954: Registering with master node http://localhost:11311
[xmlrpc][INFO] 2026-08-30 08:39:56,955: xml rpc node: starting XML-RPC server
[rospy.init][INFO] 2026-08-30 08:39:57,054: registered with master
[rospy.rosout][INFO] 2026-08-30 08:39:57,055: initializing /rosout core topic
[rospy.rosout][INFO] 2026-08-30 08:39:57,060: connected to core topic /rosout
[rospy.simtime][INFO] 2026-08-30 08:39:57,062: /use_sim_time is not set, will not subscribe to simulated time [/clock] topic
[rosout][INFO] 2026-08-30 08:39:57,096: Loading YOLO model from: /PX4-Autopilot/yolov8s.pt
[rospy.internal][INFO] 2026-08-30 08:39:57,108: topic[/mission_status] adding connection to [http://localhost:41931/], count 0
[rospy.internal][INFO] 2026-08-30 08:39:57,149: topic[/yolo_detector/node_health] adding connection to [/health_checker], count 0
[rosout][INFO] 2026-08-30 08:39:57,267: YOLO model loaded successfully!
[rosout][INFO] 2026-08-30 08:39:57,274: YOLO Detector initialized in production mode
[rosout][INFO] 2026-08-30 08:39:57,276: Vehicle classes: [2, 3, 5, 6, 7]
[rospy.internal][INFO] 2026-08-30 08:39:57,338: topic[/rosout] adding connection to [/rosout], count 0
[rospy.internal][INFO] 2026-08-30 08:39:57,344: topic[/detected_objects] adding connection to [/target_tracking_controller], count 0
[rospy.core][INFO] 2026-08-30 09:29:55,532: signal_shutdown [signal-2]
[rospy.internal][INFO] 2026-08-30 09:29:55,568: topic[/mission_status] removing connection to http://localhost:41931/
[rospy.internal][INFO] 2026-08-30 09:29:55,572: topic[/rosout] removing connection to /rosout
[rospy.internal][INFO] 2026-08-30 09:29:55,573: topic[/yolo_detector/node_health] removing connection to /health_checker
[rospy.internal][INFO] 2026-08-30 09:29:55,573: topic[/detected_objects] removing connection to /target_tracking_controller
[rospy.impl.masterslave][INFO] 2026-08-30 09:29:55,573: signal-2
[rospy.core][INFO] 2026-08-30 09:29:56,180: signal_shutdown [atexit]
