[rosmaster.main][INFO] 2026-08-30 03:17:55,970: initialization complete, waiting for shutdown
[rosmaster.main][INFO] 2026-08-30 03:17:55,974: Starting ROS Master Node
[xmlrpc][INFO] 2026-08-30 03:17:55,979: XML-RPC server binding to 127.0.0.1:11311
[xmlrpc][INFO] 2026-08-30 03:17:55,983: Started XML-RPC server [http://localhost:11311/]
[rosmaster.master][INFO] 2026-08-30 03:17:55,984: Master initialized: port[11311], uri[http://localhost:11311/]
[xmlrpc][INFO] 2026-08-30 03:17:55,984: xml rpc node: starting XML-RPC server
[rosmaster.master][INFO] 2026-08-30 03:17:56,084: +PARAM [/run_id] by /roslaunch
[rosmaster.master][INFO] 2026-08-30 03:17:56,088: +PARAM [/roslaunch/uris/host_localhost__41781] by /roslaunch
[rosmaster.master][INFO] 2026-08-30 03:17:56,286: +PARAM [/rosversion] by /roslaunch
[rosmaster.master][INFO] 2026-08-30 03:17:56,288: +PARAM [/rosdistro] by /roslaunch
[rosmaster.master][INFO] 2026-08-30 03:17:56,288: +PARAM [/target_params/detection/model/path] by /roslaunch
[rosmaster.master][INFO] 2026-08-30 03:17:56,290: +PARAM [/target_params/detection/model/device] by /roslaunch
[rosmaster.master][INFO] 2026-08-30 03:17:56,291: +PARAM [/target_params/detection/model/input_size] by /roslaunch
[rosmaster.master][INFO] 2026-08-30 03:17:56,291: +PARAM [/target_params/detection/model/batch_size] by /roslaunch
[rosmaster.master][INFO] 2026-08-30 03:17:56,292: +PARAM [/target_params/detection/confidence_threshold] by /roslaunch
[rosmaster.master][INFO] 2026-08-30 03:17:56,293: +PARAM [/target_params/detection/nms_threshold] by /roslaunch
[rosmaster.master][INFO] 2026-08-30 03:17:56,294: +PARAM [/target_params/detection/max_detections] by /roslaunch
[rosmaster.master][INFO] 2026-08-30 03:17:56,295: +PARAM [/target_params/detection/vehicle_classes] by /roslaunch
[rosmaster.master][INFO] 2026-08-30 03:17:56,296: +PARAM [/target_params/detection/class_thresholds/class_1] by /roslaunch
[rosmaster.master][INFO] 2026-08-30 03:17:56,296: +PARAM [/target_params/detection/class_thresholds/class_2] by /roslaunch
[rosmaster.master][INFO] 2026-08-30 03:17:56,297: +PARAM [/target_params/detection/class_thresholds/class_3] by /roslaunch
[rosmaster.master][INFO] 2026-08-30 03:17:56,298: +PARAM [/target_params/detection/class_thresholds/class_5] by /roslaunch
[rosmaster.master][INFO] 2026-08-30 03:17:56,299: +PARAM [/target_params/detection/class_thresholds/class_6] by /roslaunch
[rosmaster.master][INFO] 2026-08-30 03:17:56,300: +PARAM [/target_params/detection/class_thresholds/class_7] by /roslaunch
[rosmaster.master][INFO] 2026-08-30 03:17:56,301: +PARAM [/target_params/detection/class_thresholds/class_8] by /roslaunch
[rosmaster.master][INFO] 2026-08-30 03:17:56,302: +PARAM [/target_params/detection/performance/max_fps] by /roslaunch
[rosmaster.master][INFO] 2026-08-30 03:17:56,303: +PARAM [/target_params/detection/performance/frame_skip] by /roslaunch
[rosmaster.master][INFO] 2026-08-30 03:17:56,304: +PARAM [/target_params/detection/performance/parallel_inference] by /roslaunch
[rosmaster.master][INFO] 2026-08-30 03:17:56,305: +PARAM [/target_params/detection/performance/gpu_memory_limit] by /roslaunch
[rosmaster.master][INFO] 2026-08-30 03:17:56,305: +PARAM [/target_params/tracking/engagement_distance] by /roslaunch
[rosmaster.master][INFO] 2026-08-30 03:17:56,306: +PARAM [/target_params/tracking/attack_distance] by /roslaunch
[rosmaster.master][INFO] 2026-08-30 03:17:56,306: +PARAM [/target_params/tracking/disengagement_distance] by /roslaunch
[rosmaster.master][INFO] 2026-08-30 03:17:56,306: +PARAM [/target_params/tracking/max_tracks] by /roslaunch
[rosmaster.master][INFO] 2026-08-30 03:17:56,307: +PARAM [/target_params/tracking/max_lost_frames] by /roslaunch
[rosmaster.master][INFO] 2026-08-30 03:17:56,307: +PARAM [/target_params/tracking/min_track_length] by /roslaunch
[rosmaster.master][INFO] 2026-08-30 03:17:56,308: +PARAM [/target_params/tracking/track_confidence_threshold] by /roslaunch
[rosmaster.master][INFO] 2026-08-30 03:17:56,310: +PARAM [/target_params/tracking/association/iou_threshold] by /roslaunch
[rosmaster.master][INFO] 2026-08-30 03:17:56,310: +PARAM [/target_params/tracking/association/distance_threshold] by /roslaunch
[rosmaster.master][INFO] 2026-08-30 03:17:56,312: +PARAM [/target_params/tracking/association/appearance_weight] by /roslaunch
[rosmaster.master][INFO] 2026-08-30 03:17:56,313: +PARAM [/target_params/tracking/association/motion_weight] by /roslaunch
[rosmaster.master][INFO] 2026-08-30 03:17:56,313: +PARAM [/target_params/tracking/kalman/dt] by /roslaunch
[rosmaster.master][INFO] 2026-08-30 03:17:56,313: +PARAM [/target_params/tracking/kalman/process_noise] by /roslaunch
[rosmaster.master][INFO] 2026-08-30 03:17:56,314: +PARAM [/target_params/tracking/kalman/measurement_noise] by /roslaunch
[rosmaster.master][INFO] 2026-08-30 03:17:56,316: +PARAM [/target_params/tracking/kalman/initial_velocity] by /roslaunch
[rosmaster.master][INFO] 2026-08-30 03:17:56,316: +PARAM [/target_params/tracking/kalman/state_dim] by /roslaunch
[rosmaster.master][INFO] 2026-08-30 03:17:56,317: +PARAM [/target_params/tracking/kalman/measurement_dim] by /roslaunch
[rosmaster.master][INFO] 2026-08-30 03:17:56,318: +PARAM [/target_params/behavior/speed_classes/stationary] by /roslaunch
[rosmaster.master][INFO] 2026-08-30 03:17:56,319: +PARAM [/target_params/behavior/speed_classes/slow] by /roslaunch
[rosmaster.master][INFO] 2026-08-30 03:17:56,319: +PARAM [/target_params/behavior/speed_classes/medium] by /roslaunch
[rosmaster.master][INFO] 2026-08-30 03:17:56,319: +PARAM [/target_params/behavior/speed_classes/fast] by /roslaunch
[rosmaster.master][INFO] 2026-08-30 03:17:56,320: +PARAM [/target_params/behavior/speed_classes/extreme] by /roslaunch
[rosmaster.master][INFO] 2026-08-30 03:17:56,320: +PARAM [/target_params/behavior/models/random_walk/noise_scale] by /roslaunch
[rosmaster.master][INFO] 2026-08-30 03:17:56,321: +PARAM [/target_params/behavior/models/random_walk/persistence] by /roslaunch
[rosmaster.master][INFO] 2026-08-30 03:17:56,321: +PARAM [/target_params/behavior/models/pursuit/max_acceleration] by /roslaunch
[rosmaster.master][INFO] 2026-08-30 03:17:56,322: +PARAM [/target_params/behavior/models/pursuit/max_turn_rate] by /roslaunch
[rosmaster.master][INFO] 2026-08-30 03:17:56,323: +PARAM [/target_params/behavior/models/evasion/max_acceleration] by /roslaunch
[rosmaster.master][INFO] 2026-08-30 03:17:56,323: +PARAM [/target_params/behavior/models/evasion/max_turn_rate] by /roslaunch
[rosmaster.master][INFO] 2026-08-30 03:17:56,324: +PARAM [/target_params/behavior/threat/distance_weights] by /roslaunch
[rosmaster.master][INFO] 2026-08-30 03:17:56,325: +PARAM [/target_params/behavior/threat/speed_thresholds/low] by /roslaunch
[rosmaster.master][INFO] 2026-08-30 03:17:56,326: +PARAM [/target_params/behavior/threat/speed_thresholds/medium] by /roslaunch
[rosmaster.master][INFO] 2026-08-30 03:17:56,326: +PARAM [/target_params/behavior/threat/speed_thresholds/high] by /roslaunch
[rosmaster.master][INFO] 2026-08-30 03:17:56,327: +PARAM [/target_params/behavior/threat/priority_boost] by /roslaunch
[rosmaster.master][INFO] 2026-08-30 03:17:56,328: +PARAM [/target_params/performance/update_rates/detection] by /roslaunch
[rosmaster.master][INFO] 2026-08-30 03:17:56,328: +PARAM [/target_params/performance/update_rates/tracking] by /roslaunch
[rosmaster.master][INFO] 2026-08-30 03:17:56,329: +PARAM [/target_params/performance/update_rates/control] by /roslaunch
[rosmaster.master][INFO] 2026-08-30 03:17:56,329: +PARAM [/target_params/performance/update_rates/state] by /roslaunch
[rosmaster.master][INFO] 2026-08-30 03:17:56,329: +PARAM [/target_params/performance/latency/max_detection] by /roslaunch
[rosmaster.master][INFO] 2026-08-30 03:17:56,331: +PARAM [/target_params/performance/latency/max_tracking] by /roslaunch
[rosmaster.master][INFO] 2026-08-30 03:17:56,332: +PARAM [/target_params/performance/latency/max_control] by /roslaunch
[rosmaster.master][INFO] 2026-08-30 03:17:56,333: +PARAM [/target_params/performance/resources/max_memory_mb] by /roslaunch
[rosmaster.master][INFO] 2026-08-30 03:17:56,333: +PARAM [/target_params/performance/resources/max_cpu_percent] by /roslaunch
[rosmaster.master][INFO] 2026-08-30 03:17:56,334: +PARAM [/target_params/performance/resources/max_gpu_memory_mb] by /roslaunch
[rosmaster.master][INFO] 2026-08-30 03:17:56,335: +PARAM [/target_params/camera/fx] by /roslaunch
[rosmaster.master][INFO] 2026-08-30 03:17:56,336: +PARAM [/target_params/camera/fy] by /roslaunch
[rosmaster.master][INFO] 2026-08-30 03:17:56,336: +PARAM [/target_params/camera/cx] by /roslaunch
[rosmaster.master][INFO] 2026-08-30 03:17:56,337: +PARAM [/target_params/camera/cy] by /roslaunch
[rosmaster.master][INFO] 2026-08-30 03:17:56,338: +PARAM [/target_params/camera/width] by /roslaunch
[rosmaster.master][INFO] 2026-08-30 03:17:56,339: +PARAM [/target_params/camera/height] by /roslaunch
[rosmaster.master][INFO] 2026-08-30 03:17:56,339: +PARAM [/target_params/camera/fov] by /roslaunch
[rosmaster.master][INFO] 2026-08-30 03:17:56,340: +PARAM [/camera_calib/camera/id] by /roslaunch
[rosmaster.master][INFO] 2026-08-30 03:17:56,341: +PARAM [/camera_calib/camera/model] by /roslaunch
[rosmaster.master][INFO] 2026-08-30 03:17:56,342: +PARAM [/camera_calib/camera/width] by /roslaunch
[rosmaster.master][INFO] 2026-08-30 03:17:56,342: +PARAM [/camera_calib/camera/height] by /roslaunch
[rosmaster.master][INFO] 2026-08-30 03:17:56,343: +PARAM [/camera_calib/camera/intrinsic/fx] by /roslaunch
[rosmaster.master][INFO] 2026-08-30 03:17:56,343: +PARAM [/camera_calib/camera/intrinsic/fy] by /roslaunch
[rosmaster.master][INFO] 2026-08-30 03:17:56,344: +PARAM [/camera_calib/camera/intrinsic/cx] by /roslaunch
[rosmaster.master][INFO] 2026-08-30 03:17:56,344: +PARAM [/camera_calib/camera/intrinsic/cy] by /roslaunch
[rosmaster.master][INFO] 2026-08-30 03:17:56,344: +PARAM [/camera_calib/camera/intrinsic/fov] by /roslaunch
[rosmaster.master][INFO] 2026-08-30 03:17:56,344: +PARAM [/camera_calib/camera/distortion/model] by /roslaunch
[rosmaster.master][INFO] 2026-08-30 03:17:56,345: +PARAM [/camera_calib/camera/distortion/coefficients/k1] by /roslaunch
[rosmaster.master][INFO] 2026-08-30 03:17:56,346: +PARAM [/camera_calib/camera/distortion/coefficients/k2] by /roslaunch
[rosmaster.master][INFO] 2026-08-30 03:17:56,346: +PARAM [/camera_calib/camera/distortion/coefficients/p1] by /roslaunch
[rosmaster.master][INFO] 2026-08-30 03:17:56,346: +PARAM [/camera_calib/camera/distortion/coefficients/p2] by /roslaunch
[rosmaster.master][INFO] 2026-08-30 03:17:56,346: +PARAM [/camera_calib/camera/distortion/coefficients/k3] by /roslaunch
[rosmaster.master][INFO] 2026-08-30 03:17:56,347: +PARAM [/camera_calib/camera/projection/P] by /roslaunch
[rosmaster.master][INFO] 2026-08-30 03:17:56,347: +PARAM [/camera_calib/camera/rectification/R] by /roslaunch
[rosmaster.master][INFO] 2026-08-30 03:17:56,348: +PARAM [/camera_calib/camera/extrinsic/translation] by /roslaunch
[rosmaster.master][INFO] 2026-08-30 03:17:56,348: +PARAM [/camera_calib/camera/extrinsic/rotation] by /roslaunch
[rosmaster.master][INFO] 2026-08-30 03:17:56,348: +PARAM [/camera_calib/camera/extrinsic/rotation_matrix] by /roslaunch
[rosmaster.master][INFO] 2026-08-30 03:17:56,349: +PARAM [/camera_calib/camera/calibration/date] by /roslaunch
[rosmaster.master][INFO] 2026-08-30 03:17:56,349: +PARAM [/camera_calib/camera/calibration/method] by /roslaunch
[rosmaster.master][INFO] 2026-08-30 03:17:56,350: +PARAM [/camera_calib/camera/calibration/reprojection_error] by /roslaunch
[rosmaster.master][INFO] 2026-08-30 03:17:56,351: +PARAM [/camera_calib/camera/calibration/status] by /roslaunch
[rosmaster.master][INFO] 2026-08-30 03:17:56,352: +PARAM [/camera_calib/image_processing/preprocessing/resize] by /roslaunch
[rosmaster.master][INFO] 2026-08-30 03:17:56,353: +PARAM [/camera_calib/image_processing/preprocessing/normalize] by /roslaunch
[rosmaster.master][INFO] 2026-08-30 03:17:56,353: +PARAM [/camera_calib/image_processing/preprocessing/mean] by /roslaunch
[rosmaster.master][INFO] 2026-08-30 03:17:56,354: +PARAM [/camera_calib/image_processing/preprocessing/std] by /roslaunch
[rosmaster.master][INFO] 2026-08-30 03:17:56,355: +PARAM [/camera_calib/image_processing/color_space] by /roslaunch
[rosmaster.master][INFO] 2026-08-30 03:17:56,356: +PARAM [/camera_calib/image_processing/roi/enabled] by /roslaunch
[rosmaster.master][INFO] 2026-08-30 03:17:56,357: +PARAM [/camera_calib/image_processing/roi/x] by /roslaunch
[rosmaster.master][INFO] 2026-08-30 03:17:56,358: +PARAM [/camera_calib/image_processing/roi/y] by /roslaunch
[rosmaster.master][INFO] 2026-08-30 03:17:56,358: +PARAM [/camera_calib/image_processing/roi/width] by /roslaunch
[rosmaster.master][INFO] 2026-08-30 03:17:56,359: +PARAM [/camera_calib/image_processing/roi/height] by /roslaunch
[rosmaster.master][INFO] 2026-08-30 03:17:56,359: +PARAM [/camera_calib/image_processing/augmentation/horizontal_flip] by /roslaunch
[rosmaster.master][INFO] 2026-08-30 03:17:56,360: +PARAM [/camera_calib/image_processing/augmentation/rotation] by /roslaunch
[rosmaster.master][INFO] 2026-08-30 03:17:56,361: +PARAM [/camera_calib/image_processing/augmentation/scale] by /roslaunch
[rosmaster.master][INFO] 2026-08-30 03:17:56,361: +PARAM [/camera_calib/image_processing/augmentation/brightness] by /roslaunch
[rosmaster.master][INFO] 2026-08-30 03:17:56,362: +PARAM [/camera_calib/stereo/enabled] by /roslaunch
[rosmaster.master][INFO] 2026-08-30 03:17:56,363: +PARAM [/camera_calib/stereo/baseline] by /roslaunch
[rosmaster.master][INFO] 2026-08-30 03:17:56,364: +PARAM [/camera_calib/stereo/depth/min_distance] by /roslaunch
[rosmaster.master][INFO] 2026-08-30 03:17:56,364: +PARAM [/camera_calib/stereo/depth/max_distance] by /roslaunch
[rosmaster.master][INFO] 2026-08-30 03:17:56,365: +PARAM [/camera_calib/stereo/depth/disparity_range] by /roslaunch
[rosmaster.master][INFO] 2026-08-30 03:17:56,365: +PARAM [/camera_calib/stereo/matching/algorithm] by /roslaunch
[rosmaster.master][INFO] 2026-08-30 03:17:56,366: +PARAM [/camera_calib/stereo/matching/num_disparities] by /roslaunch
[rosmaster.master][INFO] 2026-08-30 03:17:56,366: +PARAM [/camera_calib/stereo/matching/block_size] by /roslaunch
[rosmaster.master][INFO] 2026-08-30 03:17:56,367: +PARAM [/camera_calib/stereo/matching/p1] by /roslaunch
[rosmaster.master][INFO] 2026-08-30 03:17:56,367: +PARAM [/camera_calib/stereo/matching/p2] by /roslaunch
[rosmaster.master][INFO] 2026-08-30 03:17:56,368: +PARAM [/flight_control/pid/position/x/p] by /roslaunch
[rosmaster.master][INFO] 2026-08-30 03:17:56,368: +PARAM [/flight_control/pid/position/x/i] by /roslaunch
[rosmaster.master][INFO] 2026-08-30 03:17:56,369: +PARAM [/flight_control/pid/position/x/d] by /roslaunch
[rosmaster.master][INFO] 2026-08-30 03:17:56,369: +PARAM [/flight_control/pid/position/x/integral_clamp] by /roslaunch
[rosmaster.master][INFO] 2026-08-30 03:17:56,370: +PARAM [/flight_control/pid/position/y/p] by /roslaunch
[rosmaster.master][INFO] 2026-08-30 03:17:56,371: +PARAM [/flight_control/pid/position/y/i] by /roslaunch
[rosmaster.master][INFO] 2026-08-30 03:17:56,371: +PARAM [/flight_control/pid/position/y/d] by /roslaunch
[rosmaster.master][INFO] 2026-08-30 03:17:56,372: +PARAM [/flight_control/pid/position/y/integral_clamp] by /roslaunch
[rosmaster.master][INFO] 2026-08-30 03:17:56,372: +PARAM [/flight_control/pid/position/z/p] by /roslaunch
[rosmaster.master][INFO] 2026-08-30 03:17:56,373: +PARAM [/flight_control/pid/position/z/i] by /roslaunch
[rosmaster.master][INFO] 2026-08-30 03:17:56,373: +PARAM [/flight_control/pid/position/z/d] by /roslaunch
[rosmaster.master][INFO] 2026-08-30 03:17:56,374: +PARAM [/flight_control/pid/position/z/integral_clamp] by /roslaunch
[rosmaster.master][INFO] 2026-08-30 03:17:56,374: +PARAM [/flight_control/pid/velocity/x/p] by /roslaunch
[rosmaster.master][INFO] 2026-08-30 03:17:56,375: +PARAM [/flight_control/pid/velocity/x/i] by /roslaunch
[rosmaster.master][INFO] 2026-08-30 03:17:56,375: +PARAM [/flight_control/pid/velocity/x/d] by /roslaunch
[rosmaster.master][INFO] 2026-08-30 03:17:56,377: +PARAM [/flight_control/pid/velocity/y/p] by /roslaunch
[rosmaster.master][INFO] 2026-08-30 03:17:56,378: +PARAM [/flight_control/pid/velocity/y/i] by /roslaunch
[rosmaster.master][INFO] 2026-08-30 03:17:56,378: +PARAM [/flight_control/pid/velocity/y/d] by /roslaunch
[rosmaster.master][INFO] 2026-08-30 03:17:56,379: +PARAM [/flight_control/pid/velocity/z/p] by /roslaunch
[rosmaster.master][INFO] 2026-08-30 03:17:56,380: +PARAM [/flight_control/pid/velocity/z/i] by /roslaunch
[rosmaster.master][INFO] 2026-08-30 03:17:56,381: +PARAM [/flight_control/pid/velocity/z/d] by /roslaunch
[rosmaster.master][INFO] 2026-08-30 03:17:56,382: +PARAM [/flight_control/pid/attitude/roll/p] by /roslaunch
[rosmaster.master][INFO] 2026-08-30 03:17:56,383: +PARAM [/flight_control/pid/attitude/roll/i] by /roslaunch
[rosmaster.master][INFO] 2026-08-30 03:17:56,383: +PARAM [/flight_control/pid/attitude/roll/d] by /roslaunch
[rosmaster.master][INFO] 2026-08-30 03:17:56,384: +PARAM [/flight_control/pid/attitude/pitch/p] by /roslaunch
[rosmaster.master][INFO] 2026-08-30 03:17:56,384: +PARAM [/flight_control/pid/attitude/pitch/i] by /roslaunch
[rosmaster.master][INFO] 2026-08-30 03:17:56,385: +PARAM [/flight_control/pid/attitude/pitch/d] by /roslaunch
[rosmaster.master][INFO] 2026-08-30 03:17:56,385: +PARAM [/flight_control/pid/attitude/yaw/p] by /roslaunch
[rosmaster.master][INFO] 2026-08-30 03:17:56,386: +PARAM [/flight_control/pid/attitude/yaw/i] by /roslaunch
[rosmaster.master][INFO] 2026-08-30 03:17:56,386: +PARAM [/flight_control/pid/attitude/yaw/d] by /roslaunch
[rosmaster.master][INFO] 2026-08-30 03:17:56,387: +PARAM [/flight_control/pid/rate/roll/p] by /roslaunch
[rosmaster.master][INFO] 2026-08-30 03:17:56,387: +PARAM [/flight_control/pid/rate/roll/i] by /roslaunch
[rosmaster.master][INFO] 2026-08-30 03:17:56,388: +PARAM [/flight_control/pid/rate/roll/d] by /roslaunch
[rosmaster.master][INFO] 2026-08-30 03:17:56,388: +PARAM [/flight_control/pid/rate/pitch/p] by /roslaunch
[rosmaster.master][INFO] 2026-08-30 03:17:56,389: +PARAM [/flight_control/pid/rate/pitch/i] by /roslaunch
[rosmaster.master][INFO] 2026-08-30 03:17:56,390: +PARAM [/flight_control/pid/rate/pitch/d] by /roslaunch
[rosmaster.master][INFO] 2026-08-30 03:17:56,390: +PARAM [/flight_control/pid/rate/yaw/p] by /roslaunch
[rosmaster.master][INFO] 2026-08-30 03:17:56,391: +PARAM [/flight_control/pid/rate/yaw/i] by /roslaunch
[rosmaster.master][INFO] 2026-08-30 03:17:56,391: +PARAM [/flight_control/pid/rate/yaw/d] by /roslaunch
[rosmaster.master][INFO] 2026-08-30 03:17:56,391: +PARAM [/flight_control/dynamics/constraints/max_velocity] by /roslaunch
[rosmaster.master][INFO] 2026-08-30 03:17:56,391: +PARAM [/flight_control/dynamics/constraints/max_acceleration] by /roslaunch
[rosmaster.master][INFO] 2026-08-30 03:17:56,392: +PARAM [/flight_control/dynamics/constraints/max_yaw_rate] by /roslaunch
[rosmaster.master][INFO] 2026-08-30 03:17:56,392: +PARAM [/flight_control/dynamics/safety_margins/min_altitude] by /roslaunch
[rosmaster.master][INFO] 2026-08-30 03:17:56,393: +PARAM [/flight_control/dynamics/safety_margins/max_altitude] by /roslaunch
[rosmaster.master][INFO] 2026-08-30 03:17:56,395: +PARAM [/flight_control/dynamics/safety_margins/max_tilt] by /roslaunch
[rosmaster.master][INFO] 2026-08-30 03:17:56,396: +PARAM [/flight_control/dynamics/safety_margins/max_rotation_rate] by /roslaunch
[rosmaster.master][INFO] 2026-08-30 03:17:56,397: +PARAM [/flight_control/dynamics/vehicle/mass] by /roslaunch
[rosmaster.master][INFO] 2026-08-30 03:17:56,398: +PARAM [/flight_control/dynamics/vehicle/moment_of_inertia] by /roslaunch
[rosmaster.master][INFO] 2026-08-30 03:17:56,398: +PARAM [/flight_control/dynamics/vehicle/thrust_to_weight] by /roslaunch
[rosmaster.master][INFO] 2026-08-30 03:17:56,399: +PARAM [/flight_control/dynamics/vehicle/max_thrust] by /roslaunch
[rosmaster.master][INFO] 2026-08-30 03:17:56,399: +PARAM [/flight_control/mission/search_patterns/type] by /roslaunch
[rosmaster.master][INFO] 2026-08-30 03:17:56,400: +PARAM [/flight_control/mission/search_patterns/params/radius] by /roslaunch
[rosmaster.master][INFO] 2026-08-30 03:17:56,406: +PARAM [/flight_control/mission/search_patterns/params/spacing] by /roslaunch
[rosmaster.master][INFO] 2026-08-30 03:17:56,406: +PARAM [/flight_control/mission/search_patterns/params/altitude] by /roslaunch
[rosmaster.master][INFO] 2026-08-30 03:17:56,408: +PARAM [/flight_control/mission/engagement/mode] by /roslaunch
[rosmaster.master][INFO] 2026-08-30 03:17:56,408: +PARAM [/flight_control/mission/engagement/priority_high] by /roslaunch
[rosmaster.master][INFO] 2026-08-30 03:17:56,408: +PARAM [/flight_control/mission/engagement/priority_low] by /roslaunch
[rosmaster.master][INFO] 2026-08-30 03:17:56,409: +PARAM [/flight_control/mission/collision_avoidance/enable] by /roslaunch
[rosmaster.master][INFO] 2026-08-30 03:17:56,409: +PARAM [/flight_control/mission/collision_avoidance/min_distance] by /roslaunch
[rosmaster.master][INFO] 2026-08-30 03:17:56,411: +PARAM [/flight_control/mission/collision_avoidance/safety_margin] by /roslaunch
[rosmaster.master][INFO] 2026-08-30 03:17:56,412: +PARAM [/flight_control/mission/collision_avoidance/avoidance_method] by /roslaunch
[rosmaster.master][INFO] 2026-08-30 03:17:56,412: +PARAM [/flight_control/mission/waypoints/tolerance] by /roslaunch
[rosmaster.master][INFO] 2026-08-30 03:17:56,413: +PARAM [/flight_control/mission/waypoints/loiter_time] by /roslaunch
[rosmaster.master][INFO] 2026-08-30 03:17:56,413: +PARAM [/flight_control/mission/waypoints/approach_speed] by /roslaunch
[rosmaster.master][INFO] 2026-08-30 03:17:56,414: +PARAM [/flight_control/simulation/physics/enable_gravity] by /roslaunch
[rosmaster.master][INFO] 2026-08-30 03:17:56,414: +PARAM [/flight_control/simulation/physics/enable_wind] by /roslaunch
[rosmaster.master][INFO] 2026-08-30 03:17:56,414: +PARAM [/flight_control/simulation/physics/enable_turbulence] by /roslaunch
[rosmaster.master][INFO] 2026-08-30 03:17:56,415: +PARAM [/flight_control/simulation/environment/wind_speed] by /roslaunch
[rosmaster.master][INFO] 2026-08-30 03:17:56,416: +PARAM [/flight_control/simulation/environment/wind_direction] by /roslaunch
[rosmaster.master][INFO] 2026-08-30 03:17:56,416: +PARAM [/flight_control/simulation/environment/turbulence_intensity] by /roslaunch
[rosmaster.master][INFO] 2026-08-30 03:17:56,416: +PARAM [/flight_control/simulation/noise/sensor_noise] by /roslaunch
[rosmaster.master][INFO] 2026-08-30 03:17:56,417: +PARAM [/flight_control/simulation/noise/actuator_noise] by /roslaunch
[rosmaster.master][INFO] 2026-08-30 03:17:56,417: +PARAM [/flight_control/simulation/noise/time_delay] by /roslaunch
[rosmaster.master][INFO] 2026-08-30 03:17:56,418: +PARAM [/flight_control/simulation/speed/simulation_speed] by /roslaunch
[rosmaster.master][INFO] 2026-08-30 03:17:56,418: +PARAM [/flight_control/simulation/speed/real_time_factor] by /roslaunch
[rosmaster.master][INFO] 2026-08-30 03:17:56,419: +PARAM [/kalman_filter/kalman_filter/type] by /roslaunch
[rosmaster.master][INFO] 2026-08-30 03:17:56,419: +PARAM [/kalman_filter/kalman_filter/state_dim] by /roslaunch
[rosmaster.master][INFO] 2026-08-30 03:17:56,419: +PARAM [/kalman_filter/kalman_filter/measurement_dim] by /roslaunch
[rosmaster.master][INFO] 2026-08-30 03:17:56,420: +PARAM [/kalman_filter/kalman_filter/noise/process/position] by /roslaunch
[rosmaster.master][INFO] 2026-08-30 03:17:56,420: +PARAM [/kalman_filter/kalman_filter/noise/process/velocity] by /roslaunch
[rosmaster.master][INFO] 2026-08-30 03:17:56,420: +PARAM [/kalman_filter/kalman_filter/noise/process/acceleration] by /roslaunch
[rosmaster.master][INFO] 2026-08-30 03:17:56,421: +PARAM [/kalman_filter/kalman_filter/noise/measurement/position] by /roslaunch
[rosmaster.master][INFO] 2026-08-30 03:17:56,422: +PARAM [/kalman_filter/kalman_filter/parameters/dt] by /roslaunch
[rosmaster.master][INFO] 2026-08-30 03:17:56,422: +PARAM [/kalman_filter/kalman_filter/parameters/adaptive/enabled] by /roslaunch
[rosmaster.master][INFO] 2026-08-30 03:17:56,422: +PARAM [/kalman_filter/kalman_filter/parameters/adaptive/update_rate] by /roslaunch
[rosmaster.master][INFO] 2026-08-30 03:17:56,423: +PARAM [/kalman_filter/kalman_filter/parameters/adaptive/innovation_threshold] by /roslaunch
[rosmaster.master][INFO] 2026-08-30 03:17:56,423: +PARAM [/kalman_filter/kalman_filter/parameters/outlier_rejection/enabled] by /roslaunch
[rosmaster.master][INFO] 2026-08-30 03:17:56,424: +PARAM [/kalman_filter/kalman_filter/parameters/outlier_rejection/mahalanobis_threshold] by /roslaunch
[rosmaster.master][INFO] 2026-08-30 03:17:56,424: +PARAM [/kalman_filter/kalman_filter/parameters/outlier_rejection/gating] by /roslaunch
[rosmaster.master][INFO] 2026-08-30 03:17:56,425: +PARAM [/kalman_filter/kalman_filter/parameters/initialization/max_measurements] by /roslaunch
[rosmaster.master][INFO] 2026-08-30 03:17:56,425: +PARAM [/kalman_filter/kalman_filter/parameters/initialization/min_velocity_samples] by /roslaunch
[rosmaster.master][INFO] 2026-08-30 03:17:56,425: +PARAM [/kalman_filter/kalman_filter/parameters/convergence/max_iterations] by /roslaunch
[rosmaster.master][INFO] 2026-08-30 03:17:56,426: +PARAM [/kalman_filter/kalman_filter/parameters/convergence/epsilon] by /roslaunch
[rosmaster.master][INFO] 2026-08-30 03:17:56,426: +PARAM [/kalman_filter/kalman_filter/multi_target/enabled] by /roslaunch
[rosmaster.master][INFO] 2026-08-30 03:17:56,427: +PARAM [/kalman_filter/kalman_filter/multi_target/max_targets] by /roslaunch
[rosmaster.master][INFO] 2026-08-30 03:17:56,428: +PARAM [/kalman_filter/kalman_filter/multi_target/association/method] by /roslaunch
[rosmaster.master][INFO] 2026-08-30 03:17:56,429: +PARAM [/kalman_filter/kalman_filter/multi_target/association/gating/enabled] by /roslaunch
[rosmaster.master][INFO] 2026-08-30 03:17:56,429: +PARAM [/kalman_filter/kalman_filter/multi_target/association/gating/gate_size] by /roslaunch
[rosmaster.master][INFO] 2026-08-30 03:17:56,429: +PARAM [/kalman_filter/kalman_filter/multi_target/association/gating/dynamic_gating] by /roslaunch
[rosmaster.master][INFO] 2026-08-30 03:17:56,429: +PARAM [/kalman_filter/kalman_filter/multi_target/association/track_management/birth_probability] by /roslaunch
[rosmaster.master][INFO] 2026-08-30 03:17:56,430: +PARAM [/kalman_filter/kalman_filter/multi_target/association/track_management/death_threshold] by /roslaunch
[rosmaster.master][INFO] 2026-08-30 03:17:56,430: +PARAM [/kalman_filter/kalman_filter/multi_target/association/track_management/merge_threshold] by /roslaunch
[rosmaster.master][INFO] 2026-08-30 03:17:56,430: +PARAM [/kalman_filter/kalman_filter/multi_target/scoring/position_weight] by /roslaunch
[rosmaster.master][INFO] 2026-08-30 03:17:56,430: +PARAM [/kalman_filter/kalman_filter/multi_target/scoring/velocity_weight] by /roslaunch
[rosmaster.master][INFO] 2026-08-30 03:17:56,430: +PARAM [/kalman_filter/kalman_filter/multi_target/scoring/appearance_weight] by /roslaunch
[rosmaster.master][INFO] 2026-08-30 03:17:56,431: +PARAM [/kalman_filter/kalman_filter/multi_target/scoring/history_length] by /roslaunch
[rosmaster.master][INFO] 2026-08-30 03:17:56,431: +PARAM [/kalman_filter/sensor_fusion/sensors] by /roslaunch
[rosmaster.master][INFO] 2026-08-30 03:17:56,432: +PARAM [/kalman_filter/sensor_fusion/algorithms/type] by /roslaunch
[rosmaster.master][INFO] 2026-08-30 03:17:56,432: +PARAM [/kalman_filter/sensor_fusion/algorithms/centralized/measurement_dim] by /roslaunch
[rosmaster.master][INFO] 2026-08-30 03:17:56,432: +PARAM [/kalman_filter/sensor_fusion/algorithms/track_to_track/covariance_intersection] by /roslaunch
[rosmaster.master][INFO] 2026-08-30 03:17:56,432: +PARAM [/kalman_filter/sensor_fusion/algorithms/track_to_track/gamma] by /roslaunch
[rosmaster.master][INFO] 2026-08-30 03:17:56,433: +PARAM [/system_params/ros/master/uri] by /roslaunch
[rosmaster.master][INFO] 2026-08-30 03:17:56,433: +PARAM [/system_params/ros/master/timeout] by /roslaunch
[rosmaster.master][INFO] 2026-08-30 03:17:56,433: +PARAM [/system_params/ros/node/name] by /roslaunch
[rosmaster.master][INFO] 2026-08-30 03:17:56,433: +PARAM [/system_params/ros/node/namespace] by /roslaunch
[rosmaster.master][INFO] 2026-08-30 03:17:56,434: +PARAM [/system_params/ros/topics/camera_image] by /roslaunch
[rosmaster.master][INFO] 2026-08-30 03:17:56,434: +PARAM [/system_params/ros/topics/camera_info] by /roslaunch
[rosmaster.master][INFO] 2026-08-30 03:17:56,435: +PARAM [/system_params/ros/topics/vehicle_state] by /roslaunch
[rosmaster.master][INFO] 2026-08-30 03:17:56,436: +PARAM [/system_params/ros/topics/vehicle_position] by /roslaunch
[rosmaster.master][INFO] 2026-08-30 03:17:56,436: +PARAM [/system_params/ros/topics/vehicle_velocity] by /roslaunch
[rosmaster.master][INFO] 2026-08-30 03:17:56,436: +PARAM [/system_params/ros/topics/vehicle_attitude] by /roslaunch
[rosmaster.master][INFO] 2026-08-30 03:17:56,436: +PARAM [/system_params/ros/topics/battery_status] by /roslaunch
[rosmaster.master][INFO] 2026-08-30 03:17:56,436: +PARAM [/system_params/ros/topics/detection_output] by /roslaunch
[rosmaster.master][INFO] 2026-08-30 03:17:56,436: +PARAM [/system_params/ros/topics/tracked_targets] by /roslaunch
[rosmaster.master][INFO] 2026-08-30 03:17:56,436: +PARAM [/system_params/ros/topics/control_command] by /roslaunch
[rosmaster.master][INFO] 2026-08-30 03:17:56,437: +PARAM [/system_params/ros/topics/safety_status] by /roslaunch
[rosmaster.master][INFO] 2026-08-30 03:17:56,437: +PARAM [/system_params/ros/topics/diagnostic_status] by /roslaunch
[rosmaster.master][INFO] 2026-08-30 03:17:56,438: +PARAM [/system_params/ros/topics/debug_info] by /roslaunch
[rosmaster.master][INFO] 2026-08-30 03:17:56,438: +PARAM [/system_params/ros/topics/performance_metrics] by /roslaunch
[rosmaster.master][INFO] 2026-08-30 03:17:56,438: +PARAM [/system_params/ros/topics/test_results] by /roslaunch
[rosmaster.master][INFO] 2026-08-30 03:17:56,438: +PARAM [/system_params/ros/topics/test_status] by /roslaunch
[rosmaster.master][INFO] 2026-08-30 03:17:56,439: +PARAM [/system_params/logging/level] by /roslaunch
[rosmaster.master][INFO] 2026-08-30 03:17:56,439: +PARAM [/system_params/logging/outputs/console] by /roslaunch
[rosmaster.master][INFO] 2026-08-30 03:17:56,439: +PARAM [/system_params/logging/outputs/file] by /roslaunch
[rosmaster.master][INFO] 2026-08-30 03:17:56,439: +PARAM [/system_params/logging/outputs/rosout] by /roslaunch
[rosmaster.master][INFO] 2026-08-30 03:17:56,439: +PARAM [/system_params/logging/file/directory] by /roslaunch
[rosmaster.master][INFO] 2026-08-30 03:17:56,439: +PARAM [/system_params/logging/file/max_size] by /roslaunch
[rosmaster.master][INFO] 2026-08-30 03:17:56,440: +PARAM [/system_params/logging/file/max_files] by /roslaunch
[rosmaster.master][INFO] 2026-08-30 03:17:56,440: +PARAM [/system_params/logging/file/format] by /roslaunch
[rosmaster.master][INFO] 2026-08-30 03:17:56,440: +PARAM [/system_params/logging/performance/enabled] by /roslaunch
[rosmaster.master][INFO] 2026-08-30 03:17:56,440: +PARAM [/system_params/logging/performance/interval] by /roslaunch
[rosmaster.master][INFO] 2026-08-30 03:17:56,441: +PARAM [/system_params/logging/performance/metrics] by /roslaunch
[rosmaster.master][INFO] 2026-08-30 03:17:56,441: +PARAM [/system_params/logging/performance/output_file] by /roslaunch
[rosmaster.master][INFO] 2026-08-30 03:17:56,441: +PARAM [/system_params/safety/geofence/enabled] by /roslaunch
[rosmaster.master][INFO] 2026-08-30 03:17:56,441: +PARAM [/system_params/safety/geofence/shape] by /roslaunch
[rosmaster.master][INFO] 2026-08-30 03:17:56,441: +PARAM [/system_params/safety/geofence/radius] by /roslaunch
[rosmaster.master][INFO] 2026-08-30 03:17:56,441: +PARAM [/system_params/safety/geofence/height] by /roslaunch
[rosmaster.master][INFO] 2026-08-30 03:17:56,442: +PARAM [/system_params/safety/emergency/action] by /roslaunch
[rosmaster.master][INFO] 2026-08-30 03:17:56,442: +PARAM [/system_params/safety/emergency/altitude_min] by /roslaunch
[rosmaster.master][INFO] 2026-08-30 03:17:56,442: +PARAM [/system_params/safety/emergency/altitude_max] by /roslaunch
[rosmaster.master][INFO] 2026-08-30 03:17:56,442: +PARAM [/system_params/safety/failsafe/battery_critical] by /roslaunch
[rosmaster.master][INFO] 2026-08-30 03:17:56,442: +PARAM [/system_params/safety/failsafe/lost_connection] by /roslaunch
[rosmaster.master][INFO] 2026-08-30 03:17:56,443: +PARAM [/system_params/safety/failsafe/gps_failure] by /roslaunch
[rosmaster.master][INFO] 2026-08-30 03:17:56,443: +PARAM [/system_params/safety/failsafe/sensor_failure] by /roslaunch
[rosmaster.master][INFO] 2026-08-30 03:17:56,444: +PARAM [/system_params/safety/failsafe/exceeded_geofence] by /roslaunch
[rosmaster.master][INFO] 2026-08-30 03:17:56,444: +PARAM [/system_params/safety/health/check_interval] by /roslaunch
[rosmaster.master][INFO] 2026-08-30 03:17:56,444: +PARAM [/system_params/safety/health/restart_on_failure] by /roslaunch
[rosmaster.master][INFO] 2026-08-30 03:17:56,445: +PARAM [/system_params/safety/health/max_restarts] by /roslaunch
[rosmaster.master][INFO] 2026-08-30 03:17:56,445: +PARAM [/system_params/safety/health/restart_delay] by /roslaunch
[rosmaster.master][INFO] 2026-08-30 03:17:56,445: +PARAM [/system_params/performance/threads/detection_pool] by /roslaunch
[rosmaster.master][INFO] 2026-08-30 03:17:56,445: +PARAM [/system_params/performance/threads/control_pool] by /roslaunch
[rosmaster.master][INFO] 2026-08-30 03:17:56,445: +PARAM [/system_params/performance/queues/input_queue_size] by /roslaunch
[rosmaster.master][INFO] 2026-08-30 03:17:56,446: +PARAM [/system_params/performance/queues/output_queue_size] by /roslaunch
[rosmaster.master][INFO] 2026-08-30 03:17:56,446: +PARAM [/system_params/performance/memory/cache_images] by /roslaunch
[rosmaster.master][INFO] 2026-08-30 03:17:56,446: +PARAM [/system_params/performance/memory/max_cache_size] by /roslaunch
[rosmaster.master][INFO] 2026-08-30 03:17:56,446: +PARAM [/system_params/performance/memory/max_cached_messages] by /roslaunch
[rosmaster.master][INFO] 2026-08-30 03:17:56,446: +PARAM [/system_params/performance/timing/use_sim_time] by /roslaunch
[rosmaster.master][INFO] 2026-08-30 03:17:56,446: +PARAM [/system_params/performance/timing/publish_rate] by /roslaunch
[rosmaster.master][INFO] 2026-08-30 03:17:56,447: +PARAM [/system_params/performance/timing/control_rate] by /roslaunch
[rosmaster.master][INFO] 2026-08-30 03:17:56,447: +PARAM [/system_params/network/px4/udp_port] by /roslaunch
[rosmaster.master][INFO] 2026-08-30 03:17:56,447: +PARAM [/system_params/network/px4/tcp_port] by /roslaunch
[rosmaster.master][INFO] 2026-08-30 03:17:56,448: +PARAM [/system_params/network/px4/heartbeat_rate] by /roslaunch
[rosmaster.master][INFO] 2026-08-30 03:17:56,448: +PARAM [/system_params/network/mavros/fcu_url] by /roslaunch
[rosmaster.master][INFO] 2026-08-30 03:17:56,449: +PARAM [/system_params/network/mavros/gcs_url] by /roslaunch
[rosmaster.master][INFO] 2026-08-30 03:17:56,449: +PARAM [/system_params/network/timeout] by /roslaunch
[rosmaster.master][INFO] 2026-08-30 03:17:56,449: +PARAM [/system_params/network/reconnect_attempts] by /roslaunch
[rosmaster.master][INFO] 2026-08-30 03:17:56,449: +PARAM [/system_params/network/reconnect_delay] by /roslaunch
[rosmaster.master][INFO] 2026-08-30 03:17:56,449: +PARAM [/system_params/performance/publish_rate] by /roslaunch
[rosmaster.master][INFO] 2026-08-30 03:17:56,449: +PARAM [/use_simulation] by /roslaunch
[rosmaster.master][INFO] 2026-08-30 03:17:56,450: +PARAM [/parameter_validator/config_dir] by /roslaunch
[rosmaster.master][INFO] 2026-08-30 03:17:56,450: +PARAM [/parameter_validator/validate_on_startup] by /roslaunch
[rosmaster.master][INFO] 2026-08-30 03:17:56,450: +PARAM [/mission_manager/mission_config] by /roslaunch
[rosmaster.master][INFO] 2026-08-30 03:17:56,450: +PARAM [/camera_calibration/simulation_mode] by /roslaunch
[rosmaster.master][INFO] 2026-08-30 03:17:56,450: +PARAM [/yolo_detector/model_path] by /roslaunch
[rosmaster.master][INFO] 2026-08-30 03:17:56,451: +PARAM [/yolo_detector/device] by /roslaunch
[rosmaster.master][INFO] 2026-08-30 03:17:56,451: +PARAM [/sensor_fusion/publish_rate] by /roslaunch
[rosmaster.master][INFO] 2026-08-30 03:17:56,451: +PARAM [/sensor_fusion/simulation_mode] by /roslaunch
[rosmaster.master][INFO] 2026-08-30 03:17:56,452: +PARAM [/target_tracking_controller/simulation_mode] by /roslaunch
[rosmaster.master][INFO] 2026-08-30 03:17:56,452: +PARAM [/vehicle_state_monitor/simulation_mode] by /roslaunch
[rosmaster.master][INFO] 2026-08-30 03:17:56,452: +PARAM [/safety_monitor/enable_geofence] by /roslaunch
[rosmaster.master][INFO] 2026-08-30 03:17:56,453: +PARAM [/safety_monitor/simulation_mode] by /roslaunch
[rosmaster.master][INFO] 2026-08-30 03:17:56,454: +PARAM [/system_health_monitor/monitoring_interval] by /roslaunch
[rosmaster.master][INFO] 2026-08-30 03:17:56,454: +PARAM [/system_health_monitor/critical_threshold_cpu] by /roslaunch
[rosmaster.master][INFO] 2026-08-30 03:17:56,454: +PARAM [/system_health_monitor/critical_threshold_memory] by /roslaunch
[rosmaster.master][INFO] 2026-08-30 03:17:56,454: +PARAM [/system_health_monitor/warning_threshold_cpu] by /roslaunch
[rosmaster.master][INFO] 2026-08-30 03:17:56,455: +PARAM [/system_health_monitor/warning_threshold_memory] by /roslaunch
[rosmaster.master][INFO] 2026-08-30 03:17:56,455: +PARAM [/system_health_monitor/enable_network_monitoring] by /roslaunch
[rosmaster.master][INFO] 2026-08-30 03:17:56,455: +PARAM [/system_health_monitor/enable_disk_monitoring] by /roslaunch
[rosmaster.master][INFO] 2026-08-30 03:17:56,455: +PARAM [/system_health_monitor/enable_process_monitoring] by /roslaunch
[rosmaster.master][INFO] 2026-08-30 03:17:56,455: +PARAM [/health_checker/monitored_nodes] by /roslaunch
[rosmaster.master][INFO] 2026-08-30 03:17:56,455: +PARAM [/health_checker/check_interval] by /roslaunch
[rosmaster.master][INFO] 2026-08-30 03:17:56,456: +PARAM [/health_checker/timeout_threshold] by /roslaunch
[rosmaster.master][INFO] 2026-08-30 03:17:56,456: +PARAM [/health_checker/restart_on_failure] by /roslaunch
[rosmaster.master][INFO] 2026-08-30 03:17:56,456: +PARAM [/health_checker/max_restarts] by /roslaunch
[rosmaster.master][INFO] 2026-08-30 03:17:56,534: +SERVICE [/rosout/get_loggers] /rosout http://localhost:35077/
[rosmaster.master][INFO] 2026-08-30 03:17:56,537: +SERVICE [/rosout/set_logger_level] /rosout http://localhost:35077/
[rosmaster.master][INFO] 2026-08-30 03:17:56,555: +PUB [/rosout_agg] /rosout http://localhost:35077/
[rosmaster.master][INFO] 2026-08-30 03:17:56,569: +SUB [/rosout] /rosout http://localhost:35077/
[rosmaster.master][INFO] 2026-08-30 03:18:00,346: +PUB [/rosout] /parameter_validator http://localhost:35265/
[rosmaster.master][INFO] 2026-08-30 03:18:00,356: publisherUpdate[/rosout] -> http://localhost:35077/ ['http://localhost:35265/']
[rosmaster.master][INFO] 2026-08-30 03:18:00,373: +SERVICE [/parameter_validator/get_loggers] /parameter_validator http://localhost:35265/
[rosmaster.master][INFO] 2026-08-30 03:18:00,378: +SERVICE [/parameter_validator/set_logger_level] /parameter_validator http://localhost:35265/
[rosmaster.master][INFO] 2026-08-30 03:18:00,474: publisherUpdate[/rosout] -> http://localhost:35077/ ['http://localhost:35265/']: sec=0.12, result=[1, '', 0]
[rosmaster.master][INFO] 2026-08-30 03:18:00,554: +CACHEDPARAM [/rosout_disable_topics_generation] by /parameter_validator
[rosmaster.master][INFO] 2026-08-30 03:18:00,557: +CACHEDPARAM [/rosout_disable_topics_generation] by /parameter_validator
[rosmaster.master][INFO] 2026-08-30 03:18:00,573: +PUB [/rosout] /mission_manager http://localhost:35417/
[rosmaster.master][INFO] 2026-08-30 03:18:00,575: +PUB [/rosout] /sensor_fusion http://localhost:39297/
[rosmaster.master][INFO] 2026-08-30 03:18:00,579: publisherUpdate[/rosout] -> http://localhost:35077/ ['http://localhost:35265/', 'http://localhost:35417/']
[rosmaster.master][INFO] 2026-08-30 03:18:00,583: publisherUpdate[/rosout] -> http://localhost:35077/ ['http://localhost:35265/', 'http://localhost:35417/']: sec=0.00, result=[1, '', 0]
[rosmaster.master][INFO] 2026-08-30 03:18:00,584: publisherUpdate[/rosout] -> http://localhost:35077/ ['http://localhost:35265/', 'http://localhost:35417/', 'http://localhost:39297/']
[rosmaster.master][INFO] 2026-08-30 03:18:00,589: publisherUpdate[/rosout] -> http://localhost:35077/ ['http://localhost:35265/', 'http://localhost:35417/', 'http://localhost:39297/']: sec=0.00, result=[1, '', 0]
[rosmaster.master][INFO] 2026-08-30 03:18:00,590: +SERVICE [/mission_manager/get_loggers] /mission_manager http://localhost:35417/
[rosmaster.master][INFO] 2026-08-30 03:18:00,595: +SERVICE [/sensor_fusion/get_loggers] /sensor_fusion http://localhost:39297/
[rosmaster.master][INFO] 2026-08-30 03:18:00,640: +SERVICE [/mission_manager/set_logger_level] /mission_manager http://localhost:35417/
[rosmaster.master][INFO] 2026-08-30 03:18:00,642: +SERVICE [/sensor_fusion/set_logger_level] /sensor_fusion http://localhost:39297/
[rosmaster.master][INFO] 2026-08-30 03:18:00,657: +PUB [/rosout] /command_interpreter http://localhost:46511/
[rosmaster.master][INFO] 2026-08-30 03:18:00,666: publisherUpdate[/rosout] -> http://localhost:35077/ ['http://localhost:35265/', 'http://localhost:35417/', 'http://localhost:39297/', 'http://localhost:46511/']
[rosmaster.master][INFO] 2026-08-30 03:18:00,668: +PUB [/mission_status] /mission_manager http://localhost:35417/
[rosmaster.master][INFO] 2026-08-30 03:18:00,669: publisherUpdate[/rosout] -> http://localhost:35077/ ['http://localhost:35265/', 'http://localhost:35417/', 'http://localhost:39297/', 'http://localhost:46511/']: sec=0.00, result=[1, '', 0]
[rosmaster.master][INFO] 2026-08-30 03:18:00,670: +SUB [/mavros/imu/data] /sensor_fusion http://localhost:39297/
[rosmaster.master][INFO] 2026-08-30 03:18:00,674: +PUB [/mission_manager/node_health] /mission_manager http://localhost:35417/
[rosmaster.master][INFO] 2026-08-30 03:18:00,677: +SUB [/mavros/global_position/global] /sensor_fusion http://localhost:39297/
[rosmaster.master][INFO] 2026-08-30 03:18:00,681: +PUB [/rosout] /vehicle_state_monitor http://localhost:41431/
[rosmaster.master][INFO] 2026-08-30 03:18:00,685: +SUB [/mavros/local_position/pose] /sensor_fusion http://localhost:39297/
[rosmaster.master][INFO] 2026-08-30 03:18:00,687: +SERVICE [/command_interpreter/get_loggers] /command_interpreter http://localhost:46511/
[rosmaster.master][INFO] 2026-08-30 03:18:00,689: +SUB [/drone_control/command] /mission_manager http://localhost:35417/
[rosmaster.master][INFO] 2026-08-30 03:18:00,692: +SERVICE [/command_interpreter/set_logger_level] /command_interpreter http://localhost:46511/
[rosmaster.master][INFO] 2026-08-30 03:18:00,692: publisherUpdate[/rosout] -> http://localhost:35077/ ['http://localhost:35265/', 'http://localhost:35417/', 'http://localhost:39297/', 'http://localhost:46511/', 'http://localhost:41431/']
[rosmaster.master][INFO] 2026-08-30 03:18:00,739: +SERVICE [/vehicle_state_monitor/get_loggers] /vehicle_state_monitor http://localhost:41431/
[rosmaster.master][INFO] 2026-08-30 03:18:00,741: +SUB [/safety_status] /mission_manager http://localhost:35417/
[rosmaster.master][INFO] 2026-08-30 03:18:00,744: +PUB [/sensor_fusion/node_health] /sensor_fusion http://localhost:39297/
[rosmaster.master][INFO] 2026-08-30 03:18:00,745: publisherUpdate[/rosout] -> http://localhost:35077/ ['http://localhost:35265/', 'http://localhost:35417/', 'http://localhost:39297/', 'http://localhost:46511/', 'http://localhost:41431/']: sec=0.01, result=[1, '', 0]
[rosmaster.master][INFO] 2026-08-30 03:18:00,747: +SUB [/tracked_targets] /mission_manager http://localhost:35417/
[rosmaster.master][INFO] 2026-08-30 03:18:00,748: +SERVICE [/vehicle_state_monitor/set_logger_level] /vehicle_state_monitor http://localhost:41431/
[rosmaster.master][INFO] 2026-08-30 03:18:00,751: +SUB [/drone_control/command] /command_interpreter http://localhost:46511/
[rosmaster.master][INFO] 2026-08-30 03:18:00,756: +PUB [/drone_control/command_response] /command_interpreter http://localhost:46511/
[rosmaster.master][INFO] 2026-08-30 03:18:00,757: +CACHEDPARAM [/rosout_disable_topics_generation] by /mission_manager
[rosmaster.master][INFO] 2026-08-30 03:18:00,761: +CACHEDPARAM [/rosout_disable_topics_generation] by /sensor_fusion
[rosmaster.master][INFO] 2026-08-30 03:18:00,767: +PUB [/command_interpreter/node_health] /command_interpreter http://localhost:46511/
[rosmaster.master][INFO] 2026-08-30 03:18:00,773: +SUB [/mavros/state] /vehicle_state_monitor http://localhost:41431/
[rosmaster.master][INFO] 2026-08-30 03:18:00,779: +CACHEDPARAM [/rosout_disable_topics_generation] by /command_interpreter
[rosmaster.master][INFO] 2026-08-30 03:18:00,781: +SUB [/mavros/battery] /vehicle_state_monitor http://localhost:41431/
[rosmaster.master][INFO] 2026-08-30 03:18:00,784: +SUB [/mavros/local_position/velocity] /vehicle_state_monitor http://localhost:41431/
[rosmaster.master][INFO] 2026-08-30 03:18:00,785: +CACHEDPARAM [/rosout/omit_topics] by /rosout
[rosmaster.master][INFO] 2026-08-30 03:18:00,789: +PUB [/drone_status] /vehicle_state_monitor http://localhost:41431/
[rosmaster.master][INFO] 2026-08-30 03:18:00,839: +PUB [/diagnostic_status] /vehicle_state_monitor http://localhost:41431/
[rosmaster.master][INFO] 2026-08-30 03:18:00,842: +PUB [/vehicle_state_monitor/node_health] /vehicle_state_monitor http://localhost:41431/
[rosmaster.master][INFO] 2026-08-30 03:18:00,844: +PUB [/battery_percentage] /vehicle_state_monitor http://localhost:41431/
[rosmaster.master][INFO] 2026-08-30 03:18:00,846: +SERVICE [/drone_emergency_stop] /vehicle_state_monitor http://localhost:41431/
[rosmaster.master][INFO] 2026-08-30 03:18:00,849: +SERVICE [/drone_arm] /vehicle_state_monitor http://localhost:41431/
[rosmaster.master][INFO] 2026-08-30 03:18:00,852: +SERVICE [/drone_disarm] /vehicle_state_monitor http://localhost:41431/
[rosmaster.master][INFO] 2026-08-30 03:18:00,854: +SERVICE [/drone_get_status] /vehicle_state_monitor http://localhost:41431/
[rosmaster.master][INFO] 2026-08-30 03:18:00,859: +CACHEDPARAM [/rosout_disable_topics_generation] by /vehicle_state_monitor
[rosmaster.master][INFO] 2026-08-30 03:18:01,140: +PUB [/rosout] /safety_monitor http://localhost:41207/
[rosmaster.master][INFO] 2026-08-30 03:18:01,149: +SERVICE [/safety_monitor/get_loggers] /safety_monitor http://localhost:41207/
[rosmaster.master][INFO] 2026-08-30 03:18:01,149: publisherUpdate[/rosout] -> http://localhost:35077/ ['http://localhost:35265/', 'http://localhost:35417/', 'http://localhost:39297/', 'http://localhost:46511/', 'http://localhost:41431/', 'http://localhost:41207/']
[rosmaster.master][INFO] 2026-08-30 03:18:01,153: publisherUpdate[/rosout] -> http://localhost:35077/ ['http://localhost:35265/', 'http://localhost:35417/', 'http://localhost:39297/', 'http://localhost:46511/', 'http://localhost:41431/', 'http://localhost:41207/']: sec=0.00, result=[1, '', 0]
[rosmaster.master][INFO] 2026-08-30 03:18:01,156: +SERVICE [/safety_monitor/set_logger_level] /safety_monitor http://localhost:41207/
[rosmaster.master][INFO] 2026-08-30 03:18:01,158: +PUB [/rosout] /health_checker http://localhost:39171/
[rosmaster.master][INFO] 2026-08-30 03:18:01,167: +SERVICE [/health_checker/get_loggers] /health_checker http://localhost:39171/
[rosmaster.master][INFO] 2026-08-30 03:18:01,168: +SUB [/mavros/local_position/pose] /safety_monitor http://localhost:41207/
[rosmaster.master][INFO] 2026-08-30 03:18:01,172: +SERVICE [/health_checker/set_logger_level] /health_checker http://localhost:39171/
[rosmaster.master][INFO] 2026-08-30 03:18:01,174: +PUB [/rosout] /camera_calibration http://localhost:36367/
[rosmaster.master][INFO] 2026-08-30 03:18:01,175: +SUB [/mavros/local_position/velocity] /safety_monitor http://localhost:41207/
[rosmaster.master][INFO] 2026-08-30 03:18:01,176: publisherUpdate[/rosout] -> http://localhost:35077/ ['http://localhost:35265/', 'http://localhost:35417/', 'http://localhost:39297/', 'http://localhost:46511/', 'http://localhost:41431/', 'http://localhost:41207/', 'http://localhost:39171/']
[rosmaster.master][INFO] 2026-08-30 03:18:01,180: publisherUpdate[/rosout] -> http://localhost:35077/ ['http://localhost:35265/', 'http://localhost:35417/', 'http://localhost:39297/', 'http://localhost:46511/', 'http://localhost:41431/', 'http://localhost:41207/', 'http://localhost:39171/']: sec=0.00, result=[1, '', 0]
[rosmaster.master][INFO] 2026-08-30 03:18:01,182: publisherUpdate[/rosout] -> http://localhost:35077/ ['http://localhost:35265/', 'http://localhost:35417/', 'http://localhost:39297/', 'http://localhost:46511/', 'http://localhost:41431/', 'http://localhost:41207/', 'http://localhost:39171/', 'http://localhost:36367/']
[rosmaster.master][INFO] 2026-08-30 03:18:01,238: publisherUpdate[/rosout] -> http://localhost:35077/ ['http://localhost:35265/', 'http://localhost:35417/', 'http://localhost:39297/', 'http://localhost:46511/', 'http://localhost:41431/', 'http://localhost:41207/', 'http://localhost:39171/', 'http://localhost:36367/']: sec=0.06, result=[1, '', 0]
[rosmaster.master][INFO] 2026-08-30 03:18:01,238: +SUB [/mavros/state] /safety_monitor http://localhost:41207/
[rosmaster.master][INFO] 2026-08-30 03:18:01,239: +SUB [/yolo_detector/node_health] /health_checker http://localhost:39171/
[rosmaster.master][INFO] 2026-08-30 03:18:01,243: +SERVICE [/camera_calibration/get_loggers] /camera_calibration http://localhost:36367/
[rosmaster.master][INFO] 2026-08-30 03:18:01,244: +PUB [/safety_status] /safety_monitor http://localhost:41207/
[rosmaster.master][INFO] 2026-08-30 03:18:01,246: +SERVICE [/camera_calibration/set_logger_level] /camera_calibration http://localhost:36367/
[rosmaster.master][INFO] 2026-08-30 03:18:01,247: +SUB [/target_tracking_controller/node_health] /health_checker http://localhost:39171/
[rosmaster.master][INFO] 2026-08-30 03:18:01,248: +PUB [/camera/camera_info] /camera_calibration http://localhost:36367/
[rosmaster.master][INFO] 2026-08-30 03:18:01,249: +PUB [/tf] /camera_calibration http://localhost:36367/
[rosmaster.master][INFO] 2026-08-30 03:18:01,253: +PUB [/safety_monitor/node_health] /safety_monitor http://localhost:41207/
[rosmaster.master][INFO] 2026-08-30 03:18:01,254: +CACHEDPARAM [/rosout_disable_topics_generation] by /camera_calibration
[rosmaster.master][INFO] 2026-08-30 03:18:01,255: +PUB [/emergency_triggered] /safety_monitor http://localhost:41207/
[rosmaster.master][INFO] 2026-08-30 03:18:01,256: publisherUpdate[/safety_status] -> http://localhost:35417/ ['http://localhost:41207/']
[rosmaster.master][INFO] 2026-08-30 03:18:01,259: +SUB [/vehicle_state_monitor/node_health] /health_checker http://localhost:39171/
[rosmaster.master][INFO] 2026-08-30 03:18:01,260: publisherUpdate[/safety_status] -> http://localhost:35417/ ['http://localhost:41207/']: sec=0.00, result=[1, '', 0]
[rosmaster.master][INFO] 2026-08-30 03:18:01,261: +SERVICE [/safety/geofence_enable] /safety_monitor http://localhost:41207/
[rosmaster.master][INFO] 2026-08-30 03:18:01,263: +SERVICE [/safety/geofence_disable] /safety_monitor http://localhost:41207/
[rosmaster.master][INFO] 2026-08-30 03:18:01,265: +SERVICE [/safety/check] /safety_monitor http://localhost:41207/
[rosmaster.master][INFO] 2026-08-30 03:18:01,267: +SERVICE [/safety/status] /safety_monitor http://localhost:41207/
[rosmaster.master][INFO] 2026-08-30 03:18:01,278: +SUB [/mission_manager/node_health] /health_checker http://localhost:39171/
[rosmaster.master][INFO] 2026-08-30 03:18:01,280: +CACHEDPARAM [/rosout_disable_topics_generation] by /safety_monitor
[rosmaster.master][INFO] 2026-08-30 03:18:01,283: +CACHEDPARAM [/rosout_disable_topics_generation] by /safety_monitor
[rosmaster.master][INFO] 2026-08-30 03:18:01,283: +SUB [/safety_monitor/node_health] /health_checker http://localhost:39171/
[rosmaster.master][INFO] 2026-08-30 03:18:01,289: +SUB [/command_interpreter/node_health] /health_checker http://localhost:39171/
[rosmaster.master][INFO] 2026-08-30 03:18:01,297: +PUB [/system_health] /health_checker http://localhost:39171/
[rosmaster.master][INFO] 2026-08-30 03:18:01,301: +SERVICE [/health/check_all] /health_checker http://localhost:39171/
[rosmaster.master][INFO] 2026-08-30 03:18:01,303: +SERVICE [/health/restart_node] /health_checker http://localhost:39171/
[rosmaster.master][INFO] 2026-08-30 03:18:01,306: +CACHEDPARAM [/rosout_disable_topics_generation] by /health_checker
[rosmaster.master][INFO] 2026-08-30 03:18:01,360: +PUB [/rosout] /system_health_monitor http://localhost:35987/
[rosmaster.master][INFO] 2026-08-30 03:18:01,361: publisherUpdate[/rosout] -> http://localhost:35077/ ['http://localhost:35265/', 'http://localhost:35417/', 'http://localhost:39297/', 'http://localhost:46511/', 'http://localhost:41431/', 'http://localhost:41207/', 'http://localhost:39171/', 'http://localhost:36367/', 'http://localhost:35987/']
[rosmaster.master][INFO] 2026-08-30 03:18:01,363: publisherUpdate[/rosout] -> http://localhost:35077/ ['http://localhost:35265/', 'http://localhost:35417/', 'http://localhost:39297/', 'http://localhost:46511/', 'http://localhost:41431/', 'http://localhost:41207/', 'http://localhost:39171/', 'http://localhost:36367/', 'http://localhost:35987/']: sec=0.00, result=[1, '', 0]
[rosmaster.master][INFO] 2026-08-30 03:18:01,366: +SERVICE [/system_health_monitor/get_loggers] /system_health_monitor http://localhost:35987/
[rosmaster.master][INFO] 2026-08-30 03:18:01,367: +SERVICE [/system_health_monitor/set_logger_level] /system_health_monitor http://localhost:35987/
[rosmaster.master][INFO] 2026-08-30 03:18:01,373: +SUB [/health/check_all] /system_health_monitor http://localhost:35987/
[rosmaster.master][INFO] 2026-08-30 03:18:01,374: +PUB [/system_health] /system_health_monitor http://localhost:35987/
[rosmaster.master][INFO] 2026-08-30 03:18:01,376: +PUB [/diagnostic_status] /system_health_monitor http://localhost:35987/
[rosmaster.master][INFO] 2026-08-30 03:18:01,377: +PUB [/performance_metrics] /system_health_monitor http://localhost:35987/
[rosmaster.master][INFO] 2026-08-30 03:18:01,378: +PUB [/system_alert] /system_health_monitor http://localhost:35987/
[rosmaster.master][INFO] 2026-08-30 03:18:01,380: +CACHEDPARAM [/rosout_disable_topics_generation] by /system_health_monitor
[rosmaster.master][INFO] 2026-08-30 03:18:02,624: +PUB [/rosout] /target_tracking_controller http://localhost:46321/
[rosmaster.master][INFO] 2026-08-30 03:18:02,632: +SERVICE [/target_tracking_controller/get_loggers] /target_tracking_controller http://localhost:46321/
[rosmaster.master][INFO] 2026-08-30 03:18:02,633: +SERVICE [/target_tracking_controller/set_logger_level] /target_tracking_controller http://localhost:46321/
[rosmaster.master][INFO] 2026-08-30 03:18:02,641: +SUB [/mavros/local_position/odom] /target_tracking_controller http://localhost:46321/
[rosmaster.master][INFO] 2026-08-30 03:18:02,644: +SUB [/detected_objects] /target_tracking_controller http://localhost:46321/
[rosmaster.master][INFO] 2026-08-30 03:18:02,647: +SUB [/mavros/state] /target_tracking_controller http://localhost:46321/
[rosmaster.master][INFO] 2026-08-30 03:18:02,650: +SUB [/mission_status] /target_tracking_controller http://localhost:46321/
[rosmaster.master][INFO] 2026-08-30 03:18:02,652: +PUB [/tracked_targets] /target_tracking_controller http://localhost:46321/
[rosmaster.master][INFO] 2026-08-30 03:18:02,654: +PUB [/mavros/setpoint_velocity/cmd_vel_unstamped] /target_tracking_controller http://localhost:46321/
[rosmaster.master][INFO] 2026-08-30 03:18:02,655: +PUB [/mavros/setpoint_raw/local] /target_tracking_controller http://localhost:46321/
[rosmaster.master][INFO] 2026-08-30 03:18:02,655: publisherUpdate[/rosout] -> http://localhost:35077/ ['http://localhost:35265/', 'http://localhost:35417/', 'http://localhost:39297/', 'http://localhost:46511/', 'http://localhost:41431/', 'http://localhost:41207/', 'http://localhost:39171/', 'http://localhost:36367/', 'http://localhost:35987/', 'http://localhost:46321/']
[rosmaster.master][INFO] 2026-08-30 03:18:02,657: publisherUpdate[/rosout] -> http://localhost:35077/ ['http://localhost:35265/', 'http://localhost:35417/', 'http://localhost:39297/', 'http://localhost:46511/', 'http://localhost:41431/', 'http://localhost:41207/', 'http://localhost:39171/', 'http://localhost:36367/', 'http://localhost:35987/', 'http://localhost:46321/']: sec=0.00, result=[1, '', 0]
[rosmaster.master][INFO] 2026-08-30 03:18:02,657: publisherUpdate[/tracked_targets] -> http://localhost:35417/ ['http://localhost:46321/']
[rosmaster.master][INFO] 2026-08-30 03:18:02,658: +PUB [/target_tracking_controller/node_health] /target_tracking_controller http://localhost:46321/
[rosmaster.master][INFO] 2026-08-30 03:18:02,659: publisherUpdate[/tracked_targets] -> http://localhost:35417/ ['http://localhost:46321/']: sec=0.00, result=[1, '', 0]
[rosmaster.master][INFO] 2026-08-30 03:18:02,660: publisherUpdate[/target_tracking_controller/node_health] -> http://localhost:39171/ ['http://localhost:46321/']
[rosmaster.master][INFO] 2026-08-30 03:18:02,663: publisherUpdate[/target_tracking_controller/node_health] -> http://localhost:39171/ ['http://localhost:46321/']: sec=0.00, result=[1, '', 0]
[rosmaster.master][INFO] 2026-08-30 03:18:04,795: +CACHEDPARAM [/rosout_disable_topics_generation] by /target_tracking_controller
[rosmaster.master][INFO] 2026-08-30 03:18:06,316: +CACHEDPARAM [/rosout_disable_topics_generation] by /health_checker
[rosmaster.master][INFO] 2026-08-30 03:18:06,318: +CACHEDPARAM [/rosout_disable_topics_generation] by /health_checker
[rosmaster.master][INFO] 2026-08-30 03:18:06,320: +CACHEDPARAM [/rosout_disable_topics_generation] by /health_checker
[rosmaster.master][INFO] 2026-08-30 03:18:06,922: +CACHEDPARAM [/rosout_disable_topics_generation] by /target_tracking_controller
[rosmaster.master][INFO] 2026-08-30 03:18:06,925: +CACHEDPARAM [/rosout_disable_topics_generation] by /target_tracking_controller
[rosmaster.master][INFO] 2026-08-30 03:18:07,270: +PUB [/rosout] /yolo_detector http://localhost:44061/
[rosmaster.master][INFO] 2026-08-30 03:18:07,282: +SERVICE [/yolo_detector/get_loggers] /yolo_detector http://localhost:44061/
[rosmaster.master][INFO] 2026-08-30 03:18:07,286: +SERVICE [/yolo_detector/set_logger_level] /yolo_detector http://localhost:44061/
[rosmaster.master][INFO] 2026-08-30 03:18:07,296: +PUB [/yolo_detector/node_health] /yolo_detector http://localhost:44061/
[rosmaster.master][INFO] 2026-08-30 03:18:07,299: +SUB [/drone_control/command] /yolo_detector http://localhost:44061/
[rosmaster.master][INFO] 2026-08-30 03:18:07,301: +PUB [/command_response] /yolo_detector http://localhost:44061/
[rosmaster.master][INFO] 2026-08-30 03:18:07,304: +SUB [/mission_status] /yolo_detector http://localhost:44061/
[rosmaster.master][INFO] 2026-08-30 03:18:07,305: +CACHEDPARAM [/rosout_disable_topics_generation] by /yolo_detector
[rosmaster.master][INFO] 2026-08-30 03:18:07,342: publisherUpdate[/rosout] -> http://localhost:35077/ ['http://localhost:35265/', 'http://localhost:35417/', 'http://localhost:39297/', 'http://localhost:46511/', 'http://localhost:41431/', 'http://localhost:41207/', 'http://localhost:39171/', 'http://localhost:36367/', 'http://localhost:35987/', 'http://localhost:46321/', 'http://localhost:44061/']
[rosmaster.master][INFO] 2026-08-30 03:18:07,344: publisherUpdate[/rosout] -> http://localhost:35077/ ['http://localhost:35265/', 'http://localhost:35417/', 'http://localhost:39297/', 'http://localhost:46511/', 'http://localhost:41431/', 'http://localhost:41207/', 'http://localhost:39171/', 'http://localhost:36367/', 'http://localhost:35987/', 'http://localhost:46321/', 'http://localhost:44061/']: sec=0.00, result=[1, '', 0]
[rosmaster.master][INFO] 2026-08-30 03:18:07,344: publisherUpdate[/yolo_detector/node_health] -> http://localhost:39171/ ['http://localhost:44061/']
[rosmaster.master][INFO] 2026-08-30 03:18:07,347: publisherUpdate[/yolo_detector/node_health] -> http://localhost:39171/ ['http://localhost:44061/']: sec=0.00, result=[1, '', 0]
[rosmaster.master][INFO] 2026-08-30 03:18:07,605: +CACHEDPARAM [/rosout_disable_topics_generation] by /yolo_detector
[rosmaster.master][INFO] 2026-08-30 03:18:07,607: +SUB [/camera/color/image_raw] /yolo_detector http://localhost:44061/
[rosmaster.master][INFO] 2026-08-30 03:18:07,608: +PUB [/detected_objects] /yolo_detector http://localhost:44061/
[rosmaster.master][INFO] 2026-08-30 03:18:07,610: +CACHEDPARAM [/rosout_disable_topics_generation] by /yolo_detector
[rosmaster.master][INFO] 2026-08-30 03:18:07,612: +CACHEDPARAM [/rosout_disable_topics_generation] by /yolo_detector
[rosmaster.master][INFO] 2026-08-30 03:18:07,652: publisherUpdate[/detected_objects] -> http://localhost:46321/ ['http://localhost:44061/']
[rosmaster.master][INFO] 2026-08-30 03:18:07,655: publisherUpdate[/detected_objects] -> http://localhost:46321/ ['http://localhost:44061/']: sec=0.00, result=[1, '', 0]
[rosmaster.master][INFO] 2026-08-30 03:18:12,985: +PUB [/rosout] /performance_monitor http://localhost:38673/
[rosmaster.master][INFO] 2026-08-30 03:18:12,992: +SERVICE [/performance_monitor/get_loggers] /performance_monitor http://localhost:38673/
[rosmaster.master][INFO] 2026-08-30 03:18:12,993: +SERVICE [/performance_monitor/set_logger_level] /performance_monitor http://localhost:38673/
[rosmaster.master][INFO] 2026-08-30 03:18:12,999: +SUB [/performance/command] /performance_monitor http://localhost:38673/
[rosmaster.master][INFO] 2026-08-30 03:18:13,001: +SUB [/performance/benchmark] /performance_monitor http://localhost:38673/
[rosmaster.master][INFO] 2026-08-30 03:18:13,002: +PUB [/performance/metrics] /performance_monitor http://localhost:38673/
[rosmaster.master][INFO] 2026-08-30 03:18:13,003: +PUB [/performance/benchmark_results] /performance_monitor http://localhost:38673/
[rosmaster.master][INFO] 2026-08-30 03:18:13,004: +PUB [/performance/alert] /performance_monitor http://localhost:38673/
[rosmaster.master][INFO] 2026-08-30 03:18:13,005: +PUB [/diagnostic_status] /performance_monitor http://localhost:38673/
[rosmaster.master][INFO] 2026-08-30 03:18:13,007: +CACHEDPARAM [/rosout_disable_topics_generation] by /performance_monitor
[rosmaster.master][INFO] 2026-08-30 03:18:13,060: publisherUpdate[/rosout] -> http://localhost:35077/ ['http://localhost:35265/', 'http://localhost:35417/', 'http://localhost:39297/', 'http://localhost:46511/', 'http://localhost:41431/', 'http://localhost:41207/', 'http://localhost:39171/', 'http://localhost:36367/', 'http://localhost:35987/', 'http://localhost:46321/', 'http://localhost:44061/', 'http://localhost:38673/']
[rosmaster.master][INFO] 2026-08-30 03:18:13,062: publisherUpdate[/rosout] -> http://localhost:35077/ ['http://localhost:35265/', 'http://localhost:35417/', 'http://localhost:39297/', 'http://localhost:46511/', 'http://localhost:41431/', 'http://localhost:41207/', 'http://localhost:39171/', 'http://localhost:36367/', 'http://localhost:35987/', 'http://localhost:46321/', 'http://localhost:44061/', 'http://localhost:38673/']: sec=0.00, result=[1, '', 0]
[rosmaster.master][INFO] 2026-08-30 03:18:15,014: +CACHEDPARAM [/rosout_disable_topics_generation] by /performance_monitor
[rosmaster.master][INFO] 2026-08-30 03:18:17,014: +CACHEDPARAM [/rosout_disable_topics_generation] by /performance_monitor
[rosmaster.master][INFO] 2026-08-30 03:18:19,015: +CACHEDPARAM [/rosout_disable_topics_generation] by /performance_monitor
[rosmaster.master][INFO] 2026-08-30 03:18:20,020: +CACHEDPARAM [/rosout_disable_topics_generation] by /performance_monitor
[rosmaster.master][INFO] 2026-08-30 03:18:21,010: +CACHEDPARAM [/rosout_disable_topics_generation] by /performance_monitor
[rosmaster.master][INFO] 2026-08-30 03:18:22,022: +CACHEDPARAM [/rosout_disable_topics_generation] by /performance_monitor
[rosmaster.master][INFO] 2026-08-30 03:18:23,015: +CACHEDPARAM [/rosout_disable_topics_generation] by /performance_monitor
[rosmaster.master][INFO] 2026-08-30 03:18:24,022: +CACHEDPARAM [/rosout_disable_topics_generation] by /performance_monitor
[rosmaster.master][INFO] 2026-08-30 03:18:25,016: +CACHEDPARAM [/rosout_disable_topics_generation] by /performance_monitor
[rosmaster.master][INFO] 2026-08-30 03:18:25,025: +CACHEDPARAM [/rosout_disable_topics_generation] by /performance_monitor
[rosmaster.master][INFO] 2026-08-30 03:18:26,032: +CACHEDPARAM [/rosout_disable_topics_generation] by /performance_monitor
[rosmaster.master][INFO] 2026-08-30 03:18:26,285: +CACHEDPARAM [/rosout_disable_topics_generation] by /performance_monitor
[rosmaster.master][INFO] 2026-08-30 03:18:27,022: +CACHEDPARAM [/rosout_disable_topics_generation] by /performance_monitor
[rosmaster.master][INFO] 2026-08-30 03:18:27,025: +CACHEDPARAM [/rosout_disable_topics_generation] by /performance_monitor
[rosmaster.master][INFO] 2026-08-30 03:18:27,027: +CACHEDPARAM [/rosout_disable_topics_generation] by /performance_monitor
[rosmaster.master][INFO] 2026-08-30 03:18:28,035: +CACHEDPARAM [/rosout_disable_topics_generation] by /performance_monitor
[rosmaster.master][INFO] 2026-08-30 03:18:28,280: +CACHEDPARAM [/rosout_disable_topics_generation] by /performance_monitor
[rosmaster.master][INFO] 2026-08-30 03:18:28,995: +CACHEDPARAM [/rosout_disable_topics_generation] by /performance_monitor
[rosmaster.master][INFO] 2026-08-30 03:18:29,008: +CACHEDPARAM [/rosout_disable_topics_generation] by /performance_monitor
[rosmaster.master][INFO] 2026-08-30 03:18:29,026: +CACHEDPARAM [/rosout_disable_topics_generation] by /performance_monitor
[rosmaster.master][INFO] 2026-08-30 03:18:29,634: +CACHEDPARAM [/rosout_disable_topics_generation] by /performance_monitor
[rosmaster.master][INFO] 2026-08-30 03:18:29,827: +CACHEDPARAM [/rosout_disable_topics_generation] by /performance_monitor
[rosmaster.master][INFO] 2026-08-30 03:18:29,829: +CACHEDPARAM [/rosout_disable_topics_generation] by /performance_monitor
[rosmaster.master][INFO] 2026-08-30 03:18:30,034: +CACHEDPARAM [/rosout_disable_topics_generation] by /performance_monitor
[rosmaster.master][INFO] 2026-08-30 03:18:30,386: +CACHEDPARAM [/rosout_disable_topics_generation] by /performance_monitor
[rosmaster.master][INFO] 2026-08-30 03:18:31,055: +CACHEDPARAM [/rosout_disable_topics_generation] by /performance_monitor
[rosmaster.master][INFO] 2026-08-30 03:18:31,096: +CACHEDPARAM [/rosout_disable_topics_generation] by /performance_monitor
[rosmaster.master][INFO] 2026-08-30 03:18:31,153: +CACHEDPARAM [/rosout_disable_topics_generation] by /performance_monitor
[rosmaster.master][INFO] 2026-08-30 03:18:31,666: +CACHEDPARAM [/rosout_disable_topics_generation] by /performance_monitor
[rosmaster.master][INFO] 2026-08-30 03:18:31,833: +CACHEDPARAM [/rosout_disable_topics_generation] by /performance_monitor
[rosmaster.master][INFO] 2026-08-30 03:18:31,861: +CACHEDPARAM [/rosout_disable_topics_generation] by /performance_monitor
[rosmaster.master][INFO] 2026-08-30 03:18:32,039: +CACHEDPARAM [/rosout_disable_topics_generation] by /performance_monitor
[rosmaster.master][INFO] 2026-08-30 03:18:32,505: +CACHEDPARAM [/rosout_disable_topics_generation] by /performance_monitor
[rosmaster.master][INFO] 2026-08-30 03:18:33,045: +CACHEDPARAM [/rosout_disable_topics_generation] by /performance_monitor
[rosmaster.master][INFO] 2026-08-30 03:18:33,054: +CACHEDPARAM [/rosout_disable_topics_generation] by /performance_monitor
[rosmaster.master][INFO] 2026-08-30 03:18:33,455: +CACHEDPARAM [/rosout_disable_topics_generation] by /performance_monitor
[rosmaster.master][INFO] 2026-08-30 03:18:33,746: +CACHEDPARAM [/rosout_disable_topics_generation] by /performance_monitor
[rosmaster.master][INFO] 2026-08-30 03:18:34,026: +CACHEDPARAM [/rosout_disable_topics_generation] by /performance_monitor
[rosmaster.master][INFO] 2026-08-30 03:18:34,035: +CACHEDPARAM [/rosout_disable_topics_generation] by /performance_monitor
[rosmaster.master][INFO] 2026-08-30 03:18:34,068: +CACHEDPARAM [/rosout_disable_topics_generation] by /performance_monitor
[rosmaster.master][INFO] 2026-08-30 03:18:34,723: +CACHEDPARAM [/rosout_disable_topics_generation] by /performance_monitor
[rosmaster.master][INFO] 2026-08-30 03:18:34,861: +CACHEDPARAM [/rosout_disable_topics_generation] by /performance_monitor
[rosmaster.master][INFO] 2026-08-30 03:18:35,054: +CACHEDPARAM [/rosout_disable_topics_generation] by /performance_monitor
[rosmaster.master][INFO] 2026-08-30 03:18:35,138: +CACHEDPARAM [/rosout_disable_topics_generation] by /performance_monitor
[rosmaster.master][INFO] 2026-08-30 03:18:36,053: +CACHEDPARAM [/rosout_disable_topics_generation] by /performance_monitor
[rosmaster.master][INFO] 2026-08-30 03:18:36,173: +CACHEDPARAM [/rosout_disable_topics_generation] by /performance_monitor
[rosmaster.master][INFO] 2026-08-30 03:18:36,873: +CACHEDPARAM [/rosout_disable_topics_generation] by /performance_monitor
[rosmaster.master][INFO] 2026-08-30 03:18:36,880: +CACHEDPARAM [/rosout_disable_topics_generation] by /performance_monitor
[rosmaster.master][INFO] 2026-08-30 03:18:37,072: +CACHEDPARAM [/rosout_disable_topics_generation] by /performance_monitor
[rosmaster.master][INFO] 2026-08-30 03:18:37,209: +CACHEDPARAM [/rosout_disable_topics_generation] by /performance_monitor
[rosmaster.master][INFO] 2026-08-30 03:18:38,109: +CACHEDPARAM [/rosout_disable_topics_generation] by /performance_monitor
[rosmaster.master][INFO] 2026-08-30 03:18:38,773: +CACHEDPARAM [/rosout_disable_topics_generation] by /performance_monitor
[rosmaster.master][INFO] 2026-08-30 03:18:38,785: +CACHEDPARAM [/rosout_disable_topics_generation] by /performance_monitor
[rosmaster.master][INFO] 2026-08-30 03:18:38,969: +CACHEDPARAM [/rosout_disable_topics_generation] by /performance_monitor
[rosmaster.master][INFO] 2026-08-30 03:18:39,111: +CACHEDPARAM [/rosout_disable_topics_generation] by /performance_monitor
[rosmaster.master][INFO] 2026-08-30 03:18:39,258: +CACHEDPARAM [/rosout_disable_topics_generation] by /performance_monitor
[rosmaster.master][INFO] 2026-08-30 03:18:39,302: +CACHEDPARAM [/rosout_disable_topics_generation] by /performance_monitor
[rosmaster.master][INFO] 2026-08-30 03:18:39,496: +CACHEDPARAM [/rosout_disable_topics_generation] by /performance_monitor
[rosmaster.master][INFO] 2026-08-30 03:18:40,055: +CACHEDPARAM [/rosout_disable_topics_generation] by /performance_monitor
[rosmaster.master][INFO] 2026-08-30 03:18:41,084: +CACHEDPARAM [/rosout_disable_topics_generation] by /performance_monitor
[rosmaster.master][INFO] 2026-08-30 03:18:41,433: +CACHEDPARAM [/rosout_disable_topics_generation] by /performance_monitor
[rosmaster.master][INFO] 2026-08-30 03:18:41,961: +CACHEDPARAM [/rosout_disable_topics_generation] by /performance_monitor
[rosmaster.master][INFO] 2026-08-30 03:18:42,163: +CACHEDPARAM [/rosout_disable_topics_generation] by /performance_monitor
[rosmaster.master][INFO] 2026-08-30 03:18:43,034: +CACHEDPARAM [/rosout_disable_topics_generation] by /performance_monitor
[rosmaster.master][INFO] 2026-08-30 03:18:43,149: +CACHEDPARAM [/rosout_disable_topics_generation] by /performance_monitor
[rosmaster.master][INFO] 2026-08-30 03:18:43,368: +CACHEDPARAM [/rosout_disable_topics_generation] by /performance_monitor
[rosmaster.master][INFO] 2026-08-30 03:18:43,420: +CACHEDPARAM [/rosout_disable_topics_generation] by /performance_monitor
[rosmaster.master][INFO] 2026-08-30 03:18:43,914: +CACHEDPARAM [/rosout_disable_topics_generation] by /performance_monitor
[rosmaster.master][INFO] 2026-08-30 03:18:44,239: +CACHEDPARAM [/rosout_disable_topics_generation] by /performance_monitor
[rosmaster.master][INFO] 2026-08-30 03:18:44,421: +CACHEDPARAM [/rosout_disable_topics_generation] by /performance_monitor
[rosmaster.master][INFO] 2026-08-30 03:18:45,062: +CACHEDPARAM [/rosout_disable_topics_generation] by /performance_monitor
[rosmaster.master][INFO] 2026-08-30 03:18:45,227: +CACHEDPARAM [/rosout_disable_topics_generation] by /performance_monitor
[rosmaster.master][INFO] 2026-08-30 03:18:45,609: +CACHEDPARAM [/rosout_disable_topics_generation] by /performance_monitor
[rosmaster.master][INFO] 2026-08-30 03:18:46,195: +CACHEDPARAM [/rosout_disable_topics_generation] by /performance_monitor
[rosmaster.master][INFO] 2026-08-30 03:18:46,692: +PUB [/rosout] /trajectory_planner http://localhost:45753/
[rosmaster.master][INFO] 2026-08-30 03:18:46,698: +SERVICE [/trajectory_planner/get_loggers] /trajectory_planner http://localhost:45753/
[rosmaster.master][INFO] 2026-08-30 03:18:46,699: +SERVICE [/trajectory_planner/set_logger_level] /trajectory_planner http://localhost:45753/
[rosmaster.master][INFO] 2026-08-30 03:18:46,706: +SUB [/mavros/local_position/odom] /trajectory_planner http://localhost:45753/
[rosmaster.master][INFO] 2026-08-30 03:18:46,708: +SUB [/tracked_targets] /trajectory_planner http://localhost:45753/
[rosmaster.master][INFO] 2026-08-30 03:18:46,710: +SUB [/mission_status] /trajectory_planner http://localhost:45753/
[rosmaster.master][INFO] 2026-08-30 03:18:46,712: +PUB [/planned_trajectory] /trajectory_planner http://localhost:45753/
[rosmaster.master][INFO] 2026-08-30 03:18:46,714: +PUB [/waypoints] /trajectory_planner http://localhost:45753/
[rosmaster.master][INFO] 2026-08-30 03:18:46,718: +PUB [/path] /trajectory_planner http://localhost:45753/
[rosmaster.master][INFO] 2026-08-30 03:18:46,724: publisherUpdate[/rosout] -> http://localhost:35077/ ['http://localhost:35265/', 'http://localhost:35417/', 'http://localhost:39297/', 'http://localhost:46511/', 'http://localhost:41431/', 'http://localhost:41207/', 'http://localhost:39171/', 'http://localhost:36367/', 'http://localhost:35987/', 'http://localhost:46321/', 'http://localhost:44061/', 'http://localhost:38673/', 'http://localhost:45753/']
[rosmaster.master][INFO] 2026-08-30 03:18:46,725: publisherUpdate[/rosout] -> http://localhost:35077/ ['http://localhost:35265/', 'http://localhost:35417/', 'http://localhost:39297/', 'http://localhost:46511/', 'http://localhost:41431/', 'http://localhost:41207/', 'http://localhost:39171/', 'http://localhost:36367/', 'http://localhost:35987/', 'http://localhost:46321/', 'http://localhost:44061/', 'http://localhost:38673/', 'http://localhost:45753/']: sec=0.00, result=[1, '', 0]
[rosmaster.master][INFO] 2026-08-30 03:18:46,726: +PUB [/planner_status] /trajectory_planner http://localhost:45753/
[rosmaster.master][INFO] 2026-08-30 03:18:46,732: +CACHEDPARAM [/rosout_disable_topics_generation] by /mission_manager
[rosmaster.master][INFO] 2026-08-30 03:18:46,739: +CACHEDPARAM [/rosout_disable_topics_generation] by /trajectory_planner
[rosmaster.master][INFO] 2026-08-30 03:18:47,219: +CACHEDPARAM [/rosout_disable_topics_generation] by /performance_monitor
[rosmaster.master][INFO] 2026-08-30 03:18:47,385: +CACHEDPARAM [/rosout_disable_topics_generation] by /performance_monitor
[rosmaster.master][INFO] 2026-08-30 03:18:48,050: +CACHEDPARAM [/rosout_disable_topics_generation] by /performance_monitor
[rosmaster.master][INFO] 2026-08-30 03:18:48,325: +CACHEDPARAM [/rosout_disable_topics_generation] by /performance_monitor
[rosmaster.master][INFO] 2026-08-30 03:18:49,415: +CACHEDPARAM [/rosout_disable_topics_generation] by /performance_monitor
[rosmaster.master][INFO] 2026-08-30 03:18:49,591: +CACHEDPARAM [/rosout_disable_topics_generation] by /performance_monitor
[rosmaster.master][INFO] 2026-08-30 03:18:49,773: +CACHEDPARAM [/rosout_disable_topics_generation] by /performance_monitor
[rosmaster.master][INFO] 2026-08-30 03:18:50,223: +CACHEDPARAM [/rosout_disable_topics_generation] by /performance_monitor
[rosmaster.master][INFO] 2026-08-30 03:18:50,585: +CACHEDPARAM [/rosout_disable_topics_generation] by /performance_monitor
[rosmaster.master][INFO] 2026-08-30 03:18:50,768: +CACHEDPARAM [/rosout_disable_topics_generation] by /performance_monitor
[rosmaster.master][INFO] 2026-08-30 03:18:50,812: +CACHEDPARAM [/rosout_disable_topics_generation] by /performance_monitor
[rosmaster.master][INFO] 2026-08-30 03:18:51,156: +CACHEDPARAM [/rosout_disable_topics_generation] by /performance_monitor
[rosmaster.master][INFO] 2026-08-30 03:18:51,308: +CACHEDPARAM [/rosout_disable_topics_generation] by /performance_monitor
[rosmaster.master][INFO] 2026-08-30 03:18:51,482: +CACHEDPARAM [/rosout_disable_topics_generation] by /performance_monitor
[rosmaster.master][INFO] 2026-08-30 03:18:51,719: +CACHEDPARAM [/rosout_disable_topics_generation] by /performance_monitor
[rosmaster.master][INFO] 2026-08-30 03:18:52,382: +CACHEDPARAM [/rosout_disable_topics_generation] by /performance_monitor
[rosmaster.master][INFO] 2026-08-30 03:18:53,399: +CACHEDPARAM [/rosout_disable_topics_generation] by /performance_monitor
[rosmaster.master][INFO] 2026-08-30 03:18:53,434: +CACHEDPARAM [/rosout_disable_topics_generation] by /performance_monitor
[rosmaster.master][INFO] 2026-08-30 03:18:53,773: +CACHEDPARAM [/rosout_disable_topics_generation] by /performance_monitor
[rosmaster.master][INFO] 2026-08-30 03:18:53,951: +CACHEDPARAM [/rosout_disable_topics_generation] by /performance_monitor
[rosmaster.master][INFO] 2026-08-30 03:18:54,221: +CACHEDPARAM [/rosout_disable_topics_generation] by /performance_monitor
[rosmaster.master][INFO] 2026-08-30 03:18:55,680: +CACHEDPARAM [/rosout_disable_topics_generation] by /performance_monitor
[rosmaster.master][INFO] 2026-08-30 03:18:55,913: +CACHEDPARAM [/rosout_disable_topics_generation] by /performance_monitor
[rosmaster.master][INFO] 2026-08-30 03:18:56,071: +CACHEDPARAM [/rosout_disable_topics_generation] by /performance_monitor
[rosmaster.master][INFO] 2026-08-30 03:18:56,393: +CACHEDPARAM [/rosout_disable_topics_generation] by /performance_monitor
[rosmaster.master][INFO] 2026-08-30 03:18:56,627: +CACHEDPARAM [/rosout_disable_topics_generation] by /performance_monitor
[rosmaster.master][INFO] 2026-08-30 03:18:56,701: +CACHEDPARAM [/rosout_disable_topics_generation] by /performance_monitor
[rosmaster.master][INFO] 2026-08-30 03:18:57,019: +CACHEDPARAM [/rosout_disable_topics_generation] by /performance_monitor
[rosmaster.master][INFO] 2026-08-30 03:18:57,412: +CACHEDPARAM [/rosout_disable_topics_generation] by /performance_monitor
[rosmaster.master][INFO] 2026-08-30 03:18:57,683: +CACHEDPARAM [/rosout_disable_topics_generation] by /performance_monitor
[rosmaster.master][INFO] 2026-08-30 03:18:58,174: +CACHEDPARAM [/rosout_disable_topics_generation] by /performance_monitor
[rosmaster.master][INFO] 2026-08-30 03:18:58,323: +CACHEDPARAM [/rosout_disable_topics_generation] by /performance_monitor
[rosmaster.master][INFO] 2026-08-30 03:18:58,673: +CACHEDPARAM [/rosout_disable_topics_generation] by /performance_monitor
[rosmaster.master][INFO] 2026-08-30 03:18:59,284: +CACHEDPARAM [/rosout_disable_topics_generation] by /performance_monitor
[rosmaster.master][INFO] 2026-08-30 03:18:59,403: +CACHEDPARAM [/rosout_disable_topics_generation] by /performance_monitor
[rosmaster.master][INFO] 2026-08-30 03:18:59,448: +CACHEDPARAM [/rosout_disable_topics_generation] by /performance_monitor
[rosmaster.master][INFO] 2026-08-30 03:18:59,936: +CACHEDPARAM [/rosout_disable_topics_generation] by /performance_monitor
[rosmaster.master][INFO] 2026-08-30 03:19:00,311: +CACHEDPARAM [/rosout_disable_topics_generation] by /performance_monitor
[rosmaster.master][INFO] 2026-08-30 03:19:00,526: +CACHEDPARAM [/rosout_disable_topics_generation] by /performance_monitor
[rosmaster.master][INFO] 2026-08-30 03:19:01,229: +CACHEDPARAM [/rosout_disable_topics_generation] by /performance_monitor
[rosmaster.master][INFO] 2026-08-30 03:19:01,720: +CACHEDPARAM [/rosout_disable_topics_generation] by /performance_monitor
[rosmaster.master][INFO] 2026-08-30 03:19:02,131: +CACHEDPARAM [/rosout_disable_topics_generation] by /performance_monitor
[rosmaster.master][INFO] 2026-08-30 03:19:02,303: +CACHEDPARAM [/rosout_disable_topics_generation] by /performance_monitor
[rosmaster.master][INFO] 2026-08-30 03:19:02,310: +CACHEDPARAM [/rosout_disable_topics_generation] by /performance_monitor
[rosmaster.master][INFO] 2026-08-30 03:19:02,736: +CACHEDPARAM [/rosout_disable_topics_generation] by /performance_monitor
[rosmaster.master][INFO] 2026-08-30 03:19:03,203: +CACHEDPARAM [/rosout_disable_topics_generation] by /performance_monitor
[rosmaster.master][INFO] 2026-08-30 03:19:03,717: +CACHEDPARAM [/rosout_disable_topics_generation] by /performance_monitor
[rosmaster.master][INFO] 2026-08-30 03:19:04,343: +CACHEDPARAM [/rosout_disable_topics_generation] by /performance_monitor
[rosmaster.master][INFO] 2026-08-30 03:19:04,889: +CACHEDPARAM [/rosout_disable_topics_generation] by /performance_monitor
[rosmaster.master][INFO] 2026-08-30 03:19:05,155: +CACHEDPARAM [/rosout_disable_topics_generation] by /performance_monitor
[rosmaster.master][INFO] 2026-08-30 03:19:05,705: +CACHEDPARAM [/rosout_disable_topics_generation] by /performance_monitor
[rosmaster.master][INFO] 2026-08-30 03:19:06,067: +CACHEDPARAM [/rosout_disable_topics_generation] by /performance_monitor
[rosmaster.master][INFO] 2026-08-30 03:19:06,210: +CACHEDPARAM [/rosout_disable_topics_generation] by /performance_monitor
[rosmaster.master][INFO] 2026-08-30 03:19:06,909: +CACHEDPARAM [/rosout_disable_topics_generation] by /performance_monitor
[rosmaster.master][INFO] 2026-08-30 03:19:07,297: +CACHEDPARAM [/rosout_disable_topics_generation] by /performance_monitor
[rosmaster.master][INFO] 2026-08-30 03:19:07,704: +CACHEDPARAM [/rosout_disable_topics_generation] by /performance_monitor
[rosmaster.master][INFO] 2026-08-30 03:19:08,015: +CACHEDPARAM [/rosout_disable_topics_generation] by /performance_monitor
[rosmaster.master][INFO] 2026-08-30 03:19:08,606: +CACHEDPARAM [/rosout_disable_topics_generation] by /performance_monitor
[rosmaster.master][INFO] 2026-08-30 03:19:09,280: +CACHEDPARAM [/rosout_disable_topics_generation] by /performance_monitor
[rosmaster.master][INFO] 2026-08-30 03:19:09,459: +CACHEDPARAM [/rosout_disable_topics_generation] by /performance_monitor
[rosmaster.master][INFO] 2026-08-30 03:19:09,726: +CACHEDPARAM [/rosout_disable_topics_generation] by /performance_monitor
[rosmaster.master][INFO] 2026-08-30 03:19:10,440: +CACHEDPARAM [/rosout_disable_topics_generation] by /performance_monitor
[rosmaster.master][INFO] 2026-08-30 03:19:11,392: +CACHEDPARAM [/rosout_disable_topics_generation] by /performance_monitor
[rosmaster.master][INFO] 2026-08-30 03:19:11,786: +CACHEDPARAM [/rosout_disable_topics_generation] by /performance_monitor
[rosmaster.master][INFO] 2026-08-30 03:19:12,305: +CACHEDPARAM [/rosout_disable_topics_generation] by /performance_monitor
[rosmaster.master][INFO] 2026-08-30 03:19:12,603: +CACHEDPARAM [/rosout_disable_topics_generation] by /performance_monitor
[rosmaster.master][INFO] 2026-08-30 03:19:12,693: +CACHEDPARAM [/rosout_disable_topics_generation] by /performance_monitor
[rosmaster.master][INFO] 2026-08-30 03:19:12,803: +CACHEDPARAM [/rosout_disable_topics_generation] by /performance_monitor
[rosmaster.master][INFO] 2026-08-30 03:19:12,943: +CACHEDPARAM [/rosout_disable_topics_generation] by /performance_monitor
[rosmaster.master][INFO] 2026-08-30 03:19:13,034: -SUB [/mavros/local_position/odom] /trajectory_planner http://localhost:45753/
[rosmaster.master][INFO] 2026-08-30 03:19:13,035: -SUB [/tracked_targets] /trajectory_planner http://localhost:45753/
[rosmaster.master][INFO] 2026-08-30 03:19:13,036: -SUB [/mission_status] /trajectory_planner http://localhost:45753/
[rosmaster.master][INFO] 2026-08-30 03:19:13,037: -PUB [/rosout] /trajectory_planner http://localhost:45753/
[rosmaster.master][INFO] 2026-08-30 03:19:13,040: -PUB [/planned_trajectory] /trajectory_planner http://localhost:45753/
[rosmaster.master][INFO] 2026-08-30 03:19:13,040: -PUB [/waypoints] /trajectory_planner http://localhost:45753/
[rosmaster.master][INFO] 2026-08-30 03:19:13,041: -PUB [/path] /trajectory_planner http://localhost:45753/
[rosmaster.master][INFO] 2026-08-30 03:19:13,041: -PUB [/planner_status] /trajectory_planner http://localhost:45753/
[rosmaster.master][INFO] 2026-08-30 03:19:13,041: -SERVICE [/trajectory_planner/get_loggers] /trajectory_planner rosrpc://localhost:44627
[rosmaster.master][INFO] 2026-08-30 03:19:13,042: -SERVICE [/trajectory_planner/set_logger_level] /trajectory_planner rosrpc://localhost:44627
[rosmaster.master][INFO] 2026-08-30 03:19:13,067: publisherUpdate[/rosout] -> http://localhost:35077/ ['http://localhost:35265/', 'http://localhost:35417/', 'http://localhost:39297/', 'http://localhost:46511/', 'http://localhost:41431/', 'http://localhost:41207/', 'http://localhost:39171/', 'http://localhost:36367/', 'http://localhost:35987/', 'http://localhost:46321/', 'http://localhost:44061/', 'http://localhost:38673/']
[rosmaster.master][INFO] 2026-08-30 03:19:13,074: publisherUpdate[/rosout] -> http://localhost:35077/ ['http://localhost:35265/', 'http://localhost:35417/', 'http://localhost:39297/', 'http://localhost:46511/', 'http://localhost:41431/', 'http://localhost:41207/', 'http://localhost:39171/', 'http://localhost:36367/', 'http://localhost:35987/', 'http://localhost:46321/', 'http://localhost:44061/', 'http://localhost:38673/']: sec=0.01, result=[1, '', 0]
[rosmaster.master][INFO] 2026-08-30 03:19:13,298: -SUB [/performance/command] /performance_monitor http://localhost:38673/
[rosmaster.master][INFO] 2026-08-30 03:19:13,299: -SUB [/performance/benchmark] /performance_monitor http://localhost:38673/
[rosmaster.master][INFO] 2026-08-30 03:19:13,299: -PUB [/rosout] /performance_monitor http://localhost:38673/
[rosmaster.master][INFO] 2026-08-30 03:19:13,299: -PUB [/performance/metrics] /performance_monitor http://localhost:38673/
[rosmaster.master][INFO] 2026-08-30 03:19:13,300: -PUB [/performance/benchmark_results] /performance_monitor http://localhost:38673/
[rosmaster.master][INFO] 2026-08-30 03:19:13,300: -PUB [/performance/alert] /performance_monitor http://localhost:38673/
[rosmaster.master][INFO] 2026-08-30 03:19:13,300: -PUB [/diagnostic_status] /performance_monitor http://localhost:38673/
[rosmaster.master][INFO] 2026-08-30 03:19:13,300: -SERVICE [/performance_monitor/get_loggers] /performance_monitor rosrpc://localhost:41165
[rosmaster.master][INFO] 2026-08-30 03:19:13,301: -SERVICE [/performance_monitor/set_logger_level] /performance_monitor rosrpc://localhost:41165
[rosmaster.master][INFO] 2026-08-30 03:19:13,377: publisherUpdate[/rosout] -> http://localhost:35077/ ['http://localhost:35265/', 'http://localhost:35417/', 'http://localhost:39297/', 'http://localhost:46511/', 'http://localhost:41431/', 'http://localhost:41207/', 'http://localhost:39171/', 'http://localhost:36367/', 'http://localhost:35987/', 'http://localhost:46321/', 'http://localhost:44061/']
[rosmaster.master][INFO] 2026-08-30 03:19:13,382: publisherUpdate[/rosout] -> http://localhost:35077/ ['http://localhost:35265/', 'http://localhost:35417/', 'http://localhost:39297/', 'http://localhost:46511/', 'http://localhost:41431/', 'http://localhost:41207/', 'http://localhost:39171/', 'http://localhost:36367/', 'http://localhost:35987/', 'http://localhost:46321/', 'http://localhost:44061/']: sec=0.00, result=[1, '', 0]
[rosmaster.master][INFO] 2026-08-30 03:19:13,639: +CACHEDPARAM [/rosout_disable_topics_generation] by /performance_monitor
[rosmaster.master][INFO] 2026-08-30 03:19:13,681: +CACHEDPARAM [/rosout_disable_topics_generation] by /performance_monitor
[rosmaster.master][INFO] 2026-08-30 03:19:14,021: +CACHEDPARAM [/rosout_disable_topics_generation] by /performance_monitor
[rosmaster.master][INFO] 2026-08-30 03:19:14,438: +CACHEDPARAM [/rosout_disable_topics_generation] by /performance_monitor
[rosmaster.master][INFO] 2026-08-30 03:19:14,519: +CACHEDPARAM [/rosout_disable_topics_generation] by /performance_monitor
