

1788059876.548930703  Node Startup
1788059880.559566020 INFO /parameter_validator [parameter_validator.py:65(ParameterValidator.__init__)] [topics: /rosout] Parameter validator initialized successfully
1788059880.860693216 INFO /vehicle_state_monitor [vehicle_state_monitor.py:83(VehicleStateMonitor.__init__)] [topics: /battery_percentage, /mavros/state, /mavros/battery, /mavros/local_position/velocity, /rosout, /diagnostic_status, /drone_status, /vehicle_state_monitor/node_health] Vehicle State Monitor started
1788059880.771054744 INFO /sensor_fusion [sensor_fusion.py:40(SensorFusion.__init__)] [topics: /mavros/imu/data, /sensor_fusion/node_health, /mavros/local_position/pose, /mavros/global_position/global, /rosout] Sensor Fusion initialized
1788059880.780689954 INFO /command_interpreter [command_interpreter.py:65(CommandInterpreter.__init__)] [topics: /rosout, /drone_control/command_response, /drone_control/command, /command_interpreter/node_health] Command Interpreter initialized
1788059880.760509252 INFO /mission_manager [mission_manager.py:115(MissionManager.__init__)] [topics: /mission_manager/node_health, /rosout, /safety_status, /drone_control/command, /tracked_targets, /mission_status] Mission Manager initialized
1788059881.307391643 INFO /health_checker [health_checker.py:58(HealthChecker.__init__)] [topics: /yolo_detector/node_health, /rosout, /mission_manager/node_health, /system_health, /command_interpreter/node_health, /target_tracking_controller/node_health, /safety_monitor/node_health, /vehicle_state_monitor/node_health] Health Checker initialized
1788059881.285193204 INFO /safety_monitor [safety_monitor.py:78(SafetyMonitor.__init__)] [topics: /mavros/state, /mavros/local_position/velocity, /safety_monitor/node_health, /rosout, /emergency_triggered, /safety_status, /mavros/local_position/pose] Health publisher: /safety_monitor/node_health
1788059881.257199048 INFO /camera_calibration [camera_calibration.py:29(CameraCalibration.__init__)] [topics: /tf, /rosout, /camera/camera_info] Camera calibration node started
1788059881.381243944 INFO /system_health_monitor [system_health_monitor.py:77(SystemHealthMonitor.__init__)] [topics: /rosout, /diagnostic_status, /performance_metrics, /system_alert, /health/check_all, /system_health] System Health Monitor initialized
1788059884.796711206 WARN /target_tracking_controller [target_tracking_controller.py:103(TargetTrackingController.__init__)] [topics: /mavros/setpoint_velocity/cmd_vel_unstamped, /target_tracking_controller/node_health, /mavros/setpoint_raw/local, /rosout, /mavros/local_position/odom, /mission_status, /tracked_targets, /detected_objects, /mavros/state] MAVROS set_mode service not available: timeout exceeded while waiting for service /mavros/set_mode
1788059886.317389726 WARN /health_checker [health_checker.py:90(HealthChecker._check_health)] [topics: /yolo_detector/node_health, /rosout, /mission_manager/node_health, /system_health, /command_interpreter/node_health, /target_tracking_controller/node_health, /safety_monitor/node_health, /vehicle_state_monitor/node_health] Unhealthy nodes: 2
1788059886.319544315 WARN /health_checker [health_checker.py:92(HealthChecker._check_health)] [topics: /yolo_detector/node_health, /rosout, /mission_manager/node_health, /system_health, /command_interpreter/node_health, /target_tracking_controller/node_health, /safety_monitor/node_health, /vehicle_state_monitor/node_health]   yolo_detector: No health report
1788059886.321275234 WARN /health_checker [health_checker.py:92(HealthChecker._check_health)] [topics: /yolo_detector/node_health, /rosout, /mission_manager/node_health, /system_health, /command_interpreter/node_health, /target_tracking_controller/node_health, /safety_monitor/node_health, /vehicle_state_monitor/node_health]   target_tracking_controller: No health report
1788059886.923165321 WARN /target_tracking_controller [target_tracking_controller.py:110(TargetTrackingController.__init__)] [topics: /mavros/setpoint_velocity/cmd_vel_unstamped, /target_tracking_controller/node_health, /mavros/setpoint_raw/local, /rosout, /mavros/local_position/odom, /mission_status, /tracked_targets, /detected_objects, /mavros/state] MAVROS arming service not available: timeout exceeded while waiting for service /mavros/cmd/arming
1788059886.926326274 INFO /target_tracking_controller [target_tracking_controller.py:126(TargetTrackingController.__init__)] [topics: /mavros/setpoint_velocity/cmd_vel_unstamped, /target_tracking_controller/node_health, /mavros/setpoint_raw/local, /rosout, /mavros/local_position/odom, /mission_status, /tracked_targets, /detected_objects, /mavros/state] Target Tracking Controller started in SEARCHING mode
1788059887.305915355 INFO /yolo_detector [yolo_detector.py:102(YOLODetector._load_model)] [topics: /command_response, /rosout, /yolo_detector/node_health, /drone_control/command, /mission_status] Loading YOLO model from: /PX4-Autopilot/yolov8s.pt
1788059887.606174468 INFO /yolo_detector [yolo_detector.py:121(YOLODetector._load_model)] [topics: /command_response, /rosout, /yolo_detector/node_health, /drone_control/command, /mission_status] YOLO model loaded successfully!
1788059887.611471652 INFO /yolo_detector [yolo_detector.py:96(YOLODetector.__init__)] [topics: /detected_objects, /command_response, /rosout, /yolo_detector/node_health, /drone_control/command, /mission_status, /camera/color/image_raw] YOLO Detector initialized in production mode
1788059887.613285541 INFO /yolo_detector [yolo_detector.py:97(YOLODetector.__init__)] [topics: /detected_objects, /command_response, /rosout, /yolo_detector/node_health, /drone_control/command, /mission_status, /camera/color/image_raw] Vehicle classes: [2, 3, 5, 6, 7]
1788059893.008510351 INFO /performance_monitor [performance_monitor.py:100(PerformanceMonitor.__init__)] [topics: /performance/benchmark_results, /performance/metrics, /diagnostic_status, /performance/benchmark, /performance/command, /performance/alert, /rosout] Performance Monitor initialized
1788059895.016877174 INFO /performance_monitor [performance_monitor.py:113(PerformanceMonitor.start_monitoring)] [topics: /performance/benchmark_results, /performance/metrics, /diagnostic_status, /performance/benchmark, /performance/command, /performance/alert, /rosout] Performance monitoring started
1788059897.016496181 INFO /performance_monitor [performance_monitor.py:113(PerformanceMonitor.start_monitoring)] [topics: /performance/benchmark_results, /performance/metrics, /diagnostic_status, /performance/benchmark, /performance/command, /performance/alert, /rosout] Performance monitoring started
1788059899.017294883 INFO /performance_monitor [performance_monitor.py:113(PerformanceMonitor.start_monitoring)] [topics: /performance/benchmark_results, /performance/metrics, /diagnostic_status, /performance/benchmark, /performance/command, /performance/alert, /rosout] Performance monitoring started
1788059900.022245407 INFO /performance_monitor [performance_monitor.py:368(PerformanceMonitor.benchmark_fps)] [topics: /performance/benchmark_results, /performance/metrics, /diagnostic_status, /performance/benchmark, /performance/command, /performance/alert, /rosout] Running FPS benchmark...
1788059901.011585235 INFO /performance_monitor [performance_monitor.py:113(PerformanceMonitor.start_monitoring)] [topics: /performance/benchmark_results, /performance/metrics, /diagnostic_status, /performance/benchmark, /performance/command, /performance/alert, /rosout] Performance monitoring started
1788059902.023229837 INFO /performance_monitor [performance_monitor.py:368(PerformanceMonitor.benchmark_fps)] [topics: /performance/benchmark_results, /performance/metrics, /diagnostic_status, /performance/benchmark, /performance/command, /performance/alert, /rosout] Running FPS benchmark...
1788059903.018202543 INFO /performance_monitor [performance_monitor.py:113(PerformanceMonitor.start_monitoring)] [topics: /performance/benchmark_results, /performance/metrics, /diagnostic_status, /performance/benchmark, /performance/command, /performance/alert, /rosout] Performance monitoring started
1788059904.024278640 INFO /performance_monitor [performance_monitor.py:368(PerformanceMonitor.benchmark_fps)] [topics: /performance/benchmark_results, /performance/metrics, /diagnostic_status, /performance/benchmark, /performance/command, /performance/alert, /rosout] Running FPS benchmark...
1788059905.017809152 INFO /performance_monitor [performance_monitor.py:113(PerformanceMonitor.start_monitoring)] [topics: /performance/benchmark_results, /performance/metrics, /diagnostic_status, /performance/benchmark, /performance/command, /performance/alert, /rosout] Performance monitoring started
1788059905.026011705 INFO /performance_monitor [performance_monitor.py:401(PerformanceMonitor.benchmark_cpu)] [topics: /performance/benchmark_results, /performance/metrics, /diagnostic_status, /performance/benchmark, /performance/command, /performance/alert, /rosout] Running CPU benchmark...
1788059906.039478302 INFO /performance_monitor [performance_monitor.py:368(PerformanceMonitor.benchmark_fps)] [topics: /performance/benchmark_results, /performance/metrics, /diagnostic_status, /performance/benchmark, /performance/command, /performance/alert, /rosout] Running FPS benchmark...
1788059906.285931825 INFO /performance_monitor [performance_monitor.py:425(PerformanceMonitor.benchmark_memory)] [topics: /performance/benchmark_results, /performance/metrics, /diagnostic_status, /performance/benchmark, /performance/command, /performance/alert, /rosout] Running memory benchmark...
1788059907.023654937 INFO /performance_monitor [performance_monitor.py:461(PerformanceMonitor.benchmark_network)] [topics: /performance/benchmark_results, /performance/metrics, /diagnostic_status, /performance/benchmark, /performance/command, /performance/alert, /rosout] Running network benchmark...
1788059907.026296377 INFO /performance_monitor [performance_monitor.py:113(PerformanceMonitor.start_monitoring)] [topics: /performance/benchmark_results, /performance/metrics, /diagnostic_status, /performance/benchmark, /performance/command, /performance/alert, /rosout] Performance monitoring started
1788059907.027820348 INFO /performance_monitor [performance_monitor.py:401(PerformanceMonitor.benchmark_cpu)] [topics: /performance/benchmark_results, /performance/metrics, /diagnostic_status, /performance/benchmark, /performance/command, /performance/alert, /rosout] Running CPU benchmark...
1788059908.041865825 INFO /performance_monitor [performance_monitor.py:368(PerformanceMonitor.benchmark_fps)] [topics: /performance/benchmark_results, /performance/metrics, /diagnostic_status, /performance/benchmark, /performance/command, /performance/alert, /rosout] Running FPS benchmark...
1788059908.281807422 INFO /performance_monitor [performance_monitor.py:425(PerformanceMonitor.benchmark_memory)] [topics: /performance/benchmark_results, /performance/metrics, /diagnostic_status, /performance/benchmark, /performance/command, /performance/alert, /rosout] Running memory benchmark...
1788059908.996168136 INFO /performance_monitor [performance_monitor.py:461(PerformanceMonitor.benchmark_network)] [topics: /performance/benchmark_results, /performance/metrics, /diagnostic_status, /performance/benchmark, /performance/command, /performance/alert, /rosout] Running network benchmark...
1788059909.009650945 INFO /performance_monitor [performance_monitor.py:113(PerformanceMonitor.start_monitoring)] [topics: /performance/benchmark_results, /performance/metrics, /diagnostic_status, /performance/benchmark, /performance/command, /performance/alert, /rosout] Performance monitoring started
1788059909.026776075 INFO /performance_monitor [performance_monitor.py:401(PerformanceMonitor.benchmark_cpu)] [topics: /performance/benchmark_results, /performance/metrics, /diagnostic_status, /performance/benchmark, /performance/command, /performance/alert, /rosout] Running CPU benchmark...
1788059909.640291213 INFO /performance_monitor [performance_monitor.py:507(PerformanceMonitor.benchmark_application)] [topics: /performance/benchmark_results, /performance/metrics, /diagnostic_status, /performance/benchmark, /performance/command, /performance/alert, /rosout] Running application benchmark...
1788059909.828911304 INFO /performance_monitor [performance_monitor.py:360(PerformanceMonitor.run_benchmark)] [topics: /performance/benchmark_results, /performance/metrics, /diagnostic_status, /performance/benchmark, /performance/command, /performance/alert, /rosout] Benchmark completed with overall score: 0.62
1788059909.843227624 INFO /performance_monitor [performance_monitor.py:368(PerformanceMonitor.benchmark_fps)] [topics: /performance/benchmark_results, /performance/metrics, /diagnostic_status, /performance/benchmark, /performance/command, /performance/alert, /rosout] Running FPS benchmark...
1788059910.041298866 INFO /performance_monitor [performance_monitor.py:368(PerformanceMonitor.benchmark_fps)] [topics: /performance/benchmark_results, /performance/metrics, /diagnostic_status, /performance/benchmark, /performance/command, /performance/alert, /rosout] Running FPS benchmark...
1788059910.387567758 INFO /performance_monitor [performance_monitor.py:425(PerformanceMonitor.benchmark_memory)] [topics: /performance/benchmark_results, /performance/metrics, /diagnostic_status, /performance/benchmark, /performance/command, /performance/alert, /rosout] Running memory benchmark...
1788059911.060975313 INFO /performance_monitor [performance_monitor.py:401(PerformanceMonitor.benchmark_cpu)] [topics: /performance/benchmark_results, /performance/metrics, /diagnostic_status, /performance/benchmark, /performance/command, /performance/alert, /rosout] Running CPU benchmark...
1788059911.122474908 INFO /performance_monitor [performance_monitor.py:113(PerformanceMonitor.start_monitoring)] [topics: /performance/benchmark_results, /performance/metrics, /diagnostic_status, /performance/benchmark, /performance/command, /performance/alert, /rosout] Performance monitoring started
1788059911.160158395 INFO /performance_monitor [performance_monitor.py:461(PerformanceMonitor.benchmark_network)] [topics: /performance/benchmark_results, /performance/metrics, /diagnostic_status, /performance/benchmark, /performance/command, /performance/alert, /rosout] Running network benchmark...
1788059911.673664093 INFO /performance_monitor [performance_monitor.py:507(PerformanceMonitor.benchmark_application)] [topics: /performance/benchmark_results, /performance/metrics, /diagnostic_status, /performance/benchmark, /performance/command, /performance/alert, /rosout] Running application benchmark...
1788059911.854811906 INFO /performance_monitor [performance_monitor.py:360(PerformanceMonitor.run_benchmark)] [topics: /performance/benchmark_results, /performance/metrics, /diagnostic_status, /performance/benchmark, /performance/command, /performance/alert, /rosout] Benchmark completed with overall score: 0.62
1788059911.862259149 INFO /performance_monitor [performance_monitor.py:368(PerformanceMonitor.benchmark_fps)] [topics: /performance/benchmark_results, /performance/metrics, /diagnostic_status, /performance/benchmark, /performance/command, /performance/alert, /rosout] Running FPS benchmark...
1788059912.046044588 INFO /performance_monitor [performance_monitor.py:368(PerformanceMonitor.benchmark_fps)] [topics: /performance/benchmark_results, /performance/metrics, /diagnostic_status, /performance/benchmark, /performance/command, /performance/alert, /rosout] Running FPS benchmark...
1788059912.506392478 INFO /performance_monitor [performance_monitor.py:425(PerformanceMonitor.benchmark_memory)] [topics: /performance/benchmark_results, /performance/metrics, /diagnostic_status, /performance/benchmark, /performance/command, /performance/alert, /rosout] Running memory benchmark...
1788059913.046455621 INFO /performance_monitor [performance_monitor.py:113(PerformanceMonitor.start_monitoring)] [topics: /performance/benchmark_results, /performance/metrics, /diagnostic_status, /performance/benchmark, /performance/command, /performance/alert, /rosout] Performance monitoring started
1788059913.062858343 INFO /performance_monitor [performance_monitor.py:401(PerformanceMonitor.benchmark_cpu)] [topics: /performance/benchmark_results, /performance/metrics, /diagnostic_status, /performance/benchmark, /performance/command, /performance/alert, /rosout] Running CPU benchmark...
1788059913.467310190 INFO /performance_monitor [performance_monitor.py:461(PerformanceMonitor.benchmark_network)] [topics: /performance/benchmark_results, /performance/metrics, /diagnostic_status, /performance/benchmark, /performance/command, /performance/alert, /rosout] Running network benchmark...
1788059913.751671314 INFO /performance_monitor [performance_monitor.py:507(PerformanceMonitor.benchmark_application)] [topics: /performance/benchmark_results, /performance/metrics, /diagnostic_status, /performance/benchmark, /performance/command, /performance/alert, /rosout] Running application benchmark...
1788059914.027394294 INFO /performance_monitor [performance_monitor.py:360(PerformanceMonitor.run_benchmark)] [topics: /performance/benchmark_results, /performance/metrics, /diagnostic_status, /performance/benchmark, /performance/command, /performance/alert, /rosout] Benchmark completed with overall score: 0.62
1788059914.046867370 INFO /performance_monitor [performance_monitor.py:368(PerformanceMonitor.benchmark_fps)] [topics: /performance/benchmark_results, /performance/metrics, /diagnostic_status, /performance/benchmark, /performance/command, /performance/alert, /rosout] Running FPS benchmark...
1788059914.076501846 INFO /performance_monitor [performance_monitor.py:368(PerformanceMonitor.benchmark_fps)] [topics: /performance/benchmark_results, /performance/metrics, /diagnostic_status, /performance/benchmark, /performance/command, /performance/alert, /rosout] Running FPS benchmark...
1788059914.724488973 INFO /performance_monitor [performance_monitor.py:425(PerformanceMonitor.benchmark_memory)] [topics: /performance/benchmark_results, /performance/metrics, /diagnostic_status, /performance/benchmark, /performance/command, /performance/alert, /rosout] Running memory benchmark...
1788059914.872032403 INFO /performance_monitor [performance_monitor.py:401(PerformanceMonitor.benchmark_cpu)] [topics: /performance/benchmark_results, /performance/metrics, /diagnostic_status, /performance/benchmark, /performance/command, /performance/alert, /rosout] Running CPU benchmark...
1788059915.075465917 INFO /performance_monitor [performance_monitor.py:113(PerformanceMonitor.start_monitoring)] [topics: /performance/benchmark_results, /performance/metrics, /diagnostic_status, /performance/benchmark, /performance/command, /performance/alert, /rosout] Performance monitoring started
1788059915.148488759 INFO /performance_monitor [performance_monitor.py:401(PerformanceMonitor.benchmark_cpu)] [topics: /performance/benchmark_results, /performance/metrics, /diagnostic_status, /performance/benchmark, /performance/command, /performance/alert, /rosout] Running CPU benchmark...
1788059916.070427417 INFO /performance_monitor [performance_monitor.py:368(PerformanceMonitor.benchmark_fps)] [topics: /performance/benchmark_results, /performance/metrics, /diagnostic_status, /performance/benchmark, /performance/command, /performance/alert, /rosout] Running FPS benchmark...
1788059916.225081920 INFO /performance_monitor [performance_monitor.py:461(PerformanceMonitor.benchmark_network)] [topics: /performance/benchmark_results, /performance/metrics, /diagnostic_status, /performance/benchmark, /performance/command, /performance/alert, /rosout] Running network benchmark...
1788059916.879896163 INFO /performance_monitor [performance_monitor.py:507(PerformanceMonitor.benchmark_application)] [topics: /performance/benchmark_results, /performance/metrics, /diagnostic_status, /performance/benchmark, /performance/command, /performance/alert, /rosout] Running application benchmark...
1788059916.901032209 INFO /performance_monitor [performance_monitor.py:401(PerformanceMonitor.benchmark_cpu)] [topics: /performance/benchmark_results, /performance/metrics, /diagnostic_status, /performance/benchmark, /performance/command, /performance/alert, /rosout] Running CPU benchmark...
1788059917.084211111 INFO /performance_monitor [performance_monitor.py:401(PerformanceMonitor.benchmark_cpu)] [topics: /performance/benchmark_results, /performance/metrics, /diagnostic_status, /performance/benchmark, /performance/command, /performance/alert, /rosout] Running CPU benchmark...
1788059917.314534664 INFO /performance_monitor [performance_monitor.py:113(PerformanceMonitor.start_monitoring)] [topics: /performance/benchmark_results, /performance/metrics, /diagnostic_status, /performance/benchmark, /performance/command, /performance/alert, /rosout] Performance monitoring started
1788059918.110501527 INFO /performance_monitor [performance_monitor.py:368(PerformanceMonitor.benchmark_fps)] [topics: /performance/benchmark_results, /performance/metrics, /diagnostic_status, /performance/benchmark, /performance/command, /performance/alert, /rosout] Running FPS benchmark...
1788059918.784220218 INFO /performance_monitor [performance_monitor.py:360(PerformanceMonitor.run_benchmark)] [topics: /performance/benchmark_results, /performance/metrics, /diagnostic_status, /performance/benchmark, /performance/command, /performance/alert, /rosout] Benchmark completed with overall score: 0.52
1788059918.814562559 INFO /performance_monitor [performance_monitor.py:368(PerformanceMonitor.benchmark_fps)] [topics: /performance/benchmark_results, /performance/metrics, /diagnostic_status, /performance/benchmark, /performance/command, /performance/alert, /rosout] Running FPS benchmark...
1788059918.997813463 INFO /performance_monitor [performance_monitor.py:425(PerformanceMonitor.benchmark_memory)] [topics: /performance/benchmark_results, /performance/metrics, /diagnostic_status, /performance/benchmark, /performance/command, /performance/alert, /rosout] Running memory benchmark...
1788059919.224154472 INFO /performance_monitor [performance_monitor.py:401(PerformanceMonitor.benchmark_cpu)] [topics: /performance/benchmark_results, /performance/metrics, /diagnostic_status, /performance/benchmark, /performance/command, /performance/alert, /rosout] Running CPU benchmark...
1788059919.279096364 INFO /performance_monitor [performance_monitor.py:401(PerformanceMonitor.benchmark_cpu)] [topics: /performance/benchmark_results, /performance/metrics, /diagnostic_status, /performance/benchmark, /performance/command, /performance/alert, /rosout] Running CPU benchmark...
1788059919.356498479 INFO /performance_monitor [performance_monitor.py:113(PerformanceMonitor.start_monitoring)] [topics: /performance/benchmark_results, /performance/metrics, /diagnostic_status, /performance/benchmark, /performance/command, /performance/alert, /rosout] Performance monitoring started
1788059919.541815519 INFO /performance_monitor [performance_monitor.py:425(PerformanceMonitor.benchmark_memory)] [topics: /performance/benchmark_results, /performance/metrics, /diagnostic_status, /performance/benchmark, /performance/command, /performance/alert, /rosout] Running memory benchmark...
1788059920.158446788 INFO /performance_monitor [performance_monitor.py:368(PerformanceMonitor.benchmark_fps)] [topics: /performance/benchmark_results, /performance/metrics, /diagnostic_status, /performance/benchmark, /performance/command, /performance/alert, /rosout] Running FPS benchmark...
1788059921.089391708 INFO /performance_monitor [performance_monitor.py:401(PerformanceMonitor.benchmark_cpu)] [topics: /performance/benchmark_results, /performance/metrics, /diagnostic_status, /performance/benchmark, /performance/command, /performance/alert, /rosout] Running CPU benchmark...
1788059921.440917253 INFO /performance_monitor [performance_monitor.py:113(PerformanceMonitor.start_monitoring)] [topics: /performance/benchmark_results, /performance/metrics, /diagnostic_status, /performance/benchmark, /performance/command, /performance/alert, /rosout] Performance monitoring started
1788059922.071135759 INFO /performance_monitor [performance_monitor.py:461(PerformanceMonitor.benchmark_network)] [topics: /performance/benchmark_results, /performance/metrics, /diagnostic_status, /performance/benchmark, /performance/command, /performance/alert, /rosout] Running network benchmark...
1788059922.164271116 INFO /performance_monitor [performance_monitor.py:368(PerformanceMonitor.benchmark_fps)] [topics: /performance/benchmark_results, /performance/metrics, /diagnostic_status, /performance/benchmark, /performance/command, /performance/alert, /rosout] Running FPS benchmark...
1788059923.053121089 INFO /performance_monitor [performance_monitor.py:461(PerformanceMonitor.benchmark_network)] [topics: /performance/benchmark_results, /performance/metrics, /diagnostic_status, /performance/benchmark, /performance/command, /performance/alert, /rosout] Running network benchmark...
1788059923.178885936 INFO /performance_monitor [performance_monitor.py:401(PerformanceMonitor.benchmark_cpu)] [topics: /performance/benchmark_results, /performance/metrics, /diagnostic_status, /performance/benchmark, /performance/command, /performance/alert, /rosout] Running CPU benchmark...
1788059923.390989780 INFO /performance_monitor [performance_monitor.py:425(PerformanceMonitor.benchmark_memory)] [topics: /performance/benchmark_results, /performance/metrics, /diagnostic_status, /performance/benchmark, /performance/command, /performance/alert, /rosout] Running memory benchmark...
1788059923.448252201 INFO /performance_monitor [performance_monitor.py:113(PerformanceMonitor.start_monitoring)] [topics: /performance/benchmark_results, /performance/metrics, /diagnostic_status, /performance/benchmark, /performance/command, /performance/alert, /rosout] Performance monitoring started
1788059924.015455722 INFO /performance_monitor [performance_monitor.py:401(PerformanceMonitor.benchmark_cpu)] [topics: /performance/benchmark_results, /performance/metrics, /diagnostic_status, /performance/benchmark, /performance/command, /performance/alert, /rosout] Running CPU benchmark...
1788059924.291065931 INFO /performance_monitor [performance_monitor.py:425(PerformanceMonitor.benchmark_memory)] [topics: /performance/benchmark_results, /performance/metrics, /diagnostic_status, /performance/benchmark, /performance/command, /performance/alert, /rosout] Running memory benchmark...
1788059924.470670938 INFO /performance_monitor [performance_monitor.py:368(PerformanceMonitor.benchmark_fps)] [topics: /performance/benchmark_results, /performance/metrics, /diagnostic_status, /performance/benchmark, /performance/command, /performance/alert, /rosout] Running FPS benchmark...
1788059925.089351177 INFO /performance_monitor [performance_monitor.py:507(PerformanceMonitor.benchmark_application)] [topics: /performance/benchmark_results, /performance/metrics, /diagnostic_status, /performance/benchmark, /performance/command, /performance/alert, /rosout] Running application benchmark...
1788059925.432691574 INFO /performance_monitor [performance_monitor.py:401(PerformanceMonitor.benchmark_cpu)] [topics: /performance/benchmark_results, /performance/metrics, /diagnostic_status, /performance/benchmark, /performance/command, /performance/alert, /rosout] Running CPU benchmark...
1788059925.666072607 INFO /performance_monitor [performance_monitor.py:113(PerformanceMonitor.start_monitoring)] [topics: /performance/benchmark_results, /performance/metrics, /diagnostic_status, /performance/benchmark, /performance/command, /performance/alert, /rosout] Performance monitoring started
1788059926.332470417 INFO /performance_monitor [performance_monitor.py:368(PerformanceMonitor.benchmark_fps)] [topics: /performance/benchmark_results, /performance/metrics, /diagnostic_status, /performance/benchmark, /performance/command, /performance/alert, /rosout] Running FPS benchmark...
1788059926.733139514 WARN /mission_manager [tcpros_base.py:356(TCPROSServer._tcp_server_callback)] [topics: /mission_manager/node_health, /rosout, /safety_status, /drone_control/command, /tracked_targets, /mission_status] Could not process inbound connection: topic types do not match: [std_msgs/String] vs. [drone_control/MissionStatus]{'callerid': '/trajectory_planner', 'md5sum': '992ce8a1687cec8c8bd883ec73ca41d1', 'message_definition': 'string data\n', 'tcp_nodelay': '0', 'topic': '/mission_status', 'type': 'std_msgs/String'}
1788059926.740621805 INFO /trajectory_planner [trajectory_planner.py:90(TrajectoryPlanner.__init__)] [topics: /mission_status, /mavros/local_position/odom, /tracked_targets, /planned_trajectory, /path, /planner_status, /waypoints, /rosout] Trajectory Planner initialized
1788059927.335130214 INFO /performance_monitor [performance_monitor.py:401(PerformanceMonitor.benchmark_cpu)] [topics: /performance/benchmark_results, /performance/metrics, /diagnostic_status, /performance/benchmark, /performance/command, /performance/alert, /rosout] Running CPU benchmark...
1788059927.399076938 INFO /performance_monitor [performance_monitor.py:113(PerformanceMonitor.start_monitoring)] [topics: /performance/benchmark_results, /performance/metrics, /diagnostic_status, /performance/benchmark, /performance/command, /performance/alert, /rosout] Performance monitoring started
1788059928.079053878 INFO /performance_monitor [performance_monitor.py:368(PerformanceMonitor.benchmark_fps)] [topics: /performance/benchmark_results, /performance/metrics, /diagnostic_status, /performance/benchmark, /performance/command, /performance/alert, /rosout] Running FPS benchmark...
1788059928.331783771 INFO /performance_monitor [performance_monitor.py:461(PerformanceMonitor.benchmark_network)] [topics: /performance/benchmark_results, /performance/metrics, /diagnostic_status, /performance/benchmark, /performance/command, /performance/alert, /rosout] Running network benchmark...
1788059929.466636180 INFO /performance_monitor [performance_monitor.py:425(PerformanceMonitor.benchmark_memory)] [topics: /performance/benchmark_results, /performance/metrics, /diagnostic_status, /performance/benchmark, /performance/command, /performance/alert, /rosout] Running memory benchmark...
1788059929.602823972 INFO /performance_monitor [performance_monitor.py:113(PerformanceMonitor.start_monitoring)] [topics: /performance/benchmark_results, /performance/metrics, /diagnostic_status, /performance/benchmark, /performance/command, /performance/alert, /rosout] Performance monitoring started
1788059929.893527984 INFO /performance_monitor [performance_monitor.py:461(PerformanceMonitor.benchmark_network)] [topics: /performance/benchmark_results, /performance/metrics, /diagnostic_status, /performance/benchmark, /performance/command, /performance/alert, /rosout] Running network benchmark...
1788059930.459568023 INFO /performance_monitor [performance_monitor.py:401(PerformanceMonitor.benchmark_cpu)] [topics: /performance/benchmark_results, /performance/metrics, /diagnostic_status, /performance/benchmark, /performance/command, /performance/alert, /rosout] Running CPU benchmark...
1788059930.745988130 INFO /performance_monitor [performance_monitor.py:360(PerformanceMonitor.run_benchmark)] [topics: /performance/benchmark_results, /performance/metrics, /diagnostic_status, /performance/benchmark, /performance/command, /performance/alert, /rosout] Benchmark completed with overall score: 0.46
1788059930.781079292 INFO /performance_monitor [performance_monitor.py:368(PerformanceMonitor.benchmark_fps)] [topics: /performance/benchmark_results, /performance/metrics, /diagnostic_status, /performance/benchmark, /performance/command, /performance/alert, /rosout] Running FPS benchmark...
1788059930.818332195 INFO /performance_monitor [performance_monitor.py:425(PerformanceMonitor.benchmark_memory)] [topics: /performance/benchmark_results, /performance/metrics, /diagnostic_status, /performance/benchmark, /performance/command, /performance/alert, /rosout] Running memory benchmark...
1788059931.239497661 INFO /performance_monitor [performance_monitor.py:368(PerformanceMonitor.benchmark_fps)] [topics: /performance/benchmark_results, /performance/metrics, /diagnostic_status, /performance/benchmark, /performance/command, /performance/alert, /rosout] Running FPS benchmark...
1788059931.342287302 INFO /performance_monitor [performance_monitor.py:425(PerformanceMonitor.benchmark_memory)] [topics: /performance/benchmark_results, /performance/metrics, /diagnostic_status, /performance/benchmark, /performance/command, /performance/alert, /rosout] Running memory benchmark...
1788059931.525627374 INFO /performance_monitor [performance_monitor.py:113(PerformanceMonitor.start_monitoring)] [topics: /performance/benchmark_results, /performance/metrics, /diagnostic_status, /performance/benchmark, /performance/command, /performance/alert, /rosout] Performance monitoring started
1788059931.725988149 INFO /performance_monitor [performance_monitor.py:401(PerformanceMonitor.benchmark_cpu)] [topics: /performance/benchmark_results, /performance/metrics, /diagnostic_status, /performance/benchmark, /performance/command, /performance/alert, /rosout] Running CPU benchmark...
1788059932.388334989 INFO /performance_monitor [performance_monitor.py:368(PerformanceMonitor.benchmark_fps)] [topics: /performance/benchmark_results, /performance/metrics, /diagnostic_status, /performance/benchmark, /performance/command, /performance/alert, /rosout] Running FPS benchmark...
1788059933.416874170 INFO /performance_monitor [performance_monitor.py:401(PerformanceMonitor.benchmark_cpu)] [topics: /performance/benchmark_results, /performance/metrics, /diagnostic_status, /performance/benchmark, /performance/command, /performance/alert, /rosout] Running CPU benchmark...
1788059933.621555566 INFO /performance_monitor [performance_monitor.py:113(PerformanceMonitor.start_monitoring)] [topics: /performance/benchmark_results, /performance/metrics, /diagnostic_status, /performance/benchmark, /performance/command, /performance/alert, /rosout] Performance monitoring started
1788059933.841348648 INFO /performance_monitor [performance_monitor.py:461(PerformanceMonitor.benchmark_network)] [topics: /performance/benchmark_results, /performance/metrics, /diagnostic_status, /performance/benchmark, /performance/command, /performance/alert, /rosout] Running network benchmark...
1788059934.027240753 INFO /performance_monitor [performance_monitor.py:425(PerformanceMonitor.benchmark_memory)] [topics: /performance/benchmark_results, /performance/metrics, /diagnostic_status, /performance/benchmark, /performance/command, /performance/alert, /rosout] Running memory benchmark...
1788059934.233141660 INFO /performance_monitor [performance_monitor.py:368(PerformanceMonitor.benchmark_fps)] [topics: /performance/benchmark_results, /performance/metrics, /diagnostic_status, /performance/benchmark, /performance/command, /performance/alert, /rosout] Running FPS benchmark...
1788059935.754573822 INFO /performance_monitor [performance_monitor.py:113(PerformanceMonitor.start_monitoring)] [topics: /performance/benchmark_results, /performance/metrics, /diagnostic_status, /performance/benchmark, /performance/command, /performance/alert, /rosout] Performance monitoring started
1788059936.004388809 INFO /performance_monitor [performance_monitor.py:401(PerformanceMonitor.benchmark_cpu)] [topics: /performance/benchmark_results, /performance/metrics, /diagnostic_status, /performance/benchmark, /performance/command, /performance/alert, /rosout] Running CPU benchmark...
1788059936.312723636 INFO /performance_monitor [performance_monitor.py:425(PerformanceMonitor.benchmark_memory)] [topics: /performance/benchmark_results, /performance/metrics, /diagnostic_status, /performance/benchmark, /performance/command, /performance/alert, /rosout] Running memory benchmark...
1788059936.400212526 INFO /performance_monitor [performance_monitor.py:425(PerformanceMonitor.benchmark_memory)] [topics: /performance/benchmark_results, /performance/metrics, /diagnostic_status, /performance/benchmark, /performance/command, /performance/alert, /rosout] Running memory benchmark...
1788059936.683961629 INFO /performance_monitor [performance_monitor.py:368(PerformanceMonitor.benchmark_fps)] [topics: /performance/benchmark_results, /performance/metrics, /diagnostic_status, /performance/benchmark, /performance/command, /performance/alert, /rosout] Running FPS benchmark...
1788059937.008693218 INFO /performance_monitor [performance_monitor.py:461(PerformanceMonitor.benchmark_network)] [topics: /performance/benchmark_results, /performance/metrics, /diagnostic_status, /performance/benchmark, /performance/command, /performance/alert, /rosout] Running network benchmark...
1788059937.281243085 INFO /performance_monitor [performance_monitor.py:401(PerformanceMonitor.benchmark_cpu)] [topics: /performance/benchmark_results, /performance/metrics, /diagnostic_status, /performance/benchmark, /performance/command, /performance/alert, /rosout] Running CPU benchmark...
1788059937.467282056 INFO /performance_monitor [performance_monitor.py:113(PerformanceMonitor.start_monitoring)] [topics: /performance/benchmark_results, /performance/metrics, /diagnostic_status, /performance/benchmark, /performance/command, /performance/alert, /rosout] Performance monitoring started
1788059937.888396978 INFO /performance_monitor [performance_monitor.py:401(PerformanceMonitor.benchmark_cpu)] [topics: /performance/benchmark_results, /performance/metrics, /diagnostic_status, /performance/benchmark, /performance/command, /performance/alert, /rosout] Running CPU benchmark...
1788059938.270264148 INFO /performance_monitor [performance_monitor.py:461(PerformanceMonitor.benchmark_network)] [topics: /performance/benchmark_results, /performance/metrics, /diagnostic_status, /performance/benchmark, /performance/command, /performance/alert, /rosout] Running network benchmark...
1788059938.437885046 INFO /performance_monitor [performance_monitor.py:368(PerformanceMonitor.benchmark_fps)] [topics: /performance/benchmark_results, /performance/metrics, /diagnostic_status, /performance/benchmark, /performance/command, /performance/alert, /rosout] Running FPS benchmark...
1788059939.194737434 INFO /performance_monitor [performance_monitor.py:507(PerformanceMonitor.benchmark_application)] [topics: /performance/benchmark_results, /performance/metrics, /diagnostic_status, /performance/benchmark, /performance/command, /performance/alert, /rosout] Running application benchmark...
1788059939.402584314 INFO /performance_monitor [performance_monitor.py:113(PerformanceMonitor.start_monitoring)] [topics: /performance/benchmark_results, /performance/metrics, /diagnostic_status, /performance/benchmark, /performance/command, /performance/alert, /rosout] Performance monitoring started
1788059939.415220975 INFO /performance_monitor [performance_monitor.py:401(PerformanceMonitor.benchmark_cpu)] [topics: /performance/benchmark_results, /performance/metrics, /diagnostic_status, /performance/benchmark, /performance/command, /performance/alert, /rosout] Running CPU benchmark...
1788059939.454815626 INFO /performance_monitor [performance_monitor.py:461(PerformanceMonitor.benchmark_network)] [topics: /performance/benchmark_results, /performance/metrics, /diagnostic_status, /performance/benchmark, /performance/command, /performance/alert, /rosout] Running network benchmark...
1788059940.205020189 INFO /performance_monitor [performance_monitor.py:507(PerformanceMonitor.benchmark_application)] [topics: /performance/benchmark_results, /performance/metrics, /diagnostic_status, /performance/benchmark, /performance/command, /performance/alert, /rosout] Running application benchmark...
1788059940.449063062 INFO /performance_monitor [performance_monitor.py:461(PerformanceMonitor.benchmark_network)] [topics: /performance/benchmark_results, /performance/metrics, /diagnostic_status, /performance/benchmark, /performance/command, /performance/alert, /rosout] Running network benchmark...
1788059940.564516782 INFO /performance_monitor [performance_monitor.py:368(PerformanceMonitor.benchmark_fps)] [topics: /performance/benchmark_results, /performance/metrics, /diagnostic_status, /performance/benchmark, /performance/command, /performance/alert, /rosout] Running FPS benchmark...
1788059941.260217428 INFO /performance_monitor [performance_monitor.py:113(PerformanceMonitor.start_monitoring)] [topics: /performance/benchmark_results, /performance/metrics, /diagnostic_status, /performance/benchmark, /performance/command, /performance/alert, /rosout] Performance monitoring started
1788059941.731987953 INFO /performance_monitor [performance_monitor.py:401(PerformanceMonitor.benchmark_cpu)] [topics: /performance/benchmark_results, /performance/metrics, /diagnostic_status, /performance/benchmark, /performance/command, /performance/alert, /rosout] Running CPU benchmark...
1788059942.150044918 INFO /performance_monitor [performance_monitor.py:425(PerformanceMonitor.benchmark_memory)] [topics: /performance/benchmark_results, /performance/metrics, /diagnostic_status, /performance/benchmark, /performance/command, /performance/alert, /rosout] Running memory benchmark...
1788059942.309632539 INFO /performance_monitor [performance_monitor.py:368(PerformanceMonitor.benchmark_fps)] [topics: /performance/benchmark_results, /performance/metrics, /diagnostic_status, /performance/benchmark, /performance/command, /performance/alert, /rosout] Running FPS benchmark...
1788059942.327204704 INFO /performance_monitor [performance_monitor.py:461(PerformanceMonitor.benchmark_network)] [topics: /performance/benchmark_results, /performance/metrics, /diagnostic_status, /performance/benchmark, /performance/command, /performance/alert, /rosout] Running network benchmark...
1788059943.153712272 INFO /performance_monitor [performance_monitor.py:425(PerformanceMonitor.benchmark_memory)] [topics: /performance/benchmark_results, /performance/metrics, /diagnostic_status, /performance/benchmark, /performance/command, /performance/alert, /rosout] Running memory benchmark...
1788059943.336019515 INFO /performance_monitor [performance_monitor.py:113(PerformanceMonitor.start_monitoring)] [topics: /performance/benchmark_results, /performance/metrics, /diagnostic_status, /performance/benchmark, /performance/command, /performance/alert, /rosout] Performance monitoring started
1788059943.782554388 INFO /performance_monitor [performance_monitor.py:401(PerformanceMonitor.benchmark_cpu)] [topics: /performance/benchmark_results, /performance/metrics, /diagnostic_status, /performance/benchmark, /performance/command, /performance/alert, /rosout] Running CPU benchmark...
1788059944.378004074 INFO /performance_monitor [performance_monitor.py:368(PerformanceMonitor.benchmark_fps)] [topics: /performance/benchmark_results, /performance/metrics, /diagnostic_status, /performance/benchmark, /performance/command, /performance/alert, /rosout] Running FPS benchmark...
1788059944.890539884 INFO /performance_monitor [performance_monitor.py:425(PerformanceMonitor.benchmark_memory)] [topics: /performance/benchmark_results, /performance/metrics, /diagnostic_status, /performance/benchmark, /performance/command, /performance/alert, /rosout] Running memory benchmark...
1788059945.157626628 INFO /performance_monitor [performance_monitor.py:113(PerformanceMonitor.start_monitoring)] [topics: /performance/benchmark_results, /performance/metrics, /diagnostic_status, /performance/benchmark, /performance/command, /performance/alert, /rosout] Performance monitoring started
1788059945.827861785 INFO /performance_monitor [performance_monitor.py:401(PerformanceMonitor.benchmark_cpu)] [topics: /performance/benchmark_results, /performance/metrics, /diagnostic_status, /performance/benchmark, /performance/command, /performance/alert, /rosout] Running CPU benchmark...
1788059946.123347282 INFO /performance_monitor [performance_monitor.py:425(PerformanceMonitor.benchmark_memory)] [topics: /performance/benchmark_results, /performance/metrics, /diagnostic_status, /performance/benchmark, /performance/command, /performance/alert, /rosout] Running memory benchmark...
1788059946.234794139 INFO /performance_monitor [performance_monitor.py:368(PerformanceMonitor.benchmark_fps)] [topics: /performance/benchmark_results, /performance/metrics, /diagnostic_status, /performance/benchmark, /performance/command, /performance/alert, /rosout] Running FPS benchmark...
1788059947.093949794 INFO /performance_monitor [performance_monitor.py:507(PerformanceMonitor.benchmark_application)] [topics: /performance/benchmark_results, /performance/metrics, /diagnostic_status, /performance/benchmark, /performance/command, /performance/alert, /rosout] Running application benchmark...
1788059947.309497117 INFO /performance_monitor [performance_monitor.py:113(PerformanceMonitor.start_monitoring)] [topics: /performance/benchmark_results, /performance/metrics, /diagnostic_status, /performance/benchmark, /performance/command, /performance/alert, /rosout] Performance monitoring started
1788059947.788242340 INFO /performance_monitor [performance_monitor.py:401(PerformanceMonitor.benchmark_cpu)] [topics: /performance/benchmark_results, /performance/metrics, /diagnostic_status, /performance/benchmark, /performance/command, /performance/alert, /rosout] Running CPU benchmark...
1788059948.020805835 INFO /performance_monitor [performance_monitor.py:461(PerformanceMonitor.benchmark_network)] [topics: /performance/benchmark_results, /performance/metrics, /diagnostic_status, /performance/benchmark, /performance/command, /performance/alert, /rosout] Running network benchmark...
1788059948.843012094 INFO /performance_monitor [performance_monitor.py:368(PerformanceMonitor.benchmark_fps)] [topics: /performance/benchmark_results, /performance/metrics, /diagnostic_status, /performance/benchmark, /performance/command, /performance/alert, /rosout] Running FPS benchmark...
1788059949.286921262 INFO /performance_monitor [performance_monitor.py:507(PerformanceMonitor.benchmark_application)] [topics: /performance/benchmark_results, /performance/metrics, /diagnostic_status, /performance/benchmark, /performance/command, /performance/alert, /rosout] Running application benchmark...
1788059949.548264265 INFO /performance_monitor [performance_monitor.py:113(PerformanceMonitor.start_monitoring)] [topics: /performance/benchmark_results, /performance/metrics, /diagnostic_status, /performance/benchmark, /performance/command, /performance/alert, /rosout] Performance monitoring started
1788059949.924676418 INFO /performance_monitor [performance_monitor.py:401(PerformanceMonitor.benchmark_cpu)] [topics: /performance/benchmark_results, /performance/metrics, /diagnostic_status, /performance/benchmark, /performance/command, /performance/alert, /rosout] Running CPU benchmark...
1788059950.460283994 INFO /performance_monitor [performance_monitor.py:368(PerformanceMonitor.benchmark_fps)] [topics: /performance/benchmark_results, /performance/metrics, /diagnostic_status, /performance/benchmark, /performance/command, /performance/alert, /rosout] Running FPS benchmark...
1788059951.419639825 INFO /performance_monitor [performance_monitor.py:401(PerformanceMonitor.benchmark_cpu)] [topics: /performance/benchmark_results, /performance/metrics, /diagnostic_status, /performance/benchmark, /performance/command, /performance/alert, /rosout] Running CPU benchmark...
1788059952.214098691 INFO /performance_monitor [performance_monitor.py:461(PerformanceMonitor.benchmark_network)] [topics: /performance/benchmark_results, /performance/metrics, /diagnostic_status, /performance/benchmark, /performance/command, /performance/alert, /rosout] Running network benchmark...
1788059952.324561595 INFO /performance_monitor [performance_monitor.py:113(PerformanceMonitor.start_monitoring)] [topics: /performance/benchmark_results, /performance/metrics, /diagnostic_status, /performance/benchmark, /performance/command, /performance/alert, /rosout] Performance monitoring started
1788059952.632996082 INFO /performance_monitor [performance_monitor.py:425(PerformanceMonitor.benchmark_memory)] [topics: /performance/benchmark_results, /performance/metrics, /diagnostic_status, /performance/benchmark, /performance/command, /performance/alert, /rosout] Running memory benchmark...
1788059952.784636259 INFO /performance_monitor [performance_monitor.py:368(PerformanceMonitor.benchmark_fps)] [topics: /performance/benchmark_results, /performance/metrics, /diagnostic_status, /performance/benchmark, /performance/command, /performance/alert, /rosout] Running FPS benchmark...
1788059952.865872859 INFO /performance_monitor [performance_monitor.py:461(PerformanceMonitor.benchmark_network)] [topics: /performance/benchmark_results, /performance/metrics, /diagnostic_status, /performance/benchmark, /performance/command, /performance/alert, /rosout] Running network benchmark...
1788059952.950771093 INFO /performance_monitor [performance_monitor.py:425(PerformanceMonitor.benchmark_memory)] [topics: /performance/benchmark_results, /performance/metrics, /diagnostic_status, /performance/benchmark, /performance/command, /performance/alert, /rosout] Running memory benchmark...
