[rospy.client][INFO] 2026-08-30 03:18:02,495: init_node, name[/target_tracking_controller], pid[95]
[xmlrpc][INFO] 2026-08-30 03:18:02,501: XML-RPC server binding to 127.0.0.1:0
[xmlrpc][INFO] 2026-08-30 03:18:02,504: Started XML-RPC server [http://localhost:46321/]
[rospy.init][INFO] 2026-08-30 03:18:02,504: ROS Slave URI: [http://localhost:46321/]
[rospy.impl.masterslave][INFO] 2026-08-30 03:18:02,504: _ready: http://localhost:46321/
[rospy.registration][INFO] 2026-08-30 03:18:02,506: Registering with master node http://localhost:11311
[xmlrpc][INFO] 2026-08-30 03:18:02,506: xml rpc node: starting XML-RPC server
[rospy.init][INFO] 2026-08-30 03:18:02,607: registered with master
[rospy.rosout][INFO] 2026-08-30 03:18:02,608: initializing /rosout core topic
[rospy.rosout][INFO] 2026-08-30 03:18:02,628: connected to core topic /rosout
[rospy.simtime][INFO] 2026-08-30 03:18:02,630: /use_sim_time is not set, will not subscribe to simulated time [/clock] topic
[rospy.internal][INFO] 2026-08-30 03:18:02,657: topic[/mission_status] adding connection to [http://localhost:35417/], count 0
[rospy.internal][INFO] 2026-08-30 03:18:02,673: topic[/tracked_targets] adding connection to [/mission_manager], count 0
[rospy.internal][INFO] 2026-08-30 03:18:02,674: topic[/target_tracking_controller/node_health] adding connection to [/health_checker], count 0
[rospy.internal][INFO] 2026-08-30 03:18:02,859: topic[/rosout] adding connection to [/rosout], count 0
[rosout][WARNING] 2026-08-30 03:18:04,793: MAVROS set_mode service not available: timeout exceeded while waiting for service /mavros/set_mode
[rosout][WARNING] 2026-08-30 03:18:06,920: MAVROS arming service not available: timeout exceeded while waiting for service /mavros/cmd/arming
[rosout][INFO] 2026-08-30 03:18:06,924: Target Tracking Controller started in SEARCHING mode
[rospy.internal][INFO] 2026-08-30 03:18:07,657: topic[/detected_objects] adding connection to [http://localhost:44061/], count 0
[rospy.internal][INFO] 2026-08-30 03:18:46,725: topic[/tracked_targets] adding connection to [/trajectory_planner], count 1
[rospy.internal][INFO] 2026-08-30 03:19:13,344: topic[/tracked_targets] removing connection to /trajectory_planner
