[rosmaster.main][INFO] 2026-08-30 08:27:42,939: initialization complete, waiting for shutdown
[rosmaster.main][INFO] 2026-08-30 08:27:42,942: Starting ROS Master Node
[xmlrpc][INFO] 2026-08-30 08:27:42,947: XML-RPC server binding to 127.0.0.1:11311
[xmlrpc][INFO] 2026-08-30 08:27:42,950: Started XML-RPC server [http://localhost:11311/]
[rosmaster.master][INFO] 2026-08-30 08:27:42,952: Master initialized: port[11311], uri[http://localhost:11311/]
[xmlrpc][INFO] 2026-08-30 08:27:42,952: xml rpc node: starting XML-RPC server
[rosmaster.master][INFO] 2026-08-30 08:27:43,048: +PARAM [/run_id] by /roslaunch
[rosmaster.master][INFO] 2026-08-30 08:27:43,051: +PARAM [/roslaunch/uris/host_localhost__36069] by /roslaunch
[rosmaster.master][INFO] 2026-08-30 08:27:43,156: +PARAM [/rosversion] by /roslaunch
[rosmaster.master][INFO] 2026-08-30 08:27:43,156: +PARAM [/rosdistro] by /roslaunch
[rosmaster.master][INFO] 2026-08-30 08:27:43,156: +PARAM [/target_params/detection/model/path] by /roslaunch
[rosmaster.master][INFO] 2026-08-30 08:27:43,157: +PARAM [/target_params/detection/model/device] by /roslaunch
[rosmaster.master][INFO] 2026-08-30 08:27:43,157: +PARAM [/target_params/detection/model/input_size] by /roslaunch
[rosmaster.master][INFO] 2026-08-30 08:27:43,157: +PARAM [/target_params/detection/model/batch_size] by /roslaunch
[rosmaster.master][INFO] 2026-08-30 08:27:43,157: +PARAM [/target_params/detection/confidence_threshold] by /roslaunch
[rosmaster.master][INFO] 2026-08-30 08:27:43,158: +PARAM [/target_params/detection/nms_threshold] by /roslaunch
[rosmaster.master][INFO] 2026-08-30 08:27:43,158: +PARAM [/target_params/detection/max_detections] by /roslaunch
[rosmaster.master][INFO] 2026-08-30 08:27:43,158: +PARAM [/target_params/detection/vehicle_classes] by /roslaunch
[rosmaster.master][INFO] 2026-08-30 08:27:43,159: +PARAM [/target_params/detection/class_thresholds/class_1] by /roslaunch
[rosmaster.master][INFO] 2026-08-30 08:27:43,159: +PARAM [/target_params/detection/class_thresholds/class_2] by /roslaunch
[rosmaster.master][INFO] 2026-08-30 08:27:43,159: +PARAM [/target_params/detection/class_thresholds/class_3] by /roslaunch
[rosmaster.master][INFO] 2026-08-30 08:27:43,159: +PARAM [/target_params/detection/class_thresholds/class_5] by /roslaunch
[rosmaster.master][INFO] 2026-08-30 08:27:43,159: +PARAM [/target_params/detection/class_thresholds/class_6] by /roslaunch
[rosmaster.master][INFO] 2026-08-30 08:27:43,160: +PARAM [/target_params/detection/class_thresholds/class_7] by /roslaunch
[rosmaster.master][INFO] 2026-08-30 08:27:43,160: +PARAM [/target_params/detection/class_thresholds/class_8] by /roslaunch
[rosmaster.master][INFO] 2026-08-30 08:27:43,160: +PARAM [/target_params/detection/performance/max_fps] by /roslaunch
[rosmaster.master][INFO] 2026-08-30 08:27:43,161: +PARAM [/target_params/detection/performance/frame_skip] by /roslaunch
[rosmaster.master][INFO] 2026-08-30 08:27:43,161: +PARAM [/target_params/detection/performance/parallel_inference] by /roslaunch
[rosmaster.master][INFO] 2026-08-30 08:27:43,161: +PARAM [/target_params/detection/performance/gpu_memory_limit] by /roslaunch
[rosmaster.master][INFO] 2026-08-30 08:27:43,161: +PARAM [/target_params/tracking/engagement_distance] by /roslaunch
[rosmaster.master][INFO] 2026-08-30 08:27:43,161: +PARAM [/target_params/tracking/attack_distance] by /roslaunch
[rosmaster.master][INFO] 2026-08-30 08:27:43,162: +PARAM [/target_params/tracking/disengagement_distance] by /roslaunch
[rosmaster.master][INFO] 2026-08-30 08:27:43,162: +PARAM [/target_params/tracking/max_tracks] by /roslaunch
[rosmaster.master][INFO] 2026-08-30 08:27:43,162: +PARAM [/target_params/tracking/max_lost_frames] by /roslaunch
[rosmaster.master][INFO] 2026-08-30 08:27:43,162: +PARAM [/target_params/tracking/min_track_length] by /roslaunch
[rosmaster.master][INFO] 2026-08-30 08:27:43,163: +PARAM [/target_params/tracking/track_confidence_threshold] by /roslaunch
[rosmaster.master][INFO] 2026-08-30 08:27:43,163: +PARAM [/target_params/tracking/association/iou_threshold] by /roslaunch
[rosmaster.master][INFO] 2026-08-30 08:27:43,164: +PARAM [/target_params/tracking/association/distance_threshold] by /roslaunch
[rosmaster.master][INFO] 2026-08-30 08:27:43,164: +PARAM [/target_params/tracking/association/appearance_weight] by /roslaunch
[rosmaster.master][INFO] 2026-08-30 08:27:43,164: +PARAM [/target_params/tracking/association/motion_weight] by /roslaunch
[rosmaster.master][INFO] 2026-08-30 08:27:43,165: +PARAM [/target_params/tracking/kalman/dt] by /roslaunch
[rosmaster.master][INFO] 2026-08-30 08:27:43,165: +PARAM [/target_params/tracking/kalman/process_noise] by /roslaunch
[rosmaster.master][INFO] 2026-08-30 08:27:43,165: +PARAM [/target_params/tracking/kalman/measurement_noise] by /roslaunch
[rosmaster.master][INFO] 2026-08-30 08:27:43,165: +PARAM [/target_params/tracking/kalman/initial_velocity] by /roslaunch
[rosmaster.master][INFO] 2026-08-30 08:27:43,166: +PARAM [/target_params/tracking/kalman/state_dim] by /roslaunch
[rosmaster.master][INFO] 2026-08-30 08:27:43,166: +PARAM [/target_params/tracking/kalman/measurement_dim] by /roslaunch
[rosmaster.master][INFO] 2026-08-30 08:27:43,166: +PARAM [/target_params/behavior/speed_classes/stationary] by /roslaunch
[rosmaster.master][INFO] 2026-08-30 08:27:43,167: +PARAM [/target_params/behavior/speed_classes/slow] by /roslaunch
[rosmaster.master][INFO] 2026-08-30 08:27:43,167: +PARAM [/target_params/behavior/speed_classes/medium] by /roslaunch
[rosmaster.master][INFO] 2026-08-30 08:27:43,167: +PARAM [/target_params/behavior/speed_classes/fast] by /roslaunch
[rosmaster.master][INFO] 2026-08-30 08:27:43,167: +PARAM [/target_params/behavior/speed_classes/extreme] by /roslaunch
[rosmaster.master][INFO] 2026-08-30 08:27:43,167: +PARAM [/target_params/behavior/models/random_walk/noise_scale] by /roslaunch
[rosmaster.master][INFO] 2026-08-30 08:27:43,167: +PARAM [/target_params/behavior/models/random_walk/persistence] by /roslaunch
[rosmaster.master][INFO] 2026-08-30 08:27:43,167: +PARAM [/target_params/behavior/models/pursuit/max_acceleration] by /roslaunch
[rosmaster.master][INFO] 2026-08-30 08:27:43,168: +PARAM [/target_params/behavior/models/pursuit/max_turn_rate] by /roslaunch
[rosmaster.master][INFO] 2026-08-30 08:27:43,168: +PARAM [/target_params/behavior/models/evasion/max_acceleration] by /roslaunch
[rosmaster.master][INFO] 2026-08-30 08:27:43,168: +PARAM [/target_params/behavior/models/evasion/max_turn_rate] by /roslaunch
[rosmaster.master][INFO] 2026-08-30 08:27:43,168: +PARAM [/target_params/behavior/threat/distance_weights] by /roslaunch
[rosmaster.master][INFO] 2026-08-30 08:27:43,168: +PARAM [/target_params/behavior/threat/speed_thresholds/low] by /roslaunch
[rosmaster.master][INFO] 2026-08-30 08:27:43,168: +PARAM [/target_params/behavior/threat/speed_thresholds/medium] by /roslaunch
[rosmaster.master][INFO] 2026-08-30 08:27:43,168: +PARAM [/target_params/behavior/threat/speed_thresholds/high] by /roslaunch
[rosmaster.master][INFO] 2026-08-30 08:27:43,168: +PARAM [/target_params/behavior/threat/priority_boost] by /roslaunch
[rosmaster.master][INFO] 2026-08-30 08:27:43,169: +PARAM [/target_params/performance/update_rates/detection] by /roslaunch
[rosmaster.master][INFO] 2026-08-30 08:27:43,169: +PARAM [/target_params/performance/update_rates/tracking] by /roslaunch
[rosmaster.master][INFO] 2026-08-30 08:27:43,169: +PARAM [/target_params/performance/update_rates/control] by /roslaunch
[rosmaster.master][INFO] 2026-08-30 08:27:43,169: +PARAM [/target_params/performance/update_rates/state] by /roslaunch
[rosmaster.master][INFO] 2026-08-30 08:27:43,169: +PARAM [/target_params/performance/latency/max_detection] by /roslaunch
[rosmaster.master][INFO] 2026-08-30 08:27:43,169: +PARAM [/target_params/performance/latency/max_tracking] by /roslaunch
[rosmaster.master][INFO] 2026-08-30 08:27:43,170: +PARAM [/target_params/performance/latency/max_control] by /roslaunch
[rosmaster.master][INFO] 2026-08-30 08:27:43,170: +PARAM [/target_params/performance/resources/max_memory_mb] by /roslaunch
[rosmaster.master][INFO] 2026-08-30 08:27:43,170: +PARAM [/target_params/performance/resources/max_cpu_percent] by /roslaunch
[rosmaster.master][INFO] 2026-08-30 08:27:43,171: +PARAM [/target_params/performance/resources/max_gpu_memory_mb] by /roslaunch
[rosmaster.master][INFO] 2026-08-30 08:27:43,171: +PARAM [/target_params/camera/fx] by /roslaunch
[rosmaster.master][INFO] 2026-08-30 08:27:43,171: +PARAM [/target_params/camera/fy] by /roslaunch
[rosmaster.master][INFO] 2026-08-30 08:27:43,172: +PARAM [/target_params/camera/cx] by /roslaunch
[rosmaster.master][INFO] 2026-08-30 08:27:43,172: +PARAM [/target_params/camera/cy] by /roslaunch
[rosmaster.master][INFO] 2026-08-30 08:27:43,172: +PARAM [/target_params/camera/width] by /roslaunch
[rosmaster.master][INFO] 2026-08-30 08:27:43,172: +PARAM [/target_params/camera/height] by /roslaunch
[rosmaster.master][INFO] 2026-08-30 08:27:43,172: +PARAM [/target_params/camera/fov] by /roslaunch
[rosmaster.master][INFO] 2026-08-30 08:27:43,172: +PARAM [/camera_calib/camera/id] by /roslaunch
[rosmaster.master][INFO] 2026-08-30 08:27:43,173: +PARAM [/camera_calib/camera/model] by /roslaunch
[rosmaster.master][INFO] 2026-08-30 08:27:43,173: +PARAM [/camera_calib/camera/width] by /roslaunch
[rosmaster.master][INFO] 2026-08-30 08:27:43,173: +PARAM [/camera_calib/camera/height] by /roslaunch
[rosmaster.master][INFO] 2026-08-30 08:27:43,173: +PARAM [/camera_calib/camera/intrinsic/fx] by /roslaunch
[rosmaster.master][INFO] 2026-08-30 08:27:43,173: +PARAM [/camera_calib/camera/intrinsic/fy] by /roslaunch
[rosmaster.master][INFO] 2026-08-30 08:27:43,174: +PARAM [/camera_calib/camera/intrinsic/cx] by /roslaunch
[rosmaster.master][INFO] 2026-08-30 08:27:43,174: +PARAM [/camera_calib/camera/intrinsic/cy] by /roslaunch
[rosmaster.master][INFO] 2026-08-30 08:27:43,174: +PARAM [/camera_calib/camera/intrinsic/fov] by /roslaunch
[rosmaster.master][INFO] 2026-08-30 08:27:43,174: +PARAM [/camera_calib/camera/distortion/model] by /roslaunch
[rosmaster.master][INFO] 2026-08-30 08:27:43,174: +PARAM [/camera_calib/camera/distortion/coefficients/k1] by /roslaunch
[rosmaster.master][INFO] 2026-08-30 08:27:43,174: +PARAM [/camera_calib/camera/distortion/coefficients/k2] by /roslaunch
[rosmaster.master][INFO] 2026-08-30 08:27:43,175: +PARAM [/camera_calib/camera/distortion/coefficients/p1] by /roslaunch
[rosmaster.master][INFO] 2026-08-30 08:27:43,175: +PARAM [/camera_calib/camera/distortion/coefficients/p2] by /roslaunch
[rosmaster.master][INFO] 2026-08-30 08:27:43,175: +PARAM [/camera_calib/camera/distortion/coefficients/k3] by /roslaunch
[rosmaster.master][INFO] 2026-08-30 08:27:43,175: +PARAM [/camera_calib/camera/projection/P] by /roslaunch
[rosmaster.master][INFO] 2026-08-30 08:27:43,175: +PARAM [/camera_calib/camera/rectification/R] by /roslaunch
[rosmaster.master][INFO] 2026-08-30 08:27:43,175: +PARAM [/camera_calib/camera/extrinsic/translation] by /roslaunch
[rosmaster.master][INFO] 2026-08-30 08:27:43,176: +PARAM [/camera_calib/camera/extrinsic/rotation] by /roslaunch
[rosmaster.master][INFO] 2026-08-30 08:27:43,176: +PARAM [/camera_calib/camera/extrinsic/rotation_matrix] by /roslaunch
[rosmaster.master][INFO] 2026-08-30 08:27:43,176: +PARAM [/camera_calib/camera/calibration/date] by /roslaunch
[rosmaster.master][INFO] 2026-08-30 08:27:43,176: +PARAM [/camera_calib/camera/calibration/method] by /roslaunch
[rosmaster.master][INFO] 2026-08-30 08:27:43,176: +PARAM [/camera_calib/camera/calibration/reprojection_error] by /roslaunch
[rosmaster.master][INFO] 2026-08-30 08:27:43,176: +PARAM [/camera_calib/camera/calibration/status] by /roslaunch
[rosmaster.master][INFO] 2026-08-30 08:27:43,177: +PARAM [/camera_calib/image_processing/preprocessing/resize] by /roslaunch
[rosmaster.master][INFO] 2026-08-30 08:27:43,177: +PARAM [/camera_calib/image_processing/preprocessing/normalize] by /roslaunch
[rosmaster.master][INFO] 2026-08-30 08:27:43,177: +PARAM [/camera_calib/image_processing/preprocessing/mean] by /roslaunch
[rosmaster.master][INFO] 2026-08-30 08:27:43,177: +PARAM [/camera_calib/image_processing/preprocessing/std] by /roslaunch
[rosmaster.master][INFO] 2026-08-30 08:27:43,177: +PARAM [/camera_calib/image_processing/color_space] by /roslaunch
[rosmaster.master][INFO] 2026-08-30 08:27:43,178: +PARAM [/camera_calib/image_processing/roi/enabled] by /roslaunch
[rosmaster.master][INFO] 2026-08-30 08:27:43,178: +PARAM [/camera_calib/image_processing/roi/x] by /roslaunch
[rosmaster.master][INFO] 2026-08-30 08:27:43,178: +PARAM [/camera_calib/image_processing/roi/y] by /roslaunch
[rosmaster.master][INFO] 2026-08-30 08:27:43,179: +PARAM [/camera_calib/image_processing/roi/width] by /roslaunch
[rosmaster.master][INFO] 2026-08-30 08:27:43,179: +PARAM [/camera_calib/image_processing/roi/height] by /roslaunch
[rosmaster.master][INFO] 2026-08-30 08:27:43,180: +PARAM [/camera_calib/image_processing/augmentation/horizontal_flip] by /roslaunch
[rosmaster.master][INFO] 2026-08-30 08:27:43,180: +PARAM [/camera_calib/image_processing/augmentation/rotation] by /roslaunch
[rosmaster.master][INFO] 2026-08-30 08:27:43,180: +PARAM [/camera_calib/image_processing/augmentation/scale] by /roslaunch
[rosmaster.master][INFO] 2026-08-30 08:27:43,180: +PARAM [/camera_calib/image_processing/augmentation/brightness] by /roslaunch
[rosmaster.master][INFO] 2026-08-30 08:27:43,181: +PARAM [/camera_calib/stereo/enabled] by /roslaunch
[rosmaster.master][INFO] 2026-08-30 08:27:43,181: +PARAM [/camera_calib/stereo/baseline] by /roslaunch
[rosmaster.master][INFO] 2026-08-30 08:27:43,181: +PARAM [/camera_calib/stereo/depth/min_distance] by /roslaunch
[rosmaster.master][INFO] 2026-08-30 08:27:43,182: +PARAM [/camera_calib/stereo/depth/max_distance] by /roslaunch
[rosmaster.master][INFO] 2026-08-30 08:27:43,182: +PARAM [/camera_calib/stereo/depth/disparity_range] by /roslaunch
[rosmaster.master][INFO] 2026-08-30 08:27:43,183: +PARAM [/camera_calib/stereo/matching/algorithm] by /roslaunch
[rosmaster.master][INFO] 2026-08-30 08:27:43,183: +PARAM [/camera_calib/stereo/matching/num_disparities] by /roslaunch
[rosmaster.master][INFO] 2026-08-30 08:27:43,183: +PARAM [/camera_calib/stereo/matching/block_size] by /roslaunch
[rosmaster.master][INFO] 2026-08-30 08:27:43,184: +PARAM [/camera_calib/stereo/matching/p1] by /roslaunch
[rosmaster.master][INFO] 2026-08-30 08:27:43,185: +PARAM [/camera_calib/stereo/matching/p2] by /roslaunch
[rosmaster.master][INFO] 2026-08-30 08:27:43,186: +PARAM [/flight_control/pid/position/x/p] by /roslaunch
[rosmaster.master][INFO] 2026-08-30 08:27:43,186: +PARAM [/flight_control/pid/position/x/i] by /roslaunch
[rosmaster.master][INFO] 2026-08-30 08:27:43,186: +PARAM [/flight_control/pid/position/x/d] by /roslaunch
[rosmaster.master][INFO] 2026-08-30 08:27:43,186: +PARAM [/flight_control/pid/position/x/integral_clamp] by /roslaunch
[rosmaster.master][INFO] 2026-08-30 08:27:43,187: +PARAM [/flight_control/pid/position/y/p] by /roslaunch
[rosmaster.master][INFO] 2026-08-30 08:27:43,187: +PARAM [/flight_control/pid/position/y/i] by /roslaunch
[rosmaster.master][INFO] 2026-08-30 08:27:43,187: +PARAM [/flight_control/pid/position/y/d] by /roslaunch
[rosmaster.master][INFO] 2026-08-30 08:27:43,187: +PARAM [/flight_control/pid/position/y/integral_clamp] by /roslaunch
[rosmaster.master][INFO] 2026-08-30 08:27:43,187: +PARAM [/flight_control/pid/position/z/p] by /roslaunch
[rosmaster.master][INFO] 2026-08-30 08:27:43,187: +PARAM [/flight_control/pid/position/z/i] by /roslaunch
[rosmaster.master][INFO] 2026-08-30 08:27:43,188: +PARAM [/flight_control/pid/position/z/d] by /roslaunch
[rosmaster.master][INFO] 2026-08-30 08:27:43,188: +PARAM [/flight_control/pid/position/z/integral_clamp] by /roslaunch
[rosmaster.master][INFO] 2026-08-30 08:27:43,188: +PARAM [/flight_control/pid/velocity/x/p] by /roslaunch
[rosmaster.master][INFO] 2026-08-30 08:27:43,188: +PARAM [/flight_control/pid/velocity/x/i] by /roslaunch
[rosmaster.master][INFO] 2026-08-30 08:27:43,188: +PARAM [/flight_control/pid/velocity/x/d] by /roslaunch
[rosmaster.master][INFO] 2026-08-30 08:27:43,189: +PARAM [/flight_control/pid/velocity/y/p] by /roslaunch
[rosmaster.master][INFO] 2026-08-30 08:27:43,189: +PARAM [/flight_control/pid/velocity/y/i] by /roslaunch
[rosmaster.master][INFO] 2026-08-30 08:27:43,189: +PARAM [/flight_control/pid/velocity/y/d] by /roslaunch
[rosmaster.master][INFO] 2026-08-30 08:27:43,190: +PARAM [/flight_control/pid/velocity/z/p] by /roslaunch
[rosmaster.master][INFO] 2026-08-30 08:27:43,190: +PARAM [/flight_control/pid/velocity/z/i] by /roslaunch
[rosmaster.master][INFO] 2026-08-30 08:27:43,190: +PARAM [/flight_control/pid/velocity/z/d] by /roslaunch
[rosmaster.master][INFO] 2026-08-30 08:27:43,190: +PARAM [/flight_control/pid/attitude/roll/p] by /roslaunch
[rosmaster.master][INFO] 2026-08-30 08:27:43,190: +PARAM [/flight_control/pid/attitude/roll/i] by /roslaunch
[rosmaster.master][INFO] 2026-08-30 08:27:43,191: +PARAM [/flight_control/pid/attitude/roll/d] by /roslaunch
[rosmaster.master][INFO] 2026-08-30 08:27:43,191: +PARAM [/flight_control/pid/attitude/pitch/p] by /roslaunch
[rosmaster.master][INFO] 2026-08-30 08:27:43,191: +PARAM [/flight_control/pid/attitude/pitch/i] by /roslaunch
[rosmaster.master][INFO] 2026-08-30 08:27:43,191: +PARAM [/flight_control/pid/attitude/pitch/d] by /roslaunch
[rosmaster.master][INFO] 2026-08-30 08:27:43,191: +PARAM [/flight_control/pid/attitude/yaw/p] by /roslaunch
[rosmaster.master][INFO] 2026-08-30 08:27:43,191: +PARAM [/flight_control/pid/attitude/yaw/i] by /roslaunch
[rosmaster.master][INFO] 2026-08-30 08:27:43,191: +PARAM [/flight_control/pid/attitude/yaw/d] by /roslaunch
[rosmaster.master][INFO] 2026-08-30 08:27:43,191: +PARAM [/flight_control/pid/rate/roll/p] by /roslaunch
[rosmaster.master][INFO] 2026-08-30 08:27:43,192: +PARAM [/flight_control/pid/rate/roll/i] by /roslaunch
[rosmaster.master][INFO] 2026-08-30 08:27:43,192: +PARAM [/flight_control/pid/rate/roll/d] by /roslaunch
[rosmaster.master][INFO] 2026-08-30 08:27:43,192: +PARAM [/flight_control/pid/rate/pitch/p] by /roslaunch
[rosmaster.master][INFO] 2026-08-30 08:27:43,192: +PARAM [/flight_control/pid/rate/pitch/i] by /roslaunch
[rosmaster.master][INFO] 2026-08-30 08:27:43,192: +PARAM [/flight_control/pid/rate/pitch/d] by /roslaunch
[rosmaster.master][INFO] 2026-08-30 08:27:43,192: +PARAM [/flight_control/pid/rate/yaw/p] by /roslaunch
[rosmaster.master][INFO] 2026-08-30 08:27:43,192: +PARAM [/flight_control/pid/rate/yaw/i] by /roslaunch
[rosmaster.master][INFO] 2026-08-30 08:27:43,192: +PARAM [/flight_control/pid/rate/yaw/d] by /roslaunch
[rosmaster.master][INFO] 2026-08-30 08:27:43,192: +PARAM [/flight_control/dynamics/constraints/max_velocity] by /roslaunch
[rosmaster.master][INFO] 2026-08-30 08:27:43,193: +PARAM [/flight_control/dynamics/constraints/max_acceleration] by /roslaunch
[rosmaster.master][INFO] 2026-08-30 08:27:43,193: +PARAM [/flight_control/dynamics/constraints/max_yaw_rate] by /roslaunch
[rosmaster.master][INFO] 2026-08-30 08:27:43,193: +PARAM [/flight_control/dynamics/safety_margins/min_altitude] by /roslaunch
[rosmaster.master][INFO] 2026-08-30 08:27:43,193: +PARAM [/flight_control/dynamics/safety_margins/max_altitude] by /roslaunch
[rosmaster.master][INFO] 2026-08-30 08:27:43,193: +PARAM [/flight_control/dynamics/safety_margins/max_tilt] by /roslaunch
[rosmaster.master][INFO] 2026-08-30 08:27:43,193: +PARAM [/flight_control/dynamics/safety_margins/max_rotation_rate] by /roslaunch
[rosmaster.master][INFO] 2026-08-30 08:27:43,193: +PARAM [/flight_control/dynamics/vehicle/mass] by /roslaunch
[rosmaster.master][INFO] 2026-08-30 08:27:43,193: +PARAM [/flight_control/dynamics/vehicle/moment_of_inertia] by /roslaunch
[rosmaster.master][INFO] 2026-08-30 08:27:43,193: +PARAM [/flight_control/dynamics/vehicle/thrust_to_weight] by /roslaunch
[rosmaster.master][INFO] 2026-08-30 08:27:43,194: +PARAM [/flight_control/dynamics/vehicle/max_thrust] by /roslaunch
[rosmaster.master][INFO] 2026-08-30 08:27:43,194: +PARAM [/flight_control/mission/search_patterns/type] by /roslaunch
[rosmaster.master][INFO] 2026-08-30 08:27:43,194: +PARAM [/flight_control/mission/search_patterns/params/radius] by /roslaunch
[rosmaster.master][INFO] 2026-08-30 08:27:43,194: +PARAM [/flight_control/mission/search_patterns/params/spacing] by /roslaunch
[rosmaster.master][INFO] 2026-08-30 08:27:43,194: +PARAM [/flight_control/mission/search_patterns/params/altitude] by /roslaunch
[rosmaster.master][INFO] 2026-08-30 08:27:43,194: +PARAM [/flight_control/mission/engagement/mode] by /roslaunch
[rosmaster.master][INFO] 2026-08-30 08:27:43,194: +PARAM [/flight_control/mission/engagement/priority_high] by /roslaunch
[rosmaster.master][INFO] 2026-08-30 08:27:43,195: +PARAM [/flight_control/mission/engagement/priority_low] by /roslaunch
[rosmaster.master][INFO] 2026-08-30 08:27:43,195: +PARAM [/flight_control/mission/collision_avoidance/enable] by /roslaunch
[rosmaster.master][INFO] 2026-08-30 08:27:43,195: +PARAM [/flight_control/mission/collision_avoidance/min_distance] by /roslaunch
[rosmaster.master][INFO] 2026-08-30 08:27:43,195: +PARAM [/flight_control/mission/collision_avoidance/safety_margin] by /roslaunch
[rosmaster.master][INFO] 2026-08-30 08:27:43,195: +PARAM [/flight_control/mission/collision_avoidance/avoidance_method] by /roslaunch
[rosmaster.master][INFO] 2026-08-30 08:27:43,195: +PARAM [/flight_control/mission/waypoints/tolerance] by /roslaunch
[rosmaster.master][INFO] 2026-08-30 08:27:43,195: +PARAM [/flight_control/mission/waypoints/loiter_time] by /roslaunch
[rosmaster.master][INFO] 2026-08-30 08:27:43,195: +PARAM [/flight_control/mission/waypoints/approach_speed] by /roslaunch
[rosmaster.master][INFO] 2026-08-30 08:27:43,196: +PARAM [/flight_control/simulation/physics/enable_gravity] by /roslaunch
[rosmaster.master][INFO] 2026-08-30 08:27:43,196: +PARAM [/flight_control/simulation/physics/enable_wind] by /roslaunch
[rosmaster.master][INFO] 2026-08-30 08:27:43,196: +PARAM [/flight_control/simulation/physics/enable_turbulence] by /roslaunch
[rosmaster.master][INFO] 2026-08-30 08:27:43,197: +PARAM [/flight_control/simulation/environment/wind_speed] by /roslaunch
[rosmaster.master][INFO] 2026-08-30 08:27:43,197: +PARAM [/flight_control/simulation/environment/wind_direction] by /roslaunch
[rosmaster.master][INFO] 2026-08-30 08:27:43,197: +PARAM [/flight_control/simulation/environment/turbulence_intensity] by /roslaunch
[rosmaster.master][INFO] 2026-08-30 08:27:43,197: +PARAM [/flight_control/simulation/noise/sensor_noise] by /roslaunch
[rosmaster.master][INFO] 2026-08-30 08:27:43,197: +PARAM [/flight_control/simulation/noise/actuator_noise] by /roslaunch
[rosmaster.master][INFO] 2026-08-30 08:27:43,198: +PARAM [/flight_control/simulation/noise/time_delay] by /roslaunch
[rosmaster.master][INFO] 2026-08-30 08:27:43,198: +PARAM [/flight_control/simulation/speed/simulation_speed] by /roslaunch
[rosmaster.master][INFO] 2026-08-30 08:27:43,198: +PARAM [/flight_control/simulation/speed/real_time_factor] by /roslaunch
[rosmaster.master][INFO] 2026-08-30 08:27:43,198: +PARAM [/kalman_filter/kalman_filter/type] by /roslaunch
[rosmaster.master][INFO] 2026-08-30 08:27:43,198: +PARAM [/kalman_filter/kalman_filter/state_dim] by /roslaunch
[rosmaster.master][INFO] 2026-08-30 08:27:43,198: +PARAM [/kalman_filter/kalman_filter/measurement_dim] by /roslaunch
[rosmaster.master][INFO] 2026-08-30 08:27:43,199: +PARAM [/kalman_filter/kalman_filter/noise/process/position] by /roslaunch
[rosmaster.master][INFO] 2026-08-30 08:27:43,199: +PARAM [/kalman_filter/kalman_filter/noise/process/velocity] by /roslaunch
[rosmaster.master][INFO] 2026-08-30 08:27:43,199: +PARAM [/kalman_filter/kalman_filter/noise/process/acceleration] by /roslaunch
[rosmaster.master][INFO] 2026-08-30 08:27:43,199: +PARAM [/kalman_filter/kalman_filter/noise/measurement/position] by /roslaunch
[rosmaster.master][INFO] 2026-08-30 08:27:43,200: +PARAM [/kalman_filter/kalman_filter/parameters/dt] by /roslaunch
[rosmaster.master][INFO] 2026-08-30 08:27:43,200: +PARAM [/kalman_filter/kalman_filter/parameters/adaptive/enabled] by /roslaunch
[rosmaster.master][INFO] 2026-08-30 08:27:43,200: +PARAM [/kalman_filter/kalman_filter/parameters/adaptive/update_rate] by /roslaunch
[rosmaster.master][INFO] 2026-08-30 08:27:43,200: +PARAM [/kalman_filter/kalman_filter/parameters/adaptive/innovation_threshold] by /roslaunch
[rosmaster.master][INFO] 2026-08-30 08:27:43,200: +PARAM [/kalman_filter/kalman_filter/parameters/outlier_rejection/enabled] by /roslaunch
[rosmaster.master][INFO] 2026-08-30 08:27:43,201: +PARAM [/kalman_filter/kalman_filter/parameters/outlier_rejection/mahalanobis_threshold] by /roslaunch
[rosmaster.master][INFO] 2026-08-30 08:27:43,201: +PARAM [/kalman_filter/kalman_filter/parameters/outlier_rejection/gating] by /roslaunch
[rosmaster.master][INFO] 2026-08-30 08:27:43,201: +PARAM [/kalman_filter/kalman_filter/parameters/initialization/max_measurements] by /roslaunch
[rosmaster.master][INFO] 2026-08-30 08:27:43,201: +PARAM [/kalman_filter/kalman_filter/parameters/initialization/min_velocity_samples] by /roslaunch
[rosmaster.master][INFO] 2026-08-30 08:27:43,201: +PARAM [/kalman_filter/kalman_filter/parameters/convergence/max_iterations] by /roslaunch
[rosmaster.master][INFO] 2026-08-30 08:27:43,201: +PARAM [/kalman_filter/kalman_filter/parameters/convergence/epsilon] by /roslaunch
[rosmaster.master][INFO] 2026-08-30 08:27:43,201: +PARAM [/kalman_filter/kalman_filter/multi_target/enabled] by /roslaunch
[rosmaster.master][INFO] 2026-08-30 08:27:43,202: +PARAM [/kalman_filter/kalman_filter/multi_target/max_targets] by /roslaunch
[rosmaster.master][INFO] 2026-08-30 08:27:43,202: +PARAM [/kalman_filter/kalman_filter/multi_target/association/method] by /roslaunch
[rosmaster.master][INFO] 2026-08-30 08:27:43,202: +PARAM [/kalman_filter/kalman_filter/multi_target/association/gating/enabled] by /roslaunch
[rosmaster.master][INFO] 2026-08-30 08:27:43,202: +PARAM [/kalman_filter/kalman_filter/multi_target/association/gating/gate_size] by /roslaunch
[rosmaster.master][INFO] 2026-08-30 08:27:43,202: +PARAM [/kalman_filter/kalman_filter/multi_target/association/gating/dynamic_gating] by /roslaunch
[rosmaster.master][INFO] 2026-08-30 08:27:43,203: +PARAM [/kalman_filter/kalman_filter/multi_target/association/track_management/birth_probability] by /roslaunch
[rosmaster.master][INFO] 2026-08-30 08:27:43,203: +PARAM [/kalman_filter/kalman_filter/multi_target/association/track_management/death_threshold] by /roslaunch
[rosmaster.master][INFO] 2026-08-30 08:27:43,203: +PARAM [/kalman_filter/kalman_filter/multi_target/association/track_management/merge_threshold] by /roslaunch
[rosmaster.master][INFO] 2026-08-30 08:27:43,203: +PARAM [/kalman_filter/kalman_filter/multi_target/scoring/position_weight] by /roslaunch
[rosmaster.master][INFO] 2026-08-30 08:27:43,203: +PARAM [/kalman_filter/kalman_filter/multi_target/scoring/velocity_weight] by /roslaunch
[rosmaster.master][INFO] 2026-08-30 08:27:43,203: +PARAM [/kalman_filter/kalman_filter/multi_target/scoring/appearance_weight] by /roslaunch
[rosmaster.master][INFO] 2026-08-30 08:27:43,203: +PARAM [/kalman_filter/kalman_filter/multi_target/scoring/history_length] by /roslaunch
[rosmaster.master][INFO] 2026-08-30 08:27:43,203: +PARAM [/kalman_filter/sensor_fusion/sensors] by /roslaunch
[rosmaster.master][INFO] 2026-08-30 08:27:43,203: +PARAM [/kalman_filter/sensor_fusion/algorithms/type] by /roslaunch
[rosmaster.master][INFO] 2026-08-30 08:27:43,204: +PARAM [/kalman_filter/sensor_fusion/algorithms/centralized/measurement_dim] by /roslaunch
[rosmaster.master][INFO] 2026-08-30 08:27:43,204: +PARAM [/kalman_filter/sensor_fusion/algorithms/track_to_track/covariance_intersection] by /roslaunch
[rosmaster.master][INFO] 2026-08-30 08:27:43,204: +PARAM [/kalman_filter/sensor_fusion/algorithms/track_to_track/gamma] by /roslaunch
[rosmaster.master][INFO] 2026-08-30 08:27:43,204: +PARAM [/system_params/ros/master/uri] by /roslaunch
[rosmaster.master][INFO] 2026-08-30 08:27:43,204: +PARAM [/system_params/ros/master/timeout] by /roslaunch
[rosmaster.master][INFO] 2026-08-30 08:27:43,204: +PARAM [/system_params/ros/node/name] by /roslaunch
[rosmaster.master][INFO] 2026-08-30 08:27:43,204: +PARAM [/system_params/ros/node/namespace] by /roslaunch
[rosmaster.master][INFO] 2026-08-30 08:27:43,204: +PARAM [/system_params/ros/topics/camera_image] by /roslaunch
[rosmaster.master][INFO] 2026-08-30 08:27:43,205: +PARAM [/system_params/ros/topics/camera_info] by /roslaunch
[rosmaster.master][INFO] 2026-08-30 08:27:43,205: +PARAM [/system_params/ros/topics/vehicle_state] by /roslaunch
[rosmaster.master][INFO] 2026-08-30 08:27:43,205: +PARAM [/system_params/ros/topics/vehicle_position] by /roslaunch
[rosmaster.master][INFO] 2026-08-30 08:27:43,205: +PARAM [/system_params/ros/topics/vehicle_velocity] by /roslaunch
[rosmaster.master][INFO] 2026-08-30 08:27:43,205: +PARAM [/system_params/ros/topics/vehicle_attitude] by /roslaunch
[rosmaster.master][INFO] 2026-08-30 08:27:43,205: +PARAM [/system_params/ros/topics/battery_status] by /roslaunch
[rosmaster.master][INFO] 2026-08-30 08:27:43,205: +PARAM [/system_params/ros/topics/detection_output] by /roslaunch
[rosmaster.master][INFO] 2026-08-30 08:27:43,205: +PARAM [/system_params/ros/topics/tracked_targets] by /roslaunch
[rosmaster.master][INFO] 2026-08-30 08:27:43,205: +PARAM [/system_params/ros/topics/control_command] by /roslaunch
[rosmaster.master][INFO] 2026-08-30 08:27:43,206: +PARAM [/system_params/ros/topics/safety_status] by /roslaunch
[rosmaster.master][INFO] 2026-08-30 08:27:43,206: +PARAM [/system_params/ros/topics/diagnostic_status] by /roslaunch
[rosmaster.master][INFO] 2026-08-30 08:27:43,206: +PARAM [/system_params/ros/topics/debug_info] by /roslaunch
[rosmaster.master][INFO] 2026-08-30 08:27:43,206: +PARAM [/system_params/ros/topics/performance_metrics] by /roslaunch
[rosmaster.master][INFO] 2026-08-30 08:27:43,206: +PARAM [/system_params/ros/topics/test_results] by /roslaunch
[rosmaster.master][INFO] 2026-08-30 08:27:43,206: +PARAM [/system_params/ros/topics/test_status] by /roslaunch
[rosmaster.master][INFO] 2026-08-30 08:27:43,207: +PARAM [/system_params/logging/level] by /roslaunch
[rosmaster.master][INFO] 2026-08-30 08:27:43,207: +PARAM [/system_params/logging/outputs/console] by /roslaunch
[rosmaster.master][INFO] 2026-08-30 08:27:43,207: +PARAM [/system_params/logging/outputs/file] by /roslaunch
[rosmaster.master][INFO] 2026-08-30 08:27:43,207: +PARAM [/system_params/logging/outputs/rosout] by /roslaunch
[rosmaster.master][INFO] 2026-08-30 08:27:43,207: +PARAM [/system_params/logging/file/directory] by /roslaunch
[rosmaster.master][INFO] 2026-08-30 08:27:43,208: +PARAM [/system_params/logging/file/max_size] by /roslaunch
[rosmaster.master][INFO] 2026-08-30 08:27:43,208: +PARAM [/system_params/logging/file/max_files] by /roslaunch
[rosmaster.master][INFO] 2026-08-30 08:27:43,208: +PARAM [/system_params/logging/file/format] by /roslaunch
[rosmaster.master][INFO] 2026-08-30 08:27:43,208: +PARAM [/system_params/logging/performance/enabled] by /roslaunch
[rosmaster.master][INFO] 2026-08-30 08:27:43,208: +PARAM [/system_params/logging/performance/interval] by /roslaunch
[rosmaster.master][INFO] 2026-08-30 08:27:43,208: +PARAM [/system_params/logging/performance/metrics] by /roslaunch
[rosmaster.master][INFO] 2026-08-30 08:27:43,208: +PARAM [/system_params/logging/performance/output_file] by /roslaunch
[rosmaster.master][INFO] 2026-08-30 08:27:43,209: +PARAM [/system_params/safety/geofence/enabled] by /roslaunch
[rosmaster.master][INFO] 2026-08-30 08:27:43,209: +PARAM [/system_params/safety/geofence/shape] by /roslaunch
[rosmaster.master][INFO] 2026-08-30 08:27:43,209: +PARAM [/system_params/safety/geofence/radius] by /roslaunch
[rosmaster.master][INFO] 2026-08-30 08:27:43,209: +PARAM [/system_params/safety/geofence/height] by /roslaunch
[rosmaster.master][INFO] 2026-08-30 08:27:43,209: +PARAM [/system_params/safety/emergency/action] by /roslaunch
[rosmaster.master][INFO] 2026-08-30 08:27:43,209: +PARAM [/system_params/safety/emergency/altitude_min] by /roslaunch
[rosmaster.master][INFO] 2026-08-30 08:27:43,209: +PARAM [/system_params/safety/emergency/altitude_max] by /roslaunch
[rosmaster.master][INFO] 2026-08-30 08:27:43,210: +PARAM [/system_params/safety/failsafe/battery_critical] by /roslaunch
[rosmaster.master][INFO] 2026-08-30 08:27:43,210: +PARAM [/system_params/safety/failsafe/lost_connection] by /roslaunch
[rosmaster.master][INFO] 2026-08-30 08:27:43,210: +PARAM [/system_params/safety/failsafe/gps_failure] by /roslaunch
[rosmaster.master][INFO] 2026-08-30 08:27:43,210: +PARAM [/system_params/safety/failsafe/sensor_failure] by /roslaunch
[rosmaster.master][INFO] 2026-08-30 08:27:43,210: +PARAM [/system_params/safety/failsafe/exceeded_geofence] by /roslaunch
[rosmaster.master][INFO] 2026-08-30 08:27:43,210: +PARAM [/system_params/safety/health/check_interval] by /roslaunch
[rosmaster.master][INFO] 2026-08-30 08:27:43,211: +PARAM [/system_params/safety/health/restart_on_failure] by /roslaunch
[rosmaster.master][INFO] 2026-08-30 08:27:43,211: +PARAM [/system_params/safety/health/max_restarts] by /roslaunch
[rosmaster.master][INFO] 2026-08-30 08:27:43,211: +PARAM [/system_params/safety/health/restart_delay] by /roslaunch
[rosmaster.master][INFO] 2026-08-30 08:27:43,211: +PARAM [/system_params/performance/threads/detection_pool] by /roslaunch
[rosmaster.master][INFO] 2026-08-30 08:27:43,211: +PARAM [/system_params/performance/threads/control_pool] by /roslaunch
[rosmaster.master][INFO] 2026-08-30 08:27:43,211: +PARAM [/system_params/performance/queues/input_queue_size] by /roslaunch
[rosmaster.master][INFO] 2026-08-30 08:27:43,211: +PARAM [/system_params/performance/queues/output_queue_size] by /roslaunch
[rosmaster.master][INFO] 2026-08-30 08:27:43,212: +PARAM [/system_params/performance/memory/cache_images] by /roslaunch
[rosmaster.master][INFO] 2026-08-30 08:27:43,213: +PARAM [/system_params/performance/memory/max_cache_size] by /roslaunch
[rosmaster.master][INFO] 2026-08-30 08:27:43,213: +PARAM [/system_params/performance/memory/max_cached_messages] by /roslaunch
[rosmaster.master][INFO] 2026-08-30 08:27:43,213: +PARAM [/system_params/performance/timing/use_sim_time] by /roslaunch
[rosmaster.master][INFO] 2026-08-30 08:27:43,214: +PARAM [/system_params/performance/timing/publish_rate] by /roslaunch
[rosmaster.master][INFO] 2026-08-30 08:27:43,214: +PARAM [/system_params/performance/timing/control_rate] by /roslaunch
[rosmaster.master][INFO] 2026-08-30 08:27:43,214: +PARAM [/system_params/network/px4/udp_port] by /roslaunch
[rosmaster.master][INFO] 2026-08-30 08:27:43,214: +PARAM [/system_params/network/px4/tcp_port] by /roslaunch
[rosmaster.master][INFO] 2026-08-30 08:27:43,215: +PARAM [/system_params/network/px4/heartbeat_rate] by /roslaunch
[rosmaster.master][INFO] 2026-08-30 08:27:43,215: +PARAM [/system_params/network/mavros/fcu_url] by /roslaunch
[rosmaster.master][INFO] 2026-08-30 08:27:43,215: +PARAM [/system_params/network/mavros/gcs_url] by /roslaunch
[rosmaster.master][INFO] 2026-08-30 08:27:43,215: +PARAM [/system_params/network/timeout] by /roslaunch
[rosmaster.master][INFO] 2026-08-30 08:27:43,216: +PARAM [/system_params/network/reconnect_attempts] by /roslaunch
[rosmaster.master][INFO] 2026-08-30 08:27:43,216: +PARAM [/system_params/network/reconnect_delay] by /roslaunch
[rosmaster.master][INFO] 2026-08-30 08:27:43,217: +PARAM [/system_params/performance/publish_rate] by /roslaunch
[rosmaster.master][INFO] 2026-08-30 08:27:43,217: +PARAM [/use_simulation] by /roslaunch
[rosmaster.master][INFO] 2026-08-30 08:27:43,217: +PARAM [/parameter_validator/config_dir] by /roslaunch
[rosmaster.master][INFO] 2026-08-30 08:27:43,217: +PARAM [/parameter_validator/validate_on_startup] by /roslaunch
[rosmaster.master][INFO] 2026-08-30 08:27:43,217: +PARAM [/mission_manager/mission_config] by /roslaunch
[rosmaster.master][INFO] 2026-08-30 08:27:43,218: +PARAM [/camera_calibration/simulation_mode] by /roslaunch
[rosmaster.master][INFO] 2026-08-30 08:27:43,218: +PARAM [/yolo_detector/model_path] by /roslaunch
[rosmaster.master][INFO] 2026-08-30 08:27:43,218: +PARAM [/yolo_detector/device] by /roslaunch
[rosmaster.master][INFO] 2026-08-30 08:27:43,218: +PARAM [/sensor_fusion/publish_rate] by /roslaunch
[rosmaster.master][INFO] 2026-08-30 08:27:43,218: +PARAM [/sensor_fusion/simulation_mode] by /roslaunch
[rosmaster.master][INFO] 2026-08-30 08:27:43,219: +PARAM [/target_tracking_controller/simulation_mode] by /roslaunch
[rosmaster.master][INFO] 2026-08-30 08:27:43,219: +PARAM [/vehicle_state_monitor/simulation_mode] by /roslaunch
[rosmaster.master][INFO] 2026-08-30 08:27:43,219: +PARAM [/safety_monitor/enable_geofence] by /roslaunch
[rosmaster.master][INFO] 2026-08-30 08:27:43,220: +PARAM [/safety_monitor/simulation_mode] by /roslaunch
[rosmaster.master][INFO] 2026-08-30 08:27:43,221: +PARAM [/system_health_monitor/monitoring_interval] by /roslaunch
[rosmaster.master][INFO] 2026-08-30 08:27:43,221: +PARAM [/system_health_monitor/critical_threshold_cpu] by /roslaunch
[rosmaster.master][INFO] 2026-08-30 08:27:43,221: +PARAM [/system_health_monitor/critical_threshold_memory] by /roslaunch
[rosmaster.master][INFO] 2026-08-30 08:27:43,221: +PARAM [/system_health_monitor/warning_threshold_cpu] by /roslaunch
[rosmaster.master][INFO] 2026-08-30 08:27:43,222: +PARAM [/system_health_monitor/warning_threshold_memory] by /roslaunch
[rosmaster.master][INFO] 2026-08-30 08:27:43,222: +PARAM [/system_health_monitor/enable_network_monitoring] by /roslaunch
[rosmaster.master][INFO] 2026-08-30 08:27:43,222: +PARAM [/system_health_monitor/enable_disk_monitoring] by /roslaunch
[rosmaster.master][INFO] 2026-08-30 08:27:43,222: +PARAM [/system_health_monitor/enable_process_monitoring] by /roslaunch
[rosmaster.master][INFO] 2026-08-30 08:27:43,222: +PARAM [/health_checker/monitored_nodes] by /roslaunch
[rosmaster.master][INFO] 2026-08-30 08:27:43,223: +PARAM [/health_checker/check_interval] by /roslaunch
[rosmaster.master][INFO] 2026-08-30 08:27:43,223: +PARAM [/health_checker/timeout_threshold] by /roslaunch
[rosmaster.master][INFO] 2026-08-30 08:27:43,223: +PARAM [/health_checker/restart_on_failure] by /roslaunch
[rosmaster.master][INFO] 2026-08-30 08:27:43,223: +PARAM [/health_checker/max_restarts] by /roslaunch
[rosmaster.master][INFO] 2026-08-30 08:27:43,416: +SERVICE [/rosout/get_loggers] /rosout http://localhost:39941/
[rosmaster.master][INFO] 2026-08-30 08:27:43,419: +SERVICE [/rosout/set_logger_level] /rosout http://localhost:39941/
[rosmaster.master][INFO] 2026-08-30 08:27:43,480: +PUB [/rosout_agg] /rosout http://localhost:39941/
[rosmaster.master][INFO] 2026-08-30 08:27:43,492: +SUB [/rosout] /rosout http://localhost:39941/
[rosmaster.master][INFO] 2026-08-30 08:27:46,893: +PUB [/rosout] /parameter_validator http://localhost:37789/
[rosmaster.master][INFO] 2026-08-30 08:27:46,901: publisherUpdate[/rosout] -> http://localhost:39941/ ['http://localhost:37789/']
[rosmaster.master][INFO] 2026-08-30 08:27:46,986: +SERVICE [/parameter_validator/get_loggers] /parameter_validator http://localhost:37789/
[rosmaster.master][INFO] 2026-08-30 08:27:46,999: +SERVICE [/parameter_validator/set_logger_level] /parameter_validator http://localhost:37789/
[rosmaster.master][INFO] 2026-08-30 08:27:47,067: publisherUpdate[/rosout] -> http://localhost:39941/ ['http://localhost:37789/']: sec=0.17, result=[1, '', 0]
[rosmaster.master][INFO] 2026-08-30 08:27:47,373: +CACHEDPARAM [/rosout_disable_topics_generation] by /parameter_validator
[rosmaster.master][INFO] 2026-08-30 08:27:47,393: +CACHEDPARAM [/rosout_disable_topics_generation] by /parameter_validator
[rosmaster.master][INFO] 2026-08-30 08:27:47,407: +CACHEDPARAM [/rosout/omit_topics] by /rosout
[rosmaster.master][INFO] 2026-08-30 08:27:47,584: +PUB [/rosout] /mission_manager http://localhost:42537/
[rosmaster.master][INFO] 2026-08-30 08:27:47,584: publisherUpdate[/rosout] -> http://localhost:39941/ ['http://localhost:37789/', 'http://localhost:42537/']
[rosmaster.master][INFO] 2026-08-30 08:27:47,594: publisherUpdate[/rosout] -> http://localhost:39941/ ['http://localhost:37789/', 'http://localhost:42537/']: sec=0.01, result=[1, '', 0]
[rosmaster.master][INFO] 2026-08-30 08:27:47,670: +SERVICE [/mission_manager/get_loggers] /mission_manager http://localhost:42537/
[rosmaster.master][INFO] 2026-08-30 08:27:47,674: +SERVICE [/mission_manager/set_logger_level] /mission_manager http://localhost:42537/
[rosmaster.master][INFO] 2026-08-30 08:27:47,692: +PUB [/mission_status] /mission_manager http://localhost:42537/
[rosmaster.master][INFO] 2026-08-30 08:27:47,699: +PUB [/mission_manager/node_health] /mission_manager http://localhost:42537/
[rosmaster.master][INFO] 2026-08-30 08:27:47,704: +SUB [/drone_control/command] /mission_manager http://localhost:42537/
[rosmaster.master][INFO] 2026-08-30 08:27:47,707: +SUB [/safety_status] /mission_manager http://localhost:42537/
[rosmaster.master][INFO] 2026-08-30 08:27:47,763: +SUB [/tracked_targets] /mission_manager http://localhost:42537/
[rosmaster.master][INFO] 2026-08-30 08:27:47,779: +CACHEDPARAM [/rosout_disable_topics_generation] by /mission_manager
[rosmaster.master][INFO] 2026-08-30 08:27:47,785: +PUB [/rosout] /command_interpreter http://localhost:36065/
[rosmaster.master][INFO] 2026-08-30 08:27:47,795: publisherUpdate[/rosout] -> http://localhost:39941/ ['http://localhost:37789/', 'http://localhost:42537/', 'http://localhost:36065/']
[rosmaster.master][INFO] 2026-08-30 08:27:47,821: publisherUpdate[/rosout] -> http://localhost:39941/ ['http://localhost:37789/', 'http://localhost:42537/', 'http://localhost:36065/']: sec=0.03, result=[1, '', 0]
[rosmaster.master][INFO] 2026-08-30 08:27:47,823: +SERVICE [/command_interpreter/get_loggers] /command_interpreter http://localhost:36065/
[rosmaster.master][INFO] 2026-08-30 08:27:47,826: +SERVICE [/command_interpreter/set_logger_level] /command_interpreter http://localhost:36065/
[rosmaster.master][INFO] 2026-08-30 08:27:47,865: +SUB [/drone_control/command] /command_interpreter http://localhost:36065/
[rosmaster.master][INFO] 2026-08-30 08:27:47,870: +PUB [/drone_control/command_response] /command_interpreter http://localhost:36065/
[rosmaster.master][INFO] 2026-08-30 08:27:47,873: +PUB [/command_interpreter/node_health] /command_interpreter http://localhost:36065/
[rosmaster.master][INFO] 2026-08-30 08:27:47,877: +PUB [/rosout] /sensor_fusion http://localhost:37753/
[rosmaster.master][INFO] 2026-08-30 08:27:47,884: +CACHEDPARAM [/rosout_disable_topics_generation] by /command_interpreter
[rosmaster.master][INFO] 2026-08-30 08:27:47,887: publisherUpdate[/rosout] -> http://localhost:39941/ ['http://localhost:37789/', 'http://localhost:42537/', 'http://localhost:36065/', 'http://localhost:37753/']
[rosmaster.master][INFO] 2026-08-30 08:27:47,889: publisherUpdate[/rosout] -> http://localhost:39941/ ['http://localhost:37789/', 'http://localhost:42537/', 'http://localhost:36065/', 'http://localhost:37753/']: sec=0.00, result=[1, '', 0]
[rosmaster.master][INFO] 2026-08-30 08:27:47,903: +SERVICE [/sensor_fusion/get_loggers] /sensor_fusion http://localhost:37753/
[rosmaster.master][INFO] 2026-08-30 08:27:47,907: +SERVICE [/sensor_fusion/set_logger_level] /sensor_fusion http://localhost:37753/
[rosmaster.master][INFO] 2026-08-30 08:27:47,965: +SUB [/mavros/imu/data] /sensor_fusion http://localhost:37753/
[rosmaster.master][INFO] 2026-08-30 08:27:47,971: +SUB [/mavros/global_position/global] /sensor_fusion http://localhost:37753/
[rosmaster.master][INFO] 2026-08-30 08:27:47,974: +SUB [/mavros/local_position/pose] /sensor_fusion http://localhost:37753/
[rosmaster.master][INFO] 2026-08-30 08:27:47,977: +PUB [/sensor_fusion/node_health] /sensor_fusion http://localhost:37753/
[rosmaster.master][INFO] 2026-08-30 08:27:47,986: +CACHEDPARAM [/rosout_disable_topics_generation] by /sensor_fusion
[rosmaster.master][INFO] 2026-08-30 08:27:47,989: +PUB [/rosout] /system_health_monitor http://localhost:38957/
[rosmaster.master][INFO] 2026-08-30 08:27:47,991: publisherUpdate[/rosout] -> http://localhost:39941/ ['http://localhost:37789/', 'http://localhost:42537/', 'http://localhost:36065/', 'http://localhost:37753/', 'http://localhost:38957/']
[rosmaster.master][INFO] 2026-08-30 08:27:48,001: publisherUpdate[/rosout] -> http://localhost:39941/ ['http://localhost:37789/', 'http://localhost:42537/', 'http://localhost:36065/', 'http://localhost:37753/', 'http://localhost:38957/']: sec=0.01, result=[1, '', 0]
[rosmaster.master][INFO] 2026-08-30 08:27:48,010: +SERVICE [/system_health_monitor/get_loggers] /system_health_monitor http://localhost:38957/
[rosmaster.master][INFO] 2026-08-30 08:27:48,015: +SERVICE [/system_health_monitor/set_logger_level] /system_health_monitor http://localhost:38957/
[rosmaster.master][INFO] 2026-08-30 08:27:48,066: +PUB [/rosout] /camera_calibration http://localhost:32891/
[rosmaster.master][INFO] 2026-08-30 08:27:48,073: +SUB [/health/check_all] /system_health_monitor http://localhost:38957/
[rosmaster.master][INFO] 2026-08-30 08:27:48,075: +PUB [/system_health] /system_health_monitor http://localhost:38957/
[rosmaster.master][INFO] 2026-08-30 08:27:48,076: publisherUpdate[/rosout] -> http://localhost:39941/ ['http://localhost:37789/', 'http://localhost:42537/', 'http://localhost:36065/', 'http://localhost:37753/', 'http://localhost:38957/', 'http://localhost:32891/']
[rosmaster.master][INFO] 2026-08-30 08:27:48,077: +SERVICE [/camera_calibration/get_loggers] /camera_calibration http://localhost:32891/
[rosmaster.master][INFO] 2026-08-30 08:27:48,080: +SERVICE [/camera_calibration/set_logger_level] /camera_calibration http://localhost:32891/
[rosmaster.master][INFO] 2026-08-30 08:27:48,082: publisherUpdate[/rosout] -> http://localhost:39941/ ['http://localhost:37789/', 'http://localhost:42537/', 'http://localhost:36065/', 'http://localhost:37753/', 'http://localhost:38957/', 'http://localhost:32891/']: sec=0.01, result=[1, '', 0]
[rosmaster.master][INFO] 2026-08-30 08:27:48,084: +PUB [/camera/camera_info] /camera_calibration http://localhost:32891/
[rosmaster.master][INFO] 2026-08-30 08:27:48,086: +PUB [/diagnostic_status] /system_health_monitor http://localhost:38957/
[rosmaster.master][INFO] 2026-08-30 08:27:48,088: +PUB [/tf] /camera_calibration http://localhost:32891/
[rosmaster.master][INFO] 2026-08-30 08:27:48,089: +PUB [/performance_metrics] /system_health_monitor http://localhost:38957/
[rosmaster.master][INFO] 2026-08-30 08:27:48,092: +CACHEDPARAM [/rosout_disable_topics_generation] by /camera_calibration
[rosmaster.master][INFO] 2026-08-30 08:27:48,094: +PUB [/system_alert] /system_health_monitor http://localhost:38957/
[rosmaster.master][INFO] 2026-08-30 08:27:48,099: +CACHEDPARAM [/rosout_disable_topics_generation] by /system_health_monitor
[rosmaster.master][INFO] 2026-08-30 08:27:48,121: +PUB [/rosout] /vehicle_state_monitor http://localhost:35717/
[rosmaster.master][INFO] 2026-08-30 08:27:48,132: +SERVICE [/vehicle_state_monitor/get_loggers] /vehicle_state_monitor http://localhost:35717/
[rosmaster.master][INFO] 2026-08-30 08:27:48,134: +SERVICE [/vehicle_state_monitor/set_logger_level] /vehicle_state_monitor http://localhost:35717/
[rosmaster.master][INFO] 2026-08-30 08:27:48,161: publisherUpdate[/rosout] -> http://localhost:39941/ ['http://localhost:37789/', 'http://localhost:42537/', 'http://localhost:36065/', 'http://localhost:37753/', 'http://localhost:38957/', 'http://localhost:32891/', 'http://localhost:35717/']
[rosmaster.master][INFO] 2026-08-30 08:27:48,165: +SUB [/mavros/state] /vehicle_state_monitor http://localhost:35717/
[rosmaster.master][INFO] 2026-08-30 08:27:48,170: +SUB [/mavros/battery] /vehicle_state_monitor http://localhost:35717/
[rosmaster.master][INFO] 2026-08-30 08:27:48,173: publisherUpdate[/rosout] -> http://localhost:39941/ ['http://localhost:37789/', 'http://localhost:42537/', 'http://localhost:36065/', 'http://localhost:37753/', 'http://localhost:38957/', 'http://localhost:32891/', 'http://localhost:35717/']: sec=0.01, result=[1, '', 0]
[rosmaster.master][INFO] 2026-08-30 08:27:48,179: +SUB [/mavros/local_position/velocity] /vehicle_state_monitor http://localhost:35717/
[rosmaster.master][INFO] 2026-08-30 08:27:48,182: +PUB [/drone_status] /vehicle_state_monitor http://localhost:35717/
[rosmaster.master][INFO] 2026-08-30 08:27:48,186: +PUB [/diagnostic_status] /vehicle_state_monitor http://localhost:35717/
[rosmaster.master][INFO] 2026-08-30 08:27:48,188: +PUB [/vehicle_state_monitor/node_health] /vehicle_state_monitor http://localhost:35717/
[rosmaster.master][INFO] 2026-08-30 08:27:48,191: +PUB [/battery_percentage] /vehicle_state_monitor http://localhost:35717/
[rosmaster.master][INFO] 2026-08-30 08:27:48,193: +SERVICE [/drone_emergency_stop] /vehicle_state_monitor http://localhost:35717/
[rosmaster.master][INFO] 2026-08-30 08:27:48,197: +SERVICE [/drone_arm] /vehicle_state_monitor http://localhost:35717/
[rosmaster.master][INFO] 2026-08-30 08:27:48,201: +SERVICE [/drone_disarm] /vehicle_state_monitor http://localhost:35717/
[rosmaster.master][INFO] 2026-08-30 08:27:48,204: +SERVICE [/drone_get_status] /vehicle_state_monitor http://localhost:35717/
[rosmaster.master][INFO] 2026-08-30 08:27:48,208: +PUB [/rosout] /health_checker http://localhost:33605/
[rosmaster.master][INFO] 2026-08-30 08:27:48,213: +CACHEDPARAM [/rosout_disable_topics_generation] by /vehicle_state_monitor
[rosmaster.master][INFO] 2026-08-30 08:27:48,225: +SERVICE [/health_checker/get_loggers] /health_checker http://localhost:33605/
[rosmaster.master][INFO] 2026-08-30 08:27:48,227: +SERVICE [/health_checker/set_logger_level] /health_checker http://localhost:33605/
[rosmaster.master][INFO] 2026-08-30 08:27:48,264: publisherUpdate[/rosout] -> http://localhost:39941/ ['http://localhost:37789/', 'http://localhost:42537/', 'http://localhost:36065/', 'http://localhost:37753/', 'http://localhost:38957/', 'http://localhost:32891/', 'http://localhost:35717/', 'http://localhost:33605/']
[rosmaster.master][INFO] 2026-08-30 08:27:48,265: +SUB [/yolo_detector/node_health] /health_checker http://localhost:33605/
[rosmaster.master][INFO] 2026-08-30 08:27:48,268: publisherUpdate[/rosout] -> http://localhost:39941/ ['http://localhost:37789/', 'http://localhost:42537/', 'http://localhost:36065/', 'http://localhost:37753/', 'http://localhost:38957/', 'http://localhost:32891/', 'http://localhost:35717/', 'http://localhost:33605/']: sec=0.00, result=[1, '', 0]
[rosmaster.master][INFO] 2026-08-30 08:27:48,273: +SUB [/target_tracking_controller/node_health] /health_checker http://localhost:33605/
[rosmaster.master][INFO] 2026-08-30 08:27:48,277: +SUB [/vehicle_state_monitor/node_health] /health_checker http://localhost:33605/
[rosmaster.master][INFO] 2026-08-30 08:27:48,284: +SUB [/mission_manager/node_health] /health_checker http://localhost:33605/
[rosmaster.master][INFO] 2026-08-30 08:27:48,292: +SUB [/safety_monitor/node_health] /health_checker http://localhost:33605/
[rosmaster.master][INFO] 2026-08-30 08:27:48,296: +SUB [/command_interpreter/node_health] /health_checker http://localhost:33605/
[rosmaster.master][INFO] 2026-08-30 08:27:48,308: +PUB [/system_health] /health_checker http://localhost:33605/
[rosmaster.master][INFO] 2026-08-30 08:27:48,364: +SERVICE [/health/check_all] /health_checker http://localhost:33605/
[rosmaster.master][INFO] 2026-08-30 08:27:48,368: +SERVICE [/health/restart_node] /health_checker http://localhost:33605/
[rosmaster.master][INFO] 2026-08-30 08:27:48,379: +CACHEDPARAM [/rosout_disable_topics_generation] by /health_checker
[rosmaster.master][INFO] 2026-08-30 08:27:48,525: +PUB [/rosout] /safety_monitor http://localhost:42091/
[rosmaster.master][INFO] 2026-08-30 08:27:48,565: +SERVICE [/safety_monitor/get_loggers] /safety_monitor http://localhost:42091/
[rosmaster.master][INFO] 2026-08-30 08:27:48,568: +SERVICE [/safety_monitor/set_logger_level] /safety_monitor http://localhost:42091/
[rosmaster.master][INFO] 2026-08-30 08:27:48,572: publisherUpdate[/rosout] -> http://localhost:39941/ ['http://localhost:37789/', 'http://localhost:42537/', 'http://localhost:36065/', 'http://localhost:37753/', 'http://localhost:38957/', 'http://localhost:32891/', 'http://localhost:35717/', 'http://localhost:33605/', 'http://localhost:42091/']
[rosmaster.master][INFO] 2026-08-30 08:27:48,574: publisherUpdate[/rosout] -> http://localhost:39941/ ['http://localhost:37789/', 'http://localhost:42537/', 'http://localhost:36065/', 'http://localhost:37753/', 'http://localhost:38957/', 'http://localhost:32891/', 'http://localhost:35717/', 'http://localhost:33605/', 'http://localhost:42091/']: sec=0.00, result=[1, '', 0]
[rosmaster.master][INFO] 2026-08-30 08:27:48,585: +SUB [/mavros/local_position/pose] /safety_monitor http://localhost:42091/
[rosmaster.master][INFO] 2026-08-30 08:27:48,589: +SUB [/mavros/local_position/velocity] /safety_monitor http://localhost:42091/
[rosmaster.master][INFO] 2026-08-30 08:27:48,593: +SUB [/mavros/state] /safety_monitor http://localhost:42091/
[rosmaster.master][INFO] 2026-08-30 08:27:48,596: +PUB [/safety_status] /safety_monitor http://localhost:42091/
[rosmaster.master][INFO] 2026-08-30 08:27:48,598: +PUB [/safety_monitor/node_health] /safety_monitor http://localhost:42091/
[rosmaster.master][INFO] 2026-08-30 08:27:48,602: +PUB [/emergency_triggered] /safety_monitor http://localhost:42091/
[rosmaster.master][INFO] 2026-08-30 08:27:48,604: +SERVICE [/safety/geofence_enable] /safety_monitor http://localhost:42091/
[rosmaster.master][INFO] 2026-08-30 08:27:48,606: +SERVICE [/safety/geofence_disable] /safety_monitor http://localhost:42091/
[rosmaster.master][INFO] 2026-08-30 08:27:48,608: +SERVICE [/safety/check] /safety_monitor http://localhost:42091/
[rosmaster.master][INFO] 2026-08-30 08:27:48,611: +SERVICE [/safety/status] /safety_monitor http://localhost:42091/
[rosmaster.master][INFO] 2026-08-30 08:27:48,615: +CACHEDPARAM [/rosout_disable_topics_generation] by /safety_monitor
[rosmaster.master][INFO] 2026-08-30 08:27:48,619: +CACHEDPARAM [/rosout_disable_topics_generation] by /safety_monitor
[rosmaster.master][INFO] 2026-08-30 08:27:48,676: publisherUpdate[/safety_status] -> http://localhost:42537/ ['http://localhost:42091/']
[rosmaster.master][INFO] 2026-08-30 08:27:48,680: publisherUpdate[/safety_monitor/node_health] -> http://localhost:33605/ ['http://localhost:42091/']
[rosmaster.master][INFO] 2026-08-30 08:27:48,682: publisherUpdate[/safety_status] -> http://localhost:42537/ ['http://localhost:42091/']: sec=0.01, result=[1, '', 0]
[rosmaster.master][INFO] 2026-08-30 08:27:48,686: publisherUpdate[/safety_monitor/node_health] -> http://localhost:33605/ ['http://localhost:42091/']: sec=0.01, result=[1, '', 0]
[rosmaster.master][INFO] 2026-08-30 08:27:50,180: +PUB [/rosout] /target_tracking_controller http://localhost:39005/
[rosmaster.master][INFO] 2026-08-30 08:27:50,193: +SERVICE [/target_tracking_controller/get_loggers] /target_tracking_controller http://localhost:39005/
[rosmaster.master][INFO] 2026-08-30 08:27:50,193: publisherUpdate[/rosout] -> http://localhost:39941/ ['http://localhost:37789/', 'http://localhost:42537/', 'http://localhost:36065/', 'http://localhost:37753/', 'http://localhost:38957/', 'http://localhost:32891/', 'http://localhost:35717/', 'http://localhost:33605/', 'http://localhost:42091/', 'http://localhost:39005/']
[rosmaster.master][INFO] 2026-08-30 08:27:50,196: publisherUpdate[/rosout] -> http://localhost:39941/ ['http://localhost:37789/', 'http://localhost:42537/', 'http://localhost:36065/', 'http://localhost:37753/', 'http://localhost:38957/', 'http://localhost:32891/', 'http://localhost:35717/', 'http://localhost:33605/', 'http://localhost:42091/', 'http://localhost:39005/']: sec=0.00, result=[1, '', 0]
[rosmaster.master][INFO] 2026-08-30 08:27:50,197: +SERVICE [/target_tracking_controller/set_logger_level] /target_tracking_controller http://localhost:39005/
[rosmaster.master][INFO] 2026-08-30 08:27:50,213: +SUB [/mavros/local_position/odom] /target_tracking_controller http://localhost:39005/
[rosmaster.master][INFO] 2026-08-30 08:27:50,216: +SUB [/detected_objects] /target_tracking_controller http://localhost:39005/
[rosmaster.master][INFO] 2026-08-30 08:27:50,223: +SUB [/mavros/state] /target_tracking_controller http://localhost:39005/
[rosmaster.master][INFO] 2026-08-30 08:27:50,227: +SUB [/mission_status] /target_tracking_controller http://localhost:39005/
[rosmaster.master][INFO] 2026-08-30 08:27:50,229: +PUB [/tracked_targets] /target_tracking_controller http://localhost:39005/
[rosmaster.master][INFO] 2026-08-30 08:27:50,233: +PUB [/mavros/setpoint_velocity/cmd_vel_unstamped] /target_tracking_controller http://localhost:39005/
[rosmaster.master][INFO] 2026-08-30 08:27:50,236: +PUB [/mavros/setpoint_raw/local] /target_tracking_controller http://localhost:39005/
[rosmaster.master][INFO] 2026-08-30 08:27:50,243: +PUB [/target_tracking_controller/node_health] /target_tracking_controller http://localhost:39005/
[rosmaster.master][INFO] 2026-08-30 08:27:50,297: publisherUpdate[/tracked_targets] -> http://localhost:42537/ ['http://localhost:39005/']
[rosmaster.master][INFO] 2026-08-30 08:27:50,301: publisherUpdate[/tracked_targets] -> http://localhost:42537/ ['http://localhost:39005/']: sec=0.00, result=[1, '', 0]
[rosmaster.master][INFO] 2026-08-30 08:27:50,301: publisherUpdate[/target_tracking_controller/node_health] -> http://localhost:33605/ ['http://localhost:39005/']
[rosmaster.master][INFO] 2026-08-30 08:27:50,305: publisherUpdate[/target_tracking_controller/node_health] -> http://localhost:33605/ ['http://localhost:39005/']: sec=0.00, result=[1, '', 0]
[rosmaster.master][INFO] 2026-08-30 08:27:52,377: +CACHEDPARAM [/rosout_disable_topics_generation] by /target_tracking_controller
[rosmaster.master][INFO] 2026-08-30 08:27:53,377: +CACHEDPARAM [/rosout_disable_topics_generation] by /health_checker
[rosmaster.master][INFO] 2026-08-30 08:27:53,380: +CACHEDPARAM [/rosout_disable_topics_generation] by /health_checker
[rosmaster.master][INFO] 2026-08-30 08:27:53,384: +CACHEDPARAM [/rosout_disable_topics_generation] by /health_checker
[rosmaster.master][INFO] 2026-08-30 08:27:54,507: +CACHEDPARAM [/rosout_disable_topics_generation] by /target_tracking_controller
[rosmaster.master][INFO] 2026-08-30 08:27:54,510: +CACHEDPARAM [/rosout_disable_topics_generation] by /target_tracking_controller
[rosmaster.master][INFO] 2026-08-30 08:27:54,820: +PUB [/rosout] /yolo_detector http://localhost:44663/
[rosmaster.master][INFO] 2026-08-30 08:27:54,823: +SERVICE [/yolo_detector/get_loggers] /yolo_detector http://localhost:44663/
[rosmaster.master][INFO] 2026-08-30 08:27:54,824: +SERVICE [/yolo_detector/set_logger_level] /yolo_detector http://localhost:44663/
[rosmaster.master][INFO] 2026-08-30 08:27:54,830: +PUB [/yolo_detector/node_health] /yolo_detector http://localhost:44663/
[rosmaster.master][INFO] 2026-08-30 08:27:54,832: +SUB [/drone_control/command] /yolo_detector http://localhost:44663/
[rosmaster.master][INFO] 2026-08-30 08:27:54,833: +PUB [/command_response] /yolo_detector http://localhost:44663/
[rosmaster.master][INFO] 2026-08-30 08:27:54,835: +SUB [/mission_status] /yolo_detector http://localhost:44663/
[rosmaster.master][INFO] 2026-08-30 08:27:54,836: +CACHEDPARAM [/rosout_disable_topics_generation] by /yolo_detector
[rosmaster.master][INFO] 2026-08-30 08:27:54,901: publisherUpdate[/rosout] -> http://localhost:39941/ ['http://localhost:37789/', 'http://localhost:42537/', 'http://localhost:36065/', 'http://localhost:37753/', 'http://localhost:38957/', 'http://localhost:32891/', 'http://localhost:35717/', 'http://localhost:33605/', 'http://localhost:42091/', 'http://localhost:39005/', 'http://localhost:44663/']
[rosmaster.master][INFO] 2026-08-30 08:27:54,902: publisherUpdate[/yolo_detector/node_health] -> http://localhost:33605/ ['http://localhost:44663/']
[rosmaster.master][INFO] 2026-08-30 08:27:54,903: publisherUpdate[/rosout] -> http://localhost:39941/ ['http://localhost:37789/', 'http://localhost:42537/', 'http://localhost:36065/', 'http://localhost:37753/', 'http://localhost:38957/', 'http://localhost:32891/', 'http://localhost:35717/', 'http://localhost:33605/', 'http://localhost:42091/', 'http://localhost:39005/', 'http://localhost:44663/']: sec=0.00, result=[1, '', 0]
[rosmaster.master][INFO] 2026-08-30 08:27:54,904: publisherUpdate[/yolo_detector/node_health] -> http://localhost:33605/ ['http://localhost:44663/']: sec=0.00, result=[1, '', 0]
[rosmaster.master][INFO] 2026-08-30 08:27:55,208: +CACHEDPARAM [/rosout_disable_topics_generation] by /yolo_detector
[rosmaster.master][INFO] 2026-08-30 08:27:55,210: +SUB [/camera/color/image_raw] /yolo_detector http://localhost:44663/
[rosmaster.master][INFO] 2026-08-30 08:27:55,211: +PUB [/detected_objects] /yolo_detector http://localhost:44663/
[rosmaster.master][INFO] 2026-08-30 08:27:55,213: +CACHEDPARAM [/rosout_disable_topics_generation] by /yolo_detector
[rosmaster.master][INFO] 2026-08-30 08:27:55,214: +CACHEDPARAM [/rosout_disable_topics_generation] by /yolo_detector
[rosmaster.master][INFO] 2026-08-30 08:27:55,304: publisherUpdate[/detected_objects] -> http://localhost:39005/ ['http://localhost:44663/']
[rosmaster.master][INFO] 2026-08-30 08:27:55,307: publisherUpdate[/detected_objects] -> http://localhost:39005/ ['http://localhost:44663/']: sec=0.00, result=[1, '', 0]
[rosmaster.master][INFO] 2026-08-30 08:28:10,395: +PUB [/rosout] /performance_monitor http://localhost:38319/
[rosmaster.master][INFO] 2026-08-30 08:28:10,401: +SERVICE [/performance_monitor/get_loggers] /performance_monitor http://localhost:38319/
[rosmaster.master][INFO] 2026-08-30 08:28:10,402: +SERVICE [/performance_monitor/set_logger_level] /performance_monitor http://localhost:38319/
[rosmaster.master][INFO] 2026-08-30 08:28:10,407: +SUB [/performance/command] /performance_monitor http://localhost:38319/
[rosmaster.master][INFO] 2026-08-30 08:28:10,408: +SUB [/performance/benchmark] /performance_monitor http://localhost:38319/
[rosmaster.master][INFO] 2026-08-30 08:28:10,409: +PUB [/performance/metrics] /performance_monitor http://localhost:38319/
[rosmaster.master][INFO] 2026-08-30 08:28:10,411: +PUB [/performance/benchmark_results] /performance_monitor http://localhost:38319/
[rosmaster.master][INFO] 2026-08-30 08:28:10,411: +PUB [/performance/alert] /performance_monitor http://localhost:38319/
[rosmaster.master][INFO] 2026-08-30 08:28:10,412: +PUB [/diagnostic_status] /performance_monitor http://localhost:38319/
[rosmaster.master][INFO] 2026-08-30 08:28:10,414: +CACHEDPARAM [/rosout_disable_topics_generation] by /performance_monitor
[rosmaster.master][INFO] 2026-08-30 08:28:10,434: publisherUpdate[/rosout] -> http://localhost:39941/ ['http://localhost:37789/', 'http://localhost:42537/', 'http://localhost:36065/', 'http://localhost:37753/', 'http://localhost:38957/', 'http://localhost:32891/', 'http://localhost:35717/', 'http://localhost:33605/', 'http://localhost:42091/', 'http://localhost:39005/', 'http://localhost:44663/', 'http://localhost:38319/']
[rosmaster.master][INFO] 2026-08-30 08:28:10,435: publisherUpdate[/rosout] -> http://localhost:39941/ ['http://localhost:37789/', 'http://localhost:42537/', 'http://localhost:36065/', 'http://localhost:37753/', 'http://localhost:38957/', 'http://localhost:32891/', 'http://localhost:35717/', 'http://localhost:33605/', 'http://localhost:42091/', 'http://localhost:39005/', 'http://localhost:44663/', 'http://localhost:38319/']: sec=0.00, result=[1, '', 0]
[rosmaster.master][INFO] 2026-08-30 08:28:12,422: +CACHEDPARAM [/rosout_disable_topics_generation] by /performance_monitor
[rosmaster.master][INFO] 2026-08-30 08:28:14,418: +CACHEDPARAM [/rosout_disable_topics_generation] by /performance_monitor
[rosmaster.master][INFO] 2026-08-30 08:28:16,419: +CACHEDPARAM [/rosout_disable_topics_generation] by /performance_monitor
[rosmaster.master][INFO] 2026-08-30 08:28:17,431: +CACHEDPARAM [/rosout_disable_topics_generation] by /performance_monitor
[rosmaster.master][INFO] 2026-08-30 08:28:18,421: +CACHEDPARAM [/rosout_disable_topics_generation] by /performance_monitor
[rosmaster.master][INFO] 2026-08-30 08:28:19,426: +CACHEDPARAM [/rosout_disable_topics_generation] by /performance_monitor
[rosmaster.master][INFO] 2026-08-30 08:28:20,420: +CACHEDPARAM [/rosout_disable_topics_generation] by /performance_monitor
[rosmaster.master][INFO] 2026-08-30 08:28:21,432: +CACHEDPARAM [/rosout_disable_topics_generation] by /performance_monitor
[rosmaster.master][INFO] 2026-08-30 08:28:22,417: +CACHEDPARAM [/rosout_disable_topics_generation] by /performance_monitor
[rosmaster.master][INFO] 2026-08-30 08:28:22,437: +CACHEDPARAM [/rosout_disable_topics_generation] by /performance_monitor
[rosmaster.master][INFO] 2026-08-30 08:28:23,439: +CACHEDPARAM [/rosout_disable_topics_generation] by /performance_monitor
[rosmaster.master][INFO] 2026-08-30 08:28:23,661: +CACHEDPARAM [/rosout_disable_topics_generation] by /performance_monitor
[rosmaster.master][INFO] 2026-08-30 08:28:24,404: +CACHEDPARAM [/rosout_disable_topics_generation] by /performance_monitor
[rosmaster.master][INFO] 2026-08-30 08:28:24,417: +CACHEDPARAM [/rosout_disable_topics_generation] by /performance_monitor
[rosmaster.master][INFO] 2026-08-30 08:28:24,429: +CACHEDPARAM [/rosout_disable_topics_generation] by /performance_monitor
[rosmaster.master][INFO] 2026-08-30 08:28:24,814: -SUB [/performance/command] /performance_monitor http://localhost:38319/
[rosmaster.master][INFO] 2026-08-30 08:28:24,815: -SUB [/performance/benchmark] /performance_monitor http://localhost:38319/
[rosmaster.master][INFO] 2026-08-30 08:28:24,815: -PUB [/rosout] /performance_monitor http://localhost:38319/
[rosmaster.master][INFO] 2026-08-30 08:28:24,815: -PUB [/performance/metrics] /performance_monitor http://localhost:38319/
[rosmaster.master][INFO] 2026-08-30 08:28:24,815: -PUB [/performance/benchmark_results] /performance_monitor http://localhost:38319/
[rosmaster.master][INFO] 2026-08-30 08:28:24,815: -PUB [/performance/alert] /performance_monitor http://localhost:38319/
[rosmaster.master][INFO] 2026-08-30 08:28:24,815: -PUB [/diagnostic_status] /performance_monitor http://localhost:38319/
[rosmaster.master][INFO] 2026-08-30 08:28:24,815: -SERVICE [/performance_monitor/get_loggers] /performance_monitor rosrpc://localhost:36999
[rosmaster.master][INFO] 2026-08-30 08:28:24,815: -SERVICE [/performance_monitor/set_logger_level] /performance_monitor rosrpc://localhost:36999
[rosmaster.master][INFO] 2026-08-30 08:28:24,873: publisherUpdate[/rosout] -> http://localhost:39941/ ['http://localhost:37789/', 'http://localhost:42537/', 'http://localhost:36065/', 'http://localhost:37753/', 'http://localhost:38957/', 'http://localhost:32891/', 'http://localhost:35717/', 'http://localhost:33605/', 'http://localhost:42091/', 'http://localhost:39005/', 'http://localhost:44663/']
[rosmaster.master][INFO] 2026-08-30 08:28:24,875: publisherUpdate[/rosout] -> http://localhost:39941/ ['http://localhost:37789/', 'http://localhost:42537/', 'http://localhost:36065/', 'http://localhost:37753/', 'http://localhost:38957/', 'http://localhost:32891/', 'http://localhost:35717/', 'http://localhost:33605/', 'http://localhost:42091/', 'http://localhost:39005/', 'http://localhost:44663/']: sec=0.00, result=[1, '', 0]
[rosmaster.master][INFO] 2026-08-30 08:28:25,431: +CACHEDPARAM [/rosout_disable_topics_generation] by /performance_monitor
[rosmaster.master][INFO] 2026-08-30 08:34:12,420: -SUB [/mavros/local_position/pose] /safety_monitor http://localhost:42091/
[rosmaster.master][INFO] 2026-08-30 08:34:12,425: -SUB [/mavros/local_position/velocity] /safety_monitor http://localhost:42091/
[rosmaster.master][INFO] 2026-08-30 08:34:12,426: -SUB [/mavros/state] /safety_monitor http://localhost:42091/
[rosmaster.master][INFO] 2026-08-30 08:34:12,426: -SUB [/mavros/imu/data] /sensor_fusion http://localhost:37753/
[rosmaster.master][INFO] 2026-08-30 08:34:12,426: -SUB [/mavros/global_position/global] /sensor_fusion http://localhost:37753/
[rosmaster.master][INFO] 2026-08-30 08:34:12,426: -SUB [/mavros/local_position/pose] /sensor_fusion http://localhost:37753/
[rosmaster.master][INFO] 2026-08-30 08:34:12,426: -SUB [/drone_control/command] /mission_manager http://localhost:42537/
[rosmaster.master][INFO] 2026-08-30 08:34:12,426: -SUB [/safety_status] /mission_manager http://localhost:42537/
[rosmaster.master][INFO] 2026-08-30 08:34:12,426: -SUB [/tracked_targets] /mission_manager http://localhost:42537/
[rosmaster.master][INFO] 2026-08-30 08:34:12,427: -PUB [/rosout] /mission_manager http://localhost:42537/
[rosmaster.master][INFO] 2026-08-30 08:34:12,427: -PUB [/mission_status] /mission_manager http://localhost:42537/
[rosmaster.master][INFO] 2026-08-30 08:34:12,427: -PUB [/mission_manager/node_health] /mission_manager http://localhost:42537/
[rosmaster.master][INFO] 2026-08-30 08:34:12,427: -SERVICE [/mission_manager/get_loggers] /mission_manager rosrpc://localhost:35073
[rosmaster.master][INFO] 2026-08-30 08:34:12,427: -SERVICE [/mission_manager/set_logger_level] /mission_manager rosrpc://localhost:35073
[rosmaster.master][INFO] 2026-08-30 08:34:12,428: -PUB [/rosout] /sensor_fusion http://localhost:37753/
[rosmaster.master][INFO] 2026-08-30 08:34:12,429: -PUB [/sensor_fusion/node_health] /sensor_fusion http://localhost:37753/
[rosmaster.master][INFO] 2026-08-30 08:34:12,429: -SERVICE [/sensor_fusion/get_loggers] /sensor_fusion rosrpc://localhost:34069
[rosmaster.master][INFO] 2026-08-30 08:34:12,429: -SERVICE [/sensor_fusion/set_logger_level] /sensor_fusion rosrpc://localhost:34069
[rosmaster.master][INFO] 2026-08-30 08:34:12,429: -SUB [/yolo_detector/node_health] /health_checker http://localhost:33605/
[rosmaster.master][INFO] 2026-08-30 08:34:12,429: -SUB [/target_tracking_controller/node_health] /health_checker http://localhost:33605/
[rosmaster.master][INFO] 2026-08-30 08:34:12,429: -SUB [/vehicle_state_monitor/node_health] /health_checker http://localhost:33605/
[rosmaster.master][INFO] 2026-08-30 08:34:12,429: -SUB [/mission_manager/node_health] /health_checker http://localhost:33605/
[rosmaster.master][INFO] 2026-08-30 08:34:12,429: -SUB [/safety_monitor/node_health] /health_checker http://localhost:33605/
[rosmaster.master][INFO] 2026-08-30 08:34:12,429: -SUB [/command_interpreter/node_health] /health_checker http://localhost:33605/
[rosmaster.master][INFO] 2026-08-30 08:34:12,429: -PUB [/rosout] /health_checker http://localhost:33605/
[rosmaster.master][INFO] 2026-08-30 08:34:12,430: -PUB [/system_health] /health_checker http://localhost:33605/
[rosmaster.master][INFO] 2026-08-30 08:34:12,430: -SERVICE [/health_checker/get_loggers] /health_checker rosrpc://localhost:35781
[rosmaster.master][INFO] 2026-08-30 08:34:12,430: -SERVICE [/health_checker/set_logger_level] /health_checker rosrpc://localhost:35781
[rosmaster.master][INFO] 2026-08-30 08:34:12,430: -SERVICE [/health/check_all] /health_checker rosrpc://localhost:35781
[rosmaster.master][INFO] 2026-08-30 08:34:12,430: -SERVICE [/health/restart_node] /health_checker rosrpc://localhost:35781
[rosmaster.master][INFO] 2026-08-30 08:34:12,430: -SUB [/drone_control/command] /command_interpreter http://localhost:36065/
[rosmaster.master][INFO] 2026-08-30 08:34:12,430: -PUB [/rosout] /command_interpreter http://localhost:36065/
[rosmaster.master][INFO] 2026-08-30 08:34:12,431: -PUB [/drone_control/command_response] /command_interpreter http://localhost:36065/
[rosmaster.master][INFO] 2026-08-30 08:34:12,431: -PUB [/command_interpreter/node_health] /command_interpreter http://localhost:36065/
[rosmaster.master][INFO] 2026-08-30 08:34:12,431: -SERVICE [/command_interpreter/get_loggers] /command_interpreter rosrpc://localhost:42753
[rosmaster.master][INFO] 2026-08-30 08:34:12,431: -SERVICE [/command_interpreter/set_logger_level] /command_interpreter rosrpc://localhost:42753
[rosmaster.master][INFO] 2026-08-30 08:34:12,433: -SUB [/mavros/local_position/odom] /target_tracking_controller http://localhost:39005/
[rosmaster.master][INFO] 2026-08-30 08:34:12,434: -SUB [/detected_objects] /target_tracking_controller http://localhost:39005/
[rosmaster.master][INFO] 2026-08-30 08:34:12,434: -SUB [/mavros/state] /target_tracking_controller http://localhost:39005/
[rosmaster.master][INFO] 2026-08-30 08:34:12,434: -SUB [/mission_status] /target_tracking_controller http://localhost:39005/
[rosmaster.master][INFO] 2026-08-30 08:34:12,434: -PUB [/rosout] /camera_calibration http://localhost:32891/
[rosmaster.master][INFO] 2026-08-30 08:34:12,434: -PUB [/rosout] /safety_monitor http://localhost:42091/
[rosmaster.master][INFO] 2026-08-30 08:34:12,434: -PUB [/safety_status] /safety_monitor http://localhost:42091/
[rosmaster.master][INFO] 2026-08-30 08:34:12,435: -PUB [/safety_monitor/node_health] /safety_monitor http://localhost:42091/
[rosmaster.master][INFO] 2026-08-30 08:34:12,435: -PUB [/emergency_triggered] /safety_monitor http://localhost:42091/
[rosmaster.master][INFO] 2026-08-30 08:34:12,435: -SERVICE [/safety_monitor/get_loggers] /safety_monitor rosrpc://localhost:37765
[rosmaster.master][INFO] 2026-08-30 08:34:12,435: -SERVICE [/safety_monitor/set_logger_level] /safety_monitor rosrpc://localhost:37765
[rosmaster.master][INFO] 2026-08-30 08:34:12,435: -SERVICE [/safety/geofence_enable] /safety_monitor rosrpc://localhost:37765
[rosmaster.master][INFO] 2026-08-30 08:34:12,435: -SERVICE [/safety/geofence_disable] /safety_monitor rosrpc://localhost:37765
[rosmaster.master][INFO] 2026-08-30 08:34:12,435: -SERVICE [/safety/check] /safety_monitor rosrpc://localhost:37765
[rosmaster.master][INFO] 2026-08-30 08:34:12,435: -SERVICE [/safety/status] /safety_monitor rosrpc://localhost:37765
[rosmaster.master][INFO] 2026-08-30 08:34:12,439: -PUB [/camera/camera_info] /camera_calibration http://localhost:32891/
[rosmaster.master][INFO] 2026-08-30 08:34:12,440: -PUB [/tf] /camera_calibration http://localhost:32891/
[rosmaster.master][INFO] 2026-08-30 08:34:12,440: -SERVICE [/camera_calibration/get_loggers] /camera_calibration rosrpc://localhost:35283
[rosmaster.master][INFO] 2026-08-30 08:34:12,441: -SERVICE [/camera_calibration/set_logger_level] /camera_calibration rosrpc://localhost:35283
[rosmaster.master][INFO] 2026-08-30 08:34:12,448: -SUB [/health/check_all] /system_health_monitor http://localhost:38957/
[rosmaster.master][INFO] 2026-08-30 08:34:12,449: -PUB [/rosout] /system_health_monitor http://localhost:38957/
[rosmaster.master][INFO] 2026-08-30 08:34:12,449: -PUB [/system_health] /system_health_monitor http://localhost:38957/
[rosmaster.master][INFO] 2026-08-30 08:34:12,449: -PUB [/diagnostic_status] /system_health_monitor http://localhost:38957/
[rosmaster.master][INFO] 2026-08-30 08:34:12,449: -PUB [/performance_metrics] /system_health_monitor http://localhost:38957/
[rosmaster.master][INFO] 2026-08-30 08:34:12,449: -PUB [/system_alert] /system_health_monitor http://localhost:38957/
[rosmaster.master][INFO] 2026-08-30 08:34:12,450: -SERVICE [/system_health_monitor/get_loggers] /system_health_monitor rosrpc://localhost:45373
[rosmaster.master][INFO] 2026-08-30 08:34:12,450: -SERVICE [/system_health_monitor/set_logger_level] /system_health_monitor rosrpc://localhost:45373
[rosmaster.master][INFO] 2026-08-30 08:34:12,451: -SUB [/mavros/state] /vehicle_state_monitor http://localhost:35717/
[rosmaster.master][INFO] 2026-08-30 08:34:12,451: -SUB [/mavros/battery] /vehicle_state_monitor http://localhost:35717/
[rosmaster.master][INFO] 2026-08-30 08:34:12,451: -SUB [/mavros/local_position/velocity] /vehicle_state_monitor http://localhost:35717/
[rosmaster.master][INFO] 2026-08-30 08:34:12,451: -PUB [/rosout] /vehicle_state_monitor http://localhost:35717/
[rosmaster.master][INFO] 2026-08-30 08:34:12,452: -PUB [/drone_status] /vehicle_state_monitor http://localhost:35717/
[rosmaster.master][INFO] 2026-08-30 08:34:12,452: -PUB [/diagnostic_status] /vehicle_state_monitor http://localhost:35717/
[rosmaster.master][INFO] 2026-08-30 08:34:12,452: -PUB [/vehicle_state_monitor/node_health] /vehicle_state_monitor http://localhost:35717/
[rosmaster.master][INFO] 2026-08-30 08:34:12,452: -PUB [/battery_percentage] /vehicle_state_monitor http://localhost:35717/
[rosmaster.master][INFO] 2026-08-30 08:34:12,452: -SERVICE [/vehicle_state_monitor/get_loggers] /vehicle_state_monitor rosrpc://localhost:37999
[rosmaster.master][INFO] 2026-08-30 08:34:12,452: -SERVICE [/vehicle_state_monitor/set_logger_level] /vehicle_state_monitor rosrpc://localhost:37999
[rosmaster.master][INFO] 2026-08-30 08:34:12,455: publisherUpdate[/rosout] -> http://localhost:39941/ ['http://localhost:37789/', 'http://localhost:36065/', 'http://localhost:37753/', 'http://localhost:38957/', 'http://localhost:32891/', 'http://localhost:35717/', 'http://localhost:33605/', 'http://localhost:42091/', 'http://localhost:39005/', 'http://localhost:44663/']
[rosmaster.master][INFO] 2026-08-30 08:34:12,457: publisherUpdate[/mission_status] -> http://localhost:39005/ []
[rosmaster.master][INFO] 2026-08-30 08:34:12,457: -PUB [/rosout] /target_tracking_controller http://localhost:39005/
[rosmaster.master][INFO] 2026-08-30 08:34:12,459: -PUB [/tracked_targets] /target_tracking_controller http://localhost:39005/
[rosmaster.master][INFO] 2026-08-30 08:34:12,459: -PUB [/mavros/setpoint_velocity/cmd_vel_unstamped] /target_tracking_controller http://localhost:39005/
[rosmaster.master][INFO] 2026-08-30 08:34:12,459: -PUB [/mavros/setpoint_raw/local] /target_tracking_controller http://localhost:39005/
[rosmaster.master][INFO] 2026-08-30 08:34:12,459: -PUB [/target_tracking_controller/node_health] /target_tracking_controller http://localhost:39005/
[rosmaster.master][INFO] 2026-08-30 08:34:12,459: -SERVICE [/target_tracking_controller/get_loggers] /target_tracking_controller rosrpc://localhost:32769
[rosmaster.master][INFO] 2026-08-30 08:34:12,459: -SERVICE [/target_tracking_controller/set_logger_level] /target_tracking_controller rosrpc://localhost:32769
[rosmaster.master][INFO] 2026-08-30 08:34:12,460: -SUB [/drone_control/command] /yolo_detector http://localhost:44663/
[rosmaster.master][INFO] 2026-08-30 08:34:12,460: -SUB [/mission_status] /yolo_detector http://localhost:44663/
[rosmaster.master][INFO] 2026-08-30 08:34:12,461: -SERVICE [/drone_emergency_stop] /vehicle_state_monitor rosrpc://localhost:37999
[rosmaster.master][INFO] 2026-08-30 08:34:12,462: -SUB [/camera/color/image_raw] /yolo_detector http://localhost:44663/
[rosmaster.master][INFO] 2026-08-30 08:34:12,462: -PUB [/rosout] /yolo_detector http://localhost:44663/
[rosmaster.master][INFO] 2026-08-30 08:34:12,463: -PUB [/yolo_detector/node_health] /yolo_detector http://localhost:44663/
[rosmaster.master][INFO] 2026-08-30 08:34:12,463: -PUB [/command_response] /yolo_detector http://localhost:44663/
[rosmaster.master][INFO] 2026-08-30 08:34:12,463: -PUB [/detected_objects] /yolo_detector http://localhost:44663/
[rosmaster.master][INFO] 2026-08-30 08:34:12,463: -SERVICE [/yolo_detector/get_loggers] /yolo_detector rosrpc://localhost:36947
[rosmaster.master][INFO] 2026-08-30 08:34:12,463: -SERVICE [/yolo_detector/set_logger_level] /yolo_detector rosrpc://localhost:36947
[rosmaster.master][INFO] 2026-08-30 08:34:12,461: publisherUpdate[/rosout] -> http://localhost:39941/ ['http://localhost:37789/', 'http://localhost:36065/', 'http://localhost:37753/', 'http://localhost:38957/', 'http://localhost:32891/', 'http://localhost:35717/', 'http://localhost:33605/', 'http://localhost:42091/', 'http://localhost:39005/', 'http://localhost:44663/']: sec=0.00, result=[1, '', 0]
[rosmaster.master][INFO] 2026-08-30 08:34:12,464: publisherUpdate[/mission_status] -> http://localhost:44663/ []
[rosmaster.master][INFO] 2026-08-30 08:34:12,464: -SERVICE [/drone_arm] /vehicle_state_monitor rosrpc://localhost:37999
[rosmaster.master][INFO] 2026-08-30 08:34:12,464: -SERVICE [/drone_disarm] /vehicle_state_monitor rosrpc://localhost:37999
[rosmaster.master][INFO] 2026-08-30 08:34:12,465: -SERVICE [/drone_get_status] /vehicle_state_monitor rosrpc://localhost:37999
[rosmaster.master][INFO] 2026-08-30 08:34:12,471: publisherUpdate[/mission_status] -> http://localhost:44663/ []: sec=0.01, result=[1, '', 0]
[rosmaster.master][INFO] 2026-08-30 08:34:12,471: publisherUpdate[/mission_manager/node_health] -> http://localhost:33605/ []
[rosmaster.master][INFO] 2026-08-30 08:34:12,474: publisherUpdate[/mission_manager/node_health] -> http://localhost:33605/ []: sec=0.00, exception=[Errno 111] Connection refused
[rosmaster.master][INFO] 2026-08-30 08:34:12,475: publisherUpdate[/mission_status] -> http://localhost:39005/ []: sec=0.02, result=[1, '', 0]
[rosmaster.master][INFO] 2026-08-30 08:34:12,478: publisherUpdate[/rosout] -> http://localhost:39941/ ['http://localhost:37789/', 'http://localhost:36065/', 'http://localhost:38957/', 'http://localhost:32891/', 'http://localhost:35717/', 'http://localhost:33605/', 'http://localhost:42091/', 'http://localhost:39005/', 'http://localhost:44663/']
[rosmaster.master][INFO] 2026-08-30 08:34:12,480: publisherUpdate[/rosout] -> http://localhost:39941/ ['http://localhost:37789/', 'http://localhost:36065/', 'http://localhost:38957/', 'http://localhost:32891/', 'http://localhost:35717/', 'http://localhost:33605/', 'http://localhost:42091/', 'http://localhost:39005/', 'http://localhost:44663/']: sec=0.00, result=[1, '', 0]
[rosmaster.master][INFO] 2026-08-30 08:34:12,480: publisherUpdate[/rosout] -> http://localhost:39941/ ['http://localhost:37789/', 'http://localhost:36065/', 'http://localhost:38957/', 'http://localhost:32891/', 'http://localhost:35717/', 'http://localhost:42091/', 'http://localhost:39005/', 'http://localhost:44663/']
[rosmaster.threadpool][ERROR] 2026-08-30 08:34:12,481: Traceback (most recent call last):
  File "/opt/ros/noetic/lib/python3/dist-packages/rosmaster/threadpool.py", line 218, in run
    result = cmd(*args)
  File "/opt/ros/noetic/lib/python3/dist-packages/rosmaster/master_api.py", line 210, in publisher_update_task
    ret = xmlrpcapi(api).publisherUpdate('/master', topic, pub_uris)
  File "/usr/lib/python3.8/xmlrpc/client.py", line 1109, in __call__
    return self.__send(self.__name, args)
  File "/usr/lib/python3.8/xmlrpc/client.py", line 1450, in __request
    response = self.__transport.request(
  File "/usr/lib/python3.8/xmlrpc/client.py", line 1153, in request
    return self.single_request(host, handler, request_body, verbose)
  File "/usr/lib/python3.8/xmlrpc/client.py", line 1165, in single_request
    http_conn = self.send_request(host, handler, request_body, verbose)
  File "/usr/lib/python3.8/xmlrpc/client.py", line 1278, in send_request
    self.send_content(connection, request_body)
  File "/usr/lib/python3.8/xmlrpc/client.py", line 1308, in send_content
    connection.endheaders(request_body)
  File "/usr/lib/python3.8/http/client.py", line 1251, in endheaders
    self._send_output(message_body, encode_chunked=encode_chunked)
  File "/usr/lib/python3.8/http/client.py", line 1011, in _send_output
    self.send(msg)
  File "/usr/lib/python3.8/http/client.py", line 951, in send
    self.connect()
  File "/usr/lib/python3.8/http/client.py", line 922, in connect
    self.sock = self._create_connection(
  File "/usr/lib/python3.8/socket.py", line 808, in create_connection
    raise err
  File "/usr/lib/python3.8/socket.py", line 796, in create_connection
    sock.connect(sa)
ConnectionRefusedError: [Errno 111] Connection refused

[rosmaster.master][INFO] 2026-08-30 08:34:12,482: publisherUpdate[/rosout] -> http://localhost:39941/ ['http://localhost:37789/', 'http://localhost:36065/', 'http://localhost:38957/', 'http://localhost:32891/', 'http://localhost:35717/', 'http://localhost:42091/', 'http://localhost:39005/', 'http://localhost:44663/']: sec=0.00, result=[1, '', 0]
[rosmaster.master][INFO] 2026-08-30 08:34:12,482: publisherUpdate[/rosout] -> http://localhost:39941/ ['http://localhost:37789/', 'http://localhost:38957/', 'http://localhost:32891/', 'http://localhost:35717/', 'http://localhost:42091/', 'http://localhost:39005/', 'http://localhost:44663/']
[rosmaster.master][INFO] 2026-08-30 08:34:12,484: publisherUpdate[/rosout] -> http://localhost:39941/ ['http://localhost:37789/', 'http://localhost:38957/', 'http://localhost:32891/', 'http://localhost:35717/', 'http://localhost:42091/', 'http://localhost:39005/', 'http://localhost:44663/']: sec=0.00, result=[1, '', 0]
[rosmaster.master][INFO] 2026-08-30 08:34:12,484: publisherUpdate[/rosout] -> http://localhost:39941/ ['http://localhost:37789/', 'http://localhost:38957/', 'http://localhost:35717/', 'http://localhost:42091/', 'http://localhost:39005/', 'http://localhost:44663/']
[rosmaster.master][INFO] 2026-08-30 08:34:12,485: publisherUpdate[/rosout] -> http://localhost:39941/ ['http://localhost:37789/', 'http://localhost:38957/', 'http://localhost:35717/', 'http://localhost:42091/', 'http://localhost:39005/', 'http://localhost:44663/']: sec=0.00, result=[1, '', 0]
[rosmaster.master][INFO] 2026-08-30 08:34:12,485: publisherUpdate[/rosout] -> http://localhost:39941/ ['http://localhost:37789/', 'http://localhost:38957/', 'http://localhost:35717/', 'http://localhost:39005/', 'http://localhost:44663/']
[rosmaster.master][INFO] 2026-08-30 08:34:12,486: publisherUpdate[/rosout] -> http://localhost:39941/ ['http://localhost:37789/', 'http://localhost:38957/', 'http://localhost:35717/', 'http://localhost:39005/', 'http://localhost:44663/']: sec=0.00, result=[1, '', 0]
[rosmaster.master][INFO] 2026-08-30 08:34:12,486: publisherUpdate[/rosout] -> http://localhost:39941/ ['http://localhost:37789/', 'http://localhost:35717/', 'http://localhost:39005/', 'http://localhost:44663/']
[rosmaster.master][INFO] 2026-08-30 08:34:12,487: publisherUpdate[/rosout] -> http://localhost:39941/ ['http://localhost:37789/', 'http://localhost:35717/', 'http://localhost:39005/', 'http://localhost:44663/']: sec=0.00, result=[1, '', 0]
[rosmaster.master][INFO] 2026-08-30 08:34:12,487: publisherUpdate[/rosout] -> http://localhost:39941/ ['http://localhost:37789/', 'http://localhost:39005/', 'http://localhost:44663/']
[rosmaster.master][INFO] 2026-08-30 08:34:12,488: publisherUpdate[/rosout] -> http://localhost:39941/ ['http://localhost:37789/', 'http://localhost:39005/', 'http://localhost:44663/']: sec=0.00, result=[1, '', 0]
[rosmaster.master][INFO] 2026-08-30 08:34:12,488: publisherUpdate[/rosout] -> http://localhost:39941/ ['http://localhost:37789/', 'http://localhost:44663/']
[rosmaster.master][INFO] 2026-08-30 08:34:12,488: publisherUpdate[/rosout] -> http://localhost:39941/ ['http://localhost:37789/', 'http://localhost:44663/']: sec=0.00, result=[1, '', 0]
[rosmaster.master][INFO] 2026-08-30 08:34:12,489: publisherUpdate[/rosout] -> http://localhost:39941/ ['http://localhost:37789/']
[rosmaster.master][INFO] 2026-08-30 08:34:12,489: publisherUpdate[/rosout] -> http://localhost:39941/ ['http://localhost:37789/']: sec=0.00, result=[1, '', 0]
[rosmaster.master][INFO] 2026-08-30 08:34:13,375: -PUB [/rosout] /parameter_validator http://localhost:37789/
[rosmaster.master][INFO] 2026-08-30 08:34:13,376: -SERVICE [/parameter_validator/get_loggers] /parameter_validator rosrpc://localhost:42529
[rosmaster.master][INFO] 2026-08-30 08:34:13,376: -SERVICE [/parameter_validator/set_logger_level] /parameter_validator rosrpc://localhost:42529
[rosmaster.master][INFO] 2026-08-30 08:34:13,391: publisherUpdate[/rosout] -> http://localhost:39941/ []
[rosmaster.master][INFO] 2026-08-30 08:34:13,392: publisherUpdate[/rosout] -> http://localhost:39941/ []: sec=0.00, result=[1, '', 0]
[rosmaster.master][INFO] 2026-08-30 08:34:14,322: -PUB [/rosout_agg] /rosout http://localhost:39941/
[rosmaster.master][INFO] 2026-08-30 08:34:14,323: -SUB [/rosout] /rosout http://localhost:39941/
[rosmaster.master][INFO] 2026-08-30 08:34:14,324: -SERVICE [/rosout/get_loggers] /rosout rosrpc://localhost:41341
[rosmaster.master][INFO] 2026-08-30 08:34:14,325: -SERVICE [/rosout/set_logger_level] /rosout rosrpc://localhost:41341
[rosmaster.master][INFO] 2026-08-30 08:34:14,326: -CACHEDPARAM [/rosout/omit_topics] by /rosout
[rosmaster.main][INFO] 2026-08-30 08:34:14,417: keyboard interrupt, will exit
[rosmaster.main][INFO] 2026-08-30 08:34:14,417: stopping master...
[rospy.core][INFO] 2026-08-30 08:34:14,417: signal_shutdown [atexit]
