[rospy.client][INFO] 2026-08-30 08:27:47,307: init_node, name[/mission_manager], pid[87]
[xmlrpc][INFO] 2026-08-30 08:27:47,365: XML-RPC server binding to 127.0.0.1:0
[xmlrpc][INFO] 2026-08-30 08:27:47,375: Started XML-RPC server [http://localhost:42537/]
[rospy.init][INFO] 2026-08-30 08:27:47,376: ROS Slave URI: [http://localhost:42537/]
[rospy.impl.masterslave][INFO] 2026-08-30 08:27:47,376: _ready: http://localhost:42537/
[rospy.registration][INFO] 2026-08-30 08:27:47,380: Registering with master node http://localhost:11311
[xmlrpc][INFO] 2026-08-30 08:27:47,385: xml rpc node: starting XML-RPC server
[rospy.init][INFO] 2026-08-30 08:27:47,477: registered with master
[rospy.rosout][INFO] 2026-08-30 08:27:47,478: initializing /rosout core topic
[rospy.rosout][INFO] 2026-08-30 08:27:47,604: connected to core topic /rosout
[rospy.simtime][INFO] 2026-08-30 08:27:47,610: /use_sim_time is not set, will not subscribe to simulated time [/clock] topic
[rosout][INFO] 2026-08-30 08:27:47,776: Mission Manager initialized
[rospy.internal][INFO] 2026-08-30 08:27:47,820: topic[/rosout] adding connection to [/rosout], count 0
[rospy.internal][INFO] 2026-08-30 08:27:48,378: topic[/mission_manager/node_health] adding connection to [/health_checker], count 0
[rospy.internal][INFO] 2026-08-30 08:27:48,690: topic[/safety_status] adding connection to [http://localhost:42091/], count 0
[rospy.internal][INFO] 2026-08-30 08:27:50,257: topic[/mission_status] adding connection to [/target_tracking_controller], count 0
[rospy.internal][INFO] 2026-08-30 08:27:50,303: topic[/tracked_targets] adding connection to [http://localhost:39005/], count 0
[rospy.internal][INFO] 2026-08-30 08:27:54,862: topic[/mission_status] adding connection to [/yolo_detector], count 1
[rospy.core][INFO] 2026-08-30 08:34:12,423: signal_shutdown [signal-2]
[rospy.internal][INFO] 2026-08-30 08:34:12,440: topic[/rosout] removing connection to /rosout
[rospy.internal][INFO] 2026-08-30 08:34:12,442: topic[/mission_status] removing connection to /target_tracking_controller
[rospy.internal][INFO] 2026-08-30 08:34:12,442: topic[/mission_status] removing connection to /yolo_detector
[rospy.internal][INFO] 2026-08-30 08:34:12,443: topic[/mission_manager/node_health] removing connection to /health_checker
[rospy.internal][INFO] 2026-08-30 08:34:12,446: topic[/safety_status] removing connection to http://localhost:42091/
[rospy.internal][INFO] 2026-08-30 08:34:12,447: topic[/tracked_targets] removing connection to http://localhost:39005/
[rospy.impl.masterslave][INFO] 2026-08-30 08:34:12,447: signal-2
[rospy.core][INFO] 2026-08-30 08:34:13,065: signal_shutdown [atexit]
