[roslaunch][INFO] 2026-08-30 08:27:41,059: Checking log directory for disk usage. This may take a while.
Press Ctrl-C to interrupt
[roslaunch][INFO] 2026-08-30 08:27:41,102: Done checking log file disk usage. Usage is <1GB.
[roslaunch][INFO] 2026-08-30 08:27:41,103: roslaunch starting with args ['/opt/ros/noetic/bin/roslaunch', 'drone_control', 'kamikaze.launch', 'mode:=production']
[roslaunch][INFO] 2026-08-30 08:27:41,103: roslaunch env is environ({'ROS_VERSION': '1', 'PYTHONUNBUFFERED': '1', 'PKG_CONFIG_PATH': '/root/catkin_ws/devel/lib/pkgconfig:/opt/ros/noetic/lib/pkgconfig', 'ROS_PYTHON_VERSION': '3', 'HOSTNAME': 'kamikaze', 'ROS_PACKAGE_PATH': '/root/catkin_ws/src:/opt/ros/noetic/share', 'ROSLISP_PACKAGE_DIRECTORIES': '/root/catkin_ws/devel/share/common-lisp', 'PWD': '/root/catkin_ws', 'ENABLE_SIMULATION': 'false', 'ROS_IP': '127.0.0.1', 'HOME': '/root', 'LANG': 'C.UTF-8', 'ROS_ETC_DIR': '/opt/ros/noetic/etc/ros', 'CMAKE_PREFIX_PATH': '/root/catkin_ws/devel:/opt/ros/noetic', 'PYTHONPATH': '/root/catkin_ws/devel/lib/python3/dist-packages:/root/catkin_ws/devel/lib/python3/dist-packages:/opt/ros/noetic/lib/python3/dist-packages', 'DISPLAY': ':0', 'SHLVL': '0', 'ROS_MASTER_URI': 'http://localhost:11311', 'ROS_HOSTNAME': 'localhost', 'LD_LIBRARY_PATH': '/root/catkin_ws/devel/lib:/opt/ros/noetic/lib', 'ENABLE_PERFORMANCE_MONITORING': 'true', 'LC_ALL': 'C.UTF-8', 'PATH': '/opt/ros/noetic/bin:/usr/local/sbin:/usr/local/bin:/usr/sbin:/usr/bin:/sbin:/bin', 'DEBIAN_FRONTEND': 'noninteractive', 'ROS_ROOT': '/opt/ros/noetic/share/ros', 'ROS_DISTRO': 'noetic', 'QT_X11_NO_MITSHM': '1', 'ENABLE_GUI': 'false', 'ROS_LOG_FILENAME': '/root/.ros/log/aa7e5a34-a44c-11f1-82c5-1a78306416a9/roslaunch-kamikaze-1.log'})
[roslaunch][INFO] 2026-08-30 08:27:41,104: starting in server mode
[roslaunch.parent][INFO] 2026-08-30 08:27:41,104: starting roslaunch parent run
[roslaunch][INFO] 2026-08-30 08:27:41,104: loading roscore config file /opt/ros/noetic/etc/ros/roscore.xml
[roslaunch][INFO] 2026-08-30 08:27:41,685: Added core node of type [rosout/rosout] in namespace [/]
[roslaunch.config][INFO] 2026-08-30 08:27:41,688: loading config file /root/catkin_ws/src/drone_control/launch/kamikaze.launch
[roslaunch][INFO] 2026-08-30 08:27:41,784: Added node of type [drone_control/parameter_validator.py] in namespace [/]
[roslaunch][INFO] 2026-08-30 08:27:41,785: Added node of type [drone_control/command_interpreter.py] in namespace [/]
[roslaunch][INFO] 2026-08-30 08:27:41,785: Added node of type [drone_control/mission_manager.py] in namespace [/]
[roslaunch][INFO] 2026-08-30 08:27:41,786: Added node of type [drone_control/camera_calibration.py] in namespace [/]
[roslaunch][INFO] 2026-08-30 08:27:41,787: Added node of type [drone_control/yolo_detector.py] in namespace [/]
[roslaunch][INFO] 2026-08-30 08:27:41,788: Added node of type [drone_control/sensor_fusion.py] in namespace [/]
[roslaunch][INFO] 2026-08-30 08:27:41,788: Added node of type [drone_control/target_tracking_controller.py] in namespace [/]
[roslaunch][INFO] 2026-08-30 08:27:41,789: Added node of type [drone_control/vehicle_state_monitor.py] in namespace [/]
[roslaunch][INFO] 2026-08-30 08:27:41,790: Added node of type [drone_control/safety_monitor.py] in namespace [/]
[roslaunch][INFO] 2026-08-30 08:27:41,790: Added node of type [drone_control/system_health_monitor.py] in namespace [/]
[roslaunch][INFO] 2026-08-30 08:27:41,792: Added node of type [drone_control/health_checker.py] in namespace [/]
[roslaunch][INFO] 2026-08-30 08:27:41,792: ... selected machine [] for node of type [drone_control/parameter_validator.py]
[roslaunch][INFO] 2026-08-30 08:27:41,792: ... selected machine [] for node of type [drone_control/command_interpreter.py]
[roslaunch][INFO] 2026-08-30 08:27:41,793: ... selected machine [] for node of type [drone_control/mission_manager.py]
[roslaunch][INFO] 2026-08-30 08:27:41,793: ... selected machine [] for node of type [drone_control/camera_calibration.py]
[roslaunch][INFO] 2026-08-30 08:27:41,793: ... selected machine [] for node of type [drone_control/yolo_detector.py]
[roslaunch][INFO] 2026-08-30 08:27:41,793: ... selected machine [] for node of type [drone_control/sensor_fusion.py]
[roslaunch][INFO] 2026-08-30 08:27:41,793: ... selected machine [] for node of type [drone_control/target_tracking_controller.py]
[roslaunch][INFO] 2026-08-30 08:27:41,794: ... selected machine [] for node of type [drone_control/vehicle_state_monitor.py]
[roslaunch][INFO] 2026-08-30 08:27:41,794: ... selected machine [] for node of type [drone_control/safety_monitor.py]
[roslaunch][INFO] 2026-08-30 08:27:41,794: ... selected machine [] for node of type [drone_control/system_health_monitor.py]
[roslaunch][INFO] 2026-08-30 08:27:41,794: ... selected machine [] for node of type [drone_control/health_checker.py]
[roslaunch.pmon][INFO] 2026-08-30 08:27:41,799: start_process_monitor: creating ProcessMonitor
[roslaunch.pmon][INFO] 2026-08-30 08:27:41,800: created process monitor <ProcessMonitor(ProcessMonitor-1, initial daemon)>
[roslaunch.pmon][INFO] 2026-08-30 08:27:41,803: start_process_monitor: ProcessMonitor started
[roslaunch.parent][INFO] 2026-08-30 08:27:41,804: starting parent XML-RPC server
[roslaunch.server][INFO] 2026-08-30 08:27:41,804: starting roslaunch XML-RPC server
[roslaunch.server][INFO] 2026-08-30 08:27:41,804: waiting for roslaunch XML-RPC server to initialize
[xmlrpc][INFO] 2026-08-30 08:27:41,805: XML-RPC server binding to 127.0.0.1:0
[xmlrpc][INFO] 2026-08-30 08:27:41,806: Started XML-RPC server [http://localhost:36069/]
[xmlrpc][INFO] 2026-08-30 08:27:41,806: xml rpc node: starting XML-RPC server
[roslaunch][INFO] 2026-08-30 08:27:41,822: started roslaunch server http://localhost:36069/
[roslaunch.parent][INFO] 2026-08-30 08:27:41,824: ... parent XML-RPC server started
[roslaunch][INFO] 2026-08-30 08:27:41,826: master.is_running[http://localhost:11311]
[roslaunch][INFO] 2026-08-30 08:27:41,833: auto-starting new master
[roslaunch][INFO] 2026-08-30 08:27:41,835: create_master_process: rosmaster, /opt/ros/noetic/share/ros, 11311, 3, None, False
[roslaunch][INFO] 2026-08-30 08:27:41,835: process[master]: launching with args [['rosmaster', '--core', '-p', '11311', '-w', '3']]
[roslaunch.pmon][INFO] 2026-08-30 08:27:41,836: ProcessMonitor.register[master]
[roslaunch.pmon][INFO] 2026-08-30 08:27:41,836: ProcessMonitor.register[master] complete
[roslaunch][INFO] 2026-08-30 08:27:41,838: process[master]: starting os process
[roslaunch][INFO] 2026-08-30 08:27:41,839: process[master]: start w/ args [['rosmaster', '--core', '-p', '11311', '-w', '3', '__log:=/root/.ros/log/aa7e5a34-a44c-11f1-82c5-1a78306416a9/master.log']]
[roslaunch][INFO] 2026-08-30 08:27:41,839: process[master]: cwd will be [/root/.ros]
[roslaunch][INFO] 2026-08-30 08:27:41,848: process[master]: started with pid [59]
[roslaunch][INFO] 2026-08-30 08:27:41,849: master.is_running[http://localhost:11311]
[roslaunch][INFO] 2026-08-30 08:27:41,952: master.is_running[http://localhost:11311]
[roslaunch][INFO] 2026-08-30 08:27:42,056: master.is_running[http://localhost:11311]
[roslaunch][INFO] 2026-08-30 08:27:42,159: master.is_running[http://localhost:11311]
[roslaunch][INFO] 2026-08-30 08:27:42,261: master.is_running[http://localhost:11311]
[roslaunch][INFO] 2026-08-30 08:27:42,365: master.is_running[http://localhost:11311]
[roslaunch][INFO] 2026-08-30 08:27:42,468: master.is_running[http://localhost:11311]
[roslaunch][INFO] 2026-08-30 08:27:42,606: master.is_running[http://localhost:11311]
[roslaunch][INFO] 2026-08-30 08:27:42,715: master.is_running[http://localhost:11311]
[roslaunch][INFO] 2026-08-30 08:27:42,818: master.is_running[http://localhost:11311]
[roslaunch][INFO] 2026-08-30 08:27:42,922: master.is_running[http://localhost:11311]
[roslaunch][INFO] 2026-08-30 08:27:43,025: master.is_running[http://localhost:11311]
[roslaunch][INFO] 2026-08-30 08:27:43,037: master.is_running[http://localhost:11311]
[roslaunch][INFO] 2026-08-30 08:27:43,042: ROS_MASTER_URI=http://localhost:11311
[roslaunch][INFO] 2026-08-30 08:27:43,046: setting /run_id to aa7e5a34-a44c-11f1-82c5-1a78306416a9
[roslaunch][INFO] 2026-08-30 08:27:43,049: setting /roslaunch/uris/host_localhost__36069' to http://localhost:36069/
[roslaunch][INFO] 2026-08-30 08:27:43,056: ... preparing to launch node of type [rosout/rosout]
[roslaunch][INFO] 2026-08-30 08:27:43,058: create_node_process: package[rosout] type[rosout] machine[Machine(name[] env_loader[None] address[localhost] ssh_port[22] user[None] assignable[True] timeout[10.0])] master_uri[http://localhost:11311]
[roslaunch][INFO] 2026-08-30 08:27:43,059: process[rosout-1]: env[{'ROS_VERSION': '1', 'PYTHONUNBUFFERED': '1', 'PKG_CONFIG_PATH': '/root/catkin_ws/devel/lib/pkgconfig:/opt/ros/noetic/lib/pkgconfig', 'ROS_PYTHON_VERSION': '3', 'HOSTNAME': 'kamikaze', 'ROS_PACKAGE_PATH': '/root/catkin_ws/src:/opt/ros/noetic/share', 'ROSLISP_PACKAGE_DIRECTORIES': '/root/catkin_ws/devel/share/common-lisp', 'PWD': '/root/catkin_ws', 'ENABLE_SIMULATION': 'false', 'ROS_IP': '127.0.0.1', 'HOME': '/root', 'LANG': 'C.UTF-8', 'ROS_ETC_DIR': '/opt/ros/noetic/etc/ros', 'CMAKE_PREFIX_PATH': '/root/catkin_ws/devel:/opt/ros/noetic', 'PYTHONPATH': '/root/catkin_ws/devel/lib/python3/dist-packages:/root/catkin_ws/devel/lib/python3/dist-packages:/opt/ros/noetic/lib/python3/dist-packages', 'DISPLAY': ':0', 'SHLVL': '0', 'ROS_MASTER_URI': 'http://localhost:11311', 'ROS_HOSTNAME': 'localhost', 'LD_LIBRARY_PATH': '/root/catkin_ws/devel/lib:/opt/ros/noetic/lib', 'ENABLE_PERFORMANCE_MONITORING': 'true', 'LC_ALL': 'C.UTF-8', 'PATH': '/opt/ros/noetic/bin:/usr/local/sbin:/usr/local/bin:/usr/sbin:/usr/bin:/sbin:/bin', 'DEBIAN_FRONTEND': 'noninteractive', 'ROS_ROOT': '/opt/ros/noetic/share/ros', 'ROS_DISTRO': 'noetic', 'QT_X11_NO_MITSHM': '1', 'ENABLE_GUI': 'false', 'ROS_LOG_FILENAME': '/root/.ros/log/aa7e5a34-a44c-11f1-82c5-1a78306416a9/roslaunch-kamikaze-1.log'}]
[roslaunch][INFO] 2026-08-30 08:27:43,095: process[rosout-1]: args[['/opt/ros/noetic/lib/rosout/rosout', '__name:=rosout']]
[roslaunch][INFO] 2026-08-30 08:27:43,095: ... created process [rosout-1]
[roslaunch.pmon][INFO] 2026-08-30 08:27:43,096: ProcessMonitor.register[rosout-1]
[roslaunch.pmon][INFO] 2026-08-30 08:27:43,096: ProcessMonitor.register[rosout-1] complete
[roslaunch][INFO] 2026-08-30 08:27:43,096: ... registered process [rosout-1]
[roslaunch][INFO] 2026-08-30 08:27:43,096: process[rosout-1]: starting os process
[roslaunch][INFO] 2026-08-30 08:27:43,098: process[rosout-1]: start w/ args [['/opt/ros/noetic/lib/rosout/rosout', '__name:=rosout', '__log:=/root/.ros/log/aa7e5a34-a44c-11f1-82c5-1a78306416a9/rosout-1.log']]
[roslaunch][INFO] 2026-08-30 08:27:43,098: process[rosout-1]: cwd will be [/root/.ros]
[roslaunch][INFO] 2026-08-30 08:27:43,108: process[rosout-1]: started with pid [82]
[roslaunch][INFO] 2026-08-30 08:27:43,110: ... successfully launched [rosout-1]
[roslaunch][INFO] 2026-08-30 08:27:43,110: load_parameters starting ...
[roslaunch][INFO] 2026-08-30 08:27:43,282: ... load_parameters complete
[roslaunch][INFO] 2026-08-30 08:27:43,283: launch_nodes: launching local nodes ...
[roslaunch][INFO] 2026-08-30 08:27:43,285: ... preparing to launch node of type [drone_control/parameter_validator.py]
[roslaunch][INFO] 2026-08-30 08:27:43,285: create_node_process: package[drone_control] type[parameter_validator.py] machine[Machine(name[] env_loader[None] address[localhost] ssh_port[22] user[None] assignable[True] timeout[10.0])] master_uri[http://localhost:11311]
[roslaunch][INFO] 2026-08-30 08:27:43,285: process[parameter_validator-2]: env[{'ROS_VERSION': '1', 'PYTHONUNBUFFERED': '1', 'PKG_CONFIG_PATH': '/root/catkin_ws/devel/lib/pkgconfig:/opt/ros/noetic/lib/pkgconfig', 'ROS_PYTHON_VERSION': '3', 'HOSTNAME': 'kamikaze', 'ROS_PACKAGE_PATH': '/root/catkin_ws/src:/opt/ros/noetic/share', 'ROSLISP_PACKAGE_DIRECTORIES': '/root/catkin_ws/devel/share/common-lisp', 'PWD': '/root/catkin_ws', 'ENABLE_SIMULATION': 'false', 'ROS_IP': '127.0.0.1', 'HOME': '/root', 'LANG': 'C.UTF-8', 'ROS_ETC_DIR': '/opt/ros/noetic/etc/ros', 'CMAKE_PREFIX_PATH': '/root/catkin_ws/devel:/opt/ros/noetic', 'PYTHONPATH': '/root/catkin_ws/devel/lib/python3/dist-packages:/root/catkin_ws/devel/lib/python3/dist-packages:/opt/ros/noetic/lib/python3/dist-packages', 'DISPLAY': ':0', 'SHLVL': '0', 'ROS_MASTER_URI': 'http://localhost:11311', 'ROS_HOSTNAME': 'localhost', 'LD_LIBRARY_PATH': '/root/catkin_ws/devel/lib:/opt/ros/noetic/lib', 'ENABLE_PERFORMANCE_MONITORING': 'true', 'LC_ALL': 'C.UTF-8', 'PATH': '/opt/ros/noetic/bin:/usr/local/sbin:/usr/local/bin:/usr/sbin:/usr/bin:/sbin:/bin', 'DEBIAN_FRONTEND': 'noninteractive', 'ROS_ROOT': '/opt/ros/noetic/share/ros', 'ROS_DISTRO': 'noetic', 'QT_X11_NO_MITSHM': '1', 'ENABLE_GUI': 'false', 'ROS_LOG_FILENAME': '/root/.ros/log/aa7e5a34-a44c-11f1-82c5-1a78306416a9/roslaunch-kamikaze-1.log'}]
[roslaunch][INFO] 2026-08-30 08:27:43,288: process[parameter_validator-2]: args[['/root/catkin_ws/devel/lib/drone_control/parameter_validator.py', '__name:=parameter_validator']]
[roslaunch][INFO] 2026-08-30 08:27:43,289: ... created process [parameter_validator-2]
[roslaunch.pmon][INFO] 2026-08-30 08:27:43,289: ProcessMonitor.register[parameter_validator-2]
[roslaunch.pmon][INFO] 2026-08-30 08:27:43,289: ProcessMonitor.register[parameter_validator-2] complete
[roslaunch][INFO] 2026-08-30 08:27:43,289: ... registered process [parameter_validator-2]
[roslaunch][INFO] 2026-08-30 08:27:43,290: process[parameter_validator-2]: starting os process
[roslaunch][INFO] 2026-08-30 08:27:43,290: process[parameter_validator-2]: start w/ args [['/root/catkin_ws/devel/lib/drone_control/parameter_validator.py', '__name:=parameter_validator', '__log:=/root/.ros/log/aa7e5a34-a44c-11f1-82c5-1a78306416a9/parameter_validator-2.log']]
[roslaunch][INFO] 2026-08-30 08:27:43,290: process[parameter_validator-2]: cwd will be [/root/.ros]
[roslaunch][INFO] 2026-08-30 08:27:43,300: process[parameter_validator-2]: started with pid [85]
[roslaunch][INFO] 2026-08-30 08:27:43,302: ... successfully launched [parameter_validator-2]
[roslaunch][INFO] 2026-08-30 08:27:43,302: ... preparing to launch node of type [drone_control/command_interpreter.py]
[roslaunch][INFO] 2026-08-30 08:27:43,302: create_node_process: package[drone_control] type[command_interpreter.py] machine[Machine(name[] env_loader[None] address[localhost] ssh_port[22] user[None] assignable[True] timeout[10.0])] master_uri[http://localhost:11311]
[roslaunch][INFO] 2026-08-30 08:27:43,303: process[command_interpreter-3]: env[{'ROS_VERSION': '1', 'PYTHONUNBUFFERED': '1', 'PKG_CONFIG_PATH': '/root/catkin_ws/devel/lib/pkgconfig:/opt/ros/noetic/lib/pkgconfig', 'ROS_PYTHON_VERSION': '3', 'HOSTNAME': 'kamikaze', 'ROS_PACKAGE_PATH': '/root/catkin_ws/src:/opt/ros/noetic/share', 'ROSLISP_PACKAGE_DIRECTORIES': '/root/catkin_ws/devel/share/common-lisp', 'PWD': '/root/catkin_ws', 'ENABLE_SIMULATION': 'false', 'ROS_IP': '127.0.0.1', 'HOME': '/root', 'LANG': 'C.UTF-8', 'ROS_ETC_DIR': '/opt/ros/noetic/etc/ros', 'CMAKE_PREFIX_PATH': '/root/catkin_ws/devel:/opt/ros/noetic', 'PYTHONPATH': '/root/catkin_ws/devel/lib/python3/dist-packages:/root/catkin_ws/devel/lib/python3/dist-packages:/opt/ros/noetic/lib/python3/dist-packages', 'DISPLAY': ':0', 'SHLVL': '0', 'ROS_MASTER_URI': 'http://localhost:11311', 'ROS_HOSTNAME': 'localhost', 'LD_LIBRARY_PATH': '/root/catkin_ws/devel/lib:/opt/ros/noetic/lib', 'ENABLE_PERFORMANCE_MONITORING': 'true', 'LC_ALL': 'C.UTF-8', 'PATH': '/opt/ros/noetic/bin:/usr/local/sbin:/usr/local/bin:/usr/sbin:/usr/bin:/sbin:/bin', 'DEBIAN_FRONTEND': 'noninteractive', 'ROS_ROOT': '/opt/ros/noetic/share/ros', 'ROS_DISTRO': 'noetic', 'QT_X11_NO_MITSHM': '1', 'ENABLE_GUI': 'false', 'ROS_LOG_FILENAME': '/root/.ros/log/aa7e5a34-a44c-11f1-82c5-1a78306416a9/roslaunch-kamikaze-1.log'}]
[roslaunch][INFO] 2026-08-30 08:27:43,306: process[command_interpreter-3]: args[['/root/catkin_ws/devel/lib/drone_control/command_interpreter.py', '__name:=command_interpreter']]
[roslaunch][INFO] 2026-08-30 08:27:43,307: ... created process [command_interpreter-3]
[roslaunch.pmon][INFO] 2026-08-30 08:27:43,307: ProcessMonitor.register[command_interpreter-3]
[roslaunch.pmon][INFO] 2026-08-30 08:27:43,307: ProcessMonitor.register[command_interpreter-3] complete
[roslaunch][INFO] 2026-08-30 08:27:43,307: ... registered process [command_interpreter-3]
[roslaunch][INFO] 2026-08-30 08:27:43,307: process[command_interpreter-3]: starting os process
[roslaunch][INFO] 2026-08-30 08:27:43,308: process[command_interpreter-3]: start w/ args [['/root/catkin_ws/devel/lib/drone_control/command_interpreter.py', '__name:=command_interpreter', '__log:=/root/.ros/log/aa7e5a34-a44c-11f1-82c5-1a78306416a9/command_interpreter-3.log']]
[roslaunch][INFO] 2026-08-30 08:27:43,308: process[command_interpreter-3]: cwd will be [/root/.ros]
[roslaunch][INFO] 2026-08-30 08:27:43,318: process[command_interpreter-3]: started with pid [86]
[roslaunch][INFO] 2026-08-30 08:27:43,319: ... successfully launched [command_interpreter-3]
[roslaunch][INFO] 2026-08-30 08:27:43,320: ... preparing to launch node of type [drone_control/mission_manager.py]
[roslaunch][INFO] 2026-08-30 08:27:43,320: create_node_process: package[drone_control] type[mission_manager.py] machine[Machine(name[] env_loader[None] address[localhost] ssh_port[22] user[None] assignable[True] timeout[10.0])] master_uri[http://localhost:11311]
[roslaunch][INFO] 2026-08-30 08:27:43,320: process[mission_manager-4]: env[{'ROS_VERSION': '1', 'PYTHONUNBUFFERED': '1', 'PKG_CONFIG_PATH': '/root/catkin_ws/devel/lib/pkgconfig:/opt/ros/noetic/lib/pkgconfig', 'ROS_PYTHON_VERSION': '3', 'HOSTNAME': 'kamikaze', 'ROS_PACKAGE_PATH': '/root/catkin_ws/src:/opt/ros/noetic/share', 'ROSLISP_PACKAGE_DIRECTORIES': '/root/catkin_ws/devel/share/common-lisp', 'PWD': '/root/catkin_ws', 'ENABLE_SIMULATION': 'false', 'ROS_IP': '127.0.0.1', 'HOME': '/root', 'LANG': 'C.UTF-8', 'ROS_ETC_DIR': '/opt/ros/noetic/etc/ros', 'CMAKE_PREFIX_PATH': '/root/catkin_ws/devel:/opt/ros/noetic', 'PYTHONPATH': '/root/catkin_ws/devel/lib/python3/dist-packages:/root/catkin_ws/devel/lib/python3/dist-packages:/opt/ros/noetic/lib/python3/dist-packages', 'DISPLAY': ':0', 'SHLVL': '0', 'ROS_MASTER_URI': 'http://localhost:11311', 'ROS_HOSTNAME': 'localhost', 'LD_LIBRARY_PATH': '/root/catkin_ws/devel/lib:/opt/ros/noetic/lib', 'ENABLE_PERFORMANCE_MONITORING': 'true', 'LC_ALL': 'C.UTF-8', 'PATH': '/opt/ros/noetic/bin:/usr/local/sbin:/usr/local/bin:/usr/sbin:/usr/bin:/sbin:/bin', 'DEBIAN_FRONTEND': 'noninteractive', 'ROS_ROOT': '/opt/ros/noetic/share/ros', 'ROS_DISTRO': 'noetic', 'QT_X11_NO_MITSHM': '1', 'ENABLE_GUI': 'false', 'ROS_LOG_FILENAME': '/root/.ros/log/aa7e5a34-a44c-11f1-82c5-1a78306416a9/roslaunch-kamikaze-1.log'}]
[roslaunch][INFO] 2026-08-30 08:27:43,324: process[mission_manager-4]: args[['/root/catkin_ws/devel/lib/drone_control/mission_manager.py', '__name:=mission_manager']]
[roslaunch][INFO] 2026-08-30 08:27:43,324: ... created process [mission_manager-4]
[roslaunch.pmon][INFO] 2026-08-30 08:27:43,325: ProcessMonitor.register[mission_manager-4]
[roslaunch.pmon][INFO] 2026-08-30 08:27:43,325: ProcessMonitor.register[mission_manager-4] complete
[roslaunch][INFO] 2026-08-30 08:27:43,325: ... registered process [mission_manager-4]
[roslaunch][INFO] 2026-08-30 08:27:43,325: process[mission_manager-4]: starting os process
[roslaunch][INFO] 2026-08-30 08:27:43,326: process[mission_manager-4]: start w/ args [['/root/catkin_ws/devel/lib/drone_control/mission_manager.py', '__name:=mission_manager', '__log:=/root/.ros/log/aa7e5a34-a44c-11f1-82c5-1a78306416a9/mission_manager-4.log']]
[roslaunch][INFO] 2026-08-30 08:27:43,326: process[mission_manager-4]: cwd will be [/root/.ros]
[roslaunch][INFO] 2026-08-30 08:27:43,335: process[mission_manager-4]: started with pid [87]
[roslaunch][INFO] 2026-08-30 08:27:43,336: ... successfully launched [mission_manager-4]
[roslaunch][INFO] 2026-08-30 08:27:43,336: ... preparing to launch node of type [drone_control/camera_calibration.py]
[roslaunch][INFO] 2026-08-30 08:27:43,337: create_node_process: package[drone_control] type[camera_calibration.py] machine[Machine(name[] env_loader[None] address[localhost] ssh_port[22] user[None] assignable[True] timeout[10.0])] master_uri[http://localhost:11311]
[roslaunch][INFO] 2026-08-30 08:27:43,337: process[camera_calibration-5]: env[{'ROS_VERSION': '1', 'PYTHONUNBUFFERED': '1', 'PKG_CONFIG_PATH': '/root/catkin_ws/devel/lib/pkgconfig:/opt/ros/noetic/lib/pkgconfig', 'ROS_PYTHON_VERSION': '3', 'HOSTNAME': 'kamikaze', 'ROS_PACKAGE_PATH': '/root/catkin_ws/src:/opt/ros/noetic/share', 'ROSLISP_PACKAGE_DIRECTORIES': '/root/catkin_ws/devel/share/common-lisp', 'PWD': '/root/catkin_ws', 'ENABLE_SIMULATION': 'false', 'ROS_IP': '127.0.0.1', 'HOME': '/root', 'LANG': 'C.UTF-8', 'ROS_ETC_DIR': '/opt/ros/noetic/etc/ros', 'CMAKE_PREFIX_PATH': '/root/catkin_ws/devel:/opt/ros/noetic', 'PYTHONPATH': '/root/catkin_ws/devel/lib/python3/dist-packages:/root/catkin_ws/devel/lib/python3/dist-packages:/opt/ros/noetic/lib/python3/dist-packages', 'DISPLAY': ':0', 'SHLVL': '0', 'ROS_MASTER_URI': 'http://localhost:11311', 'ROS_HOSTNAME': 'localhost', 'LD_LIBRARY_PATH': '/root/catkin_ws/devel/lib:/opt/ros/noetic/lib', 'ENABLE_PERFORMANCE_MONITORING': 'true', 'LC_ALL': 'C.UTF-8', 'PATH': '/opt/ros/noetic/bin:/usr/local/sbin:/usr/local/bin:/usr/sbin:/usr/bin:/sbin:/bin', 'DEBIAN_FRONTEND': 'noninteractive', 'ROS_ROOT': '/opt/ros/noetic/share/ros', 'ROS_DISTRO': 'noetic', 'QT_X11_NO_MITSHM': '1', 'ENABLE_GUI': 'false', 'ROS_LOG_FILENAME': '/root/.ros/log/aa7e5a34-a44c-11f1-82c5-1a78306416a9/roslaunch-kamikaze-1.log'}]
[roslaunch][INFO] 2026-08-30 08:27:43,341: process[camera_calibration-5]: args[['/root/catkin_ws/devel/lib/drone_control/camera_calibration.py', '__name:=camera_calibration']]
[roslaunch][INFO] 2026-08-30 08:27:43,341: ... created process [camera_calibration-5]
[roslaunch.pmon][INFO] 2026-08-30 08:27:43,342: ProcessMonitor.register[camera_calibration-5]
[roslaunch.pmon][INFO] 2026-08-30 08:27:43,342: ProcessMonitor.register[camera_calibration-5] complete
[roslaunch][INFO] 2026-08-30 08:27:43,342: ... registered process [camera_calibration-5]
[roslaunch][INFO] 2026-08-30 08:27:43,342: process[camera_calibration-5]: starting os process
[roslaunch][INFO] 2026-08-30 08:27:43,343: process[camera_calibration-5]: start w/ args [['/root/catkin_ws/devel/lib/drone_control/camera_calibration.py', '__name:=camera_calibration', '__log:=/root/.ros/log/aa7e5a34-a44c-11f1-82c5-1a78306416a9/camera_calibration-5.log']]
[roslaunch][INFO] 2026-08-30 08:27:43,343: process[camera_calibration-5]: cwd will be [/root/.ros]
[roslaunch][INFO] 2026-08-30 08:27:43,353: process[camera_calibration-5]: started with pid [88]
[roslaunch][INFO] 2026-08-30 08:27:43,354: ... successfully launched [camera_calibration-5]
[roslaunch][INFO] 2026-08-30 08:27:43,354: ... preparing to launch node of type [drone_control/yolo_detector.py]
[roslaunch][INFO] 2026-08-30 08:27:43,355: create_node_process: package[drone_control] type[yolo_detector.py] machine[Machine(name[] env_loader[None] address[localhost] ssh_port[22] user[None] assignable[True] timeout[10.0])] master_uri[http://localhost:11311]
[roslaunch][INFO] 2026-08-30 08:27:43,356: process[yolo_detector-6]: env[{'ROS_VERSION': '1', 'PYTHONUNBUFFERED': '1', 'PKG_CONFIG_PATH': '/root/catkin_ws/devel/lib/pkgconfig:/opt/ros/noetic/lib/pkgconfig', 'ROS_PYTHON_VERSION': '3', 'HOSTNAME': 'kamikaze', 'ROS_PACKAGE_PATH': '/root/catkin_ws/src:/opt/ros/noetic/share', 'ROSLISP_PACKAGE_DIRECTORIES': '/root/catkin_ws/devel/share/common-lisp', 'PWD': '/root/catkin_ws', 'ENABLE_SIMULATION': 'false', 'ROS_IP': '127.0.0.1', 'HOME': '/root', 'LANG': 'C.UTF-8', 'ROS_ETC_DIR': '/opt/ros/noetic/etc/ros', 'CMAKE_PREFIX_PATH': '/root/catkin_ws/devel:/opt/ros/noetic', 'PYTHONPATH': '/root/catkin_ws/devel/lib/python3/dist-packages:/root/catkin_ws/devel/lib/python3/dist-packages:/opt/ros/noetic/lib/python3/dist-packages', 'DISPLAY': ':0', 'SHLVL': '0', 'ROS_MASTER_URI': 'http://localhost:11311', 'ROS_HOSTNAME': 'localhost', 'LD_LIBRARY_PATH': '/root/catkin_ws/devel/lib:/opt/ros/noetic/lib', 'ENABLE_PERFORMANCE_MONITORING': 'true', 'LC_ALL': 'C.UTF-8', 'PATH': '/opt/ros/noetic/bin:/usr/local/sbin:/usr/local/bin:/usr/sbin:/usr/bin:/sbin:/bin', 'DEBIAN_FRONTEND': 'noninteractive', 'ROS_ROOT': '/opt/ros/noetic/share/ros', 'ROS_DISTRO': 'noetic', 'QT_X11_NO_MITSHM': '1', 'ENABLE_GUI': 'false', 'ROS_LOG_FILENAME': '/root/.ros/log/aa7e5a34-a44c-11f1-82c5-1a78306416a9/roslaunch-kamikaze-1.log'}]
[roslaunch][INFO] 2026-08-30 08:27:43,361: process[yolo_detector-6]: args[['/root/catkin_ws/devel/lib/drone_control/yolo_detector.py', '__name:=yolo_detector']]
[roslaunch][INFO] 2026-08-30 08:27:43,362: ... created process [yolo_detector-6]
[roslaunch.pmon][INFO] 2026-08-30 08:27:43,362: ProcessMonitor.register[yolo_detector-6]
[roslaunch.pmon][INFO] 2026-08-30 08:27:43,362: ProcessMonitor.register[yolo_detector-6] complete
[roslaunch][INFO] 2026-08-30 08:27:43,362: ... registered process [yolo_detector-6]
[roslaunch][INFO] 2026-08-30 08:27:43,362: process[yolo_detector-6]: starting os process
[roslaunch][INFO] 2026-08-30 08:27:43,363: process[yolo_detector-6]: start w/ args [['/root/catkin_ws/devel/lib/drone_control/yolo_detector.py', '__name:=yolo_detector', '__log:=/root/.ros/log/aa7e5a34-a44c-11f1-82c5-1a78306416a9/yolo_detector-6.log']]
[roslaunch][INFO] 2026-08-30 08:27:43,363: process[yolo_detector-6]: cwd will be [/root/.ros]
[roslaunch][INFO] 2026-08-30 08:27:43,375: process[yolo_detector-6]: started with pid [90]
[roslaunch][INFO] 2026-08-30 08:27:43,376: ... successfully launched [yolo_detector-6]
[roslaunch][INFO] 2026-08-30 08:27:43,377: ... preparing to launch node of type [drone_control/sensor_fusion.py]
[roslaunch][INFO] 2026-08-30 08:27:43,377: create_node_process: package[drone_control] type[sensor_fusion.py] machine[Machine(name[] env_loader[None] address[localhost] ssh_port[22] user[None] assignable[True] timeout[10.0])] master_uri[http://localhost:11311]
[roslaunch][INFO] 2026-08-30 08:27:43,378: process[sensor_fusion-7]: env[{'ROS_VERSION': '1', 'PYTHONUNBUFFERED': '1', 'PKG_CONFIG_PATH': '/root/catkin_ws/devel/lib/pkgconfig:/opt/ros/noetic/lib/pkgconfig', 'ROS_PYTHON_VERSION': '3', 'HOSTNAME': 'kamikaze', 'ROS_PACKAGE_PATH': '/root/catkin_ws/src:/opt/ros/noetic/share', 'ROSLISP_PACKAGE_DIRECTORIES': '/root/catkin_ws/devel/share/common-lisp', 'PWD': '/root/catkin_ws', 'ENABLE_SIMULATION': 'false', 'ROS_IP': '127.0.0.1', 'HOME': '/root', 'LANG': 'C.UTF-8', 'ROS_ETC_DIR': '/opt/ros/noetic/etc/ros', 'CMAKE_PREFIX_PATH': '/root/catkin_ws/devel:/opt/ros/noetic', 'PYTHONPATH': '/root/catkin_ws/devel/lib/python3/dist-packages:/root/catkin_ws/devel/lib/python3/dist-packages:/opt/ros/noetic/lib/python3/dist-packages', 'DISPLAY': ':0', 'SHLVL': '0', 'ROS_MASTER_URI': 'http://localhost:11311', 'ROS_HOSTNAME': 'localhost', 'LD_LIBRARY_PATH': '/root/catkin_ws/devel/lib:/opt/ros/noetic/lib', 'ENABLE_PERFORMANCE_MONITORING': 'true', 'LC_ALL': 'C.UTF-8', 'PATH': '/opt/ros/noetic/bin:/usr/local/sbin:/usr/local/bin:/usr/sbin:/usr/bin:/sbin:/bin', 'DEBIAN_FRONTEND': 'noninteractive', 'ROS_ROOT': '/opt/ros/noetic/share/ros', 'ROS_DISTRO': 'noetic', 'QT_X11_NO_MITSHM': '1', 'ENABLE_GUI': 'false', 'ROS_LOG_FILENAME': '/root/.ros/log/aa7e5a34-a44c-11f1-82c5-1a78306416a9/roslaunch-kamikaze-1.log'}]
[roslaunch][INFO] 2026-08-30 08:27:43,382: process[sensor_fusion-7]: args[['/root/catkin_ws/devel/lib/drone_control/sensor_fusion.py', '__name:=sensor_fusion']]
[roslaunch][INFO] 2026-08-30 08:27:43,382: ... created process [sensor_fusion-7]
[roslaunch.pmon][INFO] 2026-08-30 08:27:43,383: ProcessMonitor.register[sensor_fusion-7]
[roslaunch.pmon][INFO] 2026-08-30 08:27:43,383: ProcessMonitor.register[sensor_fusion-7] complete
[roslaunch][INFO] 2026-08-30 08:27:43,383: ... registered process [sensor_fusion-7]
[roslaunch][INFO] 2026-08-30 08:27:43,383: process[sensor_fusion-7]: starting os process
[roslaunch][INFO] 2026-08-30 08:27:43,383: process[sensor_fusion-7]: start w/ args [['/root/catkin_ws/devel/lib/drone_control/sensor_fusion.py', '__name:=sensor_fusion', '__log:=/root/.ros/log/aa7e5a34-a44c-11f1-82c5-1a78306416a9/sensor_fusion-7.log']]
[roslaunch][INFO] 2026-08-30 08:27:43,384: process[sensor_fusion-7]: cwd will be [/root/.ros]
[roslaunch][INFO] 2026-08-30 08:27:43,401: process[sensor_fusion-7]: started with pid [92]
[roslaunch][INFO] 2026-08-30 08:27:43,403: ... successfully launched [sensor_fusion-7]
[roslaunch][INFO] 2026-08-30 08:27:43,404: ... preparing to launch node of type [drone_control/target_tracking_controller.py]
[roslaunch][INFO] 2026-08-30 08:27:43,404: create_node_process: package[drone_control] type[target_tracking_controller.py] machine[Machine(name[] env_loader[None] address[localhost] ssh_port[22] user[None] assignable[True] timeout[10.0])] master_uri[http://localhost:11311]
[roslaunch][INFO] 2026-08-30 08:27:43,405: process[target_tracking_controller-8]: env[{'ROS_VERSION': '1', 'PYTHONUNBUFFERED': '1', 'PKG_CONFIG_PATH': '/root/catkin_ws/devel/lib/pkgconfig:/opt/ros/noetic/lib/pkgconfig', 'ROS_PYTHON_VERSION': '3', 'HOSTNAME': 'kamikaze', 'ROS_PACKAGE_PATH': '/root/catkin_ws/src:/opt/ros/noetic/share', 'ROSLISP_PACKAGE_DIRECTORIES': '/root/catkin_ws/devel/share/common-lisp', 'PWD': '/root/catkin_ws', 'ENABLE_SIMULATION': 'false', 'ROS_IP': '127.0.0.1', 'HOME': '/root', 'LANG': 'C.UTF-8', 'ROS_ETC_DIR': '/opt/ros/noetic/etc/ros', 'CMAKE_PREFIX_PATH': '/root/catkin_ws/devel:/opt/ros/noetic', 'PYTHONPATH': '/root/catkin_ws/devel/lib/python3/dist-packages:/root/catkin_ws/devel/lib/python3/dist-packages:/opt/ros/noetic/lib/python3/dist-packages', 'DISPLAY': ':0', 'SHLVL': '0', 'ROS_MASTER_URI': 'http://localhost:11311', 'ROS_HOSTNAME': 'localhost', 'LD_LIBRARY_PATH': '/root/catkin_ws/devel/lib:/opt/ros/noetic/lib', 'ENABLE_PERFORMANCE_MONITORING': 'true', 'LC_ALL': 'C.UTF-8', 'PATH': '/opt/ros/noetic/bin:/usr/local/sbin:/usr/local/bin:/usr/sbin:/usr/bin:/sbin:/bin', 'DEBIAN_FRONTEND': 'noninteractive', 'ROS_ROOT': '/opt/ros/noetic/share/ros', 'ROS_DISTRO': 'noetic', 'QT_X11_NO_MITSHM': '1', 'ENABLE_GUI': 'false', 'ROS_LOG_FILENAME': '/root/.ros/log/aa7e5a34-a44c-11f1-82c5-1a78306416a9/roslaunch-kamikaze-1.log'}]
[roslaunch][INFO] 2026-08-30 08:27:43,408: process[target_tracking_controller-8]: args[['/root/catkin_ws/devel/lib/drone_control/target_tracking_controller.py', '__name:=target_tracking_controller']]
[roslaunch][INFO] 2026-08-30 08:27:43,409: ... created process [target_tracking_controller-8]
[roslaunch.pmon][INFO] 2026-08-30 08:27:43,409: ProcessMonitor.register[target_tracking_controller-8]
[roslaunch.pmon][INFO] 2026-08-30 08:27:43,409: ProcessMonitor.register[target_tracking_controller-8] complete
[roslaunch][INFO] 2026-08-30 08:27:43,409: ... registered process [target_tracking_controller-8]
[roslaunch][INFO] 2026-08-30 08:27:43,410: process[target_tracking_controller-8]: starting os process
[roslaunch][INFO] 2026-08-30 08:27:43,410: process[target_tracking_controller-8]: start w/ args [['/root/catkin_ws/devel/lib/drone_control/target_tracking_controller.py', '__name:=target_tracking_controller', '__log:=/root/.ros/log/aa7e5a34-a44c-11f1-82c5-1a78306416a9/target_tracking_controller-8.log']]
[roslaunch][INFO] 2026-08-30 08:27:43,410: process[target_tracking_controller-8]: cwd will be [/root/.ros]
[roslaunch][INFO] 2026-08-30 08:27:43,422: process[target_tracking_controller-8]: started with pid [94]
[roslaunch][INFO] 2026-08-30 08:27:43,424: ... successfully launched [target_tracking_controller-8]
[roslaunch][INFO] 2026-08-30 08:27:43,424: ... preparing to launch node of type [drone_control/vehicle_state_monitor.py]
[roslaunch][INFO] 2026-08-30 08:27:43,424: create_node_process: package[drone_control] type[vehicle_state_monitor.py] machine[Machine(name[] env_loader[None] address[localhost] ssh_port[22] user[None] assignable[True] timeout[10.0])] master_uri[http://localhost:11311]
[roslaunch][INFO] 2026-08-30 08:27:43,425: process[vehicle_state_monitor-9]: env[{'ROS_VERSION': '1', 'PYTHONUNBUFFERED': '1', 'PKG_CONFIG_PATH': '/root/catkin_ws/devel/lib/pkgconfig:/opt/ros/noetic/lib/pkgconfig', 'ROS_PYTHON_VERSION': '3', 'HOSTNAME': 'kamikaze', 'ROS_PACKAGE_PATH': '/root/catkin_ws/src:/opt/ros/noetic/share', 'ROSLISP_PACKAGE_DIRECTORIES': '/root/catkin_ws/devel/share/common-lisp', 'PWD': '/root/catkin_ws', 'ENABLE_SIMULATION': 'false', 'ROS_IP': '127.0.0.1', 'HOME': '/root', 'LANG': 'C.UTF-8', 'ROS_ETC_DIR': '/opt/ros/noetic/etc/ros', 'CMAKE_PREFIX_PATH': '/root/catkin_ws/devel:/opt/ros/noetic', 'PYTHONPATH': '/root/catkin_ws/devel/lib/python3/dist-packages:/root/catkin_ws/devel/lib/python3/dist-packages:/opt/ros/noetic/lib/python3/dist-packages', 'DISPLAY': ':0', 'SHLVL': '0', 'ROS_MASTER_URI': 'http://localhost:11311', 'ROS_HOSTNAME': 'localhost', 'LD_LIBRARY_PATH': '/root/catkin_ws/devel/lib:/opt/ros/noetic/lib', 'ENABLE_PERFORMANCE_MONITORING': 'true', 'LC_ALL': 'C.UTF-8', 'PATH': '/opt/ros/noetic/bin:/usr/local/sbin:/usr/local/bin:/usr/sbin:/usr/bin:/sbin:/bin', 'DEBIAN_FRONTEND': 'noninteractive', 'ROS_ROOT': '/opt/ros/noetic/share/ros', 'ROS_DISTRO': 'noetic', 'QT_X11_NO_MITSHM': '1', 'ENABLE_GUI': 'false', 'ROS_LOG_FILENAME': '/root/.ros/log/aa7e5a34-a44c-11f1-82c5-1a78306416a9/roslaunch-kamikaze-1.log'}]
[roslaunch][INFO] 2026-08-30 08:27:43,464: process[vehicle_state_monitor-9]: args[['/root/catkin_ws/devel/lib/drone_control/vehicle_state_monitor.py', '__name:=vehicle_state_monitor']]
[roslaunch][INFO] 2026-08-30 08:27:43,465: ... created process [vehicle_state_monitor-9]
[roslaunch.pmon][INFO] 2026-08-30 08:27:43,465: ProcessMonitor.register[vehicle_state_monitor-9]
[roslaunch.pmon][INFO] 2026-08-30 08:27:43,465: ProcessMonitor.register[vehicle_state_monitor-9] complete
[roslaunch][INFO] 2026-08-30 08:27:43,465: ... registered process [vehicle_state_monitor-9]
[roslaunch][INFO] 2026-08-30 08:27:43,466: process[vehicle_state_monitor-9]: starting os process
[roslaunch][INFO] 2026-08-30 08:27:43,466: process[vehicle_state_monitor-9]: start w/ args [['/root/catkin_ws/devel/lib/drone_control/vehicle_state_monitor.py', '__name:=vehicle_state_monitor', '__log:=/root/.ros/log/aa7e5a34-a44c-11f1-82c5-1a78306416a9/vehicle_state_monitor-9.log']]
[roslaunch][INFO] 2026-08-30 08:27:43,466: process[vehicle_state_monitor-9]: cwd will be [/root/.ros]
[roslaunch][INFO] 2026-08-30 08:27:43,492: process[vehicle_state_monitor-9]: started with pid [96]
[roslaunch][INFO] 2026-08-30 08:27:43,498: ... successfully launched [vehicle_state_monitor-9]
[roslaunch][INFO] 2026-08-30 08:27:43,498: ... preparing to launch node of type [drone_control/safety_monitor.py]
[roslaunch][INFO] 2026-08-30 08:27:43,504: create_node_process: package[drone_control] type[safety_monitor.py] machine[Machine(name[] env_loader[None] address[localhost] ssh_port[22] user[None] assignable[True] timeout[10.0])] master_uri[http://localhost:11311]
[roslaunch][INFO] 2026-08-30 08:27:43,505: process[safety_monitor-10]: env[{'ROS_VERSION': '1', 'PYTHONUNBUFFERED': '1', 'PKG_CONFIG_PATH': '/root/catkin_ws/devel/lib/pkgconfig:/opt/ros/noetic/lib/pkgconfig', 'ROS_PYTHON_VERSION': '3', 'HOSTNAME': 'kamikaze', 'ROS_PACKAGE_PATH': '/root/catkin_ws/src:/opt/ros/noetic/share', 'ROSLISP_PACKAGE_DIRECTORIES': '/root/catkin_ws/devel/share/common-lisp', 'PWD': '/root/catkin_ws', 'ENABLE_SIMULATION': 'false', 'ROS_IP': '127.0.0.1', 'HOME': '/root', 'LANG': 'C.UTF-8', 'ROS_ETC_DIR': '/opt/ros/noetic/etc/ros', 'CMAKE_PREFIX_PATH': '/root/catkin_ws/devel:/opt/ros/noetic', 'PYTHONPATH': '/root/catkin_ws/devel/lib/python3/dist-packages:/root/catkin_ws/devel/lib/python3/dist-packages:/opt/ros/noetic/lib/python3/dist-packages', 'DISPLAY': ':0', 'SHLVL': '0', 'ROS_MASTER_URI': 'http://localhost:11311', 'ROS_HOSTNAME': 'localhost', 'LD_LIBRARY_PATH': '/root/catkin_ws/devel/lib:/opt/ros/noetic/lib', 'ENABLE_PERFORMANCE_MONITORING': 'true', 'LC_ALL': 'C.UTF-8', 'PATH': '/opt/ros/noetic/bin:/usr/local/sbin:/usr/local/bin:/usr/sbin:/usr/bin:/sbin:/bin', 'DEBIAN_FRONTEND': 'noninteractive', 'ROS_ROOT': '/opt/ros/noetic/share/ros', 'ROS_DISTRO': 'noetic', 'QT_X11_NO_MITSHM': '1', 'ENABLE_GUI': 'false', 'ROS_LOG_FILENAME': '/root/.ros/log/aa7e5a34-a44c-11f1-82c5-1a78306416a9/roslaunch-kamikaze-1.log'}]
[roslaunch][INFO] 2026-08-30 08:27:43,515: process[safety_monitor-10]: args[['/root/catkin_ws/devel/lib/drone_control/safety_monitor.py', '__name:=safety_monitor']]
[roslaunch][INFO] 2026-08-30 08:27:43,515: ... created process [safety_monitor-10]
[roslaunch.pmon][INFO] 2026-08-30 08:27:43,517: ProcessMonitor.register[safety_monitor-10]
[roslaunch.pmon][INFO] 2026-08-30 08:27:43,517: ProcessMonitor.register[safety_monitor-10] complete
[roslaunch][INFO] 2026-08-30 08:27:43,577: ... registered process [safety_monitor-10]
[roslaunch][INFO] 2026-08-30 08:27:43,577: process[safety_monitor-10]: starting os process
[roslaunch][INFO] 2026-08-30 08:27:43,578: process[safety_monitor-10]: start w/ args [['/root/catkin_ws/devel/lib/drone_control/safety_monitor.py', '__name:=safety_monitor', '__log:=/root/.ros/log/aa7e5a34-a44c-11f1-82c5-1a78306416a9/safety_monitor-10.log']]
[roslaunch][INFO] 2026-08-30 08:27:43,578: process[safety_monitor-10]: cwd will be [/root/.ros]
[roslaunch][INFO] 2026-08-30 08:27:43,602: process[safety_monitor-10]: started with pid [97]
[roslaunch][INFO] 2026-08-30 08:27:43,603: ... successfully launched [safety_monitor-10]
[roslaunch][INFO] 2026-08-30 08:27:43,603: ... preparing to launch node of type [drone_control/system_health_monitor.py]
[roslaunch][INFO] 2026-08-30 08:27:43,603: create_node_process: package[drone_control] type[system_health_monitor.py] machine[Machine(name[] env_loader[None] address[localhost] ssh_port[22] user[None] assignable[True] timeout[10.0])] master_uri[http://localhost:11311]
[roslaunch][INFO] 2026-08-30 08:27:43,604: process[system_health_monitor-11]: env[{'ROS_VERSION': '1', 'PYTHONUNBUFFERED': '1', 'PKG_CONFIG_PATH': '/root/catkin_ws/devel/lib/pkgconfig:/opt/ros/noetic/lib/pkgconfig', 'ROS_PYTHON_VERSION': '3', 'HOSTNAME': 'kamikaze', 'ROS_PACKAGE_PATH': '/root/catkin_ws/src:/opt/ros/noetic/share', 'ROSLISP_PACKAGE_DIRECTORIES': '/root/catkin_ws/devel/share/common-lisp', 'PWD': '/root/catkin_ws', 'ENABLE_SIMULATION': 'false', 'ROS_IP': '127.0.0.1', 'HOME': '/root', 'LANG': 'C.UTF-8', 'ROS_ETC_DIR': '/opt/ros/noetic/etc/ros', 'CMAKE_PREFIX_PATH': '/root/catkin_ws/devel:/opt/ros/noetic', 'PYTHONPATH': '/root/catkin_ws/devel/lib/python3/dist-packages:/root/catkin_ws/devel/lib/python3/dist-packages:/opt/ros/noetic/lib/python3/dist-packages', 'DISPLAY': ':0', 'SHLVL': '0', 'ROS_MASTER_URI': 'http://localhost:11311', 'ROS_HOSTNAME': 'localhost', 'LD_LIBRARY_PATH': '/root/catkin_ws/devel/lib:/opt/ros/noetic/lib', 'ENABLE_PERFORMANCE_MONITORING': 'true', 'LC_ALL': 'C.UTF-8', 'PATH': '/opt/ros/noetic/bin:/usr/local/sbin:/usr/local/bin:/usr/sbin:/usr/bin:/sbin:/bin', 'DEBIAN_FRONTEND': 'noninteractive', 'ROS_ROOT': '/opt/ros/noetic/share/ros', 'ROS_DISTRO': 'noetic', 'QT_X11_NO_MITSHM': '1', 'ENABLE_GUI': 'false', 'ROS_LOG_FILENAME': '/root/.ros/log/aa7e5a34-a44c-11f1-82c5-1a78306416a9/roslaunch-kamikaze-1.log'}]
[roslaunch][INFO] 2026-08-30 08:27:43,611: process[system_health_monitor-11]: args[['/root/catkin_ws/devel/lib/drone_control/system_health_monitor.py', '__name:=system_health_monitor']]
[roslaunch][INFO] 2026-08-30 08:27:43,611: ... created process [system_health_monitor-11]
[roslaunch.pmon][INFO] 2026-08-30 08:27:43,666: ProcessMonitor.register[system_health_monitor-11]
[roslaunch.pmon][INFO] 2026-08-30 08:27:43,667: ProcessMonitor.register[system_health_monitor-11] complete
[roslaunch][INFO] 2026-08-30 08:27:43,667: ... registered process [system_health_monitor-11]
[roslaunch][INFO] 2026-08-30 08:27:43,667: process[system_health_monitor-11]: starting os process
[roslaunch][INFO] 2026-08-30 08:27:43,674: process[system_health_monitor-11]: start w/ args [['/root/catkin_ws/devel/lib/drone_control/system_health_monitor.py', '__name:=system_health_monitor', '__log:=/root/.ros/log/aa7e5a34-a44c-11f1-82c5-1a78306416a9/system_health_monitor-11.log']]
[roslaunch][INFO] 2026-08-30 08:27:43,674: process[system_health_monitor-11]: cwd will be [/root/.ros]
[roslaunch][INFO] 2026-08-30 08:27:43,705: process[system_health_monitor-11]: started with pid [98]
[roslaunch][INFO] 2026-08-30 08:27:43,706: ... successfully launched [system_health_monitor-11]
[roslaunch][INFO] 2026-08-30 08:27:43,706: ... preparing to launch node of type [drone_control/health_checker.py]
[roslaunch][INFO] 2026-08-30 08:27:43,707: create_node_process: package[drone_control] type[health_checker.py] machine[Machine(name[] env_loader[None] address[localhost] ssh_port[22] user[None] assignable[True] timeout[10.0])] master_uri[http://localhost:11311]
[roslaunch][INFO] 2026-08-30 08:27:43,707: process[health_checker-12]: env[{'ROS_VERSION': '1', 'PYTHONUNBUFFERED': '1', 'PKG_CONFIG_PATH': '/root/catkin_ws/devel/lib/pkgconfig:/opt/ros/noetic/lib/pkgconfig', 'ROS_PYTHON_VERSION': '3', 'HOSTNAME': 'kamikaze', 'ROS_PACKAGE_PATH': '/root/catkin_ws/src:/opt/ros/noetic/share', 'ROSLISP_PACKAGE_DIRECTORIES': '/root/catkin_ws/devel/share/common-lisp', 'PWD': '/root/catkin_ws', 'ENABLE_SIMULATION': 'false', 'ROS_IP': '127.0.0.1', 'HOME': '/root', 'LANG': 'C.UTF-8', 'ROS_ETC_DIR': '/opt/ros/noetic/etc/ros', 'CMAKE_PREFIX_PATH': '/root/catkin_ws/devel:/opt/ros/noetic', 'PYTHONPATH': '/root/catkin_ws/devel/lib/python3/dist-packages:/root/catkin_ws/devel/lib/python3/dist-packages:/opt/ros/noetic/lib/python3/dist-packages', 'DISPLAY': ':0', 'SHLVL': '0', 'ROS_MASTER_URI': 'http://localhost:11311', 'ROS_HOSTNAME': 'localhost', 'LD_LIBRARY_PATH': '/root/catkin_ws/devel/lib:/opt/ros/noetic/lib', 'ENABLE_PERFORMANCE_MONITORING': 'true', 'LC_ALL': 'C.UTF-8', 'PATH': '/opt/ros/noetic/bin:/usr/local/sbin:/usr/local/bin:/usr/sbin:/usr/bin:/sbin:/bin', 'DEBIAN_FRONTEND': 'noninteractive', 'ROS_ROOT': '/opt/ros/noetic/share/ros', 'ROS_DISTRO': 'noetic', 'QT_X11_NO_MITSHM': '1', 'ENABLE_GUI': 'false', 'ROS_LOG_FILENAME': '/root/.ros/log/aa7e5a34-a44c-11f1-82c5-1a78306416a9/roslaunch-kamikaze-1.log'}]
[roslaunch][INFO] 2026-08-30 08:27:43,775: process[health_checker-12]: args[['/root/catkin_ws/devel/lib/drone_control/health_checker.py', '__name:=health_checker']]
[roslaunch][INFO] 2026-08-30 08:27:43,775: ... created process [health_checker-12]
[roslaunch.pmon][INFO] 2026-08-30 08:27:43,775: ProcessMonitor.register[health_checker-12]
[roslaunch.pmon][INFO] 2026-08-30 08:27:43,776: ProcessMonitor.register[health_checker-12] complete
[roslaunch][INFO] 2026-08-30 08:27:43,776: ... registered process [health_checker-12]
[roslaunch][INFO] 2026-08-30 08:27:43,776: process[health_checker-12]: starting os process
[roslaunch][INFO] 2026-08-30 08:27:43,776: process[health_checker-12]: start w/ args [['/root/catkin_ws/devel/lib/drone_control/health_checker.py', '__name:=health_checker', '__log:=/root/.ros/log/aa7e5a34-a44c-11f1-82c5-1a78306416a9/health_checker-12.log']]
[roslaunch][INFO] 2026-08-30 08:27:43,777: process[health_checker-12]: cwd will be [/root/.ros]
[roslaunch][INFO] 2026-08-30 08:27:43,806: process[health_checker-12]: started with pid [99]
[roslaunch][INFO] 2026-08-30 08:27:43,807: ... successfully launched [health_checker-12]
[roslaunch][INFO] 2026-08-30 08:27:43,807: ... launch_nodes complete
[roslaunch.pmon][INFO] 2026-08-30 08:27:43,807: registrations completed <ProcessMonitor(ProcessMonitor-1, started daemon 140737361721088)>
[roslaunch.parent][INFO] 2026-08-30 08:27:43,807: ... roslaunch parent running, waiting for process exit
[roslaunch][INFO] 2026-08-30 08:27:43,807: spin
[roslaunch.pmon][INFO] 2026-08-30 08:34:12,400: ProcessMonitor.shutdown <ProcessMonitor(ProcessMonitor-1, started daemon 140737361721088)>
[roslaunch.pmon][INFO] 2026-08-30 08:34:12,407: ProcessMonitor._post_run <ProcessMonitor(ProcessMonitor-1, started daemon 140737361721088)>
[roslaunch.pmon][INFO] 2026-08-30 08:34:12,407: ProcessMonitor._post_run <ProcessMonitor(ProcessMonitor-1, started daemon 140737361721088)>: remaining procs are [<roslaunch.nodeprocess.LocalProcess object at 0x7ffffb734df0>, <roslaunch.nodeprocess.LocalProcess object at 0x7ffffb7348b0>, <roslaunch.nodeprocess.LocalProcess object at 0x7fffe95bb850>, <roslaunch.nodeprocess.LocalProcess object at 0x7ffffb734c70>, <roslaunch.nodeprocess.LocalProcess object at 0x7ffffb7347f0>, <roslaunch.nodeprocess.LocalProcess object at 0x7ffffb734ee0>, <roslaunch.nodeprocess.LocalProcess object at 0x7ffffb6cca30>, <roslaunch.nodeprocess.LocalProcess object at 0x7ffffb6ccd00>, <roslaunch.nodeprocess.LocalProcess object at 0x7ffffb6cc6d0>, <roslaunch.nodeprocess.LocalProcess object at 0x7ffffb6cc820>, <roslaunch.nodeprocess.LocalProcess object at 0x7ffffb6cc550>, <roslaunch.nodeprocess.LocalProcess object at 0x7ffffb6ccf10>, <roslaunch.nodeprocess.LocalProcess object at 0x7ffffb6ccca0>]
[roslaunch.pmon][INFO] 2026-08-30 08:34:12,408: ProcessMonitor exit: killing health_checker-12
[roslaunch.pmon][INFO] 2026-08-30 08:34:12,408: ProcessMonitor exit: killing system_health_monitor-11
[roslaunch][INFO] 2026-08-30 08:34:12,409: [system_health_monitor-11] killing on exit
[roslaunch][INFO] 2026-08-30 08:34:12,408: [health_checker-12] killing on exit
[roslaunch.pmon][INFO] 2026-08-30 08:34:12,409: ProcessMonitor exit: killing vehicle_state_monitor-9
[roslaunch][INFO] 2026-08-30 08:34:12,411: [vehicle_state_monitor-9] killing on exit
[roslaunch.pmon][INFO] 2026-08-30 08:34:12,408: ProcessMonitor exit: killing safety_monitor-10
[roslaunch][INFO] 2026-08-30 08:34:12,411: [safety_monitor-10] killing on exit
[roslaunch][INFO] 2026-08-30 08:34:12,412: process[safety_monitor-10]: killing os process with pid[97] pgid[97]
[roslaunch][INFO] 2026-08-30 08:34:12,411: process[health_checker-12]: killing os process with pid[99] pgid[99]
[roslaunch.pmon][INFO] 2026-08-30 08:34:12,409: ProcessMonitor exit: killing target_tracking_controller-8
[roslaunch][INFO] 2026-08-30 08:34:12,413: [target_tracking_controller-8] killing on exit
[roslaunch][INFO] 2026-08-30 08:34:12,413: process[target_tracking_controller-8]: killing os process with pid[94] pgid[94]
[roslaunch.pmon][INFO] 2026-08-30 08:34:12,411: ProcessMonitor exit: killing sensor_fusion-7
[roslaunch][INFO] 2026-08-30 08:34:12,414: [sensor_fusion-7] killing on exit
[roslaunch.pmon][INFO] 2026-08-30 08:34:12,412: ProcessMonitor exit: killing camera_calibration-5
[roslaunch][INFO] 2026-08-30 08:34:12,412: process[vehicle_state_monitor-9]: killing os process with pid[96] pgid[96]
[roslaunch][INFO] 2026-08-30 08:34:12,414: [vehicle_state_monitor-9] sending SIGINT to pgid [96]
[roslaunch][INFO] 2026-08-30 08:34:12,414: [vehicle_state_monitor-9] sent SIGINT to pgid [96]
[roslaunch][INFO] 2026-08-30 08:34:12,413: [health_checker-12] sending SIGINT to pgid [99]
[roslaunch][INFO] 2026-08-30 08:34:12,414: [health_checker-12] sent SIGINT to pgid [99]
[roslaunch.pmon][INFO] 2026-08-30 08:34:12,412: ProcessMonitor exit: killing yolo_detector-6
[roslaunch][INFO] 2026-08-30 08:34:12,415: [yolo_detector-6] killing on exit
[roslaunch][INFO] 2026-08-30 08:34:12,412: [safety_monitor-10] sending SIGINT to pgid [97]
[roslaunch][INFO] 2026-08-30 08:34:12,415: [safety_monitor-10] sent SIGINT to pgid [97]
[roslaunch][INFO] 2026-08-30 08:34:12,414: [camera_calibration-5] killing on exit
[roslaunch][INFO] 2026-08-30 08:34:12,416: process[camera_calibration-5]: killing os process with pid[88] pgid[88]
[roslaunch][INFO] 2026-08-30 08:34:12,416: [camera_calibration-5] sending SIGINT to pgid [88]
[roslaunch][INFO] 2026-08-30 08:34:12,411: process[system_health_monitor-11]: killing os process with pid[98] pgid[98]
[roslaunch][INFO] 2026-08-30 08:34:12,416: [system_health_monitor-11] sending SIGINT to pgid [98]
[roslaunch][INFO] 2026-08-30 08:34:12,414: process[sensor_fusion-7]: killing os process with pid[92] pgid[92]
[roslaunch][INFO] 2026-08-30 08:34:12,415: process[yolo_detector-6]: killing os process with pid[90] pgid[90]
[roslaunch][INFO] 2026-08-30 08:34:12,417: [yolo_detector-6] sending SIGINT to pgid [90]
[roslaunch][INFO] 2026-08-30 08:34:12,417: [yolo_detector-6] sent SIGINT to pgid [90]
[roslaunch][INFO] 2026-08-30 08:34:12,417: [sensor_fusion-7] sending SIGINT to pgid [92]
[roslaunch][INFO] 2026-08-30 08:34:12,413: [target_tracking_controller-8] sending SIGINT to pgid [94]
[roslaunch][INFO] 2026-08-30 08:34:12,416: [camera_calibration-5] sent SIGINT to pgid [88]
[roslaunch][INFO] 2026-08-30 08:34:12,417: [sensor_fusion-7] sent SIGINT to pgid [92]
[roslaunch.pmon][INFO] 2026-08-30 08:34:12,413: ProcessMonitor exit: killing command_interpreter-3
[roslaunch.pmon][INFO] 2026-08-30 08:34:12,412: ProcessMonitor exit: killing mission_manager-4
[roslaunch][INFO] 2026-08-30 08:34:12,421: [mission_manager-4] killing on exit
[roslaunch][INFO] 2026-08-30 08:34:12,418: [target_tracking_controller-8] sent SIGINT to pgid [94]
[roslaunch][INFO] 2026-08-30 08:34:12,421: [command_interpreter-3] killing on exit
[roslaunch][INFO] 2026-08-30 08:34:12,416: [system_health_monitor-11] sent SIGINT to pgid [98]
[roslaunch][INFO] 2026-08-30 08:34:12,421: process[mission_manager-4]: killing os process with pid[87] pgid[87]
[roslaunch][INFO] 2026-08-30 08:34:12,422: [mission_manager-4] sending SIGINT to pgid [87]
[roslaunch][INFO] 2026-08-30 08:34:12,422: [mission_manager-4] sent SIGINT to pgid [87]
[roslaunch][INFO] 2026-08-30 08:34:12,422: process[command_interpreter-3]: killing os process with pid[86] pgid[86]
[roslaunch][INFO] 2026-08-30 08:34:12,422: [command_interpreter-3] sending SIGINT to pgid [86]
[roslaunch][INFO] 2026-08-30 08:34:12,422: [command_interpreter-3] sent SIGINT to pgid [86]
[roslaunch][INFO] 2026-08-30 08:34:13,371: process[command_interpreter-3]: SIGINT killed with return value 0
[roslaunch.pmon][INFO] 2026-08-30 08:34:13,371: ProcessMonitor exit: killing parameter_validator-2
[roslaunch][INFO] 2026-08-30 08:34:13,372: [parameter_validator-2] killing on exit
[roslaunch][INFO] 2026-08-30 08:34:13,372: process[camera_calibration-5]: SIGINT killed with return value 0
[roslaunch][INFO] 2026-08-30 08:34:13,372: process[parameter_validator-2]: killing os process with pid[85] pgid[85]
[roslaunch][INFO] 2026-08-30 08:34:13,372: [parameter_validator-2] sending SIGINT to pgid [85]
[roslaunch][INFO] 2026-08-30 08:34:13,372: [parameter_validator-2] sent SIGINT to pgid [85]
[roslaunch][INFO] 2026-08-30 08:34:13,372: process[vehicle_state_monitor-9]: SIGINT killed with return value 0
[roslaunch][INFO] 2026-08-30 08:34:13,372: process[system_health_monitor-11]: SIGINT killed with return value 0
[roslaunch][INFO] 2026-08-30 08:34:13,373: process[safety_monitor-10]: SIGINT killed with return value 0
[roslaunch][INFO] 2026-08-30 08:34:13,476: process[sensor_fusion-7]: SIGINT killed with return value 0
[roslaunch][INFO] 2026-08-30 08:34:13,477: process[mission_manager-4]: SIGINT killed with return value 0
[roslaunch][INFO] 2026-08-30 08:34:13,480: process[health_checker-12]: SIGINT killed with return value 0
[roslaunch][INFO] 2026-08-30 08:34:13,483: process[target_tracking_controller-8]: SIGINT killed with return value 0
[roslaunch][INFO] 2026-08-30 08:34:13,877: process[yolo_detector-6]: SIGINT killed with return value 0
[roslaunch][INFO] 2026-08-30 08:34:14,102: process[parameter_validator-2]: SIGINT killed with return value 0
[roslaunch.pmon][INFO] 2026-08-30 08:34:14,102: ProcessMonitor exit: killing rosout-1
[roslaunch][INFO] 2026-08-30 08:34:14,102: [rosout-1] killing on exit
[roslaunch][INFO] 2026-08-30 08:34:14,102: process[rosout-1]: killing os process with pid[82] pgid[82]
[roslaunch][INFO] 2026-08-30 08:34:14,102: [rosout-1] sending SIGINT to pgid [82]
[roslaunch][INFO] 2026-08-30 08:34:14,102: [rosout-1] sent SIGINT to pgid [82]
[roslaunch][INFO] 2026-08-30 08:34:14,415: process[rosout-1]: SIGINT killed with return value 0
[roslaunch.pmon][INFO] 2026-08-30 08:34:14,416: ProcessMonitor exit: killing master
[roslaunch][INFO] 2026-08-30 08:34:14,416: [master] killing on exit
[roslaunch][INFO] 2026-08-30 08:34:14,416: process[master]: killing os process with pid[59] pgid[59]
[roslaunch][INFO] 2026-08-30 08:34:14,416: [master] sending SIGINT to pgid [59]
[roslaunch][INFO] 2026-08-30 08:34:14,416: [master] sent SIGINT to pgid [59]
[roslaunch][INFO] 2026-08-30 08:34:14,626: process[master]: SIGINT killed with return value 0
[roslaunch.pmon][INFO] 2026-08-30 08:34:14,626: ProcessMonitor exit: cleaning up data structures and signals
[roslaunch.pmon][INFO] 2026-08-30 08:34:14,627: ProcessMonitor exit: pmon has shutdown
[roslaunch][INFO] 2026-08-30 08:34:14,627: process monitor is done spinning, initiating full shutdown
[roslaunch][INFO] 2026-08-30 08:34:14,627: runner.stop()
[roslaunch][INFO] 2026-08-30 08:34:14,627: shutting down processing monitor...
[roslaunch][INFO] 2026-08-30 08:34:14,627: shutting down processing monitor <ProcessMonitor(ProcessMonitor-1, stopped daemon 140737361721088)>
[roslaunch.pmon][INFO] 2026-08-30 08:34:14,627: ProcessMonitor.shutdown <ProcessMonitor(ProcessMonitor-1, stopped daemon 140737361721088)>
[roslaunch][INFO] 2026-08-30 08:34:14,628: ... shutting down processing monitor complete
[roslaunch][INFO] 2026-08-30 08:34:14,628: done
[roslaunch.pmon][INFO] 2026-08-30 08:34:14,628: ProcessMonitor.shutdown <ProcessMonitor(ProcessMonitor-1, stopped daemon 140737361721088)>
[rospy.core][INFO] 2026-08-30 08:34:14,629: signal_shutdown [atexit]
