

1788078463.467080092  Node Startup
1788078467.375768661 INFO /parameter_validator [parameter_validator.py:358(ParameterValidator.validate_all_parameters)] [topics: /rosout] All parameters validated successfully
1788078467.402010679 INFO /parameter_validator [parameter_validator.py:65(ParameterValidator.__init__)] [topics: /rosout] Parameter validator initialized successfully
1788078467.785008192 INFO /mission_manager [mission_manager.py:115(MissionManager.__init__)] [topics: /safety_status, /mission_status, /tracked_targets, /drone_control/command, /rosout, /mission_manager/node_health] Mission Manager initialized
1788078467.886489868 INFO /command_interpreter [command_interpreter.py:65(CommandInterpreter.__init__)] [topics: /command_interpreter/node_health, /drone_control/command, /drone_control/command_response, /rosout] Command Interpreter initialized
1788078467.989577531 INFO /sensor_fusion [sensor_fusion.py:40(SensorFusion.__init__)] [topics: /mavros/global_position/global, /sensor_fusion/node_health, /rosout, /mavros/imu/data, /mavros/local_position/pose] Sensor Fusion initialized
1788078468.095012187 INFO /camera_calibration [camera_calibration.py:29(CameraCalibration.__init__)] [topics: /camera/camera_info, /rosout, /tf] Camera calibration node started
1788078468.214870214 INFO /vehicle_state_monitor [vehicle_state_monitor.py:83(VehicleStateMonitor.__init__)] [topics: /diagnostic_status, /mavros/battery, /mavros/local_position/velocity, /rosout, /mavros/state, /drone_status, /vehicle_state_monitor/node_health, /battery_percentage] Vehicle State Monitor started
1788078468.101547718 INFO /system_health_monitor [system_health_monitor.py:77(SystemHealthMonitor.__init__)] [topics: /health/check_all, /performance_metrics, /diagnostic_status, /system_alert, /system_health, /rosout] System Health Monitor initialized
1788078468.381356239 INFO /health_checker [health_checker.py:58(HealthChecker.__init__)] [topics: /command_interpreter/node_health, /mission_manager/node_health, /target_tracking_controller/node_health, /safety_monitor/node_health, /vehicle_state_monitor/node_health, /yolo_detector/node_health, /system_health, /rosout] Health Checker initialized
1788078468.621356248 INFO /safety_monitor [safety_monitor.py:78(SafetyMonitor.__init__)] [topics: /safety_status, /rosout, /safety_monitor/node_health, /mavros/local_position/pose, /mavros/local_position/velocity, /mavros/state, /emergency_triggered] Health publisher: /safety_monitor/node_health
1788078472.378642797 WARN /target_tracking_controller [target_tracking_controller.py:103(TargetTrackingController.__init__)] [topics: /mavros/local_position/odom, /mission_status, /rosout, /mavros/state, /mavros/setpoint_raw/local, /detected_objects, /tracked_targets, /mavros/setpoint_velocity/cmd_vel_unstamped, /target_tracking_controller/node_health] MAVROS set_mode service not available: timeout exceeded while waiting for service /mavros/set_mode
1788078473.379176616 WARN /health_checker [health_checker.py:90(HealthChecker._check_health)] [topics: /command_interpreter/node_health, /mission_manager/node_health, /target_tracking_controller/node_health, /safety_monitor/node_health, /vehicle_state_monitor/node_health, /yolo_detector/node_health, /system_health, /rosout] Unhealthy nodes: 2
1788078473.382025480 WARN /health_checker [health_checker.py:92(HealthChecker._check_health)] [topics: /command_interpreter/node_health, /mission_manager/node_health, /target_tracking_controller/node_health, /safety_monitor/node_health, /vehicle_state_monitor/node_health, /yolo_detector/node_health, /system_health, /rosout]   yolo_detector: No health report
1788078473.385609865 WARN /health_checker [health_checker.py:92(HealthChecker._check_health)] [topics: /command_interpreter/node_health, /mission_manager/node_health, /target_tracking_controller/node_health, /safety_monitor/node_health, /vehicle_state_monitor/node_health, /yolo_detector/node_health, /system_health, /rosout]   target_tracking_controller: No health report
1788078474.508640050 WARN /target_tracking_controller [target_tracking_controller.py:110(TargetTrackingController.__init__)] [topics: /mavros/local_position/odom, /mission_status, /rosout, /mavros/state, /mavros/setpoint_raw/local, /detected_objects, /tracked_targets, /mavros/setpoint_velocity/cmd_vel_unstamped, /target_tracking_controller/node_health] MAVROS arming service not available: timeout exceeded while waiting for service /mavros/cmd/arming
1788078474.510863780 INFO /target_tracking_controller [target_tracking_controller.py:126(TargetTrackingController.__init__)] [topics: /mavros/local_position/odom, /mission_status, /rosout, /mavros/state, /mavros/setpoint_raw/local, /detected_objects, /tracked_targets, /mavros/setpoint_velocity/cmd_vel_unstamped, /target_tracking_controller/node_health] Target Tracking Controller started in SEARCHING mode
1788078474.837048053 INFO /yolo_detector [yolo_detector.py:102(YOLODetector._load_model)] [topics: /yolo_detector/node_health, /drone_control/command, /rosout, /command_response, /mission_status] Loading YOLO model from: /PX4-Autopilot/yolov8s.pt
1788078475.209370613 INFO /yolo_detector [yolo_detector.py:121(YOLODetector._load_model)] [topics: /yolo_detector/node_health, /drone_control/command, /rosout, /command_response, /mission_status] YOLO model loaded successfully!
1788078475.214088439 INFO /yolo_detector [yolo_detector.py:96(YOLODetector.__init__)] [topics: /detected_objects, /drone_control/command, /yolo_detector/node_health, /rosout, /camera/color/image_raw, /command_response, /mission_status] YOLO Detector initialized in production mode
1788078475.215481519 INFO /yolo_detector [yolo_detector.py:97(YOLODetector.__init__)] [topics: /detected_objects, /drone_control/command, /yolo_detector/node_health, /rosout, /camera/color/image_raw, /command_response, /mission_status] Vehicle classes: [2, 3, 5, 6, 7]
1788078490.414703369 INFO /performance_monitor [performance_monitor.py:100(PerformanceMonitor.__init__)] [topics: /performance/alert, /performance/benchmark, /performance/command, /diagnostic_status, /rosout, /performance/benchmark_results, /performance/metrics] Performance Monitor initialized
1788078492.423446178 INFO /performance_monitor [performance_monitor.py:113(PerformanceMonitor.start_monitoring)] [topics: /performance/alert, /performance/benchmark, /performance/command, /diagnostic_status, /rosout, /performance/benchmark_results, /performance/metrics] Performance monitoring started
1788078494.419661283 INFO /performance_monitor [performance_monitor.py:113(PerformanceMonitor.start_monitoring)] [topics: /performance/alert, /performance/benchmark, /performance/command, /diagnostic_status, /rosout, /performance/benchmark_results, /performance/metrics] Performance monitoring started
1788078496.420922994 INFO /performance_monitor [performance_monitor.py:113(PerformanceMonitor.start_monitoring)] [topics: /performance/alert, /performance/benchmark, /performance/command, /diagnostic_status, /rosout, /performance/benchmark_results, /performance/metrics] Performance monitoring started
1788078497.434101581 INFO /performance_monitor [performance_monitor.py:368(PerformanceMonitor.benchmark_fps)] [topics: /performance/alert, /performance/benchmark, /performance/command, /diagnostic_status, /rosout, /performance/benchmark_results, /performance/metrics] Running FPS benchmark...
1788078498.422214746 INFO /performance_monitor [performance_monitor.py:113(PerformanceMonitor.start_monitoring)] [topics: /performance/alert, /performance/benchmark, /performance/command, /diagnostic_status, /rosout, /performance/benchmark_results, /performance/metrics] Performance monitoring started
1788078499.428172826 INFO /performance_monitor [performance_monitor.py:368(PerformanceMonitor.benchmark_fps)] [topics: /performance/alert, /performance/benchmark, /performance/command, /diagnostic_status, /rosout, /performance/benchmark_results, /performance/metrics] Running FPS benchmark...
1788078500.421407699 INFO /performance_monitor [performance_monitor.py:113(PerformanceMonitor.start_monitoring)] [topics: /performance/alert, /performance/benchmark, /performance/command, /diagnostic_status, /rosout, /performance/benchmark_results, /performance/metrics] Performance monitoring started
1788078501.433621644 INFO /performance_monitor [performance_monitor.py:368(PerformanceMonitor.benchmark_fps)] [topics: /performance/alert, /performance/benchmark, /performance/command, /diagnostic_status, /rosout, /performance/benchmark_results, /performance/metrics] Running FPS benchmark...
1788078502.418278694 INFO /performance_monitor [performance_monitor.py:113(PerformanceMonitor.start_monitoring)] [topics: /performance/alert, /performance/benchmark, /performance/command, /diagnostic_status, /rosout, /performance/benchmark_results, /performance/metrics] Performance monitoring started
1788078502.437953472 INFO /performance_monitor [performance_monitor.py:401(PerformanceMonitor.benchmark_cpu)] [topics: /performance/alert, /performance/benchmark, /performance/command, /diagnostic_status, /rosout, /performance/benchmark_results, /performance/metrics] Running CPU benchmark...
1788078503.446304082 INFO /performance_monitor [performance_monitor.py:368(PerformanceMonitor.benchmark_fps)] [topics: /performance/alert, /performance/benchmark, /performance/command, /diagnostic_status, /rosout, /performance/benchmark_results, /performance/metrics] Running FPS benchmark...
1788078503.662015914 INFO /performance_monitor [performance_monitor.py:425(PerformanceMonitor.benchmark_memory)] [topics: /performance/alert, /performance/benchmark, /performance/command, /diagnostic_status, /rosout, /performance/benchmark_results, /performance/metrics] Running memory benchmark...
1788078504.405214548 INFO /performance_monitor [performance_monitor.py:461(PerformanceMonitor.benchmark_network)] [topics: /performance/alert, /performance/benchmark, /performance/command, /diagnostic_status, /rosout, /performance/benchmark_results, /performance/metrics] Running network benchmark...
1788078504.418428182 INFO /performance_monitor [performance_monitor.py:113(PerformanceMonitor.start_monitoring)] [topics: /performance/alert, /performance/benchmark, /performance/command, /diagnostic_status, /rosout, /performance/benchmark_results, /performance/metrics] Performance monitoring started
1788078504.430603027 INFO /performance_monitor [performance_monitor.py:401(PerformanceMonitor.benchmark_cpu)] [topics: /performance/alert, /performance/benchmark, /performance/command, /diagnostic_status, /rosout, /performance/benchmark_results, /performance/metrics] Running CPU benchmark...
