[rospy.client][INFO] 2026-08-30 08:27:48,488: init_node, name[/safety_monitor], pid[97]
[xmlrpc][INFO] 2026-08-30 08:27:48,495: XML-RPC server binding to 127.0.0.1:0
[xmlrpc][INFO] 2026-08-30 08:27:48,500: Started XML-RPC server [http://localhost:42091/]
[rospy.impl.masterslave][INFO] 2026-08-30 08:27:48,501: _ready: http://localhost:42091/
[rospy.registration][INFO] 2026-08-30 08:27:48,502: Registering with master node http://localhost:11311
[rospy.init][INFO] 2026-08-30 08:27:48,503: ROS Slave URI: [http://localhost:42091/]
[xmlrpc][INFO] 2026-08-30 08:27:48,503: xml rpc node: starting XML-RPC server
[rospy.init][INFO] 2026-08-30 08:27:48,504: registered with master
[rospy.rosout][INFO] 2026-08-30 08:27:48,505: initializing /rosout core topic
[rospy.rosout][INFO] 2026-08-30 08:27:48,530: connected to core topic /rosout
[rospy.simtime][INFO] 2026-08-30 08:27:48,562: /use_sim_time is not set, will not subscribe to simulated time [/clock] topic
[rosout][INFO] 2026-08-30 08:27:48,613: Safety Monitor initialized
[rosout][INFO] 2026-08-30 08:27:48,618: Health publisher: /safety_monitor/node_health
[rospy.internal][INFO] 2026-08-30 08:27:48,699: topic[/safety_monitor/node_health] adding connection to [/health_checker], count 0
[rospy.internal][INFO] 2026-08-30 08:27:48,709: topic[/safety_status] adding connection to [/mission_manager], count 0
[rospy.internal][INFO] 2026-08-30 08:27:48,789: topic[/rosout] adding connection to [/rosout], count 0
[rospy.core][INFO] 2026-08-30 08:34:12,416: signal_shutdown [signal-2]
[rospy.internal][INFO] 2026-08-30 08:34:12,456: topic[/rosout] removing connection to /rosout
[rospy.internal][INFO] 2026-08-30 08:34:12,457: topic[/safety_status] removing connection to /mission_manager
[rospy.internal][INFO] 2026-08-30 08:34:12,457: topic[/safety_monitor/node_health] removing connection to /health_checker
[rospy.impl.masterslave][INFO] 2026-08-30 08:34:12,458: signal-2
[rospy.core][INFO] 2026-08-30 08:34:13,068: signal_shutdown [atexit]
