[rospy.client][INFO] 2026-08-30 08:27:50,141: init_node, name[/target_tracking_controller], pid[94]
[xmlrpc][INFO] 2026-08-30 08:27:50,146: XML-RPC server binding to 127.0.0.1:0
[xmlrpc][INFO] 2026-08-30 08:27:50,150: Started XML-RPC server [http://localhost:39005/]
[rospy.impl.masterslave][INFO] 2026-08-30 08:27:50,151: _ready: http://localhost:39005/
[rospy.registration][INFO] 2026-08-30 08:27:50,153: Registering with master node http://localhost:11311
[rospy.init][INFO] 2026-08-30 08:27:50,154: ROS Slave URI: [http://localhost:39005/]
[rospy.init][INFO] 2026-08-30 08:27:50,155: registered with master
[xmlrpc][INFO] 2026-08-30 08:27:50,154: xml rpc node: starting XML-RPC server
[rospy.rosout][INFO] 2026-08-30 08:27:50,155: initializing /rosout core topic
[rospy.rosout][INFO] 2026-08-30 08:27:50,186: connected to core topic /rosout
[rospy.simtime][INFO] 2026-08-30 08:27:50,189: /use_sim_time is not set, will not subscribe to simulated time [/clock] topic
[rospy.internal][INFO] 2026-08-30 08:27:50,239: topic[/mission_status] adding connection to [http://localhost:42537/], count 0
[rospy.internal][INFO] 2026-08-30 08:27:50,307: topic[/tracked_targets] adding connection to [/mission_manager], count 0
[rospy.internal][INFO] 2026-08-30 08:27:50,329: topic[/target_tracking_controller/node_health] adding connection to [/health_checker], count 0
[rospy.internal][INFO] 2026-08-30 08:27:50,407: topic[/rosout] adding connection to [/rosout], count 0
[rosout][WARNING] 2026-08-30 08:27:52,376: MAVROS set_mode service not available: timeout exceeded while waiting for service /mavros/set_mode
[rosout][WARNING] 2026-08-30 08:27:54,506: MAVROS arming service not available: timeout exceeded while waiting for service /mavros/cmd/arming
[rosout][INFO] 2026-08-30 08:27:54,509: Target Tracking Controller started in SEARCHING mode
[rospy.internal][INFO] 2026-08-30 08:27:55,309: topic[/detected_objects] adding connection to [http://localhost:44663/], count 0
[rospy.core][INFO] 2026-08-30 08:34:12,418: signal_shutdown [signal-2]
[rospy.internal][INFO] 2026-08-30 08:34:12,449: topic[/mission_status] removing connection to http://localhost:42537/
[rospy.internal][INFO] 2026-08-30 08:34:12,473: topic[/rosout] removing connection to /rosout
[rospy.internal][INFO] 2026-08-30 08:34:12,473: topic[/tracked_targets] removing connection to /mission_manager
[rospy.internal][INFO] 2026-08-30 08:34:12,474: topic[/detected_objects] removing connection to http://localhost:44663/
[rospy.internal][INFO] 2026-08-30 08:34:12,475: topic[/target_tracking_controller/node_health] removing connection to /health_checker
[rospy.impl.masterslave][INFO] 2026-08-30 08:34:12,475: signal-2
[rospy.core][INFO] 2026-08-30 08:34:13,077: signal_shutdown [atexit]
