[rospy.client][INFO] 2026-08-30 08:27:54,810: init_node, name[/yolo_detector], pid[90]
[xmlrpc][INFO] 2026-08-30 08:27:54,813: XML-RPC server binding to 127.0.0.1:0
[xmlrpc][INFO] 2026-08-30 08:27:54,814: Started XML-RPC server [http://localhost:44663/]
[rospy.impl.masterslave][INFO] 2026-08-30 08:27:54,814: _ready: http://localhost:44663/
[rospy.registration][INFO] 2026-08-30 08:27:54,816: Registering with master node http://localhost:11311
[xmlrpc][INFO] 2026-08-30 08:27:54,816: xml rpc node: starting XML-RPC server
[rospy.init][INFO] 2026-08-30 08:27:54,816: ROS Slave URI: [http://localhost:44663/]
[rospy.init][INFO] 2026-08-30 08:27:54,817: registered with master
[rospy.rosout][INFO] 2026-08-30 08:27:54,817: initializing /rosout core topic
[rospy.rosout][INFO] 2026-08-30 08:27:54,821: connected to core topic /rosout
[rospy.simtime][INFO] 2026-08-30 08:27:54,822: /use_sim_time is not set, will not subscribe to simulated time [/clock] topic
[rosout][INFO] 2026-08-30 08:27:54,835: Loading YOLO model from: /PX4-Autopilot/yolov8s.pt
[rospy.internal][INFO] 2026-08-30 08:27:54,843: topic[/mission_status] adding connection to [http://localhost:42537/], count 0
[rospy.internal][INFO] 2026-08-30 08:27:54,908: topic[/yolo_detector/node_health] adding connection to [/health_checker], count 0
[rospy.internal][INFO] 2026-08-30 08:27:55,107: topic[/rosout] adding connection to [/rosout], count 0
[rosout][INFO] 2026-08-30 08:27:55,207: YOLO model loaded successfully!
[rosout][INFO] 2026-08-30 08:27:55,212: YOLO Detector initialized in production mode
[rosout][INFO] 2026-08-30 08:27:55,214: Vehicle classes: [2, 3, 5, 6, 7]
[rospy.internal][INFO] 2026-08-30 08:27:55,311: topic[/detected_objects] adding connection to [/target_tracking_controller], count 0
[rospy.core][INFO] 2026-08-30 08:34:12,418: signal_shutdown [signal-2]
[rospy.internal][INFO] 2026-08-30 08:34:12,444: topic[/mission_status] removing connection to http://localhost:42537/
[rospy.internal][INFO] 2026-08-30 08:34:12,472: topic[/rosout] removing connection to /rosout
[rospy.internal][INFO] 2026-08-30 08:34:12,473: topic[/yolo_detector/node_health] removing connection to /health_checker
[rospy.internal][INFO] 2026-08-30 08:34:12,473: topic[/detected_objects] removing connection to /target_tracking_controller
[rospy.impl.masterslave][INFO] 2026-08-30 08:34:12,473: signal-2
[rospy.core][INFO] 2026-08-30 08:34:13,087: signal_shutdown [atexit]
