[rospy.client][INFO] 2026-08-30 00:23:02,681: init_node, name[/health_checker], pid[116]
[xmlrpc][INFO] 2026-08-30 00:23:02,687: XML-RPC server binding to 127.0.0.1:0
[xmlrpc][INFO] 2026-08-30 00:23:02,691: Started XML-RPC server [http://localhost:46783/]
[rospy.init][INFO] 2026-08-30 00:23:02,692: ROS Slave URI: [http://localhost:46783/]
[rospy.impl.masterslave][INFO] 2026-08-30 00:23:02,693: _ready: http://localhost:46783/
[rospy.registration][INFO] 2026-08-30 00:23:02,695: Registering with master node http://localhost:11311
[xmlrpc][INFO] 2026-08-30 00:23:02,696: xml rpc node: starting XML-RPC server
[rospy.init][INFO] 2026-08-30 00:23:02,800: registered with master
[rospy.rosout][INFO] 2026-08-30 00:23:02,801: initializing /rosout core topic
[rospy.rosout][INFO] 2026-08-30 00:23:02,837: connected to core topic /rosout
[rospy.simtime][INFO] 2026-08-30 00:23:02,841: /use_sim_time is not set, will not subscribe to simulated time [/clock] topic
[rospy.internal][INFO] 2026-08-30 00:23:02,918: topic[/vehicle_state_monitor/node_health] adding connection to [http://localhost:44507/], count 0
[rospy.internal][INFO] 2026-08-30 00:23:02,945: topic[/mission_manager/node_health] adding connection to [http://localhost:40355/], count 0
[rospy.internal][INFO] 2026-08-30 00:23:02,957: topic[/command_interpreter/node_health] adding connection to [http://localhost:40029/], count 0
[rosout][INFO] 2026-08-30 00:23:02,960: Health Checker initialized
[rospy.internal][INFO] 2026-08-30 00:23:02,995: topic[/safety_monitor/node_health] adding connection to [http://localhost:43021/], count 0
[rospy.internal][INFO] 2026-08-30 00:23:03,037: topic[/rosout] adding connection to [/rosout], count 0
[rospy.internal][INFO] 2026-08-30 00:23:03,730: topic[/target_tracking_controller/node_health] adding connection to [http://localhost:44311/], count 0
[rospy.internal][INFO] 2026-08-30 00:23:07,639: topic[/yolo_detector/node_health] adding connection to [http://localhost:42905/], count 0
[rosout][WARNING] 2026-08-30 00:23:07,968: Unhealthy nodes: 2
[rosout][WARNING] 2026-08-30 00:23:07,970:   yolo_detector: No health report
[rosout][WARNING] 2026-08-30 00:23:07,972:   target_tracking_controller: No health report
[rosout][WARNING] 2026-08-30 00:28:28,522: Unhealthy nodes: 1
[rosout][WARNING] 2026-08-30 00:28:28,525:   mission_manager: Timeout (11.2s)
[rosout][WARNING] 2026-08-30 00:28:28,529: Unhealthy nodes: 1
[rosout][WARNING] 2026-08-30 00:28:28,532:   mission_manager: Timeout (11.2s)
[rosout][WARNING] 2026-08-30 00:28:28,534: Unhealthy nodes: 1
[rosout][WARNING] 2026-08-30 00:28:28,536:   mission_manager: Timeout (11.2s)
[rosout][WARNING] 2026-08-30 02:16:30,880: Unhealthy nodes: 4
[rosout][WARNING] 2026-08-30 02:16:30,910:   yolo_detector: Timeout (6418.8s)
[rosout][WARNING] 2026-08-30 02:16:30,919:   vehicle_state_monitor: Timeout (6418.8s)
[rosout][WARNING] 2026-08-30 02:16:30,940:   mission_manager: Timeout (6419.0s)
[rosout][WARNING] 2026-08-30 02:16:30,949:   command_interpreter: Timeout (6418.9s)
[rosout][WARNING] 2026-08-30 02:16:30,957: Unhealthy nodes: 3
[rosout][WARNING] 2026-08-30 02:16:30,962:   yolo_detector: Timeout (6418.8s)
[rosout][WARNING] 2026-08-30 02:16:30,966:   vehicle_state_monitor: Timeout (6418.8s)
[rosout][WARNING] 2026-08-30 02:16:30,971:   mission_manager: Timeout (6419.1s)
[rospy.core][INFO] 2026-08-30 02:32:02,058: signal_shutdown [signal-2]
[rospy.internal][INFO] 2026-08-30 02:32:02,127: topic[/command_interpreter/node_health] removing connection to http://localhost:40029/
[rospy.internal][INFO] 2026-08-30 02:32:02,158: topic[/rosout] removing connection to /rosout
[rospy.internal][INFO] 2026-08-30 02:32:02,160: topic[/yolo_detector/node_health] removing connection to http://localhost:42905/
[rospy.internal][INFO] 2026-08-30 02:32:02,161: topic[/yolo_detector/node_health] removing connection to http://localhost:42905/
[rospy.internal][INFO] 2026-08-30 02:32:02,161: topic[/target_tracking_controller/node_health] removing connection to http://localhost:44311/
[rospy.internal][INFO] 2026-08-30 02:32:02,162: topic[/vehicle_state_monitor/node_health] removing connection to http://localhost:44507/
[rospy.internal][INFO] 2026-08-30 02:32:02,162: topic[/mission_manager/node_health] removing connection to http://localhost:40355/
[rospy.internal][INFO] 2026-08-30 02:32:02,162: topic[/safety_monitor/node_health] removing connection to http://localhost:43021/
[rospy.impl.masterslave][INFO] 2026-08-30 02:32:02,163: signal-2
[rospy.core][INFO] 2026-08-30 02:32:02,720: signal_shutdown [atexit]
