[roslaunch][INFO] 2026-08-30 00:22:55,306: Checking log directory for disk usage. This may take a while.
Press Ctrl-C to interrupt
[roslaunch][INFO] 2026-08-30 00:22:55,394: Done checking log file disk usage. Usage is <1GB.
[roslaunch][INFO] 2026-08-30 00:22:55,397: roslaunch starting with args ['/opt/ros/noetic/bin/roslaunch', 'drone_control', 'kamikaze.launch', 'mode:=production']
[roslaunch][INFO] 2026-08-30 00:22:55,397: roslaunch env is environ({'ROS_VERSION': '1', 'PYTHONUNBUFFERED': '1', 'PKG_CONFIG_PATH': '/root/catkin_ws/devel/lib/pkgconfig:/opt/ros/noetic/lib/pkgconfig', 'ROS_PYTHON_VERSION': '3', 'HOSTNAME': 'kamikaze', 'ROS_PACKAGE_PATH': '/root/catkin_ws/src:/opt/ros/noetic/share', 'ROSLISP_PACKAGE_DIRECTORIES': '/root/catkin_ws/devel/share/common-lisp', 'PWD': '/root/catkin_ws', 'ENABLE_SIMULATION': 'false', 'ROS_IP': '127.0.0.1', 'HOME': '/root', 'LANG': 'C.UTF-8', 'ROS_ETC_DIR': '/opt/ros/noetic/etc/ros', 'CMAKE_PREFIX_PATH': '/root/catkin_ws/devel:/opt/ros/noetic', 'PYTHONPATH': '/root/catkin_ws/devel/lib/python3/dist-packages:/root/catkin_ws/devel/lib/python3/dist-packages:/opt/ros/noetic/lib/python3/dist-packages', 'DISPLAY': ':0', 'SHLVL': '0', 'ROS_MASTER_URI': 'http://localhost:11311', 'ROS_HOSTNAME': 'localhost', 'LD_LIBRARY_PATH': '/root/catkin_ws/devel/lib:/opt/ros/noetic/lib', 'ENABLE_PERFORMANCE_MONITORING': 'true', 'LC_ALL': 'C.UTF-8', 'PATH': '/opt/ros/noetic/bin:/usr/local/sbin:/usr/local/bin:/usr/sbin:/usr/bin:/sbin:/bin', 'DEBIAN_FRONTEND': 'noninteractive', 'ROS_ROOT': '/opt/ros/noetic/share/ros', 'ROS_DISTRO': 'noetic', 'QT_X11_NO_MITSHM': '1', 'ENABLE_GUI': 'false', 'ROS_LOG_FILENAME': '/root/.ros/log/f202661e-a408-11f1-96b5-1a78306416a9/roslaunch-kamikaze-1.log'})
[roslaunch][INFO] 2026-08-30 00:22:55,398: starting in server mode
[roslaunch.parent][INFO] 2026-08-30 00:22:55,398: starting roslaunch parent run
[roslaunch][INFO] 2026-08-30 00:22:55,399: loading roscore config file /opt/ros/noetic/etc/ros/roscore.xml
[roslaunch][INFO] 2026-08-30 00:22:56,234: Added core node of type [rosout/rosout] in namespace [/]
[roslaunch.config][INFO] 2026-08-30 00:22:56,237: loading config file /root/catkin_ws/src/drone_control/launch/kamikaze.launch
[roslaunch][INFO] 2026-08-30 00:22:56,419: Added node of type [drone_control/parameter_validator.py] in namespace [/]
[roslaunch][INFO] 2026-08-30 00:22:56,420: Added node of type [drone_control/command_interpreter.py] in namespace [/]
[roslaunch][INFO] 2026-08-30 00:22:56,422: Added node of type [drone_control/mission_manager.py] in namespace [/]
[roslaunch][INFO] 2026-08-30 00:22:56,423: Added node of type [drone_control/camera_calibration.py] in namespace [/]
[roslaunch][INFO] 2026-08-30 00:22:56,425: Added node of type [drone_control/yolo_detector.py] in namespace [/]
[roslaunch][INFO] 2026-08-30 00:22:56,426: Added node of type [drone_control/sensor_fusion.py] in namespace [/]
[roslaunch][INFO] 2026-08-30 00:22:56,427: Added node of type [drone_control/target_tracking_controller.py] in namespace [/]
[roslaunch][INFO] 2026-08-30 00:22:56,428: Added node of type [drone_control/vehicle_state_monitor.py] in namespace [/]
[roslaunch][INFO] 2026-08-30 00:22:56,431: Added node of type [drone_control/safety_monitor.py] in namespace [/]
[roslaunch][INFO] 2026-08-30 00:22:56,432: Added node of type [drone_control/system_health_monitor.py] in namespace [/]
[roslaunch][INFO] 2026-08-30 00:22:56,435: Added node of type [drone_control/health_checker.py] in namespace [/]
[roslaunch][INFO] 2026-08-30 00:22:56,435: ... selected machine [] for node of type [drone_control/parameter_validator.py]
[roslaunch][INFO] 2026-08-30 00:22:56,436: ... selected machine [] for node of type [drone_control/command_interpreter.py]
[roslaunch][INFO] 2026-08-30 00:22:56,436: ... selected machine [] for node of type [drone_control/mission_manager.py]
[roslaunch][INFO] 2026-08-30 00:22:56,436: ... selected machine [] for node of type [drone_control/camera_calibration.py]
[roslaunch][INFO] 2026-08-30 00:22:56,436: ... selected machine [] for node of type [drone_control/yolo_detector.py]
[roslaunch][INFO] 2026-08-30 00:22:56,436: ... selected machine [] for node of type [drone_control/sensor_fusion.py]
[roslaunch][INFO] 2026-08-30 00:22:56,436: ... selected machine [] for node of type [drone_control/target_tracking_controller.py]
[roslaunch][INFO] 2026-08-30 00:22:56,436: ... selected machine [] for node of type [drone_control/vehicle_state_monitor.py]
[roslaunch][INFO] 2026-08-30 00:22:56,437: ... selected machine [] for node of type [drone_control/safety_monitor.py]
[roslaunch][INFO] 2026-08-30 00:22:56,437: ... selected machine [] for node of type [drone_control/system_health_monitor.py]
[roslaunch][INFO] 2026-08-30 00:22:56,437: ... selected machine [] for node of type [drone_control/health_checker.py]
[roslaunch.pmon][INFO] 2026-08-30 00:22:56,445: start_process_monitor: creating ProcessMonitor
[roslaunch.pmon][INFO] 2026-08-30 00:22:56,446: created process monitor <ProcessMonitor(ProcessMonitor-1, initial daemon)>
[roslaunch.pmon][INFO] 2026-08-30 00:22:56,451: start_process_monitor: ProcessMonitor started
[roslaunch.parent][INFO] 2026-08-30 00:22:56,452: starting parent XML-RPC server
[roslaunch.server][INFO] 2026-08-30 00:22:56,452: starting roslaunch XML-RPC server
[roslaunch.server][INFO] 2026-08-30 00:22:56,453: waiting for roslaunch XML-RPC server to initialize
[xmlrpc][INFO] 2026-08-30 00:22:56,453: XML-RPC server binding to 127.0.0.1:0
[xmlrpc][INFO] 2026-08-30 00:22:56,455: Started XML-RPC server [http://localhost:36203/]
[xmlrpc][INFO] 2026-08-30 00:22:56,455: xml rpc node: starting XML-RPC server
[roslaunch][INFO] 2026-08-30 00:22:56,476: started roslaunch server http://localhost:36203/
[roslaunch.parent][INFO] 2026-08-30 00:22:56,480: ... parent XML-RPC server started
[roslaunch][INFO] 2026-08-30 00:22:56,485: master.is_running[http://localhost:11311]
[roslaunch][INFO] 2026-08-30 00:22:56,493: auto-starting new master
[roslaunch][INFO] 2026-08-30 00:22:56,496: create_master_process: rosmaster, /opt/ros/noetic/share/ros, 11311, 3, None, False
[roslaunch][INFO] 2026-08-30 00:22:56,497: process[master]: launching with args [['rosmaster', '--core', '-p', '11311', '-w', '3']]
[roslaunch.pmon][INFO] 2026-08-30 00:22:56,498: ProcessMonitor.register[master]
[roslaunch.pmon][INFO] 2026-08-30 00:22:56,498: ProcessMonitor.register[master] complete
[roslaunch][INFO] 2026-08-30 00:22:56,499: process[master]: starting os process
[roslaunch][INFO] 2026-08-30 00:22:56,500: process[master]: start w/ args [['rosmaster', '--core', '-p', '11311', '-w', '3', '__log:=/root/.ros/log/f202661e-a408-11f1-96b5-1a78306416a9/master.log']]
[roslaunch][INFO] 2026-08-30 00:22:56,500: process[master]: cwd will be [/root/.ros]
[roslaunch][INFO] 2026-08-30 00:22:56,513: process[master]: started with pid [82]
[roslaunch][INFO] 2026-08-30 00:22:56,514: master.is_running[http://localhost:11311]
[roslaunch][INFO] 2026-08-30 00:22:56,621: master.is_running[http://localhost:11311]
[roslaunch][INFO] 2026-08-30 00:22:56,725: master.is_running[http://localhost:11311]
[roslaunch][INFO] 2026-08-30 00:22:56,830: master.is_running[http://localhost:11311]
[roslaunch][INFO] 2026-08-30 00:22:56,936: master.is_running[http://localhost:11311]
[roslaunch][INFO] 2026-08-30 00:22:57,039: master.is_running[http://localhost:11311]
[roslaunch][INFO] 2026-08-30 00:22:57,147: master.is_running[http://localhost:11311]
[roslaunch][INFO] 2026-08-30 00:22:57,250: master.is_running[http://localhost:11311]
[roslaunch][INFO] 2026-08-30 00:22:57,420: master.is_running[http://localhost:11311]
[roslaunch][INFO] 2026-08-30 00:22:57,537: master.is_running[http://localhost:11311]
[roslaunch][INFO] 2026-08-30 00:22:57,643: master.is_running[http://localhost:11311]
[roslaunch][INFO] 2026-08-30 00:22:57,752: master.is_running[http://localhost:11311]
[roslaunch][INFO] 2026-08-30 00:22:57,856: master.is_running[http://localhost:11311]
[roslaunch][INFO] 2026-08-30 00:22:57,867: master.is_running[http://localhost:11311]
[roslaunch][INFO] 2026-08-30 00:22:57,871: ROS_MASTER_URI=http://localhost:11311
[roslaunch][INFO] 2026-08-30 00:22:57,875: setting /run_id to f202661e-a408-11f1-96b5-1a78306416a9
[roslaunch][INFO] 2026-08-30 00:22:57,879: setting /roslaunch/uris/host_localhost__36203' to http://localhost:36203/
[roslaunch][INFO] 2026-08-30 00:22:57,886: ... preparing to launch node of type [rosout/rosout]
[roslaunch][INFO] 2026-08-30 00:22:57,887: create_node_process: package[rosout] type[rosout] machine[Machine(name[] env_loader[None] address[localhost] ssh_port[22] user[None] assignable[True] timeout[10.0])] master_uri[http://localhost:11311]
[roslaunch][INFO] 2026-08-30 00:22:57,888: process[rosout-1]: env[{'ROS_VERSION': '1', 'PYTHONUNBUFFERED': '1', 'PKG_CONFIG_PATH': '/root/catkin_ws/devel/lib/pkgconfig:/opt/ros/noetic/lib/pkgconfig', 'ROS_PYTHON_VERSION': '3', 'HOSTNAME': 'kamikaze', 'ROS_PACKAGE_PATH': '/root/catkin_ws/src:/opt/ros/noetic/share', 'ROSLISP_PACKAGE_DIRECTORIES': '/root/catkin_ws/devel/share/common-lisp', 'PWD': '/root/catkin_ws', 'ENABLE_SIMULATION': 'false', 'ROS_IP': '127.0.0.1', 'HOME': '/root', 'LANG': 'C.UTF-8', 'ROS_ETC_DIR': '/opt/ros/noetic/etc/ros', 'CMAKE_PREFIX_PATH': '/root/catkin_ws/devel:/opt/ros/noetic', 'PYTHONPATH': '/root/catkin_ws/devel/lib/python3/dist-packages:/root/catkin_ws/devel/lib/python3/dist-packages:/opt/ros/noetic/lib/python3/dist-packages', 'DISPLAY': ':0', 'SHLVL': '0', 'ROS_MASTER_URI': 'http://localhost:11311', 'ROS_HOSTNAME': 'localhost', 'LD_LIBRARY_PATH': '/root/catkin_ws/devel/lib:/opt/ros/noetic/lib', 'ENABLE_PERFORMANCE_MONITORING': 'true', 'LC_ALL': 'C.UTF-8', 'PATH': '/opt/ros/noetic/bin:/usr/local/sbin:/usr/local/bin:/usr/sbin:/usr/bin:/sbin:/bin', 'DEBIAN_FRONTEND': 'noninteractive', 'ROS_ROOT': '/opt/ros/noetic/share/ros', 'ROS_DISTRO': 'noetic', 'QT_X11_NO_MITSHM': '1', 'ENABLE_GUI': 'false', 'ROS_LOG_FILENAME': '/root/.ros/log/f202661e-a408-11f1-96b5-1a78306416a9/roslaunch-kamikaze-1.log'}]
[roslaunch][INFO] 2026-08-30 00:22:57,919: process[rosout-1]: args[['/opt/ros/noetic/lib/rosout/rosout', '__name:=rosout']]
[roslaunch][INFO] 2026-08-30 00:22:57,920: ... created process [rosout-1]
[roslaunch.pmon][INFO] 2026-08-30 00:22:57,920: ProcessMonitor.register[rosout-1]
[roslaunch.pmon][INFO] 2026-08-30 00:22:57,920: ProcessMonitor.register[rosout-1] complete
[roslaunch][INFO] 2026-08-30 00:22:57,921: ... registered process [rosout-1]
[roslaunch][INFO] 2026-08-30 00:22:57,921: process[rosout-1]: starting os process
[roslaunch][INFO] 2026-08-30 00:22:57,922: process[rosout-1]: start w/ args [['/opt/ros/noetic/lib/rosout/rosout', '__name:=rosout', '__log:=/root/.ros/log/f202661e-a408-11f1-96b5-1a78306416a9/rosout-1.log']]
[roslaunch][INFO] 2026-08-30 00:22:57,922: process[rosout-1]: cwd will be [/root/.ros]
[roslaunch][INFO] 2026-08-30 00:22:57,932: process[rosout-1]: started with pid [99]
[roslaunch][INFO] 2026-08-30 00:22:57,933: ... successfully launched [rosout-1]
[roslaunch][INFO] 2026-08-30 00:22:57,934: load_parameters starting ...
[roslaunch][INFO] 2026-08-30 00:22:58,105: ... load_parameters complete
[roslaunch][INFO] 2026-08-30 00:22:58,105: launch_nodes: launching local nodes ...
[roslaunch][INFO] 2026-08-30 00:22:58,108: ... preparing to launch node of type [drone_control/parameter_validator.py]
[roslaunch][INFO] 2026-08-30 00:22:58,108: create_node_process: package[drone_control] type[parameter_validator.py] machine[Machine(name[] env_loader[None] address[localhost] ssh_port[22] user[None] assignable[True] timeout[10.0])] master_uri[http://localhost:11311]
[roslaunch][INFO] 2026-08-30 00:22:58,109: process[parameter_validator-2]: env[{'ROS_VERSION': '1', 'PYTHONUNBUFFERED': '1', 'PKG_CONFIG_PATH': '/root/catkin_ws/devel/lib/pkgconfig:/opt/ros/noetic/lib/pkgconfig', 'ROS_PYTHON_VERSION': '3', 'HOSTNAME': 'kamikaze', 'ROS_PACKAGE_PATH': '/root/catkin_ws/src:/opt/ros/noetic/share', 'ROSLISP_PACKAGE_DIRECTORIES': '/root/catkin_ws/devel/share/common-lisp', 'PWD': '/root/catkin_ws', 'ENABLE_SIMULATION': 'false', 'ROS_IP': '127.0.0.1', 'HOME': '/root', 'LANG': 'C.UTF-8', 'ROS_ETC_DIR': '/opt/ros/noetic/etc/ros', 'CMAKE_PREFIX_PATH': '/root/catkin_ws/devel:/opt/ros/noetic', 'PYTHONPATH': '/root/catkin_ws/devel/lib/python3/dist-packages:/root/catkin_ws/devel/lib/python3/dist-packages:/opt/ros/noetic/lib/python3/dist-packages', 'DISPLAY': ':0', 'SHLVL': '0', 'ROS_MASTER_URI': 'http://localhost:11311', 'ROS_HOSTNAME': 'localhost', 'LD_LIBRARY_PATH': '/root/catkin_ws/devel/lib:/opt/ros/noetic/lib', 'ENABLE_PERFORMANCE_MONITORING': 'true', 'LC_ALL': 'C.UTF-8', 'PATH': '/opt/ros/noetic/bin:/usr/local/sbin:/usr/local/bin:/usr/sbin:/usr/bin:/sbin:/bin', 'DEBIAN_FRONTEND': 'noninteractive', 'ROS_ROOT': '/opt/ros/noetic/share/ros', 'ROS_DISTRO': 'noetic', 'QT_X11_NO_MITSHM': '1', 'ENABLE_GUI': 'false', 'ROS_LOG_FILENAME': '/root/.ros/log/f202661e-a408-11f1-96b5-1a78306416a9/roslaunch-kamikaze-1.log'}]
[roslaunch][INFO] 2026-08-30 00:22:58,112: process[parameter_validator-2]: args[['/root/catkin_ws/devel/lib/drone_control/parameter_validator.py', '__name:=parameter_validator']]
[roslaunch][INFO] 2026-08-30 00:22:58,112: ... created process [parameter_validator-2]
[roslaunch.pmon][INFO] 2026-08-30 00:22:58,112: ProcessMonitor.register[parameter_validator-2]
[roslaunch.pmon][INFO] 2026-08-30 00:22:58,112: ProcessMonitor.register[parameter_validator-2] complete
[roslaunch][INFO] 2026-08-30 00:22:58,113: ... registered process [parameter_validator-2]
[roslaunch][INFO] 2026-08-30 00:22:58,113: process[parameter_validator-2]: starting os process
[roslaunch][INFO] 2026-08-30 00:22:58,113: process[parameter_validator-2]: start w/ args [['/root/catkin_ws/devel/lib/drone_control/parameter_validator.py', '__name:=parameter_validator', '__log:=/root/.ros/log/f202661e-a408-11f1-96b5-1a78306416a9/parameter_validator-2.log']]
[roslaunch][INFO] 2026-08-30 00:22:58,113: process[parameter_validator-2]: cwd will be [/root/.ros]
[roslaunch][INFO] 2026-08-30 00:22:58,123: process[parameter_validator-2]: started with pid [104]
[roslaunch][INFO] 2026-08-30 00:22:58,123: ... successfully launched [parameter_validator-2]
[roslaunch][INFO] 2026-08-30 00:22:58,124: ... preparing to launch node of type [drone_control/command_interpreter.py]
[roslaunch][INFO] 2026-08-30 00:22:58,124: create_node_process: package[drone_control] type[command_interpreter.py] machine[Machine(name[] env_loader[None] address[localhost] ssh_port[22] user[None] assignable[True] timeout[10.0])] master_uri[http://localhost:11311]
[roslaunch][INFO] 2026-08-30 00:22:58,124: process[command_interpreter-3]: env[{'ROS_VERSION': '1', 'PYTHONUNBUFFERED': '1', 'PKG_CONFIG_PATH': '/root/catkin_ws/devel/lib/pkgconfig:/opt/ros/noetic/lib/pkgconfig', 'ROS_PYTHON_VERSION': '3', 'HOSTNAME': 'kamikaze', 'ROS_PACKAGE_PATH': '/root/catkin_ws/src:/opt/ros/noetic/share', 'ROSLISP_PACKAGE_DIRECTORIES': '/root/catkin_ws/devel/share/common-lisp', 'PWD': '/root/catkin_ws', 'ENABLE_SIMULATION': 'false', 'ROS_IP': '127.0.0.1', 'HOME': '/root', 'LANG': 'C.UTF-8', 'ROS_ETC_DIR': '/opt/ros/noetic/etc/ros', 'CMAKE_PREFIX_PATH': '/root/catkin_ws/devel:/opt/ros/noetic', 'PYTHONPATH': '/root/catkin_ws/devel/lib/python3/dist-packages:/root/catkin_ws/devel/lib/python3/dist-packages:/opt/ros/noetic/lib/python3/dist-packages', 'DISPLAY': ':0', 'SHLVL': '0', 'ROS_MASTER_URI': 'http://localhost:11311', 'ROS_HOSTNAME': 'localhost', 'LD_LIBRARY_PATH': '/root/catkin_ws/devel/lib:/opt/ros/noetic/lib', 'ENABLE_PERFORMANCE_MONITORING': 'true', 'LC_ALL': 'C.UTF-8', 'PATH': '/opt/ros/noetic/bin:/usr/local/sbin:/usr/local/bin:/usr/sbin:/usr/bin:/sbin:/bin', 'DEBIAN_FRONTEND': 'noninteractive', 'ROS_ROOT': '/opt/ros/noetic/share/ros', 'ROS_DISTRO': 'noetic', 'QT_X11_NO_MITSHM': '1', 'ENABLE_GUI': 'false', 'ROS_LOG_FILENAME': '/root/.ros/log/f202661e-a408-11f1-96b5-1a78306416a9/roslaunch-kamikaze-1.log'}]
[roslaunch][INFO] 2026-08-30 00:22:58,128: process[command_interpreter-3]: args[['/root/catkin_ws/devel/lib/drone_control/command_interpreter.py', '__name:=command_interpreter']]
[roslaunch][INFO] 2026-08-30 00:22:58,128: ... created process [command_interpreter-3]
[roslaunch.pmon][INFO] 2026-08-30 00:22:58,129: ProcessMonitor.register[command_interpreter-3]
[roslaunch.pmon][INFO] 2026-08-30 00:22:58,129: ProcessMonitor.register[command_interpreter-3] complete
[roslaunch][INFO] 2026-08-30 00:22:58,129: ... registered process [command_interpreter-3]
[roslaunch][INFO] 2026-08-30 00:22:58,129: process[command_interpreter-3]: starting os process
[roslaunch][INFO] 2026-08-30 00:22:58,129: process[command_interpreter-3]: start w/ args [['/root/catkin_ws/devel/lib/drone_control/command_interpreter.py', '__name:=command_interpreter', '__log:=/root/.ros/log/f202661e-a408-11f1-96b5-1a78306416a9/command_interpreter-3.log']]
[roslaunch][INFO] 2026-08-30 00:22:58,129: process[command_interpreter-3]: cwd will be [/root/.ros]
[roslaunch][INFO] 2026-08-30 00:22:58,142: process[command_interpreter-3]: started with pid [107]
[roslaunch][INFO] 2026-08-30 00:22:58,142: ... successfully launched [command_interpreter-3]
[roslaunch][INFO] 2026-08-30 00:22:58,143: ... preparing to launch node of type [drone_control/mission_manager.py]
[roslaunch][INFO] 2026-08-30 00:22:58,143: create_node_process: package[drone_control] type[mission_manager.py] machine[Machine(name[] env_loader[None] address[localhost] ssh_port[22] user[None] assignable[True] timeout[10.0])] master_uri[http://localhost:11311]
[roslaunch][INFO] 2026-08-30 00:22:58,143: process[mission_manager-4]: env[{'ROS_VERSION': '1', 'PYTHONUNBUFFERED': '1', 'PKG_CONFIG_PATH': '/root/catkin_ws/devel/lib/pkgconfig:/opt/ros/noetic/lib/pkgconfig', 'ROS_PYTHON_VERSION': '3', 'HOSTNAME': 'kamikaze', 'ROS_PACKAGE_PATH': '/root/catkin_ws/src:/opt/ros/noetic/share', 'ROSLISP_PACKAGE_DIRECTORIES': '/root/catkin_ws/devel/share/common-lisp', 'PWD': '/root/catkin_ws', 'ENABLE_SIMULATION': 'false', 'ROS_IP': '127.0.0.1', 'HOME': '/root', 'LANG': 'C.UTF-8', 'ROS_ETC_DIR': '/opt/ros/noetic/etc/ros', 'CMAKE_PREFIX_PATH': '/root/catkin_ws/devel:/opt/ros/noetic', 'PYTHONPATH': '/root/catkin_ws/devel/lib/python3/dist-packages:/root/catkin_ws/devel/lib/python3/dist-packages:/opt/ros/noetic/lib/python3/dist-packages', 'DISPLAY': ':0', 'SHLVL': '0', 'ROS_MASTER_URI': 'http://localhost:11311', 'ROS_HOSTNAME': 'localhost', 'LD_LIBRARY_PATH': '/root/catkin_ws/devel/lib:/opt/ros/noetic/lib', 'ENABLE_PERFORMANCE_MONITORING': 'true', 'LC_ALL': 'C.UTF-8', 'PATH': '/opt/ros/noetic/bin:/usr/local/sbin:/usr/local/bin:/usr/sbin:/usr/bin:/sbin:/bin', 'DEBIAN_FRONTEND': 'noninteractive', 'ROS_ROOT': '/opt/ros/noetic/share/ros', 'ROS_DISTRO': 'noetic', 'QT_X11_NO_MITSHM': '1', 'ENABLE_GUI': 'false', 'ROS_LOG_FILENAME': '/root/.ros/log/f202661e-a408-11f1-96b5-1a78306416a9/roslaunch-kamikaze-1.log'}]
[roslaunch][INFO] 2026-08-30 00:22:58,146: process[mission_manager-4]: args[['/root/catkin_ws/devel/lib/drone_control/mission_manager.py', '__name:=mission_manager']]
[roslaunch][INFO] 2026-08-30 00:22:58,147: ... created process [mission_manager-4]
[roslaunch.pmon][INFO] 2026-08-30 00:22:58,147: ProcessMonitor.register[mission_manager-4]
[roslaunch.pmon][INFO] 2026-08-30 00:22:58,147: ProcessMonitor.register[mission_manager-4] complete
[roslaunch][INFO] 2026-08-30 00:22:58,147: ... registered process [mission_manager-4]
[roslaunch][INFO] 2026-08-30 00:22:58,147: process[mission_manager-4]: starting os process
[roslaunch][INFO] 2026-08-30 00:22:58,147: process[mission_manager-4]: start w/ args [['/root/catkin_ws/devel/lib/drone_control/mission_manager.py', '__name:=mission_manager', '__log:=/root/.ros/log/f202661e-a408-11f1-96b5-1a78306416a9/mission_manager-4.log']]
[roslaunch][INFO] 2026-08-30 00:22:58,147: process[mission_manager-4]: cwd will be [/root/.ros]
[roslaunch][INFO] 2026-08-30 00:22:58,158: process[mission_manager-4]: started with pid [108]
[roslaunch][INFO] 2026-08-30 00:22:58,158: ... successfully launched [mission_manager-4]
[roslaunch][INFO] 2026-08-30 00:22:58,159: ... preparing to launch node of type [drone_control/camera_calibration.py]
[roslaunch][INFO] 2026-08-30 00:22:58,159: create_node_process: package[drone_control] type[camera_calibration.py] machine[Machine(name[] env_loader[None] address[localhost] ssh_port[22] user[None] assignable[True] timeout[10.0])] master_uri[http://localhost:11311]
[roslaunch][INFO] 2026-08-30 00:22:58,159: process[camera_calibration-5]: env[{'ROS_VERSION': '1', 'PYTHONUNBUFFERED': '1', 'PKG_CONFIG_PATH': '/root/catkin_ws/devel/lib/pkgconfig:/opt/ros/noetic/lib/pkgconfig', 'ROS_PYTHON_VERSION': '3', 'HOSTNAME': 'kamikaze', 'ROS_PACKAGE_PATH': '/root/catkin_ws/src:/opt/ros/noetic/share', 'ROSLISP_PACKAGE_DIRECTORIES': '/root/catkin_ws/devel/share/common-lisp', 'PWD': '/root/catkin_ws', 'ENABLE_SIMULATION': 'false', 'ROS_IP': '127.0.0.1', 'HOME': '/root', 'LANG': 'C.UTF-8', 'ROS_ETC_DIR': '/opt/ros/noetic/etc/ros', 'CMAKE_PREFIX_PATH': '/root/catkin_ws/devel:/opt/ros/noetic', 'PYTHONPATH': '/root/catkin_ws/devel/lib/python3/dist-packages:/root/catkin_ws/devel/lib/python3/dist-packages:/opt/ros/noetic/lib/python3/dist-packages', 'DISPLAY': ':0', 'SHLVL': '0', 'ROS_MASTER_URI': 'http://localhost:11311', 'ROS_HOSTNAME': 'localhost', 'LD_LIBRARY_PATH': '/root/catkin_ws/devel/lib:/opt/ros/noetic/lib', 'ENABLE_PERFORMANCE_MONITORING': 'true', 'LC_ALL': 'C.UTF-8', 'PATH': '/opt/ros/noetic/bin:/usr/local/sbin:/usr/local/bin:/usr/sbin:/usr/bin:/sbin:/bin', 'DEBIAN_FRONTEND': 'noninteractive', 'ROS_ROOT': '/opt/ros/noetic/share/ros', 'ROS_DISTRO': 'noetic', 'QT_X11_NO_MITSHM': '1', 'ENABLE_GUI': 'false', 'ROS_LOG_FILENAME': '/root/.ros/log/f202661e-a408-11f1-96b5-1a78306416a9/roslaunch-kamikaze-1.log'}]
[roslaunch][INFO] 2026-08-30 00:22:58,163: process[camera_calibration-5]: args[['/root/catkin_ws/devel/lib/drone_control/camera_calibration.py', '__name:=camera_calibration']]
[roslaunch][INFO] 2026-08-30 00:22:58,163: ... created process [camera_calibration-5]
[roslaunch.pmon][INFO] 2026-08-30 00:22:58,163: ProcessMonitor.register[camera_calibration-5]
[roslaunch.pmon][INFO] 2026-08-30 00:22:58,164: ProcessMonitor.register[camera_calibration-5] complete
[roslaunch][INFO] 2026-08-30 00:22:58,164: ... registered process [camera_calibration-5]
[roslaunch][INFO] 2026-08-30 00:22:58,164: process[camera_calibration-5]: starting os process
[roslaunch][INFO] 2026-08-30 00:22:58,164: process[camera_calibration-5]: start w/ args [['/root/catkin_ws/devel/lib/drone_control/camera_calibration.py', '__name:=camera_calibration', '__log:=/root/.ros/log/f202661e-a408-11f1-96b5-1a78306416a9/camera_calibration-5.log']]
[roslaunch][INFO] 2026-08-30 00:22:58,165: process[camera_calibration-5]: cwd will be [/root/.ros]
[roslaunch][INFO] 2026-08-30 00:22:58,173: process[camera_calibration-5]: started with pid [109]
[roslaunch][INFO] 2026-08-30 00:22:58,173: ... successfully launched [camera_calibration-5]
[roslaunch][INFO] 2026-08-30 00:22:58,174: ... preparing to launch node of type [drone_control/yolo_detector.py]
[roslaunch][INFO] 2026-08-30 00:22:58,174: create_node_process: package[drone_control] type[yolo_detector.py] machine[Machine(name[] env_loader[None] address[localhost] ssh_port[22] user[None] assignable[True] timeout[10.0])] master_uri[http://localhost:11311]
[roslaunch][INFO] 2026-08-30 00:22:58,175: process[yolo_detector-6]: env[{'ROS_VERSION': '1', 'PYTHONUNBUFFERED': '1', 'PKG_CONFIG_PATH': '/root/catkin_ws/devel/lib/pkgconfig:/opt/ros/noetic/lib/pkgconfig', 'ROS_PYTHON_VERSION': '3', 'HOSTNAME': 'kamikaze', 'ROS_PACKAGE_PATH': '/root/catkin_ws/src:/opt/ros/noetic/share', 'ROSLISP_PACKAGE_DIRECTORIES': '/root/catkin_ws/devel/share/common-lisp', 'PWD': '/root/catkin_ws', 'ENABLE_SIMULATION': 'false', 'ROS_IP': '127.0.0.1', 'HOME': '/root', 'LANG': 'C.UTF-8', 'ROS_ETC_DIR': '/opt/ros/noetic/etc/ros', 'CMAKE_PREFIX_PATH': '/root/catkin_ws/devel:/opt/ros/noetic', 'PYTHONPATH': '/root/catkin_ws/devel/lib/python3/dist-packages:/root/catkin_ws/devel/lib/python3/dist-packages:/opt/ros/noetic/lib/python3/dist-packages', 'DISPLAY': ':0', 'SHLVL': '0', 'ROS_MASTER_URI': 'http://localhost:11311', 'ROS_HOSTNAME': 'localhost', 'LD_LIBRARY_PATH': '/root/catkin_ws/devel/lib:/opt/ros/noetic/lib', 'ENABLE_PERFORMANCE_MONITORING': 'true', 'LC_ALL': 'C.UTF-8', 'PATH': '/opt/ros/noetic/bin:/usr/local/sbin:/usr/local/bin:/usr/sbin:/usr/bin:/sbin:/bin', 'DEBIAN_FRONTEND': 'noninteractive', 'ROS_ROOT': '/opt/ros/noetic/share/ros', 'ROS_DISTRO': 'noetic', 'QT_X11_NO_MITSHM': '1', 'ENABLE_GUI': 'false', 'ROS_LOG_FILENAME': '/root/.ros/log/f202661e-a408-11f1-96b5-1a78306416a9/roslaunch-kamikaze-1.log'}]
[roslaunch][INFO] 2026-08-30 00:22:58,178: process[yolo_detector-6]: args[['/root/catkin_ws/devel/lib/drone_control/yolo_detector.py', '__name:=yolo_detector']]
[roslaunch][INFO] 2026-08-30 00:22:58,178: ... created process [yolo_detector-6]
[roslaunch.pmon][INFO] 2026-08-30 00:22:58,179: ProcessMonitor.register[yolo_detector-6]
[roslaunch.pmon][INFO] 2026-08-30 00:22:58,179: ProcessMonitor.register[yolo_detector-6] complete
[roslaunch][INFO] 2026-08-30 00:22:58,179: ... registered process [yolo_detector-6]
[roslaunch][INFO] 2026-08-30 00:22:58,179: process[yolo_detector-6]: starting os process
[roslaunch][INFO] 2026-08-30 00:22:58,180: process[yolo_detector-6]: start w/ args [['/root/catkin_ws/devel/lib/drone_control/yolo_detector.py', '__name:=yolo_detector', '__log:=/root/.ros/log/f202661e-a408-11f1-96b5-1a78306416a9/yolo_detector-6.log']]
[roslaunch][INFO] 2026-08-30 00:22:58,180: process[yolo_detector-6]: cwd will be [/root/.ros]
[roslaunch][INFO] 2026-08-30 00:22:58,190: process[yolo_detector-6]: started with pid [110]
[roslaunch][INFO] 2026-08-30 00:22:58,191: ... successfully launched [yolo_detector-6]
[roslaunch][INFO] 2026-08-30 00:22:58,191: ... preparing to launch node of type [drone_control/sensor_fusion.py]
[roslaunch][INFO] 2026-08-30 00:22:58,191: create_node_process: package[drone_control] type[sensor_fusion.py] machine[Machine(name[] env_loader[None] address[localhost] ssh_port[22] user[None] assignable[True] timeout[10.0])] master_uri[http://localhost:11311]
[roslaunch][INFO] 2026-08-30 00:22:58,192: process[sensor_fusion-7]: env[{'ROS_VERSION': '1', 'PYTHONUNBUFFERED': '1', 'PKG_CONFIG_PATH': '/root/catkin_ws/devel/lib/pkgconfig:/opt/ros/noetic/lib/pkgconfig', 'ROS_PYTHON_VERSION': '3', 'HOSTNAME': 'kamikaze', 'ROS_PACKAGE_PATH': '/root/catkin_ws/src:/opt/ros/noetic/share', 'ROSLISP_PACKAGE_DIRECTORIES': '/root/catkin_ws/devel/share/common-lisp', 'PWD': '/root/catkin_ws', 'ENABLE_SIMULATION': 'false', 'ROS_IP': '127.0.0.1', 'HOME': '/root', 'LANG': 'C.UTF-8', 'ROS_ETC_DIR': '/opt/ros/noetic/etc/ros', 'CMAKE_PREFIX_PATH': '/root/catkin_ws/devel:/opt/ros/noetic', 'PYTHONPATH': '/root/catkin_ws/devel/lib/python3/dist-packages:/root/catkin_ws/devel/lib/python3/dist-packages:/opt/ros/noetic/lib/python3/dist-packages', 'DISPLAY': ':0', 'SHLVL': '0', 'ROS_MASTER_URI': 'http://localhost:11311', 'ROS_HOSTNAME': 'localhost', 'LD_LIBRARY_PATH': '/root/catkin_ws/devel/lib:/opt/ros/noetic/lib', 'ENABLE_PERFORMANCE_MONITORING': 'true', 'LC_ALL': 'C.UTF-8', 'PATH': '/opt/ros/noetic/bin:/usr/local/sbin:/usr/local/bin:/usr/sbin:/usr/bin:/sbin:/bin', 'DEBIAN_FRONTEND': 'noninteractive', 'ROS_ROOT': '/opt/ros/noetic/share/ros', 'ROS_DISTRO': 'noetic', 'QT_X11_NO_MITSHM': '1', 'ENABLE_GUI': 'false', 'ROS_LOG_FILENAME': '/root/.ros/log/f202661e-a408-11f1-96b5-1a78306416a9/roslaunch-kamikaze-1.log'}]
[roslaunch][INFO] 2026-08-30 00:22:58,196: process[sensor_fusion-7]: args[['/root/catkin_ws/devel/lib/drone_control/sensor_fusion.py', '__name:=sensor_fusion']]
[roslaunch][INFO] 2026-08-30 00:22:58,197: ... created process [sensor_fusion-7]
[roslaunch.pmon][INFO] 2026-08-30 00:22:58,197: ProcessMonitor.register[sensor_fusion-7]
[roslaunch.pmon][INFO] 2026-08-30 00:22:58,197: ProcessMonitor.register[sensor_fusion-7] complete
[roslaunch][INFO] 2026-08-30 00:22:58,197: ... registered process [sensor_fusion-7]
[roslaunch][INFO] 2026-08-30 00:22:58,197: process[sensor_fusion-7]: starting os process
[roslaunch][INFO] 2026-08-30 00:22:58,198: process[sensor_fusion-7]: start w/ args [['/root/catkin_ws/devel/lib/drone_control/sensor_fusion.py', '__name:=sensor_fusion', '__log:=/root/.ros/log/f202661e-a408-11f1-96b5-1a78306416a9/sensor_fusion-7.log']]
[roslaunch][INFO] 2026-08-30 00:22:58,198: process[sensor_fusion-7]: cwd will be [/root/.ros]
[roslaunch][INFO] 2026-08-30 00:22:58,207: process[sensor_fusion-7]: started with pid [111]
[roslaunch][INFO] 2026-08-30 00:22:58,216: ... successfully launched [sensor_fusion-7]
[roslaunch][INFO] 2026-08-30 00:22:58,216: ... preparing to launch node of type [drone_control/target_tracking_controller.py]
[roslaunch][INFO] 2026-08-30 00:22:58,216: create_node_process: package[drone_control] type[target_tracking_controller.py] machine[Machine(name[] env_loader[None] address[localhost] ssh_port[22] user[None] assignable[True] timeout[10.0])] master_uri[http://localhost:11311]
[roslaunch][INFO] 2026-08-30 00:22:58,217: process[target_tracking_controller-8]: env[{'ROS_VERSION': '1', 'PYTHONUNBUFFERED': '1', 'PKG_CONFIG_PATH': '/root/catkin_ws/devel/lib/pkgconfig:/opt/ros/noetic/lib/pkgconfig', 'ROS_PYTHON_VERSION': '3', 'HOSTNAME': 'kamikaze', 'ROS_PACKAGE_PATH': '/root/catkin_ws/src:/opt/ros/noetic/share', 'ROSLISP_PACKAGE_DIRECTORIES': '/root/catkin_ws/devel/share/common-lisp', 'PWD': '/root/catkin_ws', 'ENABLE_SIMULATION': 'false', 'ROS_IP': '127.0.0.1', 'HOME': '/root', 'LANG': 'C.UTF-8', 'ROS_ETC_DIR': '/opt/ros/noetic/etc/ros', 'CMAKE_PREFIX_PATH': '/root/catkin_ws/devel:/opt/ros/noetic', 'PYTHONPATH': '/root/catkin_ws/devel/lib/python3/dist-packages:/root/catkin_ws/devel/lib/python3/dist-packages:/opt/ros/noetic/lib/python3/dist-packages', 'DISPLAY': ':0', 'SHLVL': '0', 'ROS_MASTER_URI': 'http://localhost:11311', 'ROS_HOSTNAME': 'localhost', 'LD_LIBRARY_PATH': '/root/catkin_ws/devel/lib:/opt/ros/noetic/lib', 'ENABLE_PERFORMANCE_MONITORING': 'true', 'LC_ALL': 'C.UTF-8', 'PATH': '/opt/ros/noetic/bin:/usr/local/sbin:/usr/local/bin:/usr/sbin:/usr/bin:/sbin:/bin', 'DEBIAN_FRONTEND': 'noninteractive', 'ROS_ROOT': '/opt/ros/noetic/share/ros', 'ROS_DISTRO': 'noetic', 'QT_X11_NO_MITSHM': '1', 'ENABLE_GUI': 'false', 'ROS_LOG_FILENAME': '/root/.ros/log/f202661e-a408-11f1-96b5-1a78306416a9/roslaunch-kamikaze-1.log'}]
[roslaunch][INFO] 2026-08-30 00:22:58,221: process[target_tracking_controller-8]: args[['/root/catkin_ws/devel/lib/drone_control/target_tracking_controller.py', '__name:=target_tracking_controller']]
[roslaunch][INFO] 2026-08-30 00:22:58,221: ... created process [target_tracking_controller-8]
[roslaunch.pmon][INFO] 2026-08-30 00:22:58,221: ProcessMonitor.register[target_tracking_controller-8]
[roslaunch.pmon][INFO] 2026-08-30 00:22:58,222: ProcessMonitor.register[target_tracking_controller-8] complete
[roslaunch][INFO] 2026-08-30 00:22:58,222: ... registered process [target_tracking_controller-8]
[roslaunch][INFO] 2026-08-30 00:22:58,222: process[target_tracking_controller-8]: starting os process
[roslaunch][INFO] 2026-08-30 00:22:58,222: process[target_tracking_controller-8]: start w/ args [['/root/catkin_ws/devel/lib/drone_control/target_tracking_controller.py', '__name:=target_tracking_controller', '__log:=/root/.ros/log/f202661e-a408-11f1-96b5-1a78306416a9/target_tracking_controller-8.log']]
[roslaunch][INFO] 2026-08-30 00:22:58,222: process[target_tracking_controller-8]: cwd will be [/root/.ros]
[roslaunch][INFO] 2026-08-30 00:22:58,239: process[target_tracking_controller-8]: started with pid [112]
[roslaunch][INFO] 2026-08-30 00:22:58,243: ... successfully launched [target_tracking_controller-8]
[roslaunch][INFO] 2026-08-30 00:22:58,243: ... preparing to launch node of type [drone_control/vehicle_state_monitor.py]
[roslaunch][INFO] 2026-08-30 00:22:58,244: create_node_process: package[drone_control] type[vehicle_state_monitor.py] machine[Machine(name[] env_loader[None] address[localhost] ssh_port[22] user[None] assignable[True] timeout[10.0])] master_uri[http://localhost:11311]
[roslaunch][INFO] 2026-08-30 00:22:58,244: process[vehicle_state_monitor-9]: env[{'ROS_VERSION': '1', 'PYTHONUNBUFFERED': '1', 'PKG_CONFIG_PATH': '/root/catkin_ws/devel/lib/pkgconfig:/opt/ros/noetic/lib/pkgconfig', 'ROS_PYTHON_VERSION': '3', 'HOSTNAME': 'kamikaze', 'ROS_PACKAGE_PATH': '/root/catkin_ws/src:/opt/ros/noetic/share', 'ROSLISP_PACKAGE_DIRECTORIES': '/root/catkin_ws/devel/share/common-lisp', 'PWD': '/root/catkin_ws', 'ENABLE_SIMULATION': 'false', 'ROS_IP': '127.0.0.1', 'HOME': '/root', 'LANG': 'C.UTF-8', 'ROS_ETC_DIR': '/opt/ros/noetic/etc/ros', 'CMAKE_PREFIX_PATH': '/root/catkin_ws/devel:/opt/ros/noetic', 'PYTHONPATH': '/root/catkin_ws/devel/lib/python3/dist-packages:/root/catkin_ws/devel/lib/python3/dist-packages:/opt/ros/noetic/lib/python3/dist-packages', 'DISPLAY': ':0', 'SHLVL': '0', 'ROS_MASTER_URI': 'http://localhost:11311', 'ROS_HOSTNAME': 'localhost', 'LD_LIBRARY_PATH': '/root/catkin_ws/devel/lib:/opt/ros/noetic/lib', 'ENABLE_PERFORMANCE_MONITORING': 'true', 'LC_ALL': 'C.UTF-8', 'PATH': '/opt/ros/noetic/bin:/usr/local/sbin:/usr/local/bin:/usr/sbin:/usr/bin:/sbin:/bin', 'DEBIAN_FRONTEND': 'noninteractive', 'ROS_ROOT': '/opt/ros/noetic/share/ros', 'ROS_DISTRO': 'noetic', 'QT_X11_NO_MITSHM': '1', 'ENABLE_GUI': 'false', 'ROS_LOG_FILENAME': '/root/.ros/log/f202661e-a408-11f1-96b5-1a78306416a9/roslaunch-kamikaze-1.log'}]
[roslaunch][INFO] 2026-08-30 00:22:58,255: process[vehicle_state_monitor-9]: args[['/root/catkin_ws/devel/lib/drone_control/vehicle_state_monitor.py', '__name:=vehicle_state_monitor']]
[roslaunch][INFO] 2026-08-30 00:22:58,256: ... created process [vehicle_state_monitor-9]
[roslaunch.pmon][INFO] 2026-08-30 00:22:58,256: ProcessMonitor.register[vehicle_state_monitor-9]
[roslaunch.pmon][INFO] 2026-08-30 00:22:58,257: ProcessMonitor.register[vehicle_state_monitor-9] complete
[roslaunch][INFO] 2026-08-30 00:22:58,257: ... registered process [vehicle_state_monitor-9]
[roslaunch][INFO] 2026-08-30 00:22:58,257: process[vehicle_state_monitor-9]: starting os process
[roslaunch][INFO] 2026-08-30 00:22:58,258: process[vehicle_state_monitor-9]: start w/ args [['/root/catkin_ws/devel/lib/drone_control/vehicle_state_monitor.py', '__name:=vehicle_state_monitor', '__log:=/root/.ros/log/f202661e-a408-11f1-96b5-1a78306416a9/vehicle_state_monitor-9.log']]
[roslaunch][INFO] 2026-08-30 00:22:58,258: process[vehicle_state_monitor-9]: cwd will be [/root/.ros]
[roslaunch][INFO] 2026-08-30 00:22:58,315: process[vehicle_state_monitor-9]: started with pid [113]
[roslaunch][INFO] 2026-08-30 00:22:58,320: ... successfully launched [vehicle_state_monitor-9]
[roslaunch][INFO] 2026-08-30 00:22:58,320: ... preparing to launch node of type [drone_control/safety_monitor.py]
[roslaunch][INFO] 2026-08-30 00:22:58,320: create_node_process: package[drone_control] type[safety_monitor.py] machine[Machine(name[] env_loader[None] address[localhost] ssh_port[22] user[None] assignable[True] timeout[10.0])] master_uri[http://localhost:11311]
[roslaunch][INFO] 2026-08-30 00:22:58,321: process[safety_monitor-10]: env[{'ROS_VERSION': '1', 'PYTHONUNBUFFERED': '1', 'PKG_CONFIG_PATH': '/root/catkin_ws/devel/lib/pkgconfig:/opt/ros/noetic/lib/pkgconfig', 'ROS_PYTHON_VERSION': '3', 'HOSTNAME': 'kamikaze', 'ROS_PACKAGE_PATH': '/root/catkin_ws/src:/opt/ros/noetic/share', 'ROSLISP_PACKAGE_DIRECTORIES': '/root/catkin_ws/devel/share/common-lisp', 'PWD': '/root/catkin_ws', 'ENABLE_SIMULATION': 'false', 'ROS_IP': '127.0.0.1', 'HOME': '/root', 'LANG': 'C.UTF-8', 'ROS_ETC_DIR': '/opt/ros/noetic/etc/ros', 'CMAKE_PREFIX_PATH': '/root/catkin_ws/devel:/opt/ros/noetic', 'PYTHONPATH': '/root/catkin_ws/devel/lib/python3/dist-packages:/root/catkin_ws/devel/lib/python3/dist-packages:/opt/ros/noetic/lib/python3/dist-packages', 'DISPLAY': ':0', 'SHLVL': '0', 'ROS_MASTER_URI': 'http://localhost:11311', 'ROS_HOSTNAME': 'localhost', 'LD_LIBRARY_PATH': '/root/catkin_ws/devel/lib:/opt/ros/noetic/lib', 'ENABLE_PERFORMANCE_MONITORING': 'true', 'LC_ALL': 'C.UTF-8', 'PATH': '/opt/ros/noetic/bin:/usr/local/sbin:/usr/local/bin:/usr/sbin:/usr/bin:/sbin:/bin', 'DEBIAN_FRONTEND': 'noninteractive', 'ROS_ROOT': '/opt/ros/noetic/share/ros', 'ROS_DISTRO': 'noetic', 'QT_X11_NO_MITSHM': '1', 'ENABLE_GUI': 'false', 'ROS_LOG_FILENAME': '/root/.ros/log/f202661e-a408-11f1-96b5-1a78306416a9/roslaunch-kamikaze-1.log'}]
[roslaunch][INFO] 2026-08-30 00:22:58,337: process[safety_monitor-10]: args[['/root/catkin_ws/devel/lib/drone_control/safety_monitor.py', '__name:=safety_monitor']]
[roslaunch][INFO] 2026-08-30 00:22:58,341: ... created process [safety_monitor-10]
[roslaunch.pmon][INFO] 2026-08-30 00:22:58,341: ProcessMonitor.register[safety_monitor-10]
[roslaunch.pmon][INFO] 2026-08-30 00:22:58,341: ProcessMonitor.register[safety_monitor-10] complete
[roslaunch][INFO] 2026-08-30 00:22:58,341: ... registered process [safety_monitor-10]
[roslaunch][INFO] 2026-08-30 00:22:58,342: process[safety_monitor-10]: starting os process
[roslaunch][INFO] 2026-08-30 00:22:58,353: process[safety_monitor-10]: start w/ args [['/root/catkin_ws/devel/lib/drone_control/safety_monitor.py', '__name:=safety_monitor', '__log:=/root/.ros/log/f202661e-a408-11f1-96b5-1a78306416a9/safety_monitor-10.log']]
[roslaunch][INFO] 2026-08-30 00:22:58,353: process[safety_monitor-10]: cwd will be [/root/.ros]
[roslaunch][INFO] 2026-08-30 00:22:58,419: process[safety_monitor-10]: started with pid [114]
[roslaunch][INFO] 2026-08-30 00:22:58,422: ... successfully launched [safety_monitor-10]
[roslaunch][INFO] 2026-08-30 00:22:58,422: ... preparing to launch node of type [drone_control/system_health_monitor.py]
[roslaunch][INFO] 2026-08-30 00:22:58,423: create_node_process: package[drone_control] type[system_health_monitor.py] machine[Machine(name[] env_loader[None] address[localhost] ssh_port[22] user[None] assignable[True] timeout[10.0])] master_uri[http://localhost:11311]
[roslaunch][INFO] 2026-08-30 00:22:58,428: process[system_health_monitor-11]: env[{'ROS_VERSION': '1', 'PYTHONUNBUFFERED': '1', 'PKG_CONFIG_PATH': '/root/catkin_ws/devel/lib/pkgconfig:/opt/ros/noetic/lib/pkgconfig', 'ROS_PYTHON_VERSION': '3', 'HOSTNAME': 'kamikaze', 'ROS_PACKAGE_PATH': '/root/catkin_ws/src:/opt/ros/noetic/share', 'ROSLISP_PACKAGE_DIRECTORIES': '/root/catkin_ws/devel/share/common-lisp', 'PWD': '/root/catkin_ws', 'ENABLE_SIMULATION': 'false', 'ROS_IP': '127.0.0.1', 'HOME': '/root', 'LANG': 'C.UTF-8', 'ROS_ETC_DIR': '/opt/ros/noetic/etc/ros', 'CMAKE_PREFIX_PATH': '/root/catkin_ws/devel:/opt/ros/noetic', 'PYTHONPATH': '/root/catkin_ws/devel/lib/python3/dist-packages:/root/catkin_ws/devel/lib/python3/dist-packages:/opt/ros/noetic/lib/python3/dist-packages', 'DISPLAY': ':0', 'SHLVL': '0', 'ROS_MASTER_URI': 'http://localhost:11311', 'ROS_HOSTNAME': 'localhost', 'LD_LIBRARY_PATH': '/root/catkin_ws/devel/lib:/opt/ros/noetic/lib', 'ENABLE_PERFORMANCE_MONITORING': 'true', 'LC_ALL': 'C.UTF-8', 'PATH': '/opt/ros/noetic/bin:/usr/local/sbin:/usr/local/bin:/usr/sbin:/usr/bin:/sbin:/bin', 'DEBIAN_FRONTEND': 'noninteractive', 'ROS_ROOT': '/opt/ros/noetic/share/ros', 'ROS_DISTRO': 'noetic', 'QT_X11_NO_MITSHM': '1', 'ENABLE_GUI': 'false', 'ROS_LOG_FILENAME': '/root/.ros/log/f202661e-a408-11f1-96b5-1a78306416a9/roslaunch-kamikaze-1.log'}]
[roslaunch][INFO] 2026-08-30 00:22:58,436: process[system_health_monitor-11]: args[['/root/catkin_ws/devel/lib/drone_control/system_health_monitor.py', '__name:=system_health_monitor']]
[roslaunch][INFO] 2026-08-30 00:22:58,436: ... created process [system_health_monitor-11]
[roslaunch.pmon][INFO] 2026-08-30 00:22:58,440: ProcessMonitor.register[system_health_monitor-11]
[roslaunch.pmon][INFO] 2026-08-30 00:22:58,448: ProcessMonitor.register[system_health_monitor-11] complete
[roslaunch][INFO] 2026-08-30 00:22:58,448: ... registered process [system_health_monitor-11]
[roslaunch][INFO] 2026-08-30 00:22:58,455: process[system_health_monitor-11]: starting os process
[roslaunch][INFO] 2026-08-30 00:22:58,461: process[system_health_monitor-11]: start w/ args [['/root/catkin_ws/devel/lib/drone_control/system_health_monitor.py', '__name:=system_health_monitor', '__log:=/root/.ros/log/f202661e-a408-11f1-96b5-1a78306416a9/system_health_monitor-11.log']]
[roslaunch][INFO] 2026-08-30 00:22:58,461: process[system_health_monitor-11]: cwd will be [/root/.ros]
[roslaunch][INFO] 2026-08-30 00:22:58,541: process[system_health_monitor-11]: started with pid [115]
[roslaunch][INFO] 2026-08-30 00:22:58,542: ... successfully launched [system_health_monitor-11]
[roslaunch][INFO] 2026-08-30 00:22:58,543: ... preparing to launch node of type [drone_control/health_checker.py]
[roslaunch][INFO] 2026-08-30 00:22:58,543: create_node_process: package[drone_control] type[health_checker.py] machine[Machine(name[] env_loader[None] address[localhost] ssh_port[22] user[None] assignable[True] timeout[10.0])] master_uri[http://localhost:11311]
[roslaunch][INFO] 2026-08-30 00:22:58,543: process[health_checker-12]: env[{'ROS_VERSION': '1', 'PYTHONUNBUFFERED': '1', 'PKG_CONFIG_PATH': '/root/catkin_ws/devel/lib/pkgconfig:/opt/ros/noetic/lib/pkgconfig', 'ROS_PYTHON_VERSION': '3', 'HOSTNAME': 'kamikaze', 'ROS_PACKAGE_PATH': '/root/catkin_ws/src:/opt/ros/noetic/share', 'ROSLISP_PACKAGE_DIRECTORIES': '/root/catkin_ws/devel/share/common-lisp', 'PWD': '/root/catkin_ws', 'ENABLE_SIMULATION': 'false', 'ROS_IP': '127.0.0.1', 'HOME': '/root', 'LANG': 'C.UTF-8', 'ROS_ETC_DIR': '/opt/ros/noetic/etc/ros', 'CMAKE_PREFIX_PATH': '/root/catkin_ws/devel:/opt/ros/noetic', 'PYTHONPATH': '/root/catkin_ws/devel/lib/python3/dist-packages:/root/catkin_ws/devel/lib/python3/dist-packages:/opt/ros/noetic/lib/python3/dist-packages', 'DISPLAY': ':0', 'SHLVL': '0', 'ROS_MASTER_URI': 'http://localhost:11311', 'ROS_HOSTNAME': 'localhost', 'LD_LIBRARY_PATH': '/root/catkin_ws/devel/lib:/opt/ros/noetic/lib', 'ENABLE_PERFORMANCE_MONITORING': 'true', 'LC_ALL': 'C.UTF-8', 'PATH': '/opt/ros/noetic/bin:/usr/local/sbin:/usr/local/bin:/usr/sbin:/usr/bin:/sbin:/bin', 'DEBIAN_FRONTEND': 'noninteractive', 'ROS_ROOT': '/opt/ros/noetic/share/ros', 'ROS_DISTRO': 'noetic', 'QT_X11_NO_MITSHM': '1', 'ENABLE_GUI': 'false', 'ROS_LOG_FILENAME': '/root/.ros/log/f202661e-a408-11f1-96b5-1a78306416a9/roslaunch-kamikaze-1.log'}]
[roslaunch][INFO] 2026-08-30 00:22:58,551: process[health_checker-12]: args[['/root/catkin_ws/devel/lib/drone_control/health_checker.py', '__name:=health_checker']]
[roslaunch][INFO] 2026-08-30 00:22:58,551: ... created process [health_checker-12]
[roslaunch.pmon][INFO] 2026-08-30 00:22:58,551: ProcessMonitor.register[health_checker-12]
[roslaunch.pmon][INFO] 2026-08-30 00:22:58,557: ProcessMonitor.register[health_checker-12] complete
[roslaunch][INFO] 2026-08-30 00:22:58,558: ... registered process [health_checker-12]
[roslaunch][INFO] 2026-08-30 00:22:58,559: process[health_checker-12]: starting os process
[roslaunch][INFO] 2026-08-30 00:22:58,560: process[health_checker-12]: start w/ args [['/root/catkin_ws/devel/lib/drone_control/health_checker.py', '__name:=health_checker', '__log:=/root/.ros/log/f202661e-a408-11f1-96b5-1a78306416a9/health_checker-12.log']]
[roslaunch][INFO] 2026-08-30 00:22:58,560: process[health_checker-12]: cwd will be [/root/.ros]
[roslaunch][INFO] 2026-08-30 00:22:58,630: process[health_checker-12]: started with pid [116]
[roslaunch][INFO] 2026-08-30 00:22:58,631: ... successfully launched [health_checker-12]
[roslaunch][INFO] 2026-08-30 00:22:58,631: ... launch_nodes complete
[roslaunch.pmon][INFO] 2026-08-30 00:22:58,635: registrations completed <ProcessMonitor(ProcessMonitor-1, started daemon 140737361721088)>
[roslaunch.parent][INFO] 2026-08-30 00:22:58,635: ... roslaunch parent running, waiting for process exit
[roslaunch][INFO] 2026-08-30 00:22:58,635: spin
[roslaunch.pmon][INFO] 2026-08-30 02:32:02,037: ProcessMonitor.shutdown <ProcessMonitor(ProcessMonitor-1, started daemon 140737361721088)>
[roslaunch.pmon][INFO] 2026-08-30 02:32:02,048: ProcessMonitor._post_run <ProcessMonitor(ProcessMonitor-1, started daemon 140737361721088)>
[roslaunch.pmon][INFO] 2026-08-30 02:32:02,050: ProcessMonitor._post_run <ProcessMonitor(ProcessMonitor-1, started daemon 140737361721088)>: remaining procs are [<roslaunch.nodeprocess.LocalProcess object at 0x7ffffb734df0>, <roslaunch.nodeprocess.LocalProcess object at 0x7ffffb7348b0>, <roslaunch.nodeprocess.LocalProcess object at 0x7fffe95bbcd0>, <roslaunch.nodeprocess.LocalProcess object at 0x7ffffb734e20>, <roslaunch.nodeprocess.LocalProcess object at 0x7ffffb734d30>, <roslaunch.nodeprocess.LocalProcess object at 0x7ffffb734c70>, <roslaunch.nodeprocess.LocalProcess object at 0x7ffffb6cda60>, <roslaunch.nodeprocess.LocalProcess object at 0x7ffffb6cdd00>, <roslaunch.nodeprocess.LocalProcess object at 0x7ffffb6cd6d0>, <roslaunch.nodeprocess.LocalProcess object at 0x7ffffb6cd820>, <roslaunch.nodeprocess.LocalProcess object at 0x7ffffb6cda30>, <roslaunch.nodeprocess.LocalProcess object at 0x7ffffb6cdf10>, <roslaunch.nodeprocess.LocalProcess object at 0x7ffffb6cdca0>]
[roslaunch.pmon][INFO] 2026-08-30 02:32:02,051: ProcessMonitor exit: killing health_checker-12
[roslaunch][INFO] 2026-08-30 02:32:02,052: [health_checker-12] killing on exit
[roslaunch][INFO] 2026-08-30 02:32:02,054: process[health_checker-12]: killing os process with pid[116] pgid[116]
[roslaunch][INFO] 2026-08-30 02:32:02,054: [health_checker-12] sending SIGINT to pgid [116]
[roslaunch][INFO] 2026-08-30 02:32:02,055: [health_checker-12] sent SIGINT to pgid [116]
[roslaunch.pmon][INFO] 2026-08-30 02:32:02,055: ProcessMonitor exit: killing system_health_monitor-11
[roslaunch][INFO] 2026-08-30 02:32:02,055: [system_health_monitor-11] killing on exit
[roslaunch.pmon][INFO] 2026-08-30 02:32:02,055: ProcessMonitor exit: killing safety_monitor-10
[roslaunch][INFO] 2026-08-30 02:32:02,056: [safety_monitor-10] killing on exit
[roslaunch][INFO] 2026-08-30 02:32:02,057: process[safety_monitor-10]: killing os process with pid[114] pgid[114]
[roslaunch][INFO] 2026-08-30 02:32:02,057: process[system_health_monitor-11]: killing os process with pid[115] pgid[115]
[roslaunch][INFO] 2026-08-30 02:32:02,058: [system_health_monitor-11] sending SIGINT to pgid [115]
[roslaunch.pmon][INFO] 2026-08-30 02:32:02,057: ProcessMonitor exit: killing vehicle_state_monitor-9
[roslaunch.pmon][INFO] 2026-08-30 02:32:02,058: ProcessMonitor exit: killing sensor_fusion-7
[roslaunch][INFO] 2026-08-30 02:32:02,060: [sensor_fusion-7] killing on exit
[roslaunch.pmon][INFO] 2026-08-30 02:32:02,057: ProcessMonitor exit: killing target_tracking_controller-8
[roslaunch][INFO] 2026-08-30 02:32:02,059: [system_health_monitor-11] sent SIGINT to pgid [115]
[roslaunch.pmon][INFO] 2026-08-30 02:32:02,059: ProcessMonitor exit: killing yolo_detector-6
[roslaunch][INFO] 2026-08-30 02:32:02,060: [vehicle_state_monitor-9] killing on exit
[roslaunch][INFO] 2026-08-30 02:32:02,061: [target_tracking_controller-8] killing on exit
[roslaunch][INFO] 2026-08-30 02:32:02,058: [safety_monitor-10] sending SIGINT to pgid [114]
[roslaunch][INFO] 2026-08-30 02:32:02,065: [safety_monitor-10] sent SIGINT to pgid [114]
[roslaunch.pmon][INFO] 2026-08-30 02:32:02,063: ProcessMonitor exit: killing camera_calibration-5
[roslaunch][INFO] 2026-08-30 02:32:02,064: process[vehicle_state_monitor-9]: killing os process with pid[113] pgid[113]
[roslaunch.pmon][INFO] 2026-08-30 02:32:02,064: ProcessMonitor exit: killing mission_manager-4
[roslaunch][INFO] 2026-08-30 02:32:02,068: [mission_manager-4] killing on exit
[roslaunch.pmon][INFO] 2026-08-30 02:32:02,064: ProcessMonitor exit: killing command_interpreter-3
[roslaunch][INFO] 2026-08-30 02:32:02,065: [camera_calibration-5] killing on exit
[roslaunch][INFO] 2026-08-30 02:32:02,063: process[sensor_fusion-7]: killing os process with pid[111] pgid[111]
[roslaunch][INFO] 2026-08-30 02:32:02,070: [sensor_fusion-7] sending SIGINT to pgid [111]
[roslaunch][INFO] 2026-08-30 02:32:02,070: [sensor_fusion-7] sent SIGINT to pgid [111]
[roslaunch][INFO] 2026-08-30 02:32:02,068: [vehicle_state_monitor-9] sending SIGINT to pgid [113]
[roslaunch][INFO] 2026-08-30 02:32:02,062: [yolo_detector-6] killing on exit
[roslaunch][INFO] 2026-08-30 02:32:02,073: process[yolo_detector-6]: killing os process with pid[110] pgid[110]
[roslaunch][INFO] 2026-08-30 02:32:02,066: process[target_tracking_controller-8]: killing os process with pid[112] pgid[112]
[roslaunch][INFO] 2026-08-30 02:32:02,073: [target_tracking_controller-8] sending SIGINT to pgid [112]
[roslaunch][INFO] 2026-08-30 02:32:02,068: process[mission_manager-4]: killing os process with pid[108] pgid[108]
[roslaunch][INFO] 2026-08-30 02:32:02,073: [mission_manager-4] sending SIGINT to pgid [108]
[roslaunch][INFO] 2026-08-30 02:32:02,074: [mission_manager-4] sent SIGINT to pgid [108]
[roslaunch][INFO] 2026-08-30 02:32:02,069: [command_interpreter-3] killing on exit
[roslaunch][INFO] 2026-08-30 02:32:02,073: [target_tracking_controller-8] sent SIGINT to pgid [112]
[roslaunch][INFO] 2026-08-30 02:32:02,070: process[camera_calibration-5]: killing os process with pid[109] pgid[109]
[roslaunch][INFO] 2026-08-30 02:32:02,075: [camera_calibration-5] sending SIGINT to pgid [109]
[roslaunch][INFO] 2026-08-30 02:32:02,075: [camera_calibration-5] sent SIGINT to pgid [109]
[roslaunch][INFO] 2026-08-30 02:32:02,071: [vehicle_state_monitor-9] sent SIGINT to pgid [113]
[roslaunch][INFO] 2026-08-30 02:32:02,074: process[command_interpreter-3]: killing os process with pid[107] pgid[107]
[roslaunch][INFO] 2026-08-30 02:32:02,075: [command_interpreter-3] sending SIGINT to pgid [107]
[roslaunch][INFO] 2026-08-30 02:32:02,073: [yolo_detector-6] sending SIGINT to pgid [110]
[roslaunch][INFO] 2026-08-30 02:32:02,079: [command_interpreter-3] sent SIGINT to pgid [107]
[roslaunch][INFO] 2026-08-30 02:32:02,080: [yolo_detector-6] sent SIGINT to pgid [110]
[roslaunch][INFO] 2026-08-30 02:32:02,988: process[command_interpreter-3]: SIGINT killed with return value 0
[roslaunch.pmon][INFO] 2026-08-30 02:32:02,989: ProcessMonitor exit: killing parameter_validator-2
[roslaunch][INFO] 2026-08-30 02:32:02,989: [parameter_validator-2] killing on exit
[roslaunch][INFO] 2026-08-30 02:32:02,989: process[parameter_validator-2]: killing os process with pid[104] pgid[104]
[roslaunch][INFO] 2026-08-30 02:32:03,018: [parameter_validator-2] sending SIGINT to pgid [104]
[roslaunch][INFO] 2026-08-30 02:32:03,048: [parameter_validator-2] sent SIGINT to pgid [104]
[roslaunch][INFO] 2026-08-30 02:32:03,064: process[health_checker-12]: SIGINT killed with return value 0
[roslaunch][INFO] 2026-08-30 02:32:03,072: process[system_health_monitor-11]: SIGINT killed with return value 0
[roslaunch][INFO] 2026-08-30 02:32:03,075: process[safety_monitor-10]: SIGINT killed with return value 0
[roslaunch][INFO] 2026-08-30 02:32:03,080: process[camera_calibration-5]: SIGINT killed with return value 0
[roslaunch][INFO] 2026-08-30 02:32:03,144: process[sensor_fusion-7]: SIGINT killed with return value 0
[roslaunch][INFO] 2026-08-30 02:32:03,145: process[mission_manager-4]: SIGINT killed with return value 0
[roslaunch][INFO] 2026-08-30 02:32:03,161: process[target_tracking_controller-8]: SIGINT killed with return value 0
[roslaunch][INFO] 2026-08-30 02:32:03,182: process[vehicle_state_monitor-9]: SIGINT killed with return value 0
[roslaunch][INFO] 2026-08-30 02:32:03,776: process[parameter_validator-2]: SIGINT killed with return value 0
[roslaunch][INFO] 2026-08-30 02:32:03,790: process[yolo_detector-6]: SIGINT killed with return value 0
[roslaunch.pmon][INFO] 2026-08-30 02:32:03,790: ProcessMonitor exit: killing rosout-1
[roslaunch][INFO] 2026-08-30 02:32:03,791: [rosout-1] killing on exit
[roslaunch][INFO] 2026-08-30 02:32:03,791: process[rosout-1]: killing os process with pid[99] pgid[99]
[roslaunch][INFO] 2026-08-30 02:32:03,791: [rosout-1] sending SIGINT to pgid [99]
[roslaunch][INFO] 2026-08-30 02:32:03,791: [rosout-1] sent SIGINT to pgid [99]
[roslaunch][INFO] 2026-08-30 02:32:04,099: process[rosout-1]: SIGINT killed with return value 0
[roslaunch.pmon][INFO] 2026-08-30 02:32:04,099: ProcessMonitor exit: killing master
[roslaunch][INFO] 2026-08-30 02:32:04,099: [master] killing on exit
[roslaunch][INFO] 2026-08-30 02:32:04,099: process[master]: killing os process with pid[82] pgid[82]
[roslaunch][INFO] 2026-08-30 02:32:04,099: [master] sending SIGINT to pgid [82]
[roslaunch][INFO] 2026-08-30 02:32:04,099: [master] sent SIGINT to pgid [82]
[roslaunch][INFO] 2026-08-30 02:32:04,310: process[master]: SIGINT killed with return value 0
[roslaunch.pmon][INFO] 2026-08-30 02:32:04,310: ProcessMonitor exit: cleaning up data structures and signals
[roslaunch.pmon][INFO] 2026-08-30 02:32:04,311: ProcessMonitor exit: pmon has shutdown
[roslaunch][INFO] 2026-08-30 02:32:04,311: process monitor is done spinning, initiating full shutdown
[roslaunch][INFO] 2026-08-30 02:32:04,311: runner.stop()
[roslaunch][INFO] 2026-08-30 02:32:04,311: shutting down processing monitor...
[roslaunch][INFO] 2026-08-30 02:32:04,311: shutting down processing monitor <ProcessMonitor(ProcessMonitor-1, stopped daemon 140737361721088)>
[roslaunch.pmon][INFO] 2026-08-30 02:32:04,311: ProcessMonitor.shutdown <ProcessMonitor(ProcessMonitor-1, stopped daemon 140737361721088)>
[roslaunch][INFO] 2026-08-30 02:32:04,312: ... shutting down processing monitor complete
[roslaunch][INFO] 2026-08-30 02:32:04,312: done
[roslaunch.pmon][INFO] 2026-08-30 02:32:04,312: ProcessMonitor.shutdown <ProcessMonitor(ProcessMonitor-1, stopped daemon 140737361721088)>
[rospy.core][INFO] 2026-08-30 02:32:04,313: signal_shutdown [atexit]
