logging to /root/.ros/log/f202661e-a408-11f1-96b5-1a78306416a9/rosout.log
re-publishing aggregated messages to /rosout_agg
subscribed to /rosout
Error in XmlRpcClient::writeRequest: write error (Connection reset by peer).
Error in XmlRpcClient::writeRequest: write error (Connection refused).
Error in XmlRpcClient::writeRequest: write error (Connection reset by peer).
Error in XmlRpcClient::writeRequest: write error (Connection reset by peer).
Error in XmlRpcClient::writeRequest: write error (Connection reset by peer).
Error in XmlRpcClient::writeRequest: write error (Connection reset by peer).
Error in XmlRpcClient::writeRequest: write error (Connection reset by peer).
Error in XmlRpcClient::writeRequest: write error (Connection reset by peer).
Error in XmlRpcClient::writeRequest: write error (Connection reset by peer).
Error in XmlRpcClient::writeRequest: write error (Connection reset by peer).
Error in XmlRpcClient::writeRequest: write error (Connection reset by peer).
Error in XmlRpcClient::writeRequest: write error (Connection reset by peer).
Error in XmlRpcClient::writeRequest: write error (Connection reset by peer).
Error in XmlRpcClient::writeRequest: write error (Connection reset by peer).
Error in XmlRpcClient::writeRequest: write error (Connection reset by peer).
Error in XmlRpcClient::writeRequest: write error (Connection reset by peer).
Error in XmlRpcClient::writeRequest: write error (Connection reset by peer).
Error in XmlRpcClient::writeRequest: write error (Connection reset by peer).
Error in XmlRpcClient::writeRequest: write error (Connection reset by peer).
Error in XmlRpcClient::writeRequest: write error (Connection reset by peer).
Error in XmlRpcClient::writeRequest: write error (Connection reset by peer).
