[rospy.client][INFO] 2026-08-30 00:23:02,821: init_node, name[/safety_monitor], pid[114]
[xmlrpc][INFO] 2026-08-30 00:23:02,830: XML-RPC server binding to 127.0.0.1:0
[xmlrpc][INFO] 2026-08-30 00:23:02,839: Started XML-RPC server [http://localhost:43021/]
[rospy.impl.masterslave][INFO] 2026-08-30 00:23:02,839: _ready: http://localhost:43021/
[rospy.registration][INFO] 2026-08-30 00:23:02,842: Registering with master node http://localhost:11311
[rospy.init][INFO] 2026-08-30 00:23:02,844: ROS Slave URI: [http://localhost:43021/]
[rospy.init][INFO] 2026-08-30 00:23:02,844: registered with master
[rospy.rosout][INFO] 2026-08-30 00:23:02,845: initializing /rosout core topic
[xmlrpc][INFO] 2026-08-30 00:23:02,851: xml rpc node: starting XML-RPC server
[rospy.rosout][INFO] 2026-08-30 00:23:02,887: connected to core topic /rosout
[rospy.simtime][INFO] 2026-08-30 00:23:02,893: /use_sim_time is not set, will not subscribe to simulated time [/clock] topic
[rosout][INFO] 2026-08-30 00:23:02,965: Safety Monitor initialized
[rosout][INFO] 2026-08-30 00:23:02,969: Health publisher: /safety_monitor/node_health
[rospy.internal][INFO] 2026-08-30 00:23:03,004: topic[/safety_monitor/node_health] adding connection to [/health_checker], count 0
[rospy.internal][INFO] 2026-08-30 00:23:03,014: topic[/safety_status] adding connection to [/mission_manager], count 0
[rospy.internal][INFO] 2026-08-30 00:23:03,150: topic[/rosout] adding connection to [/rosout], count 0
[rospy.core][INFO] 2026-08-30 02:32:02,067: signal_shutdown [signal-2]
[rospy.internal][INFO] 2026-08-30 02:32:02,188: topic[/rosout] removing connection to /rosout
[rospy.internal][INFO] 2026-08-30 02:32:02,192: topic[/safety_status] removing connection to /mission_manager
[rospy.internal][INFO] 2026-08-30 02:32:02,193: topic[/safety_monitor/node_health] removing connection to /health_checker
[rospy.impl.masterslave][INFO] 2026-08-30 02:32:02,194: signal-2
[rospy.core][INFO] 2026-08-30 02:32:02,675: signal_shutdown [atexit]
