[rospy.client][INFO] 2026-08-30 00:23:07,529: init_node, name[/yolo_detector], pid[110]
[xmlrpc][INFO] 2026-08-30 00:23:07,532: XML-RPC server binding to 127.0.0.1:0
[xmlrpc][INFO] 2026-08-30 00:23:07,534: Started XML-RPC server [http://localhost:42905/]
[rospy.impl.masterslave][INFO] 2026-08-30 00:23:07,534: _ready: http://localhost:42905/
[rospy.registration][INFO] 2026-08-30 00:23:07,535: Registering with master node http://localhost:11311
[xmlrpc][INFO] 2026-08-30 00:23:07,535: xml rpc node: starting XML-RPC server
[rospy.init][INFO] 2026-08-30 00:23:07,535: ROS Slave URI: [http://localhost:42905/]
[rospy.init][INFO] 2026-08-30 00:23:07,536: registered with master
[rospy.rosout][INFO] 2026-08-30 00:23:07,536: initializing /rosout core topic
[rospy.rosout][INFO] 2026-08-30 00:23:07,541: connected to core topic /rosout
[rospy.simtime][INFO] 2026-08-30 00:23:07,542: /use_sim_time is not set, will not subscribe to simulated time [/clock] topic
[rosout][INFO] 2026-08-30 00:23:07,560: Loading YOLO model from: /PX4-Autopilot/yolov8s.pt
[rospy.internal][INFO] 2026-08-30 00:23:07,566: topic[/mission_status] adding connection to [http://localhost:40355/], count 0
[rospy.internal][INFO] 2026-08-30 00:23:07,641: topic[/yolo_detector/node_health] adding connection to [/health_checker], count 0
[rosout][INFO] 2026-08-30 00:23:07,714: YOLO model loaded successfully!
[rosout][INFO] 2026-08-30 00:23:07,719: YOLO Detector initialized in production mode
[rosout][INFO] 2026-08-30 00:23:07,720: Vehicle classes: [2, 3, 5, 6, 7]
[rospy.internal][INFO] 2026-08-30 00:23:07,743: topic[/detected_objects] adding connection to [/target_tracking_controller], count 0
[rospy.internal][INFO] 2026-08-30 00:23:07,743: topic[/rosout] adding connection to [/rosout], count 0
[rospy.core][INFO] 2026-08-30 02:32:02,083: signal_shutdown [signal-2]
[rospy.internal][INFO] 2026-08-30 02:32:02,223: topic[/rosout] removing connection to /rosout
[rospy.internal][INFO] 2026-08-30 02:32:02,227: topic[/yolo_detector/node_health] removing connection to /health_checker
[rospy.internal][INFO] 2026-08-30 02:32:02,239: topic[/detected_objects] removing connection to /target_tracking_controller
[rospy.internal][INFO] 2026-08-30 02:32:02,243: topic[/mission_status] removing connection to http://localhost:40355/
[rospy.internal][INFO] 2026-08-30 02:32:02,243: topic[/mission_status] removing connection to http://localhost:40355/
[rospy.impl.masterslave][INFO] 2026-08-30 02:32:02,246: signal-2
[rospy.core][INFO] 2026-08-30 02:32:02,777: signal_shutdown [atexit]
