[rospy.client][INFO] 2026-08-30 10:53:23,333: init_node, name[/health_checker], pid[118]
[xmlrpc][INFO] 2026-08-30 10:53:23,341: XML-RPC server binding to 0.0.0.0:0
[xmlrpc][INFO] 2026-08-30 10:53:23,351: Started XML-RPC server [http://kamikaze:37909/]
[rospy.impl.masterslave][INFO] 2026-08-30 10:53:23,352: _ready: http://kamikaze:37909/
[rospy.init][INFO] 2026-08-30 10:53:23,351: ROS Slave URI: [http://kamikaze:37909/]
[rospy.registration][INFO] 2026-08-30 10:53:23,354: Registering with master node http://kamikaze:11311
[xmlrpc][INFO] 2026-08-30 10:53:23,355: xml rpc node: starting XML-RPC server
[rospy.init][INFO] 2026-08-30 10:53:23,454: registered with master
[rospy.rosout][INFO] 2026-08-30 10:53:23,454: initializing /rosout core topic
[rospy.rosout][INFO] 2026-08-30 10:53:23,490: connected to core topic /rosout
[rospy.simtime][INFO] 2026-08-30 10:53:23,493: /use_sim_time is not set, will not subscribe to simulated time [/clock] topic
[rospy.internal][INFO] 2026-08-30 10:53:23,556: topic[/vehicle_state_monitor/node_health] adding connection to [http://kamikaze:45503/], count 0
[rospy.internal][INFO] 2026-08-30 10:53:23,567: topic[/safety_monitor/node_health] adding connection to [http://kamikaze:41513/], count 0
[rosout][INFO] 2026-08-30 10:53:23,568: Health Checker initialized
[rospy.internal][INFO] 2026-08-30 10:53:23,585: topic[/command_interpreter/node_health] adding connection to [http://kamikaze:46565/], count 0
[rospy.internal][INFO] 2026-08-30 10:53:23,591: topic[/mission_manager/node_health] adding connection to [http://kamikaze:39519/], count 0
[rospy.internal][INFO] 2026-08-30 10:53:23,780: topic[/rosout] adding connection to [/rosout], count 0
[rospy.internal][INFO] 2026-08-30 10:53:24,439: topic[/target_tracking_controller/node_health] adding connection to [http://kamikaze:40647/], count 0
[rosout][WARNING] 2026-08-30 10:53:28,573: Unhealthy nodes: 2
[rosout][WARNING] 2026-08-30 10:53:28,580:   yolo_detector: No health report
[rosout][WARNING] 2026-08-30 10:53:28,586:   target_tracking_controller: No health report
[rospy.internal][INFO] 2026-08-30 10:53:29,583: topic[/yolo_detector/node_health] adding connection to [http://kamikaze:34589/], count 0
[rosout][WARNING] 2026-08-30 11:52:31,622: Unhealthy nodes: 5
[rosout][WARNING] 2026-08-30 11:52:31,680:   yolo_detector: Timeout (3359.1s)
[rosout][WARNING] 2026-08-30 11:52:31,715:   target_tracking_controller: Timeout (3359.0s)
[rosout][WARNING] 2026-08-30 11:52:31,732:   vehicle_state_monitor: Timeout (3358.5s)
[rosout][WARNING] 2026-08-30 11:52:31,803:   safety_monitor: Timeout (3358.5s)
[rosout][WARNING] 2026-08-30 11:52:31,826:   command_interpreter: Timeout (3358.8s)
[rosout][WARNING] 2026-08-30 11:52:31,830: Unhealthy nodes: 3
[rosout][WARNING] 2026-08-30 11:52:31,837:   vehicle_state_monitor: Timeout (3358.7s)
[rosout][WARNING] 2026-08-30 11:52:31,851:   safety_monitor: Timeout (3358.7s)
[rosout][WARNING] 2026-08-30 11:52:31,864:   command_interpreter: Timeout (3359.0s)
[rospy.core][INFO] 2026-08-30 17:02:56,017: signal_shutdown [signal-2]
[rospy.internal][INFO] 2026-08-30 17:02:56,049: topic[/rosout] removing connection to /rosout
[rospy.internal][INFO] 2026-08-30 17:02:56,051: topic[/yolo_detector/node_health] removing connection to http://kamikaze:34589/
[rospy.internal][INFO] 2026-08-30 17:02:56,052: topic[/yolo_detector/node_health] removing connection to http://kamikaze:34589/
[rospy.internal][INFO] 2026-08-30 17:02:56,052: topic[/target_tracking_controller/node_health] removing connection to http://kamikaze:40647/
[rospy.internal][INFO] 2026-08-30 17:02:56,053: topic[/vehicle_state_monitor/node_health] removing connection to http://kamikaze:45503/
[rospy.internal][INFO] 2026-08-30 17:02:56,054: topic[/mission_manager/node_health] removing connection to http://kamikaze:39519/
[rospy.internal][INFO] 2026-08-30 17:02:56,055: topic[/safety_monitor/node_health] removing connection to http://kamikaze:41513/
[rospy.internal][INFO] 2026-08-30 17:02:56,055: topic[/safety_monitor/node_health] removing connection to http://kamikaze:41513/
[rospy.internal][INFO] 2026-08-30 17:02:56,055: topic[/command_interpreter/node_health] removing connection to http://kamikaze:46565/
[rospy.internal][INFO] 2026-08-30 17:02:56,055: topic[/command_interpreter/node_health] removing connection to http://kamikaze:46565/
[rospy.impl.masterslave][INFO] 2026-08-30 17:02:56,056: signal-2
[rospy.core][INFO] 2026-08-30 17:02:56,685: signal_shutdown [atexit]
