[rospy.client][INFO] 2026-08-30 03:09:44,206: init_node, name[/health_checker], pid[99]
[xmlrpc][INFO] 2026-08-30 03:09:44,214: XML-RPC server binding to 127.0.0.1:0
[xmlrpc][INFO] 2026-08-30 03:09:44,219: Started XML-RPC server [http://localhost:36775/]
[rospy.init][INFO] 2026-08-30 03:09:44,220: ROS Slave URI: [http://localhost:36775/]
[rospy.impl.masterslave][INFO] 2026-08-30 03:09:44,220: _ready: http://localhost:36775/
[rospy.registration][INFO] 2026-08-30 03:09:44,222: Registering with master node http://localhost:11311
[xmlrpc][INFO] 2026-08-30 03:09:44,222: xml rpc node: starting XML-RPC server
[rospy.init][INFO] 2026-08-30 03:09:44,323: registered with master
[rospy.rosout][INFO] 2026-08-30 03:09:44,324: initializing /rosout core topic
[rospy.rosout][INFO] 2026-08-30 03:09:44,371: connected to core topic /rosout
[rospy.simtime][INFO] 2026-08-30 03:09:44,374: /use_sim_time is not set, will not subscribe to simulated time [/clock] topic
[rospy.internal][INFO] 2026-08-30 03:09:44,430: topic[/vehicle_state_monitor/node_health] adding connection to [http://localhost:38221/], count 0
[rospy.internal][INFO] 2026-08-30 03:09:44,485: topic[/mission_manager/node_health] adding connection to [http://localhost:40035/], count 0
[rospy.internal][INFO] 2026-08-30 03:09:44,488: topic[/command_interpreter/node_health] adding connection to [http://localhost:38641/], count 0
[rosout][INFO] 2026-08-30 03:09:44,505: Health Checker initialized
[rospy.internal][INFO] 2026-08-30 03:09:44,610: topic[/rosout] adding connection to [/rosout], count 0
[rospy.internal][INFO] 2026-08-30 03:09:45,185: topic[/safety_monitor/node_health] adding connection to [http://localhost:33255/], count 0
[rospy.internal][INFO] 2026-08-30 03:09:46,110: topic[/target_tracking_controller/node_health] adding connection to [http://localhost:39923/], count 0
[rosout][WARNING] 2026-08-30 03:09:49,507: Unhealthy nodes: 2
[rosout][WARNING] 2026-08-30 03:09:49,510:   yolo_detector: No health report
[rosout][WARNING] 2026-08-30 03:09:49,513:   target_tracking_controller: No health report
[rospy.internal][INFO] 2026-08-30 03:09:50,716: topic[/yolo_detector/node_health] adding connection to [http://localhost:37125/], count 0
