[rosmaster.main][INFO] 2026-08-30 03:09:39,518: initialization complete, waiting for shutdown
[rosmaster.main][INFO] 2026-08-30 03:09:39,521: Starting ROS Master Node
[xmlrpc][INFO] 2026-08-30 03:09:39,526: XML-RPC server binding to 127.0.0.1:11311
[xmlrpc][INFO] 2026-08-30 03:09:39,529: Started XML-RPC server [http://localhost:11311/]
[rosmaster.master][INFO] 2026-08-30 03:09:39,530: Master initialized: port[11311], uri[http://localhost:11311/]
[xmlrpc][INFO] 2026-08-30 03:09:39,530: xml rpc node: starting XML-RPC server
[rosmaster.master][INFO] 2026-08-30 03:09:39,629: +PARAM [/run_id] by /roslaunch
[rosmaster.master][INFO] 2026-08-30 03:09:39,632: +PARAM [/roslaunch/uris/host_localhost__43031] by /roslaunch
[rosmaster.master][INFO] 2026-08-30 03:09:39,711: +PARAM [/rosversion] by /roslaunch
[rosmaster.master][INFO] 2026-08-30 03:09:39,712: +PARAM [/rosdistro] by /roslaunch
[rosmaster.master][INFO] 2026-08-30 03:09:39,713: +PARAM [/target_params/detection/model/path] by /roslaunch
[rosmaster.master][INFO] 2026-08-30 03:09:39,713: +PARAM [/target_params/detection/model/device] by /roslaunch
[rosmaster.master][INFO] 2026-08-30 03:09:39,713: +PARAM [/target_params/detection/model/input_size] by /roslaunch
[rosmaster.master][INFO] 2026-08-30 03:09:39,713: +PARAM [/target_params/detection/model/batch_size] by /roslaunch
[rosmaster.master][INFO] 2026-08-30 03:09:39,713: +PARAM [/target_params/detection/confidence_threshold] by /roslaunch
[rosmaster.master][INFO] 2026-08-30 03:09:39,713: +PARAM [/target_params/detection/nms_threshold] by /roslaunch
[rosmaster.master][INFO] 2026-08-30 03:09:39,713: +PARAM [/target_params/detection/max_detections] by /roslaunch
[rosmaster.master][INFO] 2026-08-30 03:09:39,714: +PARAM [/target_params/detection/vehicle_classes] by /roslaunch
[rosmaster.master][INFO] 2026-08-30 03:09:39,714: +PARAM [/target_params/detection/class_thresholds/class_1] by /roslaunch
[rosmaster.master][INFO] 2026-08-30 03:09:39,714: +PARAM [/target_params/detection/class_thresholds/class_2] by /roslaunch
[rosmaster.master][INFO] 2026-08-30 03:09:39,714: +PARAM [/target_params/detection/class_thresholds/class_3] by /roslaunch
[rosmaster.master][INFO] 2026-08-30 03:09:39,714: +PARAM [/target_params/detection/class_thresholds/class_5] by /roslaunch
[rosmaster.master][INFO] 2026-08-30 03:09:39,714: +PARAM [/target_params/detection/class_thresholds/class_6] by /roslaunch
[rosmaster.master][INFO] 2026-08-30 03:09:39,714: +PARAM [/target_params/detection/class_thresholds/class_7] by /roslaunch
[rosmaster.master][INFO] 2026-08-30 03:09:39,714: +PARAM [/target_params/detection/class_thresholds/class_8] by /roslaunch
[rosmaster.master][INFO] 2026-08-30 03:09:39,714: +PARAM [/target_params/detection/performance/max_fps] by /roslaunch
[rosmaster.master][INFO] 2026-08-30 03:09:39,715: +PARAM [/target_params/detection/performance/frame_skip] by /roslaunch
[rosmaster.master][INFO] 2026-08-30 03:09:39,715: +PARAM [/target_params/detection/performance/parallel_inference] by /roslaunch
[rosmaster.master][INFO] 2026-08-30 03:09:39,715: +PARAM [/target_params/detection/performance/gpu_memory_limit] by /roslaunch
[rosmaster.master][INFO] 2026-08-30 03:09:39,716: +PARAM [/target_params/tracking/engagement_distance] by /roslaunch
[rosmaster.master][INFO] 2026-08-30 03:09:39,716: +PARAM [/target_params/tracking/attack_distance] by /roslaunch
[rosmaster.master][INFO] 2026-08-30 03:09:39,716: +PARAM [/target_params/tracking/disengagement_distance] by /roslaunch
[rosmaster.master][INFO] 2026-08-30 03:09:39,716: +PARAM [/target_params/tracking/max_tracks] by /roslaunch
[rosmaster.master][INFO] 2026-08-30 03:09:39,716: +PARAM [/target_params/tracking/max_lost_frames] by /roslaunch
[rosmaster.master][INFO] 2026-08-30 03:09:39,717: +PARAM [/target_params/tracking/min_track_length] by /roslaunch
[rosmaster.master][INFO] 2026-08-30 03:09:39,717: +PARAM [/target_params/tracking/track_confidence_threshold] by /roslaunch
[rosmaster.master][INFO] 2026-08-30 03:09:39,717: +PARAM [/target_params/tracking/association/iou_threshold] by /roslaunch
[rosmaster.master][INFO] 2026-08-30 03:09:39,717: +PARAM [/target_params/tracking/association/distance_threshold] by /roslaunch
[rosmaster.master][INFO] 2026-08-30 03:09:39,717: +PARAM [/target_params/tracking/association/appearance_weight] by /roslaunch
[rosmaster.master][INFO] 2026-08-30 03:09:39,717: +PARAM [/target_params/tracking/association/motion_weight] by /roslaunch
[rosmaster.master][INFO] 2026-08-30 03:09:39,718: +PARAM [/target_params/tracking/kalman/dt] by /roslaunch
[rosmaster.master][INFO] 2026-08-30 03:09:39,718: +PARAM [/target_params/tracking/kalman/process_noise] by /roslaunch
[rosmaster.master][INFO] 2026-08-30 03:09:39,718: +PARAM [/target_params/tracking/kalman/measurement_noise] by /roslaunch
[rosmaster.master][INFO] 2026-08-30 03:09:39,719: +PARAM [/target_params/tracking/kalman/initial_velocity] by /roslaunch
[rosmaster.master][INFO] 2026-08-30 03:09:39,719: +PARAM [/target_params/tracking/kalman/state_dim] by /roslaunch
[rosmaster.master][INFO] 2026-08-30 03:09:39,719: +PARAM [/target_params/tracking/kalman/measurement_dim] by /roslaunch
[rosmaster.master][INFO] 2026-08-30 03:09:39,719: +PARAM [/target_params/behavior/speed_classes/stationary] by /roslaunch
[rosmaster.master][INFO] 2026-08-30 03:09:39,719: +PARAM [/target_params/behavior/speed_classes/slow] by /roslaunch
[rosmaster.master][INFO] 2026-08-30 03:09:39,720: +PARAM [/target_params/behavior/speed_classes/medium] by /roslaunch
[rosmaster.master][INFO] 2026-08-30 03:09:39,720: +PARAM [/target_params/behavior/speed_classes/fast] by /roslaunch
[rosmaster.master][INFO] 2026-08-30 03:09:39,720: +PARAM [/target_params/behavior/speed_classes/extreme] by /roslaunch
[rosmaster.master][INFO] 2026-08-30 03:09:39,720: +PARAM [/target_params/behavior/models/random_walk/noise_scale] by /roslaunch
[rosmaster.master][INFO] 2026-08-30 03:09:39,720: +PARAM [/target_params/behavior/models/random_walk/persistence] by /roslaunch
[rosmaster.master][INFO] 2026-08-30 03:09:39,720: +PARAM [/target_params/behavior/models/pursuit/max_acceleration] by /roslaunch
[rosmaster.master][INFO] 2026-08-30 03:09:39,721: +PARAM [/target_params/behavior/models/pursuit/max_turn_rate] by /roslaunch
[rosmaster.master][INFO] 2026-08-30 03:09:39,721: +PARAM [/target_params/behavior/models/evasion/max_acceleration] by /roslaunch
[rosmaster.master][INFO] 2026-08-30 03:09:39,721: +PARAM [/target_params/behavior/models/evasion/max_turn_rate] by /roslaunch
[rosmaster.master][INFO] 2026-08-30 03:09:39,722: +PARAM [/target_params/behavior/threat/distance_weights] by /roslaunch
[rosmaster.master][INFO] 2026-08-30 03:09:39,722: +PARAM [/target_params/behavior/threat/speed_thresholds/low] by /roslaunch
[rosmaster.master][INFO] 2026-08-30 03:09:39,722: +PARAM [/target_params/behavior/threat/speed_thresholds/medium] by /roslaunch
[rosmaster.master][INFO] 2026-08-30 03:09:39,722: +PARAM [/target_params/behavior/threat/speed_thresholds/high] by /roslaunch
[rosmaster.master][INFO] 2026-08-30 03:09:39,723: +PARAM [/target_params/behavior/threat/priority_boost] by /roslaunch
[rosmaster.master][INFO] 2026-08-30 03:09:39,723: +PARAM [/target_params/performance/update_rates/detection] by /roslaunch
[rosmaster.master][INFO] 2026-08-30 03:09:39,723: +PARAM [/target_params/performance/update_rates/tracking] by /roslaunch
[rosmaster.master][INFO] 2026-08-30 03:09:39,723: +PARAM [/target_params/performance/update_rates/control] by /roslaunch
[rosmaster.master][INFO] 2026-08-30 03:09:39,724: +PARAM [/target_params/performance/update_rates/state] by /roslaunch
[rosmaster.master][INFO] 2026-08-30 03:09:39,724: +PARAM [/target_params/performance/latency/max_detection] by /roslaunch
[rosmaster.master][INFO] 2026-08-30 03:09:39,724: +PARAM [/target_params/performance/latency/max_tracking] by /roslaunch
[rosmaster.master][INFO] 2026-08-30 03:09:39,724: +PARAM [/target_params/performance/latency/max_control] by /roslaunch
[rosmaster.master][INFO] 2026-08-30 03:09:39,725: +PARAM [/target_params/performance/resources/max_memory_mb] by /roslaunch
[rosmaster.master][INFO] 2026-08-30 03:09:39,725: +PARAM [/target_params/performance/resources/max_cpu_percent] by /roslaunch
[rosmaster.master][INFO] 2026-08-30 03:09:39,725: +PARAM [/target_params/performance/resources/max_gpu_memory_mb] by /roslaunch
[rosmaster.master][INFO] 2026-08-30 03:09:39,726: +PARAM [/target_params/camera/fx] by /roslaunch
[rosmaster.master][INFO] 2026-08-30 03:09:39,726: +PARAM [/target_params/camera/fy] by /roslaunch
[rosmaster.master][INFO] 2026-08-30 03:09:39,726: +PARAM [/target_params/camera/cx] by /roslaunch
[rosmaster.master][INFO] 2026-08-30 03:09:39,726: +PARAM [/target_params/camera/cy] by /roslaunch
[rosmaster.master][INFO] 2026-08-30 03:09:39,727: +PARAM [/target_params/camera/width] by /roslaunch
[rosmaster.master][INFO] 2026-08-30 03:09:39,727: +PARAM [/target_params/camera/height] by /roslaunch
[rosmaster.master][INFO] 2026-08-30 03:09:39,727: +PARAM [/target_params/camera/fov] by /roslaunch
[rosmaster.master][INFO] 2026-08-30 03:09:39,727: +PARAM [/camera_calib/camera/id] by /roslaunch
[rosmaster.master][INFO] 2026-08-30 03:09:39,727: +PARAM [/camera_calib/camera/model] by /roslaunch
[rosmaster.master][INFO] 2026-08-30 03:09:39,728: +PARAM [/camera_calib/camera/width] by /roslaunch
[rosmaster.master][INFO] 2026-08-30 03:09:39,728: +PARAM [/camera_calib/camera/height] by /roslaunch
[rosmaster.master][INFO] 2026-08-30 03:09:39,729: +PARAM [/camera_calib/camera/intrinsic/fx] by /roslaunch
[rosmaster.master][INFO] 2026-08-30 03:09:39,729: +PARAM [/camera_calib/camera/intrinsic/fy] by /roslaunch
[rosmaster.master][INFO] 2026-08-30 03:09:39,729: +PARAM [/camera_calib/camera/intrinsic/cx] by /roslaunch
[rosmaster.master][INFO] 2026-08-30 03:09:39,730: +PARAM [/camera_calib/camera/intrinsic/cy] by /roslaunch
[rosmaster.master][INFO] 2026-08-30 03:09:39,730: +PARAM [/camera_calib/camera/intrinsic/fov] by /roslaunch
[rosmaster.master][INFO] 2026-08-30 03:09:39,730: +PARAM [/camera_calib/camera/distortion/model] by /roslaunch
[rosmaster.master][INFO] 2026-08-30 03:09:39,730: +PARAM [/camera_calib/camera/distortion/coefficients/k1] by /roslaunch
[rosmaster.master][INFO] 2026-08-30 03:09:39,731: +PARAM [/camera_calib/camera/distortion/coefficients/k2] by /roslaunch
[rosmaster.master][INFO] 2026-08-30 03:09:39,731: +PARAM [/camera_calib/camera/distortion/coefficients/p1] by /roslaunch
[rosmaster.master][INFO] 2026-08-30 03:09:39,731: +PARAM [/camera_calib/camera/distortion/coefficients/p2] by /roslaunch
[rosmaster.master][INFO] 2026-08-30 03:09:39,732: +PARAM [/camera_calib/camera/distortion/coefficients/k3] by /roslaunch
[rosmaster.master][INFO] 2026-08-30 03:09:39,732: +PARAM [/camera_calib/camera/projection/P] by /roslaunch
[rosmaster.master][INFO] 2026-08-30 03:09:39,732: +PARAM [/camera_calib/camera/rectification/R] by /roslaunch
[rosmaster.master][INFO] 2026-08-30 03:09:39,733: +PARAM [/camera_calib/camera/extrinsic/translation] by /roslaunch
[rosmaster.master][INFO] 2026-08-30 03:09:39,733: +PARAM [/camera_calib/camera/extrinsic/rotation] by /roslaunch
[rosmaster.master][INFO] 2026-08-30 03:09:39,733: +PARAM [/camera_calib/camera/extrinsic/rotation_matrix] by /roslaunch
[rosmaster.master][INFO] 2026-08-30 03:09:39,733: +PARAM [/camera_calib/camera/calibration/date] by /roslaunch
[rosmaster.master][INFO] 2026-08-30 03:09:39,734: +PARAM [/camera_calib/camera/calibration/method] by /roslaunch
[rosmaster.master][INFO] 2026-08-30 03:09:39,734: +PARAM [/camera_calib/camera/calibration/reprojection_error] by /roslaunch
[rosmaster.master][INFO] 2026-08-30 03:09:39,735: +PARAM [/camera_calib/camera/calibration/status] by /roslaunch
[rosmaster.master][INFO] 2026-08-30 03:09:39,735: +PARAM [/camera_calib/image_processing/preprocessing/resize] by /roslaunch
[rosmaster.master][INFO] 2026-08-30 03:09:39,735: +PARAM [/camera_calib/image_processing/preprocessing/normalize] by /roslaunch
[rosmaster.master][INFO] 2026-08-30 03:09:39,735: +PARAM [/camera_calib/image_processing/preprocessing/mean] by /roslaunch
[rosmaster.master][INFO] 2026-08-30 03:09:39,735: +PARAM [/camera_calib/image_processing/preprocessing/std] by /roslaunch
[rosmaster.master][INFO] 2026-08-30 03:09:39,736: +PARAM [/camera_calib/image_processing/color_space] by /roslaunch
[rosmaster.master][INFO] 2026-08-30 03:09:39,736: +PARAM [/camera_calib/image_processing/roi/enabled] by /roslaunch
[rosmaster.master][INFO] 2026-08-30 03:09:39,736: +PARAM [/camera_calib/image_processing/roi/x] by /roslaunch
[rosmaster.master][INFO] 2026-08-30 03:09:39,736: +PARAM [/camera_calib/image_processing/roi/y] by /roslaunch
[rosmaster.master][INFO] 2026-08-30 03:09:39,737: +PARAM [/camera_calib/image_processing/roi/width] by /roslaunch
[rosmaster.master][INFO] 2026-08-30 03:09:39,737: +PARAM [/camera_calib/image_processing/roi/height] by /roslaunch
[rosmaster.master][INFO] 2026-08-30 03:09:39,737: +PARAM [/camera_calib/image_processing/augmentation/horizontal_flip] by /roslaunch
[rosmaster.master][INFO] 2026-08-30 03:09:39,738: +PARAM [/camera_calib/image_processing/augmentation/rotation] by /roslaunch
[rosmaster.master][INFO] 2026-08-30 03:09:39,738: +PARAM [/camera_calib/image_processing/augmentation/scale] by /roslaunch
[rosmaster.master][INFO] 2026-08-30 03:09:39,738: +PARAM [/camera_calib/image_processing/augmentation/brightness] by /roslaunch
[rosmaster.master][INFO] 2026-08-30 03:09:39,738: +PARAM [/camera_calib/stereo/enabled] by /roslaunch
[rosmaster.master][INFO] 2026-08-30 03:09:39,738: +PARAM [/camera_calib/stereo/baseline] by /roslaunch
[rosmaster.master][INFO] 2026-08-30 03:09:39,739: +PARAM [/camera_calib/stereo/depth/min_distance] by /roslaunch
[rosmaster.master][INFO] 2026-08-30 03:09:39,739: +PARAM [/camera_calib/stereo/depth/max_distance] by /roslaunch
[rosmaster.master][INFO] 2026-08-30 03:09:39,739: +PARAM [/camera_calib/stereo/depth/disparity_range] by /roslaunch
[rosmaster.master][INFO] 2026-08-30 03:09:39,739: +PARAM [/camera_calib/stereo/matching/algorithm] by /roslaunch
[rosmaster.master][INFO] 2026-08-30 03:09:39,739: +PARAM [/camera_calib/stereo/matching/num_disparities] by /roslaunch
[rosmaster.master][INFO] 2026-08-30 03:09:39,739: +PARAM [/camera_calib/stereo/matching/block_size] by /roslaunch
[rosmaster.master][INFO] 2026-08-30 03:09:39,739: +PARAM [/camera_calib/stereo/matching/p1] by /roslaunch
[rosmaster.master][INFO] 2026-08-30 03:09:39,740: +PARAM [/camera_calib/stereo/matching/p2] by /roslaunch
[rosmaster.master][INFO] 2026-08-30 03:09:39,740: +PARAM [/flight_control/pid/position/x/p] by /roslaunch
[rosmaster.master][INFO] 2026-08-30 03:09:39,740: +PARAM [/flight_control/pid/position/x/i] by /roslaunch
[rosmaster.master][INFO] 2026-08-30 03:09:39,740: +PARAM [/flight_control/pid/position/x/d] by /roslaunch
[rosmaster.master][INFO] 2026-08-30 03:09:39,740: +PARAM [/flight_control/pid/position/x/integral_clamp] by /roslaunch
[rosmaster.master][INFO] 2026-08-30 03:09:39,740: +PARAM [/flight_control/pid/position/y/p] by /roslaunch
[rosmaster.master][INFO] 2026-08-30 03:09:39,740: +PARAM [/flight_control/pid/position/y/i] by /roslaunch
[rosmaster.master][INFO] 2026-08-30 03:09:39,740: +PARAM [/flight_control/pid/position/y/d] by /roslaunch
[rosmaster.master][INFO] 2026-08-30 03:09:39,741: +PARAM [/flight_control/pid/position/y/integral_clamp] by /roslaunch
[rosmaster.master][INFO] 2026-08-30 03:09:39,741: +PARAM [/flight_control/pid/position/z/p] by /roslaunch
[rosmaster.master][INFO] 2026-08-30 03:09:39,741: +PARAM [/flight_control/pid/position/z/i] by /roslaunch
[rosmaster.master][INFO] 2026-08-30 03:09:39,741: +PARAM [/flight_control/pid/position/z/d] by /roslaunch
[rosmaster.master][INFO] 2026-08-30 03:09:39,741: +PARAM [/flight_control/pid/position/z/integral_clamp] by /roslaunch
[rosmaster.master][INFO] 2026-08-30 03:09:39,741: +PARAM [/flight_control/pid/velocity/x/p] by /roslaunch
[rosmaster.master][INFO] 2026-08-30 03:09:39,741: +PARAM [/flight_control/pid/velocity/x/i] by /roslaunch
[rosmaster.master][INFO] 2026-08-30 03:09:39,741: +PARAM [/flight_control/pid/velocity/x/d] by /roslaunch
[rosmaster.master][INFO] 2026-08-30 03:09:39,742: +PARAM [/flight_control/pid/velocity/y/p] by /roslaunch
[rosmaster.master][INFO] 2026-08-30 03:09:39,742: +PARAM [/flight_control/pid/velocity/y/i] by /roslaunch
[rosmaster.master][INFO] 2026-08-30 03:09:39,742: +PARAM [/flight_control/pid/velocity/y/d] by /roslaunch
[rosmaster.master][INFO] 2026-08-30 03:09:39,742: +PARAM [/flight_control/pid/velocity/z/p] by /roslaunch
[rosmaster.master][INFO] 2026-08-30 03:09:39,742: +PARAM [/flight_control/pid/velocity/z/i] by /roslaunch
[rosmaster.master][INFO] 2026-08-30 03:09:39,742: +PARAM [/flight_control/pid/velocity/z/d] by /roslaunch
[rosmaster.master][INFO] 2026-08-30 03:09:39,742: +PARAM [/flight_control/pid/attitude/roll/p] by /roslaunch
[rosmaster.master][INFO] 2026-08-30 03:09:39,742: +PARAM [/flight_control/pid/attitude/roll/i] by /roslaunch
[rosmaster.master][INFO] 2026-08-30 03:09:39,743: +PARAM [/flight_control/pid/attitude/roll/d] by /roslaunch
[rosmaster.master][INFO] 2026-08-30 03:09:39,743: +PARAM [/flight_control/pid/attitude/pitch/p] by /roslaunch
[rosmaster.master][INFO] 2026-08-30 03:09:39,743: +PARAM [/flight_control/pid/attitude/pitch/i] by /roslaunch
[rosmaster.master][INFO] 2026-08-30 03:09:39,743: +PARAM [/flight_control/pid/attitude/pitch/d] by /roslaunch
[rosmaster.master][INFO] 2026-08-30 03:09:39,743: +PARAM [/flight_control/pid/attitude/yaw/p] by /roslaunch
[rosmaster.master][INFO] 2026-08-30 03:09:39,744: +PARAM [/flight_control/pid/attitude/yaw/i] by /roslaunch
[rosmaster.master][INFO] 2026-08-30 03:09:39,744: +PARAM [/flight_control/pid/attitude/yaw/d] by /roslaunch
[rosmaster.master][INFO] 2026-08-30 03:09:39,744: +PARAM [/flight_control/pid/rate/roll/p] by /roslaunch
[rosmaster.master][INFO] 2026-08-30 03:09:39,744: +PARAM [/flight_control/pid/rate/roll/i] by /roslaunch
[rosmaster.master][INFO] 2026-08-30 03:09:39,744: +PARAM [/flight_control/pid/rate/roll/d] by /roslaunch
[rosmaster.master][INFO] 2026-08-30 03:09:39,744: +PARAM [/flight_control/pid/rate/pitch/p] by /roslaunch
[rosmaster.master][INFO] 2026-08-30 03:09:39,745: +PARAM [/flight_control/pid/rate/pitch/i] by /roslaunch
[rosmaster.master][INFO] 2026-08-30 03:09:39,745: +PARAM [/flight_control/pid/rate/pitch/d] by /roslaunch
[rosmaster.master][INFO] 2026-08-30 03:09:39,745: +PARAM [/flight_control/pid/rate/yaw/p] by /roslaunch
[rosmaster.master][INFO] 2026-08-30 03:09:39,745: +PARAM [/flight_control/pid/rate/yaw/i] by /roslaunch
[rosmaster.master][INFO] 2026-08-30 03:09:39,746: +PARAM [/flight_control/pid/rate/yaw/d] by /roslaunch
[rosmaster.master][INFO] 2026-08-30 03:09:39,746: +PARAM [/flight_control/dynamics/constraints/max_velocity] by /roslaunch
[rosmaster.master][INFO] 2026-08-30 03:09:39,746: +PARAM [/flight_control/dynamics/constraints/max_acceleration] by /roslaunch
[rosmaster.master][INFO] 2026-08-30 03:09:39,746: +PARAM [/flight_control/dynamics/constraints/max_yaw_rate] by /roslaunch
[rosmaster.master][INFO] 2026-08-30 03:09:39,747: +PARAM [/flight_control/dynamics/safety_margins/min_altitude] by /roslaunch
[rosmaster.master][INFO] 2026-08-30 03:09:39,747: +PARAM [/flight_control/dynamics/safety_margins/max_altitude] by /roslaunch
[rosmaster.master][INFO] 2026-08-30 03:09:39,747: +PARAM [/flight_control/dynamics/safety_margins/max_tilt] by /roslaunch
[rosmaster.master][INFO] 2026-08-30 03:09:39,747: +PARAM [/flight_control/dynamics/safety_margins/max_rotation_rate] by /roslaunch
[rosmaster.master][INFO] 2026-08-30 03:09:39,747: +PARAM [/flight_control/dynamics/vehicle/mass] by /roslaunch
[rosmaster.master][INFO] 2026-08-30 03:09:39,747: +PARAM [/flight_control/dynamics/vehicle/moment_of_inertia] by /roslaunch
[rosmaster.master][INFO] 2026-08-30 03:09:39,747: +PARAM [/flight_control/dynamics/vehicle/thrust_to_weight] by /roslaunch
[rosmaster.master][INFO] 2026-08-30 03:09:39,748: +PARAM [/flight_control/dynamics/vehicle/max_thrust] by /roslaunch
[rosmaster.master][INFO] 2026-08-30 03:09:39,748: +PARAM [/flight_control/mission/search_patterns/type] by /roslaunch
[rosmaster.master][INFO] 2026-08-30 03:09:39,748: +PARAM [/flight_control/mission/search_patterns/params/radius] by /roslaunch
[rosmaster.master][INFO] 2026-08-30 03:09:39,748: +PARAM [/flight_control/mission/search_patterns/params/spacing] by /roslaunch
[rosmaster.master][INFO] 2026-08-30 03:09:39,748: +PARAM [/flight_control/mission/search_patterns/params/altitude] by /roslaunch
[rosmaster.master][INFO] 2026-08-30 03:09:39,749: +PARAM [/flight_control/mission/engagement/mode] by /roslaunch
[rosmaster.master][INFO] 2026-08-30 03:09:39,749: +PARAM [/flight_control/mission/engagement/priority_high] by /roslaunch
[rosmaster.master][INFO] 2026-08-30 03:09:39,750: +PARAM [/flight_control/mission/engagement/priority_low] by /roslaunch
[rosmaster.master][INFO] 2026-08-30 03:09:39,750: +PARAM [/flight_control/mission/collision_avoidance/enable] by /roslaunch
[rosmaster.master][INFO] 2026-08-30 03:09:39,750: +PARAM [/flight_control/mission/collision_avoidance/min_distance] by /roslaunch
[rosmaster.master][INFO] 2026-08-30 03:09:39,750: +PARAM [/flight_control/mission/collision_avoidance/safety_margin] by /roslaunch
[rosmaster.master][INFO] 2026-08-30 03:09:39,750: +PARAM [/flight_control/mission/collision_avoidance/avoidance_method] by /roslaunch
[rosmaster.master][INFO] 2026-08-30 03:09:39,750: +PARAM [/flight_control/mission/waypoints/tolerance] by /roslaunch
[rosmaster.master][INFO] 2026-08-30 03:09:39,751: +PARAM [/flight_control/mission/waypoints/loiter_time] by /roslaunch
[rosmaster.master][INFO] 2026-08-30 03:09:39,751: +PARAM [/flight_control/mission/waypoints/approach_speed] by /roslaunch
[rosmaster.master][INFO] 2026-08-30 03:09:39,751: +PARAM [/flight_control/simulation/physics/enable_gravity] by /roslaunch
[rosmaster.master][INFO] 2026-08-30 03:09:39,751: +PARAM [/flight_control/simulation/physics/enable_wind] by /roslaunch
[rosmaster.master][INFO] 2026-08-30 03:09:39,751: +PARAM [/flight_control/simulation/physics/enable_turbulence] by /roslaunch
[rosmaster.master][INFO] 2026-08-30 03:09:39,752: +PARAM [/flight_control/simulation/environment/wind_speed] by /roslaunch
[rosmaster.master][INFO] 2026-08-30 03:09:39,752: +PARAM [/flight_control/simulation/environment/wind_direction] by /roslaunch
[rosmaster.master][INFO] 2026-08-30 03:09:39,752: +PARAM [/flight_control/simulation/environment/turbulence_intensity] by /roslaunch
[rosmaster.master][INFO] 2026-08-30 03:09:39,753: +PARAM [/flight_control/simulation/noise/sensor_noise] by /roslaunch
[rosmaster.master][INFO] 2026-08-30 03:09:39,753: +PARAM [/flight_control/simulation/noise/actuator_noise] by /roslaunch
[rosmaster.master][INFO] 2026-08-30 03:09:39,753: +PARAM [/flight_control/simulation/noise/time_delay] by /roslaunch
[rosmaster.master][INFO] 2026-08-30 03:09:39,753: +PARAM [/flight_control/simulation/speed/simulation_speed] by /roslaunch
[rosmaster.master][INFO] 2026-08-30 03:09:39,753: +PARAM [/flight_control/simulation/speed/real_time_factor] by /roslaunch
[rosmaster.master][INFO] 2026-08-30 03:09:39,753: +PARAM [/kalman_filter/kalman_filter/type] by /roslaunch
[rosmaster.master][INFO] 2026-08-30 03:09:39,754: +PARAM [/kalman_filter/kalman_filter/state_dim] by /roslaunch
[rosmaster.master][INFO] 2026-08-30 03:09:39,754: +PARAM [/kalman_filter/kalman_filter/measurement_dim] by /roslaunch
[rosmaster.master][INFO] 2026-08-30 03:09:39,754: +PARAM [/kalman_filter/kalman_filter/noise/process/position] by /roslaunch
[rosmaster.master][INFO] 2026-08-30 03:09:39,754: +PARAM [/kalman_filter/kalman_filter/noise/process/velocity] by /roslaunch
[rosmaster.master][INFO] 2026-08-30 03:09:39,754: +PARAM [/kalman_filter/kalman_filter/noise/process/acceleration] by /roslaunch
[rosmaster.master][INFO] 2026-08-30 03:09:39,754: +PARAM [/kalman_filter/kalman_filter/noise/measurement/position] by /roslaunch
[rosmaster.master][INFO] 2026-08-30 03:09:39,755: +PARAM [/kalman_filter/kalman_filter/parameters/dt] by /roslaunch
[rosmaster.master][INFO] 2026-08-30 03:09:39,755: +PARAM [/kalman_filter/kalman_filter/parameters/adaptive/enabled] by /roslaunch
[rosmaster.master][INFO] 2026-08-30 03:09:39,755: +PARAM [/kalman_filter/kalman_filter/parameters/adaptive/update_rate] by /roslaunch
[rosmaster.master][INFO] 2026-08-30 03:09:39,755: +PARAM [/kalman_filter/kalman_filter/parameters/adaptive/innovation_threshold] by /roslaunch
[rosmaster.master][INFO] 2026-08-30 03:09:39,755: +PARAM [/kalman_filter/kalman_filter/parameters/outlier_rejection/enabled] by /roslaunch
[rosmaster.master][INFO] 2026-08-30 03:09:39,755: +PARAM [/kalman_filter/kalman_filter/parameters/outlier_rejection/mahalanobis_threshold] by /roslaunch
[rosmaster.master][INFO] 2026-08-30 03:09:39,756: +PARAM [/kalman_filter/kalman_filter/parameters/outlier_rejection/gating] by /roslaunch
[rosmaster.master][INFO] 2026-08-30 03:09:39,757: +PARAM [/kalman_filter/kalman_filter/parameters/initialization/max_measurements] by /roslaunch
[rosmaster.master][INFO] 2026-08-30 03:09:39,757: +PARAM [/kalman_filter/kalman_filter/parameters/initialization/min_velocity_samples] by /roslaunch
[rosmaster.master][INFO] 2026-08-30 03:09:39,757: +PARAM [/kalman_filter/kalman_filter/parameters/convergence/max_iterations] by /roslaunch
[rosmaster.master][INFO] 2026-08-30 03:09:39,757: +PARAM [/kalman_filter/kalman_filter/parameters/convergence/epsilon] by /roslaunch
[rosmaster.master][INFO] 2026-08-30 03:09:39,758: +PARAM [/kalman_filter/kalman_filter/multi_target/enabled] by /roslaunch
[rosmaster.master][INFO] 2026-08-30 03:09:39,758: +PARAM [/kalman_filter/kalman_filter/multi_target/max_targets] by /roslaunch
[rosmaster.master][INFO] 2026-08-30 03:09:39,758: +PARAM [/kalman_filter/kalman_filter/multi_target/association/method] by /roslaunch
[rosmaster.master][INFO] 2026-08-30 03:09:39,759: +PARAM [/kalman_filter/kalman_filter/multi_target/association/gating/enabled] by /roslaunch
[rosmaster.master][INFO] 2026-08-30 03:09:39,759: +PARAM [/kalman_filter/kalman_filter/multi_target/association/gating/gate_size] by /roslaunch
[rosmaster.master][INFO] 2026-08-30 03:09:39,759: +PARAM [/kalman_filter/kalman_filter/multi_target/association/gating/dynamic_gating] by /roslaunch
[rosmaster.master][INFO] 2026-08-30 03:09:39,759: +PARAM [/kalman_filter/kalman_filter/multi_target/association/track_management/birth_probability] by /roslaunch
[rosmaster.master][INFO] 2026-08-30 03:09:39,760: +PARAM [/kalman_filter/kalman_filter/multi_target/association/track_management/death_threshold] by /roslaunch
[rosmaster.master][INFO] 2026-08-30 03:09:39,760: +PARAM [/kalman_filter/kalman_filter/multi_target/association/track_management/merge_threshold] by /roslaunch
[rosmaster.master][INFO] 2026-08-30 03:09:39,760: +PARAM [/kalman_filter/kalman_filter/multi_target/scoring/position_weight] by /roslaunch
[rosmaster.master][INFO] 2026-08-30 03:09:39,760: +PARAM [/kalman_filter/kalman_filter/multi_target/scoring/velocity_weight] by /roslaunch
[rosmaster.master][INFO] 2026-08-30 03:09:39,760: +PARAM [/kalman_filter/kalman_filter/multi_target/scoring/appearance_weight] by /roslaunch
[rosmaster.master][INFO] 2026-08-30 03:09:39,760: +PARAM [/kalman_filter/kalman_filter/multi_target/scoring/history_length] by /roslaunch
[rosmaster.master][INFO] 2026-08-30 03:09:39,761: +PARAM [/kalman_filter/sensor_fusion/sensors] by /roslaunch
[rosmaster.master][INFO] 2026-08-30 03:09:39,761: +PARAM [/kalman_filter/sensor_fusion/algorithms/type] by /roslaunch
[rosmaster.master][INFO] 2026-08-30 03:09:39,761: +PARAM [/kalman_filter/sensor_fusion/algorithms/centralized/measurement_dim] by /roslaunch
[rosmaster.master][INFO] 2026-08-30 03:09:39,761: +PARAM [/kalman_filter/sensor_fusion/algorithms/track_to_track/covariance_intersection] by /roslaunch
[rosmaster.master][INFO] 2026-08-30 03:09:39,761: +PARAM [/kalman_filter/sensor_fusion/algorithms/track_to_track/gamma] by /roslaunch
[rosmaster.master][INFO] 2026-08-30 03:09:39,761: +PARAM [/system_params/ros/master/uri] by /roslaunch
[rosmaster.master][INFO] 2026-08-30 03:09:39,762: +PARAM [/system_params/ros/master/timeout] by /roslaunch
[rosmaster.master][INFO] 2026-08-30 03:09:39,762: +PARAM [/system_params/ros/node/name] by /roslaunch
[rosmaster.master][INFO] 2026-08-30 03:09:39,762: +PARAM [/system_params/ros/node/namespace] by /roslaunch
[rosmaster.master][INFO] 2026-08-30 03:09:39,762: +PARAM [/system_params/ros/topics/camera_image] by /roslaunch
[rosmaster.master][INFO] 2026-08-30 03:09:39,763: +PARAM [/system_params/ros/topics/camera_info] by /roslaunch
[rosmaster.master][INFO] 2026-08-30 03:09:39,764: +PARAM [/system_params/ros/topics/vehicle_state] by /roslaunch
[rosmaster.master][INFO] 2026-08-30 03:09:39,764: +PARAM [/system_params/ros/topics/vehicle_position] by /roslaunch
[rosmaster.master][INFO] 2026-08-30 03:09:39,764: +PARAM [/system_params/ros/topics/vehicle_velocity] by /roslaunch
[rosmaster.master][INFO] 2026-08-30 03:09:39,765: +PARAM [/system_params/ros/topics/vehicle_attitude] by /roslaunch
[rosmaster.master][INFO] 2026-08-30 03:09:39,765: +PARAM [/system_params/ros/topics/battery_status] by /roslaunch
[rosmaster.master][INFO] 2026-08-30 03:09:39,765: +PARAM [/system_params/ros/topics/detection_output] by /roslaunch
[rosmaster.master][INFO] 2026-08-30 03:09:39,765: +PARAM [/system_params/ros/topics/tracked_targets] by /roslaunch
[rosmaster.master][INFO] 2026-08-30 03:09:39,765: +PARAM [/system_params/ros/topics/control_command] by /roslaunch
[rosmaster.master][INFO] 2026-08-30 03:09:39,766: +PARAM [/system_params/ros/topics/safety_status] by /roslaunch
[rosmaster.master][INFO] 2026-08-30 03:09:39,766: +PARAM [/system_params/ros/topics/diagnostic_status] by /roslaunch
[rosmaster.master][INFO] 2026-08-30 03:09:39,766: +PARAM [/system_params/ros/topics/debug_info] by /roslaunch
[rosmaster.master][INFO] 2026-08-30 03:09:39,767: +PARAM [/system_params/ros/topics/performance_metrics] by /roslaunch
[rosmaster.master][INFO] 2026-08-30 03:09:39,767: +PARAM [/system_params/ros/topics/test_results] by /roslaunch
[rosmaster.master][INFO] 2026-08-30 03:09:39,767: +PARAM [/system_params/ros/topics/test_status] by /roslaunch
[rosmaster.master][INFO] 2026-08-30 03:09:39,767: +PARAM [/system_params/logging/level] by /roslaunch
[rosmaster.master][INFO] 2026-08-30 03:09:39,767: +PARAM [/system_params/logging/outputs/console] by /roslaunch
[rosmaster.master][INFO] 2026-08-30 03:09:39,768: +PARAM [/system_params/logging/outputs/file] by /roslaunch
[rosmaster.master][INFO] 2026-08-30 03:09:39,768: +PARAM [/system_params/logging/outputs/rosout] by /roslaunch
[rosmaster.master][INFO] 2026-08-30 03:09:39,768: +PARAM [/system_params/logging/file/directory] by /roslaunch
[rosmaster.master][INFO] 2026-08-30 03:09:39,768: +PARAM [/system_params/logging/file/max_size] by /roslaunch
[rosmaster.master][INFO] 2026-08-30 03:09:39,768: +PARAM [/system_params/logging/file/max_files] by /roslaunch
[rosmaster.master][INFO] 2026-08-30 03:09:39,769: +PARAM [/system_params/logging/file/format] by /roslaunch
[rosmaster.master][INFO] 2026-08-30 03:09:39,769: +PARAM [/system_params/logging/performance/enabled] by /roslaunch
[rosmaster.master][INFO] 2026-08-30 03:09:39,769: +PARAM [/system_params/logging/performance/interval] by /roslaunch
[rosmaster.master][INFO] 2026-08-30 03:09:39,769: +PARAM [/system_params/logging/performance/metrics] by /roslaunch
[rosmaster.master][INFO] 2026-08-30 03:09:39,769: +PARAM [/system_params/logging/performance/output_file] by /roslaunch
[rosmaster.master][INFO] 2026-08-30 03:09:39,769: +PARAM [/system_params/safety/geofence/enabled] by /roslaunch
[rosmaster.master][INFO] 2026-08-30 03:09:39,769: +PARAM [/system_params/safety/geofence/shape] by /roslaunch
[rosmaster.master][INFO] 2026-08-30 03:09:39,770: +PARAM [/system_params/safety/geofence/radius] by /roslaunch
[rosmaster.master][INFO] 2026-08-30 03:09:39,770: +PARAM [/system_params/safety/geofence/height] by /roslaunch
[rosmaster.master][INFO] 2026-08-30 03:09:39,770: +PARAM [/system_params/safety/emergency/action] by /roslaunch
[rosmaster.master][INFO] 2026-08-30 03:09:39,770: +PARAM [/system_params/safety/emergency/altitude_min] by /roslaunch
[rosmaster.master][INFO] 2026-08-30 03:09:39,770: +PARAM [/system_params/safety/emergency/altitude_max] by /roslaunch
[rosmaster.master][INFO] 2026-08-30 03:09:39,770: +PARAM [/system_params/safety/failsafe/battery_critical] by /roslaunch
[rosmaster.master][INFO] 2026-08-30 03:09:39,770: +PARAM [/system_params/safety/failsafe/lost_connection] by /roslaunch
[rosmaster.master][INFO] 2026-08-30 03:09:39,770: +PARAM [/system_params/safety/failsafe/gps_failure] by /roslaunch
[rosmaster.master][INFO] 2026-08-30 03:09:39,772: +PARAM [/system_params/safety/failsafe/sensor_failure] by /roslaunch
[rosmaster.master][INFO] 2026-08-30 03:09:39,772: +PARAM [/system_params/safety/failsafe/exceeded_geofence] by /roslaunch
[rosmaster.master][INFO] 2026-08-30 03:09:39,773: +PARAM [/system_params/safety/health/check_interval] by /roslaunch
[rosmaster.master][INFO] 2026-08-30 03:09:39,773: +PARAM [/system_params/safety/health/restart_on_failure] by /roslaunch
[rosmaster.master][INFO] 2026-08-30 03:09:39,774: +PARAM [/system_params/safety/health/max_restarts] by /roslaunch
[rosmaster.master][INFO] 2026-08-30 03:09:39,774: +PARAM [/system_params/safety/health/restart_delay] by /roslaunch
[rosmaster.master][INFO] 2026-08-30 03:09:39,774: +PARAM [/system_params/performance/threads/detection_pool] by /roslaunch
[rosmaster.master][INFO] 2026-08-30 03:09:39,774: +PARAM [/system_params/performance/threads/control_pool] by /roslaunch
[rosmaster.master][INFO] 2026-08-30 03:09:39,774: +PARAM [/system_params/performance/queues/input_queue_size] by /roslaunch
[rosmaster.master][INFO] 2026-08-30 03:09:39,774: +PARAM [/system_params/performance/queues/output_queue_size] by /roslaunch
[rosmaster.master][INFO] 2026-08-30 03:09:39,775: +PARAM [/system_params/performance/memory/cache_images] by /roslaunch
[rosmaster.master][INFO] 2026-08-30 03:09:39,775: +PARAM [/system_params/performance/memory/max_cache_size] by /roslaunch
[rosmaster.master][INFO] 2026-08-30 03:09:39,775: +PARAM [/system_params/performance/memory/max_cached_messages] by /roslaunch
[rosmaster.master][INFO] 2026-08-30 03:09:39,775: +PARAM [/system_params/performance/timing/use_sim_time] by /roslaunch
[rosmaster.master][INFO] 2026-08-30 03:09:39,775: +PARAM [/system_params/performance/timing/publish_rate] by /roslaunch
[rosmaster.master][INFO] 2026-08-30 03:09:39,775: +PARAM [/system_params/performance/timing/control_rate] by /roslaunch
[rosmaster.master][INFO] 2026-08-30 03:09:39,775: +PARAM [/system_params/network/px4/udp_port] by /roslaunch
[rosmaster.master][INFO] 2026-08-30 03:09:39,775: +PARAM [/system_params/network/px4/tcp_port] by /roslaunch
[rosmaster.master][INFO] 2026-08-30 03:09:39,776: +PARAM [/system_params/network/px4/heartbeat_rate] by /roslaunch
[rosmaster.master][INFO] 2026-08-30 03:09:39,776: +PARAM [/system_params/network/mavros/fcu_url] by /roslaunch
[rosmaster.master][INFO] 2026-08-30 03:09:39,776: +PARAM [/system_params/network/mavros/gcs_url] by /roslaunch
[rosmaster.master][INFO] 2026-08-30 03:09:39,776: +PARAM [/system_params/network/timeout] by /roslaunch
[rosmaster.master][INFO] 2026-08-30 03:09:39,777: +PARAM [/system_params/network/reconnect_attempts] by /roslaunch
[rosmaster.master][INFO] 2026-08-30 03:09:39,777: +PARAM [/system_params/network/reconnect_delay] by /roslaunch
[rosmaster.master][INFO] 2026-08-30 03:09:39,777: +PARAM [/system_params/performance/publish_rate] by /roslaunch
[rosmaster.master][INFO] 2026-08-30 03:09:39,777: +PARAM [/use_simulation] by /roslaunch
[rosmaster.master][INFO] 2026-08-30 03:09:39,777: +PARAM [/parameter_validator/config_dir] by /roslaunch
[rosmaster.master][INFO] 2026-08-30 03:09:39,778: +PARAM [/parameter_validator/validate_on_startup] by /roslaunch
[rosmaster.master][INFO] 2026-08-30 03:09:39,778: +PARAM [/mission_manager/mission_config] by /roslaunch
[rosmaster.master][INFO] 2026-08-30 03:09:39,778: +PARAM [/camera_calibration/simulation_mode] by /roslaunch
[rosmaster.master][INFO] 2026-08-30 03:09:39,778: +PARAM [/yolo_detector/model_path] by /roslaunch
[rosmaster.master][INFO] 2026-08-30 03:09:39,778: +PARAM [/yolo_detector/device] by /roslaunch
[rosmaster.master][INFO] 2026-08-30 03:09:39,778: +PARAM [/sensor_fusion/publish_rate] by /roslaunch
[rosmaster.master][INFO] 2026-08-30 03:09:39,778: +PARAM [/sensor_fusion/simulation_mode] by /roslaunch
[rosmaster.master][INFO] 2026-08-30 03:09:39,778: +PARAM [/target_tracking_controller/simulation_mode] by /roslaunch
[rosmaster.master][INFO] 2026-08-30 03:09:39,779: +PARAM [/vehicle_state_monitor/simulation_mode] by /roslaunch
[rosmaster.master][INFO] 2026-08-30 03:09:39,779: +PARAM [/safety_monitor/enable_geofence] by /roslaunch
[rosmaster.master][INFO] 2026-08-30 03:09:39,780: +PARAM [/safety_monitor/simulation_mode] by /roslaunch
[rosmaster.master][INFO] 2026-08-30 03:09:39,780: +PARAM [/system_health_monitor/monitoring_interval] by /roslaunch
[rosmaster.master][INFO] 2026-08-30 03:09:39,781: +PARAM [/system_health_monitor/critical_threshold_cpu] by /roslaunch
[rosmaster.master][INFO] 2026-08-30 03:09:39,781: +PARAM [/system_health_monitor/critical_threshold_memory] by /roslaunch
[rosmaster.master][INFO] 2026-08-30 03:09:39,781: +PARAM [/system_health_monitor/warning_threshold_cpu] by /roslaunch
[rosmaster.master][INFO] 2026-08-30 03:09:39,781: +PARAM [/system_health_monitor/warning_threshold_memory] by /roslaunch
[rosmaster.master][INFO] 2026-08-30 03:09:39,781: +PARAM [/system_health_monitor/enable_network_monitoring] by /roslaunch
[rosmaster.master][INFO] 2026-08-30 03:09:39,781: +PARAM [/system_health_monitor/enable_disk_monitoring] by /roslaunch
[rosmaster.master][INFO] 2026-08-30 03:09:39,781: +PARAM [/system_health_monitor/enable_process_monitoring] by /roslaunch
[rosmaster.master][INFO] 2026-08-30 03:09:39,782: +PARAM [/health_checker/monitored_nodes] by /roslaunch
[rosmaster.master][INFO] 2026-08-30 03:09:39,782: +PARAM [/health_checker/check_interval] by /roslaunch
[rosmaster.master][INFO] 2026-08-30 03:09:39,782: +PARAM [/health_checker/timeout_threshold] by /roslaunch
[rosmaster.master][INFO] 2026-08-30 03:09:39,782: +PARAM [/health_checker/restart_on_failure] by /roslaunch
[rosmaster.master][INFO] 2026-08-30 03:09:39,782: +PARAM [/health_checker/max_restarts] by /roslaunch
[rosmaster.master][INFO] 2026-08-30 03:09:39,896: +SERVICE [/rosout/get_loggers] /rosout http://localhost:43259/
[rosmaster.master][INFO] 2026-08-30 03:09:39,897: +SERVICE [/rosout/set_logger_level] /rosout http://localhost:43259/
[rosmaster.master][INFO] 2026-08-30 03:09:39,915: +PUB [/rosout_agg] /rosout http://localhost:43259/
[rosmaster.master][INFO] 2026-08-30 03:09:39,925: +SUB [/rosout] /rosout http://localhost:43259/
[rosmaster.master][INFO] 2026-08-30 03:09:43,179: +PUB [/rosout] /mission_manager http://localhost:40035/
[rosmaster.master][INFO] 2026-08-30 03:09:43,180: publisherUpdate[/rosout] -> http://localhost:43259/ ['http://localhost:40035/']
[rosmaster.master][INFO] 2026-08-30 03:09:43,211: +SERVICE [/mission_manager/get_loggers] /mission_manager http://localhost:40035/
[rosmaster.master][INFO] 2026-08-30 03:09:43,218: +SERVICE [/mission_manager/set_logger_level] /mission_manager http://localhost:40035/
[rosmaster.master][INFO] 2026-08-30 03:09:43,285: publisherUpdate[/rosout] -> http://localhost:43259/ ['http://localhost:40035/']: sec=0.10, result=[1, '', 0]
[rosmaster.master][INFO] 2026-08-30 03:09:43,300: +PUB [/mission_status] /mission_manager http://localhost:40035/
[rosmaster.master][INFO] 2026-08-30 03:09:43,306: +PUB [/mission_manager/node_health] /mission_manager http://localhost:40035/
[rosmaster.master][INFO] 2026-08-30 03:09:43,310: +SUB [/drone_control/command] /mission_manager http://localhost:40035/
[rosmaster.master][INFO] 2026-08-30 03:09:43,314: +SUB [/safety_status] /mission_manager http://localhost:40035/
[rosmaster.master][INFO] 2026-08-30 03:09:43,327: +SUB [/tracked_targets] /mission_manager http://localhost:40035/
[rosmaster.master][INFO] 2026-08-30 03:09:43,422: +PUB [/rosout] /camera_calibration http://localhost:34753/
[rosmaster.master][INFO] 2026-08-30 03:09:43,423: publisherUpdate[/rosout] -> http://localhost:43259/ ['http://localhost:40035/', 'http://localhost:34753/']
[rosmaster.master][INFO] 2026-08-30 03:09:43,472: +CACHEDPARAM [/rosout_disable_topics_generation] by /mission_manager
[rosmaster.master][INFO] 2026-08-30 03:09:43,482: +SERVICE [/camera_calibration/get_loggers] /camera_calibration http://localhost:34753/
[rosmaster.master][INFO] 2026-08-30 03:09:43,487: +SERVICE [/camera_calibration/set_logger_level] /camera_calibration http://localhost:34753/
[rosmaster.master][INFO] 2026-08-30 03:09:43,492: +PUB [/camera/camera_info] /camera_calibration http://localhost:34753/
[rosmaster.master][INFO] 2026-08-30 03:09:43,495: +PUB [/tf] /camera_calibration http://localhost:34753/
[rosmaster.master][INFO] 2026-08-30 03:09:43,500: +CACHEDPARAM [/rosout_disable_topics_generation] by /camera_calibration
[rosmaster.master][INFO] 2026-08-30 03:09:43,580: publisherUpdate[/rosout] -> http://localhost:43259/ ['http://localhost:40035/', 'http://localhost:34753/']: sec=0.16, result=[1, '', 0]
[rosmaster.master][INFO] 2026-08-30 03:09:43,667: +CACHEDPARAM [/rosout/omit_topics] by /rosout
[rosmaster.master][INFO] 2026-08-30 03:09:43,816: +PUB [/rosout] /command_interpreter http://localhost:38641/
[rosmaster.master][INFO] 2026-08-30 03:09:43,866: publisherUpdate[/rosout] -> http://localhost:43259/ ['http://localhost:40035/', 'http://localhost:34753/', 'http://localhost:38641/']
[rosmaster.master][INFO] 2026-08-30 03:09:43,877: +SERVICE [/command_interpreter/get_loggers] /command_interpreter http://localhost:38641/
[rosmaster.master][INFO] 2026-08-30 03:09:43,884: publisherUpdate[/rosout] -> http://localhost:43259/ ['http://localhost:40035/', 'http://localhost:34753/', 'http://localhost:38641/']: sec=0.01, result=[1, '', 0]
[rosmaster.master][INFO] 2026-08-30 03:09:43,888: +SERVICE [/command_interpreter/set_logger_level] /command_interpreter http://localhost:38641/
[rosmaster.master][INFO] 2026-08-30 03:09:43,895: +SUB [/drone_control/command] /command_interpreter http://localhost:38641/
[rosmaster.master][INFO] 2026-08-30 03:09:43,899: +PUB [/drone_control/command_response] /command_interpreter http://localhost:38641/
[rosmaster.master][INFO] 2026-08-30 03:09:43,902: +PUB [/command_interpreter/node_health] /command_interpreter http://localhost:38641/
[rosmaster.master][INFO] 2026-08-30 03:09:43,907: +CACHEDPARAM [/rosout_disable_topics_generation] by /command_interpreter
[rosmaster.master][INFO] 2026-08-30 03:09:43,992: +PUB [/rosout] /parameter_validator http://localhost:46643/
[rosmaster.master][INFO] 2026-08-30 03:09:44,005: +SERVICE [/parameter_validator/get_loggers] /parameter_validator http://localhost:46643/
[rosmaster.master][INFO] 2026-08-30 03:09:44,007: +SERVICE [/parameter_validator/set_logger_level] /parameter_validator http://localhost:46643/
[rosmaster.master][INFO] 2026-08-30 03:09:44,086: publisherUpdate[/rosout] -> http://localhost:43259/ ['http://localhost:40035/', 'http://localhost:34753/', 'http://localhost:38641/', 'http://localhost:46643/']
[rosmaster.master][INFO] 2026-08-30 03:09:44,092: publisherUpdate[/rosout] -> http://localhost:43259/ ['http://localhost:40035/', 'http://localhost:34753/', 'http://localhost:38641/', 'http://localhost:46643/']: sec=0.01, result=[1, '', 0]
[rosmaster.master][INFO] 2026-08-30 03:09:44,099: +PUB [/rosout] /vehicle_state_monitor http://localhost:38221/
[rosmaster.master][INFO] 2026-08-30 03:09:44,103: +PUB [/rosout] /system_health_monitor http://localhost:37097/
[rosmaster.master][INFO] 2026-08-30 03:09:44,118: +SERVICE [/system_health_monitor/get_loggers] /system_health_monitor http://localhost:37097/
[rosmaster.master][INFO] 2026-08-30 03:09:44,120: +SERVICE [/vehicle_state_monitor/get_loggers] /vehicle_state_monitor http://localhost:38221/
[rosmaster.master][INFO] 2026-08-30 03:09:44,170: +SERVICE [/vehicle_state_monitor/set_logger_level] /vehicle_state_monitor http://localhost:38221/
[rosmaster.master][INFO] 2026-08-30 03:09:44,172: +SERVICE [/system_health_monitor/set_logger_level] /system_health_monitor http://localhost:37097/
[rosmaster.master][INFO] 2026-08-30 03:09:44,187: publisherUpdate[/rosout] -> http://localhost:43259/ ['http://localhost:40035/', 'http://localhost:34753/', 'http://localhost:38641/', 'http://localhost:46643/', 'http://localhost:38221/']
[rosmaster.master][INFO] 2026-08-30 03:09:44,189: +SUB [/mavros/state] /vehicle_state_monitor http://localhost:38221/
[rosmaster.master][INFO] 2026-08-30 03:09:44,190: +CACHEDPARAM [/rosout_disable_topics_generation] by /parameter_validator
[rosmaster.master][INFO] 2026-08-30 03:09:44,195: publisherUpdate[/rosout] -> http://localhost:43259/ ['http://localhost:40035/', 'http://localhost:34753/', 'http://localhost:38641/', 'http://localhost:46643/', 'http://localhost:38221/']: sec=0.01, result=[1, '', 0]
[rosmaster.master][INFO] 2026-08-30 03:09:44,196: publisherUpdate[/rosout] -> http://localhost:43259/ ['http://localhost:40035/', 'http://localhost:34753/', 'http://localhost:38641/', 'http://localhost:46643/', 'http://localhost:38221/', 'http://localhost:37097/']
[rosmaster.master][INFO] 2026-08-30 03:09:44,197: +CACHEDPARAM [/rosout_disable_topics_generation] by /parameter_validator
[rosmaster.master][INFO] 2026-08-30 03:09:44,203: +SUB [/mavros/battery] /vehicle_state_monitor http://localhost:38221/
[rosmaster.master][INFO] 2026-08-30 03:09:44,208: publisherUpdate[/rosout] -> http://localhost:43259/ ['http://localhost:40035/', 'http://localhost:34753/', 'http://localhost:38641/', 'http://localhost:46643/', 'http://localhost:38221/', 'http://localhost:37097/']: sec=0.01, result=[1, '', 0]
[rosmaster.master][INFO] 2026-08-30 03:09:44,212: +SUB [/mavros/local_position/velocity] /vehicle_state_monitor http://localhost:38221/
[rosmaster.master][INFO] 2026-08-30 03:09:44,215: +PUB [/drone_status] /vehicle_state_monitor http://localhost:38221/
[rosmaster.master][INFO] 2026-08-30 03:09:44,221: +PUB [/diagnostic_status] /vehicle_state_monitor http://localhost:38221/
[rosmaster.master][INFO] 2026-08-30 03:09:44,226: +PUB [/vehicle_state_monitor/node_health] /vehicle_state_monitor http://localhost:38221/
[rosmaster.master][INFO] 2026-08-30 03:09:44,227: +SUB [/health/check_all] /system_health_monitor http://localhost:37097/
[rosmaster.master][INFO] 2026-08-30 03:09:44,229: +PUB [/battery_percentage] /vehicle_state_monitor http://localhost:38221/
[rosmaster.master][INFO] 2026-08-30 03:09:44,231: +PUB [/system_health] /system_health_monitor http://localhost:37097/
[rosmaster.master][INFO] 2026-08-30 03:09:44,267: +SERVICE [/drone_emergency_stop] /vehicle_state_monitor http://localhost:38221/
[rosmaster.master][INFO] 2026-08-30 03:09:44,271: +SERVICE [/drone_arm] /vehicle_state_monitor http://localhost:38221/
[rosmaster.master][INFO] 2026-08-30 03:09:44,272: +PUB [/diagnostic_status] /system_health_monitor http://localhost:37097/
[rosmaster.master][INFO] 2026-08-30 03:09:44,276: +SERVICE [/drone_disarm] /vehicle_state_monitor http://localhost:38221/
[rosmaster.master][INFO] 2026-08-30 03:09:44,278: +PUB [/performance_metrics] /system_health_monitor http://localhost:37097/
[rosmaster.master][INFO] 2026-08-30 03:09:44,281: +SERVICE [/drone_get_status] /vehicle_state_monitor http://localhost:38221/
[rosmaster.master][INFO] 2026-08-30 03:09:44,283: +PUB [/system_alert] /system_health_monitor http://localhost:37097/
[rosmaster.master][INFO] 2026-08-30 03:09:44,290: +CACHEDPARAM [/rosout_disable_topics_generation] by /system_health_monitor
[rosmaster.master][INFO] 2026-08-30 03:09:44,294: +CACHEDPARAM [/rosout_disable_topics_generation] by /vehicle_state_monitor
[rosmaster.master][INFO] 2026-08-30 03:09:44,355: +PUB [/rosout] /health_checker http://localhost:36775/
[rosmaster.master][INFO] 2026-08-30 03:09:44,378: +SERVICE [/health_checker/get_loggers] /health_checker http://localhost:36775/
[rosmaster.master][INFO] 2026-08-30 03:09:44,381: +SERVICE [/health_checker/set_logger_level] /health_checker http://localhost:36775/
[rosmaster.master][INFO] 2026-08-30 03:09:44,392: publisherUpdate[/rosout] -> http://localhost:43259/ ['http://localhost:40035/', 'http://localhost:34753/', 'http://localhost:38641/', 'http://localhost:46643/', 'http://localhost:38221/', 'http://localhost:37097/', 'http://localhost:36775/']
[rosmaster.master][INFO] 2026-08-30 03:09:44,396: publisherUpdate[/rosout] -> http://localhost:43259/ ['http://localhost:40035/', 'http://localhost:34753/', 'http://localhost:38641/', 'http://localhost:46643/', 'http://localhost:38221/', 'http://localhost:37097/', 'http://localhost:36775/']: sec=0.00, result=[1, '', 0]
[rosmaster.master][INFO] 2026-08-30 03:09:44,403: +SUB [/yolo_detector/node_health] /health_checker http://localhost:36775/
[rosmaster.master][INFO] 2026-08-30 03:09:44,408: +SUB [/target_tracking_controller/node_health] /health_checker http://localhost:36775/
[rosmaster.master][INFO] 2026-08-30 03:09:44,414: +SUB [/vehicle_state_monitor/node_health] /health_checker http://localhost:36775/
[rosmaster.master][INFO] 2026-08-30 03:09:44,419: +SUB [/mission_manager/node_health] /health_checker http://localhost:36775/
[rosmaster.master][INFO] 2026-08-30 03:09:44,427: +SUB [/safety_monitor/node_health] /health_checker http://localhost:36775/
[rosmaster.master][INFO] 2026-08-30 03:09:44,437: +PUB [/rosout] /sensor_fusion http://localhost:37925/
[rosmaster.master][INFO] 2026-08-30 03:09:44,449: +SERVICE [/sensor_fusion/get_loggers] /sensor_fusion http://localhost:37925/
[rosmaster.master][INFO] 2026-08-30 03:09:44,452: +SERVICE [/sensor_fusion/set_logger_level] /sensor_fusion http://localhost:37925/
[rosmaster.master][INFO] 2026-08-30 03:09:44,469: +SUB [/command_interpreter/node_health] /health_checker http://localhost:36775/
[rosmaster.master][INFO] 2026-08-30 03:09:44,472: +PUB [/system_health] /health_checker http://localhost:36775/
[rosmaster.master][INFO] 2026-08-30 03:09:44,476: +SUB [/mavros/imu/data] /sensor_fusion http://localhost:37925/
[rosmaster.master][INFO] 2026-08-30 03:09:44,482: +SUB [/mavros/global_position/global] /sensor_fusion http://localhost:37925/
[rosmaster.master][INFO] 2026-08-30 03:09:44,485: +SERVICE [/health/check_all] /health_checker http://localhost:36775/
[rosmaster.master][INFO] 2026-08-30 03:09:44,488: +SUB [/mavros/local_position/pose] /sensor_fusion http://localhost:37925/
[rosmaster.master][INFO] 2026-08-30 03:09:44,492: +PUB [/sensor_fusion/node_health] /sensor_fusion http://localhost:37925/
[rosmaster.master][INFO] 2026-08-30 03:09:44,495: +SERVICE [/health/restart_node] /health_checker http://localhost:36775/
[rosmaster.master][INFO] 2026-08-30 03:09:44,498: publisherUpdate[/rosout] -> http://localhost:43259/ ['http://localhost:40035/', 'http://localhost:34753/', 'http://localhost:38641/', 'http://localhost:46643/', 'http://localhost:38221/', 'http://localhost:37097/', 'http://localhost:36775/', 'http://localhost:37925/']
[rosmaster.master][INFO] 2026-08-30 03:09:44,499: +CACHEDPARAM [/rosout_disable_topics_generation] by /sensor_fusion
[rosmaster.master][INFO] 2026-08-30 03:09:44,501: publisherUpdate[/rosout] -> http://localhost:43259/ ['http://localhost:40035/', 'http://localhost:34753/', 'http://localhost:38641/', 'http://localhost:46643/', 'http://localhost:38221/', 'http://localhost:37097/', 'http://localhost:36775/', 'http://localhost:37925/']: sec=0.00, result=[1, '', 0]
[rosmaster.master][INFO] 2026-08-30 03:09:44,509: +CACHEDPARAM [/rosout_disable_topics_generation] by /health_checker
[rosmaster.master][INFO] 2026-08-30 03:09:45,053: +PUB [/rosout] /safety_monitor http://localhost:33255/
[rosmaster.master][INFO] 2026-08-30 03:09:45,069: +SERVICE [/safety_monitor/get_loggers] /safety_monitor http://localhost:33255/
[rosmaster.master][INFO] 2026-08-30 03:09:45,071: +SERVICE [/safety_monitor/set_logger_level] /safety_monitor http://localhost:33255/
[rosmaster.master][INFO] 2026-08-30 03:09:45,087: +SUB [/mavros/local_position/pose] /safety_monitor http://localhost:33255/
[rosmaster.master][INFO] 2026-08-30 03:09:45,091: +SUB [/mavros/local_position/velocity] /safety_monitor http://localhost:33255/
[rosmaster.master][INFO] 2026-08-30 03:09:45,096: +SUB [/mavros/state] /safety_monitor http://localhost:33255/
[rosmaster.master][INFO] 2026-08-30 03:09:45,099: +PUB [/safety_status] /safety_monitor http://localhost:33255/
[rosmaster.master][INFO] 2026-08-30 03:09:45,101: +PUB [/safety_monitor/node_health] /safety_monitor http://localhost:33255/
[rosmaster.master][INFO] 2026-08-30 03:09:45,104: +PUB [/emergency_triggered] /safety_monitor http://localhost:33255/
[rosmaster.master][INFO] 2026-08-30 03:09:45,104: publisherUpdate[/rosout] -> http://localhost:43259/ ['http://localhost:40035/', 'http://localhost:34753/', 'http://localhost:38641/', 'http://localhost:46643/', 'http://localhost:38221/', 'http://localhost:37097/', 'http://localhost:36775/', 'http://localhost:37925/', 'http://localhost:33255/']
[rosmaster.master][INFO] 2026-08-30 03:09:45,107: +SERVICE [/safety/geofence_enable] /safety_monitor http://localhost:33255/
[rosmaster.master][INFO] 2026-08-30 03:09:45,108: publisherUpdate[/rosout] -> http://localhost:43259/ ['http://localhost:40035/', 'http://localhost:34753/', 'http://localhost:38641/', 'http://localhost:46643/', 'http://localhost:38221/', 'http://localhost:37097/', 'http://localhost:36775/', 'http://localhost:37925/', 'http://localhost:33255/']: sec=0.00, result=[1, '', 0]
[rosmaster.master][INFO] 2026-08-30 03:09:45,109: publisherUpdate[/safety_status] -> http://localhost:40035/ ['http://localhost:33255/']
[rosmaster.master][INFO] 2026-08-30 03:09:45,112: +SERVICE [/safety/geofence_disable] /safety_monitor http://localhost:33255/
[rosmaster.master][INFO] 2026-08-30 03:09:45,114: +SERVICE [/safety/check] /safety_monitor http://localhost:33255/
[rosmaster.master][INFO] 2026-08-30 03:09:45,115: publisherUpdate[/safety_status] -> http://localhost:40035/ ['http://localhost:33255/']: sec=0.01, result=[1, '', 0]
[rosmaster.master][INFO] 2026-08-30 03:09:45,116: publisherUpdate[/safety_monitor/node_health] -> http://localhost:36775/ ['http://localhost:33255/']
[rosmaster.master][INFO] 2026-08-30 03:09:45,120: +SERVICE [/safety/status] /safety_monitor http://localhost:33255/
[rosmaster.master][INFO] 2026-08-30 03:09:45,172: publisherUpdate[/safety_monitor/node_health] -> http://localhost:36775/ ['http://localhost:33255/']: sec=0.06, result=[1, '', 0]
[rosmaster.master][INFO] 2026-08-30 03:09:45,179: +CACHEDPARAM [/rosout_disable_topics_generation] by /safety_monitor
[rosmaster.master][INFO] 2026-08-30 03:09:45,187: +CACHEDPARAM [/rosout_disable_topics_generation] by /safety_monitor
[rosmaster.master][INFO] 2026-08-30 03:09:46,022: +PUB [/rosout] /target_tracking_controller http://localhost:39923/
[rosmaster.master][INFO] 2026-08-30 03:09:46,033: +SERVICE [/target_tracking_controller/get_loggers] /target_tracking_controller http://localhost:39923/
[rosmaster.master][INFO] 2026-08-30 03:09:46,035: +SERVICE [/target_tracking_controller/set_logger_level] /target_tracking_controller http://localhost:39923/
[rosmaster.master][INFO] 2026-08-30 03:09:46,047: +SUB [/mavros/local_position/odom] /target_tracking_controller http://localhost:39923/
[rosmaster.master][INFO] 2026-08-30 03:09:46,050: +SUB [/detected_objects] /target_tracking_controller http://localhost:39923/
[rosmaster.master][INFO] 2026-08-30 03:09:46,054: +SUB [/mavros/state] /target_tracking_controller http://localhost:39923/
[rosmaster.master][INFO] 2026-08-30 03:09:46,056: +SUB [/mission_status] /target_tracking_controller http://localhost:39923/
[rosmaster.master][INFO] 2026-08-30 03:09:46,059: +PUB [/tracked_targets] /target_tracking_controller http://localhost:39923/
[rosmaster.master][INFO] 2026-08-30 03:09:46,061: +PUB [/mavros/setpoint_velocity/cmd_vel_unstamped] /target_tracking_controller http://localhost:39923/
[rosmaster.master][INFO] 2026-08-30 03:09:46,063: +PUB [/mavros/setpoint_raw/local] /target_tracking_controller http://localhost:39923/
[rosmaster.master][INFO] 2026-08-30 03:09:46,065: +PUB [/target_tracking_controller/node_health] /target_tracking_controller http://localhost:39923/
[rosmaster.master][INFO] 2026-08-30 03:09:46,101: publisherUpdate[/rosout] -> http://localhost:43259/ ['http://localhost:40035/', 'http://localhost:34753/', 'http://localhost:38641/', 'http://localhost:46643/', 'http://localhost:38221/', 'http://localhost:37097/', 'http://localhost:36775/', 'http://localhost:37925/', 'http://localhost:33255/', 'http://localhost:39923/']
[rosmaster.master][INFO] 2026-08-30 03:09:46,102: publisherUpdate[/tracked_targets] -> http://localhost:40035/ ['http://localhost:39923/']
[rosmaster.master][INFO] 2026-08-30 03:09:46,103: publisherUpdate[/target_tracking_controller/node_health] -> http://localhost:36775/ ['http://localhost:39923/']
[rosmaster.master][INFO] 2026-08-30 03:09:46,105: publisherUpdate[/rosout] -> http://localhost:43259/ ['http://localhost:40035/', 'http://localhost:34753/', 'http://localhost:38641/', 'http://localhost:46643/', 'http://localhost:38221/', 'http://localhost:37097/', 'http://localhost:36775/', 'http://localhost:37925/', 'http://localhost:33255/', 'http://localhost:39923/']: sec=0.00, result=[1, '', 0]
[rosmaster.master][INFO] 2026-08-30 03:09:46,106: publisherUpdate[/target_tracking_controller/node_health] -> http://localhost:36775/ ['http://localhost:39923/']: sec=0.00, result=[1, '', 0]
[rosmaster.master][INFO] 2026-08-30 03:09:46,107: publisherUpdate[/tracked_targets] -> http://localhost:40035/ ['http://localhost:39923/']: sec=0.00, result=[1, '', 0]
[rosmaster.master][INFO] 2026-08-30 03:09:48,219: +CACHEDPARAM [/rosout_disable_topics_generation] by /target_tracking_controller
[rosmaster.master][INFO] 2026-08-30 03:09:49,509: +CACHEDPARAM [/rosout_disable_topics_generation] by /health_checker
[rosmaster.master][INFO] 2026-08-30 03:09:49,512: +CACHEDPARAM [/rosout_disable_topics_generation] by /health_checker
[rosmaster.master][INFO] 2026-08-30 03:09:49,515: +CACHEDPARAM [/rosout_disable_topics_generation] by /health_checker
[rosmaster.master][INFO] 2026-08-30 03:09:50,347: +CACHEDPARAM [/rosout_disable_topics_generation] by /target_tracking_controller
[rosmaster.master][INFO] 2026-08-30 03:09:50,352: +CACHEDPARAM [/rosout_disable_topics_generation] by /target_tracking_controller
[rosmaster.master][INFO] 2026-08-30 03:09:50,680: +PUB [/rosout] /yolo_detector http://localhost:37125/
[rosmaster.master][INFO] 2026-08-30 03:09:50,684: +SERVICE [/yolo_detector/get_loggers] /yolo_detector http://localhost:37125/
[rosmaster.master][INFO] 2026-08-30 03:09:50,685: +SERVICE [/yolo_detector/set_logger_level] /yolo_detector http://localhost:37125/
[rosmaster.master][INFO] 2026-08-30 03:09:50,691: +PUB [/yolo_detector/node_health] /yolo_detector http://localhost:37125/
[rosmaster.master][INFO] 2026-08-30 03:09:50,693: +SUB [/drone_control/command] /yolo_detector http://localhost:37125/
[rosmaster.master][INFO] 2026-08-30 03:09:50,694: +PUB [/command_response] /yolo_detector http://localhost:37125/
[rosmaster.master][INFO] 2026-08-30 03:09:50,696: +SUB [/mission_status] /yolo_detector http://localhost:37125/
[rosmaster.master][INFO] 2026-08-30 03:09:50,697: +CACHEDPARAM [/rosout_disable_topics_generation] by /yolo_detector
[rosmaster.master][INFO] 2026-08-30 03:09:50,702: publisherUpdate[/rosout] -> http://localhost:43259/ ['http://localhost:40035/', 'http://localhost:34753/', 'http://localhost:38641/', 'http://localhost:46643/', 'http://localhost:38221/', 'http://localhost:37097/', 'http://localhost:36775/', 'http://localhost:37925/', 'http://localhost:33255/', 'http://localhost:39923/', 'http://localhost:37125/']
[rosmaster.master][INFO] 2026-08-30 03:09:50,704: publisherUpdate[/rosout] -> http://localhost:43259/ ['http://localhost:40035/', 'http://localhost:34753/', 'http://localhost:38641/', 'http://localhost:46643/', 'http://localhost:38221/', 'http://localhost:37097/', 'http://localhost:36775/', 'http://localhost:37925/', 'http://localhost:33255/', 'http://localhost:39923/', 'http://localhost:37125/']: sec=0.00, result=[1, '', 0]
[rosmaster.master][INFO] 2026-08-30 03:09:50,706: publisherUpdate[/yolo_detector/node_health] -> http://localhost:36775/ ['http://localhost:37125/']
[rosmaster.master][INFO] 2026-08-30 03:09:50,708: publisherUpdate[/yolo_detector/node_health] -> http://localhost:36775/ ['http://localhost:37125/']: sec=0.00, result=[1, '', 0]
[rosmaster.master][INFO] 2026-08-30 03:09:50,948: +CACHEDPARAM [/rosout_disable_topics_generation] by /yolo_detector
[rosmaster.master][INFO] 2026-08-30 03:09:50,950: +SUB [/camera/color/image_raw] /yolo_detector http://localhost:37125/
[rosmaster.master][INFO] 2026-08-30 03:09:50,951: +PUB [/detected_objects] /yolo_detector http://localhost:37125/
[rosmaster.master][INFO] 2026-08-30 03:09:50,953: +CACHEDPARAM [/rosout_disable_topics_generation] by /yolo_detector
[rosmaster.master][INFO] 2026-08-30 03:09:50,955: +CACHEDPARAM [/rosout_disable_topics_generation] by /yolo_detector
[rosmaster.master][INFO] 2026-08-30 03:09:50,980: publisherUpdate[/detected_objects] -> http://localhost:39923/ ['http://localhost:37125/']
[rosmaster.master][INFO] 2026-08-30 03:09:50,982: publisherUpdate[/detected_objects] -> http://localhost:39923/ ['http://localhost:37125/']: sec=0.00, result=[1, '', 0]
[rosmaster.master][INFO] 2026-08-30 03:10:18,009: +PUB [/rosout] /trajectory_planner http://localhost:34655/
[rosmaster.master][INFO] 2026-08-30 03:10:18,015: publisherUpdate[/rosout] -> http://localhost:43259/ ['http://localhost:40035/', 'http://localhost:34753/', 'http://localhost:38641/', 'http://localhost:46643/', 'http://localhost:38221/', 'http://localhost:37097/', 'http://localhost:36775/', 'http://localhost:37925/', 'http://localhost:33255/', 'http://localhost:39923/', 'http://localhost:37125/', 'http://localhost:34655/']
[rosmaster.master][INFO] 2026-08-30 03:10:18,016: +SERVICE [/trajectory_planner/get_loggers] /trajectory_planner http://localhost:34655/
[rosmaster.master][INFO] 2026-08-30 03:10:18,017: publisherUpdate[/rosout] -> http://localhost:43259/ ['http://localhost:40035/', 'http://localhost:34753/', 'http://localhost:38641/', 'http://localhost:46643/', 'http://localhost:38221/', 'http://localhost:37097/', 'http://localhost:36775/', 'http://localhost:37925/', 'http://localhost:33255/', 'http://localhost:39923/', 'http://localhost:37125/', 'http://localhost:34655/']: sec=0.00, result=[1, '', 0]
[rosmaster.master][INFO] 2026-08-30 03:10:18,018: +SERVICE [/trajectory_planner/set_logger_level] /trajectory_planner http://localhost:34655/
[rosmaster.master][INFO] 2026-08-30 03:10:18,026: +SUB [/mavros/local_position/odom] /trajectory_planner http://localhost:34655/
[rosmaster.master][INFO] 2026-08-30 03:10:18,033: -SUB [/mavros/local_position/odom] /trajectory_planner http://localhost:34655/
[rosmaster.master][INFO] 2026-08-30 03:10:18,034: -PUB [/rosout] /trajectory_planner http://localhost:34655/
[rosmaster.master][INFO] 2026-08-30 03:10:18,034: -SERVICE [/trajectory_planner/get_loggers] /trajectory_planner rosrpc://localhost:44983
[rosmaster.master][INFO] 2026-08-30 03:10:18,035: -SERVICE [/trajectory_planner/set_logger_level] /trajectory_planner rosrpc://localhost:44983
[rosmaster.master][INFO] 2026-08-30 03:10:18,082: publisherUpdate[/rosout] -> http://localhost:43259/ ['http://localhost:40035/', 'http://localhost:34753/', 'http://localhost:38641/', 'http://localhost:46643/', 'http://localhost:38221/', 'http://localhost:37097/', 'http://localhost:36775/', 'http://localhost:37925/', 'http://localhost:33255/', 'http://localhost:39923/', 'http://localhost:37125/']
[rosmaster.master][INFO] 2026-08-30 03:10:18,090: publisherUpdate[/rosout] -> http://localhost:43259/ ['http://localhost:40035/', 'http://localhost:34753/', 'http://localhost:38641/', 'http://localhost:46643/', 'http://localhost:38221/', 'http://localhost:37097/', 'http://localhost:36775/', 'http://localhost:37925/', 'http://localhost:33255/', 'http://localhost:39923/', 'http://localhost:37125/']: sec=0.01, result=[1, '', 0]
