

1788059379.910111211  Node Startup
1788059383.475633144 INFO /mission_manager [mission_manager.py:115(MissionManager.__init__)] [topics: /safety_status, /tracked_targets, /mission_manager/node_health, /drone_control/command, /mission_status, /rosout] Mission Manager initialized
1788059383.504456520 INFO /camera_calibration [camera_calibration.py:29(CameraCalibration.__init__)] [topics: /tf, /camera/camera_info, /rosout] Camera calibration node started
1788059383.910178422 INFO /command_interpreter [command_interpreter.py:65(CommandInterpreter.__init__)] [topics: /command_interpreter/node_health, /drone_control/command_response, /drone_control/command, /rosout] Command Interpreter initialized
1788059384.204092979 INFO /parameter_validator [parameter_validator.py:65(ParameterValidator.__init__)] [topics: /rosout] Parameter validator initialized successfully
1788059384.296111822 INFO /vehicle_state_monitor [vehicle_state_monitor.py:83(VehicleStateMonitor.__init__)] [topics: /battery_percentage, /drone_status, /mavros/local_position/velocity, /diagnostic_status, /mavros/battery, /vehicle_state_monitor/node_health, /rosout, /mavros/state] Vehicle State Monitor started
1788059384.293688058 INFO /system_health_monitor [system_health_monitor.py:77(SystemHealthMonitor.__init__)] [topics: /system_health, /health/check_all, /diagnostic_status, /rosout, /performance_metrics, /system_alert] System Health Monitor initialized
1788059384.511816740 INFO /health_checker [health_checker.py:58(HealthChecker.__init__)] [topics: /yolo_detector/node_health, /system_health, /vehicle_state_monitor/node_health, /safety_monitor/node_health, /target_tracking_controller/node_health, /mission_manager/node_health, /rosout, /command_interpreter/node_health] Health Checker initialized
1788059384.504974365 INFO /sensor_fusion [sensor_fusion.py:40(SensorFusion.__init__)] [topics: /rosout, /sensor_fusion/node_health, /mavros/local_position/pose, /mavros/imu/data, /mavros/global_position/global] Sensor Fusion initialized
1788059385.195914983 INFO /safety_monitor [safety_monitor.py:78(SafetyMonitor.__init__)] [topics: /safety_status, /safety_monitor/node_health, /mavros/local_position/velocity, /rosout, /mavros/state, /mavros/local_position/pose, /emergency_triggered] Health publisher: /safety_monitor/node_health
1788059388.220418214 WARN /target_tracking_controller [target_tracking_controller.py:103(TargetTrackingController.__init__)] [topics: /mission_status, /tracked_targets, /mavros/setpoint_raw/local, /detected_objects, /target_tracking_controller/node_health, /mavros/setpoint_velocity/cmd_vel_unstamped, /mavros/local_position/odom, /rosout, /mavros/state] MAVROS set_mode service not available: timeout exceeded while waiting for service /mavros/set_mode
1788059389.510536432 WARN /health_checker [health_checker.py:90(HealthChecker._check_health)] [topics: /yolo_detector/node_health, /system_health, /vehicle_state_monitor/node_health, /safety_monitor/node_health, /target_tracking_controller/node_health, /mission_manager/node_health, /rosout, /command_interpreter/node_health] Unhealthy nodes: 2
1788059389.513369083 WARN /health_checker [health_checker.py:92(HealthChecker._check_health)] [topics: /yolo_detector/node_health, /system_health, /vehicle_state_monitor/node_health, /safety_monitor/node_health, /target_tracking_controller/node_health, /mission_manager/node_health, /rosout, /command_interpreter/node_health]   yolo_detector: No health report
1788059389.515924453 WARN /health_checker [health_checker.py:92(HealthChecker._check_health)] [topics: /yolo_detector/node_health, /system_health, /vehicle_state_monitor/node_health, /safety_monitor/node_health, /target_tracking_controller/node_health, /mission_manager/node_health, /rosout, /command_interpreter/node_health]   target_tracking_controller: No health report
1788059390.348028659 WARN /target_tracking_controller [target_tracking_controller.py:110(TargetTrackingController.__init__)] [topics: /mission_status, /tracked_targets, /mavros/setpoint_raw/local, /detected_objects, /target_tracking_controller/node_health, /mavros/setpoint_velocity/cmd_vel_unstamped, /mavros/local_position/odom, /rosout, /mavros/state] MAVROS arming service not available: timeout exceeded while waiting for service /mavros/cmd/arming
1788059390.353496789 INFO /target_tracking_controller [target_tracking_controller.py:126(TargetTrackingController.__init__)] [topics: /mission_status, /tracked_targets, /mavros/setpoint_raw/local, /detected_objects, /target_tracking_controller/node_health, /mavros/setpoint_velocity/cmd_vel_unstamped, /mavros/local_position/odom, /rosout, /mavros/state] Target Tracking Controller started in SEARCHING mode
1788059390.698237657 INFO /yolo_detector [yolo_detector.py:102(YOLODetector._load_model)] [topics: /yolo_detector/node_health, /drone_control/command, /command_response, /mission_status, /rosout] Loading YOLO model from: /PX4-Autopilot/yolov8s.pt
1788059390.949084997 INFO /yolo_detector [yolo_detector.py:121(YOLODetector._load_model)] [topics: /yolo_detector/node_health, /drone_control/command, /command_response, /mission_status, /rosout] YOLO model loaded successfully!
1788059390.954141855 INFO /yolo_detector [yolo_detector.py:96(YOLODetector.__init__)] [topics: /yolo_detector/node_health, /detected_objects, /drone_control/command, /camera/color/image_raw, /command_response, /mission_status, /rosout] YOLO Detector initialized in production mode
1788059390.955676317 INFO /yolo_detector [yolo_detector.py:97(YOLODetector.__init__)] [topics: /yolo_detector/node_health, /detected_objects, /drone_control/command, /camera/color/image_raw, /command_response, /mission_status, /rosout] Vehicle classes: [2, 3, 5, 6, 7]
